

================================================================
== Vitis HLS Report for 'mmult_Pipeline_readB_VITIS_LOOP_158_2'
================================================================
* Date:           Fri Jun  5 01:37:46 2026

* Version:        2023.2 (Build 4023990 on Oct 11 2023)
* Project:        hls_prj
* Solution:       s1 (Vivado IP Flow Target)
* Product family: zynquplus
* Target device:  xck26-sfvc784-2LV-c


================================================================
== Performance Estimates
================================================================
+ Timing: 
    * Summary: 
    +--------+---------+----------+------------+
    |  Clock |  Target | Estimated| Uncertainty|
    +--------+---------+----------+------------+
    |ap_clk  |  3.30 ns|  2.867 ns|     0.89 ns|
    +--------+---------+----------+------------+

+ Latency: 
    * Summary: 
    +---------+---------+----------+----------+------+------+---------+
    |  Latency (cycles) |  Latency (absolute) |   Interval  | Pipeline|
    |   min   |   max   |    min   |    max   |  min |  max |   Type  |
    +---------+---------+----------+----------+------+------+---------+
    |     1027|     1027|  3.389 us|  3.389 us|  1027|  1027|       no|
    +---------+---------+----------+----------+------+------+---------+

    + Detail: 
        * Instance: 
        N/A

        * Loop: 
        +--------------------------+---------+---------+----------+-----------+-----------+------+----------+
        |                          |  Latency (cycles) | Iteration|  Initiation Interval  | Trip |          |
        |         Loop Name        |   min   |   max   |  Latency |  achieved |   target  | Count| Pipelined|
        +--------------------------+---------+---------+----------+-----------+-----------+------+----------+
        |- readB_VITIS_LOOP_158_2  |     1025|     1025|         3|          1|          1|  1024|       yes|
        +--------------------------+---------+---------+----------+-----------+-----------+------+----------+

============================================================
+ Verbose Summary: Synthesis Manager
============================================================
InlineROM: 1
ExposeGlobal: 0
============================================================
+ Verbose Summary: CDFG Model
============================================================
IsTopModel: 0
ResetActiveHigh: 1
IsCombinational: 0
IsDatapathOnly: 0
HasWiredReturn: 1
HasMFsm: 2
HasVarLatency: 1
IsPipeline: 0
IsRtlPipelined: 0
IsInstanceOverlapped: 0
IsDontTouch: 0
HasImplIP: 0
IsGatedGlobalClock: 0

+ Individual pipeline summary: 
  * Pipeline-0: initiation interval (II) = 1, depth = 4


============================================================
+ Verbose Summary: Schedule
============================================================
* Number of FSM states : 4
* Pipeline : 1
  Pipeline-0 : II = 1, D = 4, States = { 1 2 3 4 }
* Dataflow Pipeline: 0

* FSM state transitions: 
1 --> 2 
2 --> 3 
3 --> 4 
4 --> 

* FSM state operations: 

State 1 <SV = 0> <Delay = 0.42>
ST_1 : Operation 6 [1/1] (0.00ns)   --->   "%j_1 = alloca i32 1" [mmult.cpp:158]   --->   Operation 6 'alloca' 'j_1' <Predicate = true> <Delay = 0.00>
ST_1 : Operation 7 [1/1] (0.00ns)   --->   "%i = alloca i32 1" [mmult.cpp:156]   --->   Operation 7 'alloca' 'i' <Predicate = true> <Delay = 0.00>
ST_1 : Operation 8 [1/1] (0.00ns)   --->   "%indvar_flatten9 = alloca i32 1"   --->   Operation 8 'alloca' 'indvar_flatten9' <Predicate = true> <Delay = 0.00>
ST_1 : Operation 9 [1/1] (0.00ns)   --->   "%specmemcore_ln0 = specmemcore void @_ssdm_op_SpecMemCore, i8 %localB, i64 666, i64 23, i64 18446744073709551615"   --->   Operation 9 'specmemcore' 'specmemcore_ln0' <Predicate = true> <Delay = 0.00>
ST_1 : Operation 10 [1/1] (0.00ns)   --->   "%specmemcore_ln0 = specmemcore void @_ssdm_op_SpecMemCore, i8 %localB_1, i64 666, i64 23, i64 18446744073709551615"   --->   Operation 10 'specmemcore' 'specmemcore_ln0' <Predicate = true> <Delay = 0.00>
ST_1 : Operation 11 [1/1] (0.00ns)   --->   "%specmemcore_ln0 = specmemcore void @_ssdm_op_SpecMemCore, i8 %localB_2, i64 666, i64 23, i64 18446744073709551615"   --->   Operation 11 'specmemcore' 'specmemcore_ln0' <Predicate = true> <Delay = 0.00>
ST_1 : Operation 12 [1/1] (0.00ns)   --->   "%specmemcore_ln0 = specmemcore void @_ssdm_op_SpecMemCore, i8 %localB_3, i64 666, i64 23, i64 18446744073709551615"   --->   Operation 12 'specmemcore' 'specmemcore_ln0' <Predicate = true> <Delay = 0.00>
ST_1 : Operation 13 [1/1] (0.00ns)   --->   "%specmemcore_ln0 = specmemcore void @_ssdm_op_SpecMemCore, i8 %localB_4, i64 666, i64 23, i64 18446744073709551615"   --->   Operation 13 'specmemcore' 'specmemcore_ln0' <Predicate = true> <Delay = 0.00>
ST_1 : Operation 14 [1/1] (0.00ns)   --->   "%specmemcore_ln0 = specmemcore void @_ssdm_op_SpecMemCore, i8 %localB_5, i64 666, i64 23, i64 18446744073709551615"   --->   Operation 14 'specmemcore' 'specmemcore_ln0' <Predicate = true> <Delay = 0.00>
ST_1 : Operation 15 [1/1] (0.00ns)   --->   "%specmemcore_ln0 = specmemcore void @_ssdm_op_SpecMemCore, i8 %localB_6, i64 666, i64 23, i64 18446744073709551615"   --->   Operation 15 'specmemcore' 'specmemcore_ln0' <Predicate = true> <Delay = 0.00>
ST_1 : Operation 16 [1/1] (0.00ns)   --->   "%specmemcore_ln0 = specmemcore void @_ssdm_op_SpecMemCore, i8 %localB_7, i64 666, i64 23, i64 18446744073709551615"   --->   Operation 16 'specmemcore' 'specmemcore_ln0' <Predicate = true> <Delay = 0.00>
ST_1 : Operation 17 [1/1] (0.00ns)   --->   "%specinterface_ln0 = specinterface void @_ssdm_op_SpecInterface, i8 %gmem1, void @empty_3, i32 0, i32 0, void @empty_4, i32 0, i32 0, void @empty_15, void @empty_10, void @empty_4, i32 16, i32 16, i32 16, i32 16, void @empty_4, void @empty_4, i32 4294967295, i32 0"   --->   Operation 17 'specinterface' 'specinterface_ln0' <Predicate = true> <Delay = 0.00>
ST_1 : Operation 18 [1/1] (0.00ns)   --->   "%b_read = read i64 @_ssdm_op_Read.ap_auto.i64, i64 %b"   --->   Operation 18 'read' 'b_read' <Predicate = true> <Delay = 0.00>
ST_1 : Operation 19 [1/1] (0.00ns)   --->   "%mul_ln145_1_read = read i64 @_ssdm_op_Read.ap_auto.i64, i64 %mul_ln145_1"   --->   Operation 19 'read' 'mul_ln145_1_read' <Predicate = true> <Delay = 0.00>
ST_1 : Operation 20 [1/1] (0.00ns)   --->   "%b_col_read = read i32 @_ssdm_op_Read.ap_auto.i32, i32 %b_col"   --->   Operation 20 'read' 'b_col_read' <Predicate = true> <Delay = 0.00>
ST_1 : Operation 21 [1/1] (0.42ns)   --->   "%store_ln0 = store i64 0, i64 %indvar_flatten9"   --->   Operation 21 'store' 'store_ln0' <Predicate = true> <Delay = 0.42>
ST_1 : Operation 22 [1/1] (0.42ns)   --->   "%store_ln156 = store i31 0, i31 %i" [mmult.cpp:156]   --->   Operation 22 'store' 'store_ln156' <Predicate = true> <Delay = 0.42>
ST_1 : Operation 23 [1/1] (0.42ns)   --->   "%store_ln158 = store i31 0, i31 %j_1" [mmult.cpp:158]   --->   Operation 23 'store' 'store_ln158' <Predicate = true> <Delay = 0.42>
ST_1 : Operation 24 [1/1] (0.00ns)   --->   "%br_ln0 = br void %for.inc30"   --->   Operation 24 'br' 'br_ln0' <Predicate = true> <Delay = 0.00>

State 2 <SV = 1> <Delay = 2.86>
ST_2 : Operation 25 [1/1] (0.00ns)   --->   "%j = load i31 %j_1" [mmult.cpp:158]   --->   Operation 25 'load' 'j' <Predicate = true> <Delay = 0.00>
ST_2 : Operation 26 [1/1] (0.00ns)   --->   "%indvar_flatten9_load = load i64 %indvar_flatten9" [mmult.cpp:156]   --->   Operation 26 'load' 'indvar_flatten9_load' <Predicate = true> <Delay = 0.00>
ST_2 : Operation 27 [1/1] (0.00ns)   --->   "%specbitsmap_ln0 = specbitsmap void @_ssdm_op_SpecBitsMap, i8 %gmem1"   --->   Operation 27 'specbitsmap' 'specbitsmap_ln0' <Predicate = true> <Delay = 0.00>
ST_2 : Operation 28 [1/1] (0.00ns)   --->   "%zext_ln158 = zext i31 %j" [mmult.cpp:158]   --->   Operation 28 'zext' 'zext_ln158' <Predicate = true> <Delay = 0.00>
ST_2 : Operation 29 [1/1] (1.01ns)   --->   "%icmp_ln158 = icmp_slt  i32 %zext_ln158, i32 %b_col_read" [mmult.cpp:158]   --->   Operation 29 'icmp' 'icmp_ln158' <Predicate = true> <Delay = 1.01> <CoreInst = "Cmp">   --->   Core 9 'Cmp' <Latency = 0> <II = 1> <Delay = 1.01> <FuncUnit> <Opcode : 'icmp'> <InPorts = 2> <OutPorts = 1>
ST_2 : Operation 30 [1/1] (1.08ns)   --->   "%icmp_ln156 = icmp_eq  i64 %indvar_flatten9_load, i64 %mul_ln145_1_read" [mmult.cpp:156]   --->   Operation 30 'icmp' 'icmp_ln156' <Predicate = true> <Delay = 1.08> <CoreInst = "Cmp">   --->   Core 9 'Cmp' <Latency = 0> <II = 1> <Delay = 1.08> <FuncUnit> <Opcode : 'icmp'> <InPorts = 2> <OutPorts = 1>
ST_2 : Operation 31 [1/1] (1.08ns)   --->   "%add_ln156_1 = add i64 %indvar_flatten9_load, i64 1" [mmult.cpp:156]   --->   Operation 31 'add' 'add_ln156_1' <Predicate = true> <Delay = 1.08> <CoreInst = "Adder">   --->   Core 1 'Adder' <Latency = 0> <II = 1> <Delay = 1.08> <FuncUnit> <Opcode : 'add' 'sub'> <InPorts = 2> <OutPorts = 1>
ST_2 : Operation 32 [1/1] (0.00ns)   --->   "%br_ln156 = br i1 %icmp_ln156, void %for.inc33.loopexit, void %for.inc50.preheader.exitStub" [mmult.cpp:156]   --->   Operation 32 'br' 'br_ln156' <Predicate = true> <Delay = 0.00>
ST_2 : Operation 33 [1/1] (0.00ns)   --->   "%i_load = load i31 %i" [mmult.cpp:156]   --->   Operation 33 'load' 'i_load' <Predicate = (!icmp_ln156)> <Delay = 0.00>
ST_2 : Operation 34 [1/1] (0.00ns)   --->   "%gmem1_addr = getelementptr i8 %gmem1, i64 %b_read" [mmult.cpp:156]   --->   Operation 34 'getelementptr' 'gmem1_addr' <Predicate = (!icmp_ln156)> <Delay = 0.00>
ST_2 : Operation 35 [1/1] (1.00ns)   --->   "%add_ln156 = add i31 %i_load, i31 1" [mmult.cpp:156]   --->   Operation 35 'add' 'add_ln156' <Predicate = (!icmp_ln156)> <Delay = 1.00> <CoreInst = "Adder">   --->   Core 1 'Adder' <Latency = 0> <II = 1> <Delay = 1.00> <FuncUnit> <Opcode : 'add' 'sub'> <InPorts = 2> <OutPorts = 1>
ST_2 : Operation 36 [1/1] (0.41ns)   --->   "%select_ln156 = select i1 %icmp_ln158, i31 %j, i31 0" [mmult.cpp:156]   --->   Operation 36 'select' 'select_ln156' <Predicate = (!icmp_ln156)> <Delay = 0.41> <CoreInst = "Sel">   --->   Core 73 'Sel' <Latency = 0> <II = 1> <Delay = 0.41> <FuncUnit> <Opcode : 'select'> <InPorts = 3> <OutPorts = 1>
ST_2 : Operation 37 [1/1] (0.41ns)   --->   "%select_ln156_1 = select i1 %icmp_ln158, i31 %i_load, i31 %add_ln156" [mmult.cpp:156]   --->   Operation 37 'select' 'select_ln156_1' <Predicate = (!icmp_ln156)> <Delay = 0.41> <CoreInst = "Sel">   --->   Core 73 'Sel' <Latency = 0> <II = 1> <Delay = 0.41> <FuncUnit> <Opcode : 'select'> <InPorts = 3> <OutPorts = 1>
ST_2 : Operation 38 [1/1] (0.00ns)   --->   "%trunc_ln161 = trunc i31 %select_ln156_1" [mmult.cpp:161]   --->   Operation 38 'trunc' 'trunc_ln161' <Predicate = (!icmp_ln156)> <Delay = 0.00>
ST_2 : Operation 39 [1/1] (0.00ns)   --->   "%tmp_s = bitconcatenate i7 @_ssdm_op_BitConcatenate.i7.i5.i2, i5 %trunc_ln161, i2 0" [mmult.cpp:161]   --->   Operation 39 'bitconcatenate' 'tmp_s' <Predicate = (!icmp_ln156)> <Delay = 0.00>
ST_2 : Operation 40 [1/1] (0.00ns)   --->   "%trunc_ln158 = trunc i31 %select_ln156" [mmult.cpp:158]   --->   Operation 40 'trunc' 'trunc_ln158' <Predicate = (!icmp_ln156)> <Delay = 0.00>
ST_2 : Operation 41 [1/1] (0.00ns)   --->   "%lshr_ln1 = partselect i7 @_ssdm_op_PartSelect.i7.i31.i32.i32, i31 %select_ln156, i32 3, i32 9" [mmult.cpp:158]   --->   Operation 41 'partselect' 'lshr_ln1' <Predicate = (!icmp_ln156)> <Delay = 0.00>
ST_2 : Operation 42 [1/1] (0.77ns)   --->   "%add_ln161 = add i7 %tmp_s, i7 %lshr_ln1" [mmult.cpp:161]   --->   Operation 42 'add' 'add_ln161' <Predicate = (!icmp_ln156)> <Delay = 0.77> <CoreInst = "Adder">   --->   Core 1 'Adder' <Latency = 0> <II = 1> <Delay = 0.77> <FuncUnit> <Opcode : 'add' 'sub'> <InPorts = 2> <OutPorts = 1>
ST_2 : Operation 43 [1/1] (0.73ns)   --->   "%switch_ln161 = switch i3 %trunc_ln158, void %arrayidx293.case.7, i3 0, void %arrayidx293.case.0, i3 1, void %arrayidx293.case.1, i3 2, void %arrayidx293.case.2, i3 3, void %arrayidx293.case.3, i3 4, void %arrayidx293.case.4, i3 5, void %arrayidx293.case.5, i3 6, void %arrayidx293.case.6" [mmult.cpp:161]   --->   Operation 43 'switch' 'switch_ln161' <Predicate = (!icmp_ln156)> <Delay = 0.73>
ST_2 : Operation 44 [1/1] (1.00ns)   --->   "%add_ln158 = add i31 %select_ln156, i31 1" [mmult.cpp:158]   --->   Operation 44 'add' 'add_ln158' <Predicate = (!icmp_ln156)> <Delay = 1.00> <CoreInst = "Adder">   --->   Core 1 'Adder' <Latency = 0> <II = 1> <Delay = 1.00> <FuncUnit> <Opcode : 'add' 'sub'> <InPorts = 2> <OutPorts = 1>
ST_2 : Operation 45 [1/1] (0.42ns)   --->   "%store_ln156 = store i64 %add_ln156_1, i64 %indvar_flatten9" [mmult.cpp:156]   --->   Operation 45 'store' 'store_ln156' <Predicate = (!icmp_ln156)> <Delay = 0.42>
ST_2 : Operation 46 [1/1] (0.42ns)   --->   "%store_ln156 = store i31 %select_ln156_1, i31 %i" [mmult.cpp:156]   --->   Operation 46 'store' 'store_ln156' <Predicate = (!icmp_ln156)> <Delay = 0.42>
ST_2 : Operation 47 [1/1] (0.42ns)   --->   "%store_ln158 = store i31 %add_ln158, i31 %j_1" [mmult.cpp:158]   --->   Operation 47 'store' 'store_ln158' <Predicate = (!icmp_ln156)> <Delay = 0.42>
ST_2 : Operation 48 [1/1] (0.00ns)   --->   "%br_ln158 = br void %for.inc30" [mmult.cpp:158]   --->   Operation 48 'br' 'br_ln158' <Predicate = (!icmp_ln156)> <Delay = 0.00>

State 3 <SV = 2> <Delay = 2.40>
ST_3 : Operation 49 [1/1] (2.40ns)   --->   "%gmem1_addr_read = read i8 @_ssdm_op_Read.m_axi.p1i8, i8 %gmem1_addr" [mmult.cpp:161]   --->   Operation 49 'read' 'gmem1_addr_read' <Predicate = true> <Delay = 2.40> <CoreInst = "m_axi">   --->   Core 121 'm_axi' <Latency = 0> <II = 1> <Delay = 1.00> <Adapter> <Opcode : 'read' 'write' 'readreq' 'writereq' 'writeresp'>
ST_3 : Operation 78 [1/1] (0.00ns)   --->   "%ret_ln0 = ret"   --->   Operation 78 'ret' 'ret_ln0' <Predicate = (icmp_ln156)> <Delay = 0.00>

State 4 <SV = 3> <Delay = 0.67>
ST_4 : Operation 50 [1/1] (0.00ns)   --->   "%specloopname_ln0 = specloopname void @_ssdm_op_SpecLoopName, void @readB_VITIS_LOOP_158_2_str"   --->   Operation 50 'specloopname' 'specloopname_ln0' <Predicate = true> <Delay = 0.00>
ST_4 : Operation 51 [1/1] (0.00ns)   --->   "%speclooptripcount_ln0 = speclooptripcount void @_ssdm_op_SpecLoopTripCount, i64 1024, i64 1024, i64 1024"   --->   Operation 51 'speclooptripcount' 'speclooptripcount_ln0' <Predicate = true> <Delay = 0.00>
ST_4 : Operation 52 [1/1] (0.00ns)   --->   "%specpipeline_ln160 = specpipeline void @_ssdm_op_SpecPipeline, i32 1, i32 0, i32 0, i32 0, void @empty_4" [mmult.cpp:160]   --->   Operation 52 'specpipeline' 'specpipeline_ln160' <Predicate = true> <Delay = 0.00>
ST_4 : Operation 53 [1/1] (0.00ns)   --->   "%zext_ln161 = zext i7 %add_ln161" [mmult.cpp:161]   --->   Operation 53 'zext' 'zext_ln161' <Predicate = true> <Delay = 0.00>
ST_4 : Operation 54 [1/1] (0.00ns)   --->   "%localB_addr = getelementptr i8 %localB, i64 0, i64 %zext_ln161" [mmult.cpp:161]   --->   Operation 54 'getelementptr' 'localB_addr' <Predicate = true> <Delay = 0.00>
ST_4 : Operation 55 [1/1] (0.00ns)   --->   "%localB_1_addr = getelementptr i8 %localB_1, i64 0, i64 %zext_ln161" [mmult.cpp:161]   --->   Operation 55 'getelementptr' 'localB_1_addr' <Predicate = true> <Delay = 0.00>
ST_4 : Operation 56 [1/1] (0.00ns)   --->   "%localB_2_addr = getelementptr i8 %localB_2, i64 0, i64 %zext_ln161" [mmult.cpp:161]   --->   Operation 56 'getelementptr' 'localB_2_addr' <Predicate = true> <Delay = 0.00>
ST_4 : Operation 57 [1/1] (0.00ns)   --->   "%localB_3_addr = getelementptr i8 %localB_3, i64 0, i64 %zext_ln161" [mmult.cpp:161]   --->   Operation 57 'getelementptr' 'localB_3_addr' <Predicate = true> <Delay = 0.00>
ST_4 : Operation 58 [1/1] (0.00ns)   --->   "%localB_4_addr = getelementptr i8 %localB_4, i64 0, i64 %zext_ln161" [mmult.cpp:161]   --->   Operation 58 'getelementptr' 'localB_4_addr' <Predicate = true> <Delay = 0.00>
ST_4 : Operation 59 [1/1] (0.00ns)   --->   "%localB_5_addr = getelementptr i8 %localB_5, i64 0, i64 %zext_ln161" [mmult.cpp:161]   --->   Operation 59 'getelementptr' 'localB_5_addr' <Predicate = true> <Delay = 0.00>
ST_4 : Operation 60 [1/1] (0.00ns)   --->   "%localB_6_addr = getelementptr i8 %localB_6, i64 0, i64 %zext_ln161" [mmult.cpp:161]   --->   Operation 60 'getelementptr' 'localB_6_addr' <Predicate = true> <Delay = 0.00>
ST_4 : Operation 61 [1/1] (0.00ns)   --->   "%localB_7_addr = getelementptr i8 %localB_7, i64 0, i64 %zext_ln161" [mmult.cpp:161]   --->   Operation 61 'getelementptr' 'localB_7_addr' <Predicate = true> <Delay = 0.00>
ST_4 : Operation 62 [1/1] (0.67ns)   --->   "%store_ln161 = store i8 %gmem1_addr_read, i7 %localB_6_addr" [mmult.cpp:161]   --->   Operation 62 'store' 'store_ln161' <Predicate = (trunc_ln158 == 6)> <Delay = 0.67> <CoreInst = "RAM_2P_LUTRAM">   --->   Core 93 'RAM_2P_LUTRAM' <Latency = 1> <II = 1> <Delay = 0.67> <Storage> <Opcode : 'load' 'store'> <Ports = 2> <Width = 8> <Depth = 128> <RAM>
ST_4 : Operation 63 [1/1] (0.00ns)   --->   "%br_ln161 = br void %arrayidx293.exit" [mmult.cpp:161]   --->   Operation 63 'br' 'br_ln161' <Predicate = (trunc_ln158 == 6)> <Delay = 0.00>
ST_4 : Operation 64 [1/1] (0.67ns)   --->   "%store_ln161 = store i8 %gmem1_addr_read, i7 %localB_5_addr" [mmult.cpp:161]   --->   Operation 64 'store' 'store_ln161' <Predicate = (trunc_ln158 == 5)> <Delay = 0.67> <CoreInst = "RAM_2P_LUTRAM">   --->   Core 93 'RAM_2P_LUTRAM' <Latency = 1> <II = 1> <Delay = 0.67> <Storage> <Opcode : 'load' 'store'> <Ports = 2> <Width = 8> <Depth = 128> <RAM>
ST_4 : Operation 65 [1/1] (0.00ns)   --->   "%br_ln161 = br void %arrayidx293.exit" [mmult.cpp:161]   --->   Operation 65 'br' 'br_ln161' <Predicate = (trunc_ln158 == 5)> <Delay = 0.00>
ST_4 : Operation 66 [1/1] (0.67ns)   --->   "%store_ln161 = store i8 %gmem1_addr_read, i7 %localB_4_addr" [mmult.cpp:161]   --->   Operation 66 'store' 'store_ln161' <Predicate = (trunc_ln158 == 4)> <Delay = 0.67> <CoreInst = "RAM_2P_LUTRAM">   --->   Core 93 'RAM_2P_LUTRAM' <Latency = 1> <II = 1> <Delay = 0.67> <Storage> <Opcode : 'load' 'store'> <Ports = 2> <Width = 8> <Depth = 128> <RAM>
ST_4 : Operation 67 [1/1] (0.00ns)   --->   "%br_ln161 = br void %arrayidx293.exit" [mmult.cpp:161]   --->   Operation 67 'br' 'br_ln161' <Predicate = (trunc_ln158 == 4)> <Delay = 0.00>
ST_4 : Operation 68 [1/1] (0.67ns)   --->   "%store_ln161 = store i8 %gmem1_addr_read, i7 %localB_3_addr" [mmult.cpp:161]   --->   Operation 68 'store' 'store_ln161' <Predicate = (trunc_ln158 == 3)> <Delay = 0.67> <CoreInst = "RAM_2P_LUTRAM">   --->   Core 93 'RAM_2P_LUTRAM' <Latency = 1> <II = 1> <Delay = 0.67> <Storage> <Opcode : 'load' 'store'> <Ports = 2> <Width = 8> <Depth = 128> <RAM>
ST_4 : Operation 69 [1/1] (0.00ns)   --->   "%br_ln161 = br void %arrayidx293.exit" [mmult.cpp:161]   --->   Operation 69 'br' 'br_ln161' <Predicate = (trunc_ln158 == 3)> <Delay = 0.00>
ST_4 : Operation 70 [1/1] (0.67ns)   --->   "%store_ln161 = store i8 %gmem1_addr_read, i7 %localB_2_addr" [mmult.cpp:161]   --->   Operation 70 'store' 'store_ln161' <Predicate = (trunc_ln158 == 2)> <Delay = 0.67> <CoreInst = "RAM_2P_LUTRAM">   --->   Core 93 'RAM_2P_LUTRAM' <Latency = 1> <II = 1> <Delay = 0.67> <Storage> <Opcode : 'load' 'store'> <Ports = 2> <Width = 8> <Depth = 128> <RAM>
ST_4 : Operation 71 [1/1] (0.00ns)   --->   "%br_ln161 = br void %arrayidx293.exit" [mmult.cpp:161]   --->   Operation 71 'br' 'br_ln161' <Predicate = (trunc_ln158 == 2)> <Delay = 0.00>
ST_4 : Operation 72 [1/1] (0.67ns)   --->   "%store_ln161 = store i8 %gmem1_addr_read, i7 %localB_1_addr" [mmult.cpp:161]   --->   Operation 72 'store' 'store_ln161' <Predicate = (trunc_ln158 == 1)> <Delay = 0.67> <CoreInst = "RAM_2P_LUTRAM">   --->   Core 93 'RAM_2P_LUTRAM' <Latency = 1> <II = 1> <Delay = 0.67> <Storage> <Opcode : 'load' 'store'> <Ports = 2> <Width = 8> <Depth = 128> <RAM>
ST_4 : Operation 73 [1/1] (0.00ns)   --->   "%br_ln161 = br void %arrayidx293.exit" [mmult.cpp:161]   --->   Operation 73 'br' 'br_ln161' <Predicate = (trunc_ln158 == 1)> <Delay = 0.00>
ST_4 : Operation 74 [1/1] (0.67ns)   --->   "%store_ln161 = store i8 %gmem1_addr_read, i7 %localB_addr" [mmult.cpp:161]   --->   Operation 74 'store' 'store_ln161' <Predicate = (trunc_ln158 == 0)> <Delay = 0.67> <CoreInst = "RAM_2P_LUTRAM">   --->   Core 93 'RAM_2P_LUTRAM' <Latency = 1> <II = 1> <Delay = 0.67> <Storage> <Opcode : 'load' 'store'> <Ports = 2> <Width = 8> <Depth = 128> <RAM>
ST_4 : Operation 75 [1/1] (0.00ns)   --->   "%br_ln161 = br void %arrayidx293.exit" [mmult.cpp:161]   --->   Operation 75 'br' 'br_ln161' <Predicate = (trunc_ln158 == 0)> <Delay = 0.00>
ST_4 : Operation 76 [1/1] (0.67ns)   --->   "%store_ln161 = store i8 %gmem1_addr_read, i7 %localB_7_addr" [mmult.cpp:161]   --->   Operation 76 'store' 'store_ln161' <Predicate = (trunc_ln158 == 7)> <Delay = 0.67> <CoreInst = "RAM_2P_LUTRAM">   --->   Core 93 'RAM_2P_LUTRAM' <Latency = 1> <II = 1> <Delay = 0.67> <Storage> <Opcode : 'load' 'store'> <Ports = 2> <Width = 8> <Depth = 128> <RAM>
ST_4 : Operation 77 [1/1] (0.00ns)   --->   "%br_ln161 = br void %arrayidx293.exit" [mmult.cpp:161]   --->   Operation 77 'br' 'br_ln161' <Predicate = (trunc_ln158 == 7)> <Delay = 0.00>


============================================================
+ Verbose Summary: Binding
============================================================
STG Binding: 
---------------- STG Properties BEGIN ----------------
- Is combinational: 0
- Is one-state seq: 0
- Is datapath-only: 0
- Is pipelined: 0
- Is top level: 0
Port [ Return ] is wired: 1; IO mode=ap_ctrl_hs:ce=0
Port [ gmem1]:  wired=1; compound=1; hidden=0; nouse=0; global=0; static=0; extern=0; dir=0; type=4; pingpong=0; private_global=0; IO mode=m_axi:ce=0
Port [ b_col]:  wired=1; compound=0; hidden=0; nouse=0; global=0; static=0; extern=0; dir=0; type=0; pingpong=0; private_global=0; IO mode=ap_none:ce=0
Port [ mul_ln145_1]:  wired=1; compound=0; hidden=0; nouse=0; global=0; static=0; extern=0; dir=0; type=0; pingpong=0; private_global=0; IO mode=ap_none:ce=0
Port [ b]:  wired=1; compound=0; hidden=0; nouse=0; global=0; static=0; extern=0; dir=0; type=0; pingpong=0; private_global=0; IO mode=ap_none:ce=0
Port [ localB]:  wired=1; compound=1; hidden=0; nouse=0; global=0; static=0; extern=0; dir=1; type=1; pingpong=0; private_global=0; MemPort=[30]; IO mode=ap_memory:ce=0
Port [ localB_1]:  wired=1; compound=1; hidden=0; nouse=0; global=0; static=0; extern=0; dir=1; type=1; pingpong=0; private_global=0; MemPort=[30]; IO mode=ap_memory:ce=0
Port [ localB_2]:  wired=1; compound=1; hidden=0; nouse=0; global=0; static=0; extern=0; dir=1; type=1; pingpong=0; private_global=0; MemPort=[30]; IO mode=ap_memory:ce=0
Port [ localB_3]:  wired=1; compound=1; hidden=0; nouse=0; global=0; static=0; extern=0; dir=1; type=1; pingpong=0; private_global=0; MemPort=[30]; IO mode=ap_memory:ce=0
Port [ localB_4]:  wired=1; compound=1; hidden=0; nouse=0; global=0; static=0; extern=0; dir=1; type=1; pingpong=0; private_global=0; MemPort=[30]; IO mode=ap_memory:ce=0
Port [ localB_5]:  wired=1; compound=1; hidden=0; nouse=0; global=0; static=0; extern=0; dir=1; type=1; pingpong=0; private_global=0; MemPort=[30]; IO mode=ap_memory:ce=0
Port [ localB_6]:  wired=1; compound=1; hidden=0; nouse=0; global=0; static=0; extern=0; dir=1; type=1; pingpong=0; private_global=0; MemPort=[30]; IO mode=ap_memory:ce=0
Port [ localB_7]:  wired=1; compound=1; hidden=0; nouse=0; global=0; static=0; extern=0; dir=1; type=1; pingpong=0; private_global=0; MemPort=[30]; IO mode=ap_memory:ce=0
---------------- STG Properties END ------------------

---------------- Datapath Model BEGIN ----------------

<LifeTime>
<method=bitvector/>
j_1                   (alloca           ) [ 01100]
i                     (alloca           ) [ 01100]
indvar_flatten9       (alloca           ) [ 01100]
specmemcore_ln0       (specmemcore      ) [ 00000]
specmemcore_ln0       (specmemcore      ) [ 00000]
specmemcore_ln0       (specmemcore      ) [ 00000]
specmemcore_ln0       (specmemcore      ) [ 00000]
specmemcore_ln0       (specmemcore      ) [ 00000]
specmemcore_ln0       (specmemcore      ) [ 00000]
specmemcore_ln0       (specmemcore      ) [ 00000]
specmemcore_ln0       (specmemcore      ) [ 00000]
specinterface_ln0     (specinterface    ) [ 00000]
b_read                (read             ) [ 01100]
mul_ln145_1_read      (read             ) [ 01100]
b_col_read            (read             ) [ 01100]
store_ln0             (store            ) [ 00000]
store_ln156           (store            ) [ 00000]
store_ln158           (store            ) [ 00000]
br_ln0                (br               ) [ 00000]
j                     (load             ) [ 00000]
indvar_flatten9_load  (load             ) [ 00000]
specbitsmap_ln0       (specbitsmap      ) [ 00000]
zext_ln158            (zext             ) [ 00000]
icmp_ln158            (icmp             ) [ 00000]
icmp_ln156            (icmp             ) [ 01110]
add_ln156_1           (add              ) [ 00000]
br_ln156              (br               ) [ 00000]
i_load                (load             ) [ 00000]
gmem1_addr            (getelementptr    ) [ 01010]
add_ln156             (add              ) [ 00000]
select_ln156          (select           ) [ 00000]
select_ln156_1        (select           ) [ 00000]
trunc_ln161           (trunc            ) [ 00000]
tmp_s                 (bitconcatenate   ) [ 00000]
trunc_ln158           (trunc            ) [ 01011]
lshr_ln1              (partselect       ) [ 00000]
add_ln161             (add              ) [ 01011]
switch_ln161          (switch           ) [ 00000]
add_ln158             (add              ) [ 00000]
store_ln156           (store            ) [ 00000]
store_ln156           (store            ) [ 00000]
store_ln158           (store            ) [ 00000]
br_ln158              (br               ) [ 00000]
gmem1_addr_read       (read             ) [ 01001]
specloopname_ln0      (specloopname     ) [ 00000]
speclooptripcount_ln0 (speclooptripcount) [ 00000]
specpipeline_ln160    (specpipeline     ) [ 00000]
zext_ln161            (zext             ) [ 00000]
localB_addr           (getelementptr    ) [ 00000]
localB_1_addr         (getelementptr    ) [ 00000]
localB_2_addr         (getelementptr    ) [ 00000]
localB_3_addr         (getelementptr    ) [ 00000]
localB_4_addr         (getelementptr    ) [ 00000]
localB_5_addr         (getelementptr    ) [ 00000]
localB_6_addr         (getelementptr    ) [ 00000]
localB_7_addr         (getelementptr    ) [ 00000]
store_ln161           (store            ) [ 00000]
br_ln161              (br               ) [ 00000]
store_ln161           (store            ) [ 00000]
br_ln161              (br               ) [ 00000]
store_ln161           (store            ) [ 00000]
br_ln161              (br               ) [ 00000]
store_ln161           (store            ) [ 00000]
br_ln161              (br               ) [ 00000]
store_ln161           (store            ) [ 00000]
br_ln161              (br               ) [ 00000]
store_ln161           (store            ) [ 00000]
br_ln161              (br               ) [ 00000]
store_ln161           (store            ) [ 00000]
br_ln161              (br               ) [ 00000]
store_ln161           (store            ) [ 00000]
br_ln161              (br               ) [ 00000]
ret_ln0               (ret              ) [ 00000]
</LifeTime>

<model>

<comp_list>
<comp id="0" class="1000" name="gmem1">
<pin_list>
<pin id="1" dir="1" index="0" bw="1" slack="0"/>
</pin_list>
<bind>
<StgValue><ssdm name="gmem1"/></StgValue>
</bind>
</comp>

<comp id="2" class="1000" name="b_col">
<pin_list>
<pin id="3" dir="1" index="0" bw="1" slack="0"/>
</pin_list>
<bind>
<StgValue><ssdm name="b_col"/></StgValue>
</bind>
</comp>

<comp id="4" class="1000" name="mul_ln145_1">
<pin_list>
<pin id="5" dir="1" index="0" bw="1" slack="0"/>
</pin_list>
<bind>
<StgValue><ssdm name="mul_ln145_1"/></StgValue>
</bind>
</comp>

<comp id="6" class="1000" name="b">
<pin_list>
<pin id="7" dir="1" index="0" bw="1" slack="0"/>
</pin_list>
<bind>
<StgValue><ssdm name="b"/></StgValue>
</bind>
</comp>

<comp id="8" class="1000" name="localB">
<pin_list>
<pin id="9" dir="1" index="0" bw="1" slack="0"/>
</pin_list>
<bind>
<StgValue><ssdm name="localB"/><MemPortTyVec>3 0 </MemPortTyVec>
</StgValue>
</bind>
</comp>

<comp id="10" class="1000" name="localB_1">
<pin_list>
<pin id="11" dir="1" index="0" bw="1" slack="0"/>
</pin_list>
<bind>
<StgValue><ssdm name="localB_1"/><MemPortTyVec>3 0 </MemPortTyVec>
</StgValue>
</bind>
</comp>

<comp id="12" class="1000" name="localB_2">
<pin_list>
<pin id="13" dir="1" index="0" bw="1" slack="0"/>
</pin_list>
<bind>
<StgValue><ssdm name="localB_2"/><MemPortTyVec>3 0 </MemPortTyVec>
</StgValue>
</bind>
</comp>

<comp id="14" class="1000" name="localB_3">
<pin_list>
<pin id="15" dir="1" index="0" bw="1" slack="0"/>
</pin_list>
<bind>
<StgValue><ssdm name="localB_3"/><MemPortTyVec>3 0 </MemPortTyVec>
</StgValue>
</bind>
</comp>

<comp id="16" class="1000" name="localB_4">
<pin_list>
<pin id="17" dir="1" index="0" bw="1" slack="0"/>
</pin_list>
<bind>
<StgValue><ssdm name="localB_4"/><MemPortTyVec>3 0 </MemPortTyVec>
</StgValue>
</bind>
</comp>

<comp id="18" class="1000" name="localB_5">
<pin_list>
<pin id="19" dir="1" index="0" bw="1" slack="0"/>
</pin_list>
<bind>
<StgValue><ssdm name="localB_5"/><MemPortTyVec>3 0 </MemPortTyVec>
</StgValue>
</bind>
</comp>

<comp id="20" class="1000" name="localB_6">
<pin_list>
<pin id="21" dir="1" index="0" bw="1" slack="0"/>
</pin_list>
<bind>
<StgValue><ssdm name="localB_6"/><MemPortTyVec>3 0 </MemPortTyVec>
</StgValue>
</bind>
</comp>

<comp id="22" class="1000" name="localB_7">
<pin_list>
<pin id="23" dir="1" index="0" bw="1" slack="0"/>
</pin_list>
<bind>
<StgValue><ssdm name="localB_7"/><MemPortTyVec>3 0 </MemPortTyVec>
</StgValue>
</bind>
</comp>

<comp id="24" class="1001" name="const_24">
<pin_list>
<pin id="25" dir="1" index="0" bw="1" slack="0"/>
</pin_list>
<bind>
<StgValue><ssdm name=""/></StgValue>
</bind>
</comp>

<comp id="26" class="1001" name="const_26">
<pin_list>
<pin id="27" dir="1" index="0" bw="1" slack="2147483647"/>
</pin_list>
<bind>
<StgValue><ssdm name="_ssdm_op_SpecMemCore"/></StgValue>
</bind>
</comp>

<comp id="28" class="1001" name="const_28">
<pin_list>
<pin id="29" dir="1" index="0" bw="1" slack="2147483647"/>
</pin_list>
<bind>
<StgValue><ssdm name=""/></StgValue>
</bind>
</comp>

<comp id="30" class="1001" name="const_30">
<pin_list>
<pin id="31" dir="1" index="0" bw="1" slack="2147483647"/>
</pin_list>
<bind>
<StgValue><ssdm name=""/></StgValue>
</bind>
</comp>

<comp id="32" class="1001" name="const_32">
<pin_list>
<pin id="33" dir="1" index="0" bw="1" slack="2147483647"/>
</pin_list>
<bind>
<StgValue><ssdm name=""/></StgValue>
</bind>
</comp>

<comp id="34" class="1001" name="const_34">
<pin_list>
<pin id="35" dir="1" index="0" bw="1" slack="2147483647"/>
</pin_list>
<bind>
<StgValue><ssdm name="_ssdm_op_SpecInterface"/></StgValue>
</bind>
</comp>

<comp id="36" class="1001" name="const_36">
<pin_list>
<pin id="37" dir="1" index="0" bw="1" slack="2147483647"/>
</pin_list>
<bind>
<StgValue><ssdm name="empty_3"/></StgValue>
</bind>
</comp>

<comp id="38" class="1001" name="const_38">
<pin_list>
<pin id="39" dir="1" index="0" bw="1" slack="2147483647"/>
</pin_list>
<bind>
<StgValue><ssdm name=""/></StgValue>
</bind>
</comp>

<comp id="40" class="1001" name="const_40">
<pin_list>
<pin id="41" dir="1" index="0" bw="1" slack="2147483647"/>
</pin_list>
<bind>
<StgValue><ssdm name="empty_4"/></StgValue>
</bind>
</comp>

<comp id="42" class="1001" name="const_42">
<pin_list>
<pin id="43" dir="1" index="0" bw="1" slack="2147483647"/>
</pin_list>
<bind>
<StgValue><ssdm name="empty_15"/></StgValue>
</bind>
</comp>

<comp id="44" class="1001" name="const_44">
<pin_list>
<pin id="45" dir="1" index="0" bw="1" slack="2147483647"/>
</pin_list>
<bind>
<StgValue><ssdm name="empty_10"/></StgValue>
</bind>
</comp>

<comp id="46" class="1001" name="const_46">
<pin_list>
<pin id="47" dir="1" index="0" bw="1" slack="2147483647"/>
</pin_list>
<bind>
<StgValue><ssdm name=""/></StgValue>
</bind>
</comp>

<comp id="48" class="1001" name="const_48">
<pin_list>
<pin id="49" dir="1" index="0" bw="1" slack="2147483647"/>
</pin_list>
<bind>
<StgValue><ssdm name=""/></StgValue>
</bind>
</comp>

<comp id="50" class="1001" name="const_50">
<pin_list>
<pin id="51" dir="1" index="0" bw="1" slack="0"/>
</pin_list>
<bind>
<StgValue><ssdm name="_ssdm_op_Read.ap_auto.i64"/></StgValue>
</bind>
</comp>

<comp id="52" class="1001" name="const_52">
<pin_list>
<pin id="53" dir="1" index="0" bw="1" slack="0"/>
</pin_list>
<bind>
<StgValue><ssdm name="_ssdm_op_Read.ap_auto.i32"/></StgValue>
</bind>
</comp>

<comp id="54" class="1001" name="const_54">
<pin_list>
<pin id="55" dir="1" index="0" bw="1" slack="0"/>
</pin_list>
<bind>
<StgValue><ssdm name=""/></StgValue>
</bind>
</comp>

<comp id="56" class="1001" name="const_56">
<pin_list>
<pin id="57" dir="1" index="0" bw="1" slack="0"/>
</pin_list>
<bind>
<StgValue><ssdm name=""/></StgValue>
</bind>
</comp>

<comp id="58" class="1001" name="const_58">
<pin_list>
<pin id="59" dir="1" index="0" bw="1" slack="2147483647"/>
</pin_list>
<bind>
<StgValue><ssdm name="_ssdm_op_SpecBitsMap"/></StgValue>
</bind>
</comp>

<comp id="60" class="1001" name="const_60">
<pin_list>
<pin id="61" dir="1" index="0" bw="1" slack="0"/>
</pin_list>
<bind>
<StgValue><ssdm name=""/></StgValue>
</bind>
</comp>

<comp id="62" class="1001" name="const_62">
<pin_list>
<pin id="63" dir="1" index="0" bw="1" slack="0"/>
</pin_list>
<bind>
<StgValue><ssdm name=""/></StgValue>
</bind>
</comp>

<comp id="64" class="1001" name="const_64">
<pin_list>
<pin id="65" dir="1" index="0" bw="1" slack="0"/>
</pin_list>
<bind>
<StgValue><ssdm name="_ssdm_op_BitConcatenate.i7.i5.i2"/></StgValue>
</bind>
</comp>

<comp id="66" class="1001" name="const_66">
<pin_list>
<pin id="67" dir="1" index="0" bw="1" slack="0"/>
</pin_list>
<bind>
<StgValue><ssdm name=""/></StgValue>
</bind>
</comp>

<comp id="68" class="1001" name="const_68">
<pin_list>
<pin id="69" dir="1" index="0" bw="1" slack="0"/>
</pin_list>
<bind>
<StgValue><ssdm name="_ssdm_op_PartSelect.i7.i31.i32.i32"/></StgValue>
</bind>
</comp>

<comp id="70" class="1001" name="const_70">
<pin_list>
<pin id="71" dir="1" index="0" bw="1" slack="0"/>
</pin_list>
<bind>
<StgValue><ssdm name=""/></StgValue>
</bind>
</comp>

<comp id="72" class="1001" name="const_72">
<pin_list>
<pin id="73" dir="1" index="0" bw="1" slack="0"/>
</pin_list>
<bind>
<StgValue><ssdm name=""/></StgValue>
</bind>
</comp>

<comp id="74" class="1001" name="const_74">
<pin_list>
<pin id="75" dir="1" index="0" bw="1" slack="2147483647"/>
</pin_list>
<bind>
<StgValue><ssdm name=""/></StgValue>
</bind>
</comp>

<comp id="76" class="1001" name="const_76">
<pin_list>
<pin id="77" dir="1" index="0" bw="1" slack="2147483647"/>
</pin_list>
<bind>
<StgValue><ssdm name=""/></StgValue>
</bind>
</comp>

<comp id="78" class="1001" name="const_78">
<pin_list>
<pin id="79" dir="1" index="0" bw="1" slack="2147483647"/>
</pin_list>
<bind>
<StgValue><ssdm name=""/></StgValue>
</bind>
</comp>

<comp id="80" class="1001" name="const_80">
<pin_list>
<pin id="81" dir="1" index="0" bw="1" slack="2147483647"/>
</pin_list>
<bind>
<StgValue><ssdm name=""/></StgValue>
</bind>
</comp>

<comp id="82" class="1001" name="const_82">
<pin_list>
<pin id="83" dir="1" index="0" bw="1" slack="2147483647"/>
</pin_list>
<bind>
<StgValue><ssdm name=""/></StgValue>
</bind>
</comp>

<comp id="84" class="1001" name="const_84">
<pin_list>
<pin id="85" dir="1" index="0" bw="1" slack="2147483647"/>
</pin_list>
<bind>
<StgValue><ssdm name=""/></StgValue>
</bind>
</comp>

<comp id="86" class="1001" name="const_86">
<pin_list>
<pin id="87" dir="1" index="0" bw="1" slack="2147483647"/>
</pin_list>
<bind>
<StgValue><ssdm name=""/></StgValue>
</bind>
</comp>

<comp id="88" class="1001" name="const_88">
<pin_list>
<pin id="89" dir="1" index="0" bw="1" slack="0"/>
</pin_list>
<bind>
<StgValue><ssdm name="_ssdm_op_Read.m_axi.p1i8"/></StgValue>
</bind>
</comp>

<comp id="90" class="1001" name="const_90">
<pin_list>
<pin id="91" dir="1" index="0" bw="1" slack="2147483647"/>
</pin_list>
<bind>
<StgValue><ssdm name="_ssdm_op_SpecLoopName"/></StgValue>
</bind>
</comp>

<comp id="92" class="1001" name="const_92">
<pin_list>
<pin id="93" dir="1" index="0" bw="1" slack="2147483647"/>
</pin_list>
<bind>
<StgValue><ssdm name="readB_VITIS_LOOP_158_2_str"/></StgValue>
</bind>
</comp>

<comp id="94" class="1001" name="const_94">
<pin_list>
<pin id="95" dir="1" index="0" bw="1" slack="2147483647"/>
</pin_list>
<bind>
<StgValue><ssdm name="_ssdm_op_SpecLoopTripCount"/></StgValue>
</bind>
</comp>

<comp id="96" class="1001" name="const_96">
<pin_list>
<pin id="97" dir="1" index="0" bw="1" slack="2147483647"/>
</pin_list>
<bind>
<StgValue><ssdm name=""/></StgValue>
</bind>
</comp>

<comp id="98" class="1001" name="const_98">
<pin_list>
<pin id="99" dir="1" index="0" bw="1" slack="2147483647"/>
</pin_list>
<bind>
<StgValue><ssdm name="_ssdm_op_SpecPipeline"/></StgValue>
</bind>
</comp>

<comp id="100" class="1004" name="j_1_fu_100">
<pin_list>
<pin id="101" dir="0" index="0" bw="1" slack="0"/>
<pin id="102" dir="1" index="1" bw="31" slack="0"/>
</pin_list>
<bind>
<opcode="alloca(26) " fcode="alloca"/>
<opset="j_1/1 "/>
</bind>
</comp>

<comp id="104" class="1004" name="i_fu_104">
<pin_list>
<pin id="105" dir="0" index="0" bw="1" slack="0"/>
<pin id="106" dir="1" index="1" bw="31" slack="0"/>
</pin_list>
<bind>
<opcode="alloca(26) " fcode="alloca"/>
<opset="i/1 "/>
</bind>
</comp>

<comp id="108" class="1004" name="indvar_flatten9_fu_108">
<pin_list>
<pin id="109" dir="0" index="0" bw="1" slack="0"/>
<pin id="110" dir="1" index="1" bw="64" slack="0"/>
</pin_list>
<bind>
<opcode="alloca(26) " fcode="alloca"/>
<opset="indvar_flatten9/1 "/>
</bind>
</comp>

<comp id="112" class="1004" name="b_read_read_fu_112">
<pin_list>
<pin id="113" dir="0" index="0" bw="64" slack="0"/>
<pin id="114" dir="0" index="1" bw="64" slack="0"/>
<pin id="115" dir="1" index="2" bw="64" slack="1"/>
</pin_list>
<bind>
<opcode="read(1150) " fcode="read"/>
<opset="b_read/1 "/>
</bind>
</comp>

<comp id="118" class="1004" name="mul_ln145_1_read_read_fu_118">
<pin_list>
<pin id="119" dir="0" index="0" bw="64" slack="0"/>
<pin id="120" dir="0" index="1" bw="64" slack="0"/>
<pin id="121" dir="1" index="2" bw="64" slack="1"/>
</pin_list>
<bind>
<opcode="read(1150) " fcode="read"/>
<opset="mul_ln145_1_read/1 "/>
</bind>
</comp>

<comp id="124" class="1004" name="b_col_read_read_fu_124">
<pin_list>
<pin id="125" dir="0" index="0" bw="32" slack="0"/>
<pin id="126" dir="0" index="1" bw="32" slack="0"/>
<pin id="127" dir="1" index="2" bw="32" slack="1"/>
</pin_list>
<bind>
<opcode="read(1150) " fcode="read"/>
<opset="b_col_read/1 "/>
</bind>
</comp>

<comp id="130" class="1004" name="gmem1_addr_read_read_fu_130">
<pin_list>
<pin id="131" dir="0" index="0" bw="8" slack="0"/>
<pin id="132" dir="0" index="1" bw="8" slack="1"/>
<pin id="133" dir="1" index="2" bw="8" slack="1"/>
</pin_list>
<bind>
<opcode="read(1150) " fcode="read"/>
<opset="gmem1_addr_read/3 "/>
</bind>
</comp>

<comp id="135" class="1004" name="localB_addr_gep_fu_135">
<pin_list>
<pin id="136" dir="0" index="0" bw="8" slack="0"/>
<pin id="137" dir="0" index="1" bw="1" slack="0"/>
<pin id="138" dir="0" index="2" bw="7" slack="0"/>
<pin id="139" dir="1" index="3" bw="7" slack="0"/>
</pin_list>
<bind>
<opcode="getelementptr(29) " fcode="getelementptr"/>
<opset="localB_addr/4 "/>
</bind>
</comp>

<comp id="142" class="1004" name="localB_1_addr_gep_fu_142">
<pin_list>
<pin id="143" dir="0" index="0" bw="8" slack="0"/>
<pin id="144" dir="0" index="1" bw="1" slack="0"/>
<pin id="145" dir="0" index="2" bw="7" slack="0"/>
<pin id="146" dir="1" index="3" bw="7" slack="0"/>
</pin_list>
<bind>
<opcode="getelementptr(29) " fcode="getelementptr"/>
<opset="localB_1_addr/4 "/>
</bind>
</comp>

<comp id="149" class="1004" name="localB_2_addr_gep_fu_149">
<pin_list>
<pin id="150" dir="0" index="0" bw="8" slack="0"/>
<pin id="151" dir="0" index="1" bw="1" slack="0"/>
<pin id="152" dir="0" index="2" bw="7" slack="0"/>
<pin id="153" dir="1" index="3" bw="7" slack="0"/>
</pin_list>
<bind>
<opcode="getelementptr(29) " fcode="getelementptr"/>
<opset="localB_2_addr/4 "/>
</bind>
</comp>

<comp id="156" class="1004" name="localB_3_addr_gep_fu_156">
<pin_list>
<pin id="157" dir="0" index="0" bw="8" slack="0"/>
<pin id="158" dir="0" index="1" bw="1" slack="0"/>
<pin id="159" dir="0" index="2" bw="7" slack="0"/>
<pin id="160" dir="1" index="3" bw="7" slack="0"/>
</pin_list>
<bind>
<opcode="getelementptr(29) " fcode="getelementptr"/>
<opset="localB_3_addr/4 "/>
</bind>
</comp>

<comp id="163" class="1004" name="localB_4_addr_gep_fu_163">
<pin_list>
<pin id="164" dir="0" index="0" bw="8" slack="0"/>
<pin id="165" dir="0" index="1" bw="1" slack="0"/>
<pin id="166" dir="0" index="2" bw="7" slack="0"/>
<pin id="167" dir="1" index="3" bw="7" slack="0"/>
</pin_list>
<bind>
<opcode="getelementptr(29) " fcode="getelementptr"/>
<opset="localB_4_addr/4 "/>
</bind>
</comp>

<comp id="170" class="1004" name="localB_5_addr_gep_fu_170">
<pin_list>
<pin id="171" dir="0" index="0" bw="8" slack="0"/>
<pin id="172" dir="0" index="1" bw="1" slack="0"/>
<pin id="173" dir="0" index="2" bw="7" slack="0"/>
<pin id="174" dir="1" index="3" bw="7" slack="0"/>
</pin_list>
<bind>
<opcode="getelementptr(29) " fcode="getelementptr"/>
<opset="localB_5_addr/4 "/>
</bind>
</comp>

<comp id="177" class="1004" name="localB_6_addr_gep_fu_177">
<pin_list>
<pin id="178" dir="0" index="0" bw="8" slack="0"/>
<pin id="179" dir="0" index="1" bw="1" slack="0"/>
<pin id="180" dir="0" index="2" bw="7" slack="0"/>
<pin id="181" dir="1" index="3" bw="7" slack="0"/>
</pin_list>
<bind>
<opcode="getelementptr(29) " fcode="getelementptr"/>
<opset="localB_6_addr/4 "/>
</bind>
</comp>

<comp id="184" class="1004" name="localB_7_addr_gep_fu_184">
<pin_list>
<pin id="185" dir="0" index="0" bw="8" slack="0"/>
<pin id="186" dir="0" index="1" bw="1" slack="0"/>
<pin id="187" dir="0" index="2" bw="7" slack="0"/>
<pin id="188" dir="1" index="3" bw="7" slack="0"/>
</pin_list>
<bind>
<opcode="getelementptr(29) " fcode="getelementptr"/>
<opset="localB_7_addr/4 "/>
</bind>
</comp>

<comp id="191" class="1004" name="store_ln161_access_fu_191">
<pin_list>
<pin id="192" dir="0" index="0" bw="7" slack="2147483647"/>
<pin id="193" dir="0" index="1" bw="8" slack="2147483647"/>
<pin id="194" dir="0" index="2" bw="0" slack="0"/>
<pin id="196" dir="0" index="4" bw="7" slack="1"/>
<pin id="197" dir="0" index="5" bw="8" slack="2147483647"/>
<pin id="198" dir="0" index="6" bw="0" slack="2147483647"/>
<pin id="195" dir="1" index="3" bw="8" slack="2147483647"/>
<pin id="199" dir="1" index="7" bw="8" slack="2147483647"/>
</pin_list>
<bind>
<opcode="store(28) " fcode="store"/>
<opset="store_ln161/4 "/>
</bind>
</comp>

<comp id="201" class="1004" name="store_ln161_access_fu_201">
<pin_list>
<pin id="202" dir="0" index="0" bw="7" slack="2147483647"/>
<pin id="203" dir="0" index="1" bw="8" slack="2147483647"/>
<pin id="204" dir="0" index="2" bw="0" slack="0"/>
<pin id="206" dir="0" index="4" bw="7" slack="1"/>
<pin id="207" dir="0" index="5" bw="8" slack="2147483647"/>
<pin id="208" dir="0" index="6" bw="0" slack="2147483647"/>
<pin id="205" dir="1" index="3" bw="8" slack="2147483647"/>
<pin id="209" dir="1" index="7" bw="8" slack="2147483647"/>
</pin_list>
<bind>
<opcode="store(28) " fcode="store"/>
<opset="store_ln161/4 "/>
</bind>
</comp>

<comp id="211" class="1004" name="store_ln161_access_fu_211">
<pin_list>
<pin id="212" dir="0" index="0" bw="7" slack="2147483647"/>
<pin id="213" dir="0" index="1" bw="8" slack="2147483647"/>
<pin id="214" dir="0" index="2" bw="0" slack="0"/>
<pin id="216" dir="0" index="4" bw="7" slack="1"/>
<pin id="217" dir="0" index="5" bw="8" slack="2147483647"/>
<pin id="218" dir="0" index="6" bw="0" slack="2147483647"/>
<pin id="215" dir="1" index="3" bw="8" slack="2147483647"/>
<pin id="219" dir="1" index="7" bw="8" slack="2147483647"/>
</pin_list>
<bind>
<opcode="store(28) " fcode="store"/>
<opset="store_ln161/4 "/>
</bind>
</comp>

<comp id="221" class="1004" name="store_ln161_access_fu_221">
<pin_list>
<pin id="222" dir="0" index="0" bw="7" slack="2147483647"/>
<pin id="223" dir="0" index="1" bw="8" slack="2147483647"/>
<pin id="224" dir="0" index="2" bw="0" slack="0"/>
<pin id="226" dir="0" index="4" bw="7" slack="1"/>
<pin id="227" dir="0" index="5" bw="8" slack="2147483647"/>
<pin id="228" dir="0" index="6" bw="0" slack="2147483647"/>
<pin id="225" dir="1" index="3" bw="8" slack="2147483647"/>
<pin id="229" dir="1" index="7" bw="8" slack="2147483647"/>
</pin_list>
<bind>
<opcode="store(28) " fcode="store"/>
<opset="store_ln161/4 "/>
</bind>
</comp>

<comp id="231" class="1004" name="store_ln161_access_fu_231">
<pin_list>
<pin id="232" dir="0" index="0" bw="7" slack="2147483647"/>
<pin id="233" dir="0" index="1" bw="8" slack="2147483647"/>
<pin id="234" dir="0" index="2" bw="0" slack="0"/>
<pin id="236" dir="0" index="4" bw="7" slack="1"/>
<pin id="237" dir="0" index="5" bw="8" slack="2147483647"/>
<pin id="238" dir="0" index="6" bw="0" slack="2147483647"/>
<pin id="235" dir="1" index="3" bw="8" slack="2147483647"/>
<pin id="239" dir="1" index="7" bw="8" slack="2147483647"/>
</pin_list>
<bind>
<opcode="store(28) " fcode="store"/>
<opset="store_ln161/4 "/>
</bind>
</comp>

<comp id="241" class="1004" name="store_ln161_access_fu_241">
<pin_list>
<pin id="242" dir="0" index="0" bw="7" slack="2147483647"/>
<pin id="243" dir="0" index="1" bw="8" slack="2147483647"/>
<pin id="244" dir="0" index="2" bw="0" slack="0"/>
<pin id="246" dir="0" index="4" bw="7" slack="1"/>
<pin id="247" dir="0" index="5" bw="8" slack="2147483647"/>
<pin id="248" dir="0" index="6" bw="0" slack="2147483647"/>
<pin id="245" dir="1" index="3" bw="8" slack="2147483647"/>
<pin id="249" dir="1" index="7" bw="8" slack="2147483647"/>
</pin_list>
<bind>
<opcode="store(28) " fcode="store"/>
<opset="store_ln161/4 "/>
</bind>
</comp>

<comp id="251" class="1004" name="store_ln161_access_fu_251">
<pin_list>
<pin id="252" dir="0" index="0" bw="7" slack="2147483647"/>
<pin id="253" dir="0" index="1" bw="8" slack="2147483647"/>
<pin id="254" dir="0" index="2" bw="0" slack="0"/>
<pin id="256" dir="0" index="4" bw="7" slack="1"/>
<pin id="257" dir="0" index="5" bw="8" slack="2147483647"/>
<pin id="258" dir="0" index="6" bw="0" slack="2147483647"/>
<pin id="255" dir="1" index="3" bw="8" slack="2147483647"/>
<pin id="259" dir="1" index="7" bw="8" slack="2147483647"/>
</pin_list>
<bind>
<opcode="store(28) " fcode="store"/>
<opset="store_ln161/4 "/>
</bind>
</comp>

<comp id="261" class="1004" name="store_ln161_access_fu_261">
<pin_list>
<pin id="262" dir="0" index="0" bw="7" slack="2147483647"/>
<pin id="263" dir="0" index="1" bw="8" slack="2147483647"/>
<pin id="264" dir="0" index="2" bw="0" slack="0"/>
<pin id="266" dir="0" index="4" bw="7" slack="1"/>
<pin id="267" dir="0" index="5" bw="8" slack="2147483647"/>
<pin id="268" dir="0" index="6" bw="0" slack="2147483647"/>
<pin id="265" dir="1" index="3" bw="8" slack="2147483647"/>
<pin id="269" dir="1" index="7" bw="8" slack="2147483647"/>
</pin_list>
<bind>
<opcode="store(28) " fcode="store"/>
<opset="store_ln161/4 "/>
</bind>
</comp>

<comp id="271" class="1004" name="store_ln0_store_fu_271">
<pin_list>
<pin id="272" dir="0" index="0" bw="1" slack="0"/>
<pin id="273" dir="0" index="1" bw="64" slack="0"/>
<pin id="274" dir="1" index="2" bw="0" slack="2147483647"/>
</pin_list>
<bind>
<opcode="store(28) " fcode="store"/>
<opset="store_ln0/1 "/>
</bind>
</comp>

<comp id="276" class="1004" name="store_ln156_store_fu_276">
<pin_list>
<pin id="277" dir="0" index="0" bw="1" slack="0"/>
<pin id="278" dir="0" index="1" bw="31" slack="0"/>
<pin id="279" dir="1" index="2" bw="0" slack="2147483647"/>
</pin_list>
<bind>
<opcode="store(28) " fcode="store"/>
<opset="store_ln156/1 "/>
</bind>
</comp>

<comp id="281" class="1004" name="store_ln158_store_fu_281">
<pin_list>
<pin id="282" dir="0" index="0" bw="1" slack="0"/>
<pin id="283" dir="0" index="1" bw="31" slack="0"/>
<pin id="284" dir="1" index="2" bw="0" slack="2147483647"/>
</pin_list>
<bind>
<opcode="store(28) " fcode="store"/>
<opset="store_ln158/1 "/>
</bind>
</comp>

<comp id="286" class="1004" name="j_load_fu_286">
<pin_list>
<pin id="287" dir="0" index="0" bw="31" slack="1"/>
<pin id="288" dir="1" index="1" bw="31" slack="0"/>
</pin_list>
<bind>
<opcode="load(27) " fcode="load"/>
<opset="j/2 "/>
</bind>
</comp>

<comp id="289" class="1004" name="indvar_flatten9_load_load_fu_289">
<pin_list>
<pin id="290" dir="0" index="0" bw="64" slack="1"/>
<pin id="291" dir="1" index="1" bw="64" slack="0"/>
</pin_list>
<bind>
<opcode="load(27) " fcode="load"/>
<opset="indvar_flatten9_load/2 "/>
</bind>
</comp>

<comp id="292" class="1004" name="zext_ln158_fu_292">
<pin_list>
<pin id="293" dir="0" index="0" bw="31" slack="0"/>
<pin id="294" dir="1" index="1" bw="32" slack="0"/>
</pin_list>
<bind>
<opcode="zext(34) " fcode="zext"/>
<opset="zext_ln158/2 "/>
</bind>
</comp>

<comp id="296" class="1004" name="icmp_ln158_fu_296">
<pin_list>
<pin id="297" dir="0" index="0" bw="31" slack="0"/>
<pin id="298" dir="0" index="1" bw="32" slack="1"/>
<pin id="299" dir="1" index="2" bw="1" slack="0"/>
</pin_list>
<bind>
<opcode="icmp(45) " fcode="icmp"/>
<opset="icmp_ln158/2 "/>
</bind>
</comp>

<comp id="301" class="1004" name="icmp_ln156_fu_301">
<pin_list>
<pin id="302" dir="0" index="0" bw="64" slack="0"/>
<pin id="303" dir="0" index="1" bw="64" slack="1"/>
<pin id="304" dir="1" index="2" bw="1" slack="1"/>
</pin_list>
<bind>
<opcode="icmp(45) " fcode="icmp"/>
<opset="icmp_ln156/2 "/>
</bind>
</comp>

<comp id="306" class="1004" name="add_ln156_1_fu_306">
<pin_list>
<pin id="307" dir="0" index="0" bw="64" slack="0"/>
<pin id="308" dir="0" index="1" bw="1" slack="0"/>
<pin id="309" dir="1" index="2" bw="64" slack="0"/>
</pin_list>
<bind>
<opcode="add(8) " fcode="add"/>
<opset="add_ln156_1/2 "/>
</bind>
</comp>

<comp id="312" class="1004" name="i_load_load_fu_312">
<pin_list>
<pin id="313" dir="0" index="0" bw="31" slack="1"/>
<pin id="314" dir="1" index="1" bw="31" slack="0"/>
</pin_list>
<bind>
<opcode="load(27) " fcode="load"/>
<opset="i_load/2 "/>
</bind>
</comp>

<comp id="315" class="1004" name="gmem1_addr_fu_315">
<pin_list>
<pin id="316" dir="0" index="0" bw="8" slack="0"/>
<pin id="317" dir="0" index="1" bw="64" slack="1"/>
<pin id="318" dir="1" index="2" bw="8" slack="1"/>
</pin_list>
<bind>
<opcode="getelementptr(29) " fcode="getelementptr"/>
<opset="gmem1_addr/2 "/>
</bind>
</comp>

<comp id="320" class="1004" name="add_ln156_fu_320">
<pin_list>
<pin id="321" dir="0" index="0" bw="31" slack="0"/>
<pin id="322" dir="0" index="1" bw="1" slack="0"/>
<pin id="323" dir="1" index="2" bw="31" slack="0"/>
</pin_list>
<bind>
<opcode="add(8) " fcode="add"/>
<opset="add_ln156/2 "/>
</bind>
</comp>

<comp id="326" class="1004" name="select_ln156_fu_326">
<pin_list>
<pin id="327" dir="0" index="0" bw="1" slack="0"/>
<pin id="328" dir="0" index="1" bw="31" slack="0"/>
<pin id="329" dir="0" index="2" bw="1" slack="0"/>
<pin id="330" dir="1" index="3" bw="31" slack="0"/>
</pin_list>
<bind>
<opcode="select(49) " fcode="select"/>
<opset="select_ln156/2 "/>
</bind>
</comp>

<comp id="334" class="1004" name="select_ln156_1_fu_334">
<pin_list>
<pin id="335" dir="0" index="0" bw="1" slack="0"/>
<pin id="336" dir="0" index="1" bw="31" slack="0"/>
<pin id="337" dir="0" index="2" bw="31" slack="0"/>
<pin id="338" dir="1" index="3" bw="31" slack="0"/>
</pin_list>
<bind>
<opcode="select(49) " fcode="select"/>
<opset="select_ln156_1/2 "/>
</bind>
</comp>

<comp id="342" class="1004" name="trunc_ln161_fu_342">
<pin_list>
<pin id="343" dir="0" index="0" bw="31" slack="0"/>
<pin id="344" dir="1" index="1" bw="5" slack="0"/>
</pin_list>
<bind>
<opcode="trunc(33) " fcode="trunc"/>
<opset="trunc_ln161/2 "/>
</bind>
</comp>

<comp id="346" class="1004" name="tmp_s_fu_346">
<pin_list>
<pin id="347" dir="0" index="0" bw="7" slack="0"/>
<pin id="348" dir="0" index="1" bw="5" slack="0"/>
<pin id="349" dir="0" index="2" bw="1" slack="0"/>
<pin id="350" dir="1" index="3" bw="7" slack="0"/>
</pin_list>
<bind>
<opcode="bitconcatenate(1004) " fcode="bitconcatenate"/>
<opset="tmp_s/2 "/>
</bind>
</comp>

<comp id="354" class="1004" name="trunc_ln158_fu_354">
<pin_list>
<pin id="355" dir="0" index="0" bw="31" slack="0"/>
<pin id="356" dir="1" index="1" bw="3" slack="2"/>
</pin_list>
<bind>
<opcode="trunc(33) " fcode="trunc"/>
<opset="trunc_ln158/2 "/>
</bind>
</comp>

<comp id="358" class="1004" name="lshr_ln1_fu_358">
<pin_list>
<pin id="359" dir="0" index="0" bw="7" slack="0"/>
<pin id="360" dir="0" index="1" bw="31" slack="0"/>
<pin id="361" dir="0" index="2" bw="3" slack="0"/>
<pin id="362" dir="0" index="3" bw="5" slack="0"/>
<pin id="363" dir="1" index="4" bw="7" slack="0"/>
</pin_list>
<bind>
<opcode="partselect(1002) " fcode="partselect"/>
<opset="lshr_ln1/2 "/>
</bind>
</comp>

<comp id="368" class="1004" name="add_ln161_fu_368">
<pin_list>
<pin id="369" dir="0" index="0" bw="7" slack="0"/>
<pin id="370" dir="0" index="1" bw="7" slack="0"/>
<pin id="371" dir="1" index="2" bw="7" slack="2"/>
</pin_list>
<bind>
<opcode="add(8) " fcode="add"/>
<opset="add_ln161/2 "/>
</bind>
</comp>

<comp id="374" class="1004" name="add_ln158_fu_374">
<pin_list>
<pin id="375" dir="0" index="0" bw="31" slack="0"/>
<pin id="376" dir="0" index="1" bw="1" slack="0"/>
<pin id="377" dir="1" index="2" bw="31" slack="0"/>
</pin_list>
<bind>
<opcode="add(8) " fcode="add"/>
<opset="add_ln158/2 "/>
</bind>
</comp>

<comp id="380" class="1004" name="store_ln156_store_fu_380">
<pin_list>
<pin id="381" dir="0" index="0" bw="64" slack="0"/>
<pin id="382" dir="0" index="1" bw="64" slack="1"/>
<pin id="383" dir="1" index="2" bw="0" slack="2147483647"/>
</pin_list>
<bind>
<opcode="store(28) " fcode="store"/>
<opset="store_ln156/2 "/>
</bind>
</comp>

<comp id="385" class="1004" name="store_ln156_store_fu_385">
<pin_list>
<pin id="386" dir="0" index="0" bw="31" slack="0"/>
<pin id="387" dir="0" index="1" bw="31" slack="1"/>
<pin id="388" dir="1" index="2" bw="0" slack="2147483647"/>
</pin_list>
<bind>
<opcode="store(28) " fcode="store"/>
<opset="store_ln156/2 "/>
</bind>
</comp>

<comp id="390" class="1004" name="store_ln158_store_fu_390">
<pin_list>
<pin id="391" dir="0" index="0" bw="31" slack="0"/>
<pin id="392" dir="0" index="1" bw="31" slack="1"/>
<pin id="393" dir="1" index="2" bw="0" slack="2147483647"/>
</pin_list>
<bind>
<opcode="store(28) " fcode="store"/>
<opset="store_ln158/2 "/>
</bind>
</comp>

<comp id="395" class="1004" name="zext_ln161_fu_395">
<pin_list>
<pin id="396" dir="0" index="0" bw="7" slack="2"/>
<pin id="397" dir="1" index="1" bw="64" slack="0"/>
</pin_list>
<bind>
<opcode="zext(34) " fcode="zext"/>
<opset="zext_ln161/4 "/>
</bind>
</comp>

<comp id="406" class="1005" name="j_1_reg_406">
<pin_list>
<pin id="407" dir="0" index="0" bw="31" slack="0"/>
<pin id="408" dir="1" index="1" bw="31" slack="0"/>
</pin_list>
<bind>
<opset="j_1 "/>
</bind>
</comp>

<comp id="413" class="1005" name="i_reg_413">
<pin_list>
<pin id="414" dir="0" index="0" bw="31" slack="0"/>
<pin id="415" dir="1" index="1" bw="31" slack="0"/>
</pin_list>
<bind>
<opset="i "/>
</bind>
</comp>

<comp id="420" class="1005" name="indvar_flatten9_reg_420">
<pin_list>
<pin id="421" dir="0" index="0" bw="64" slack="0"/>
<pin id="422" dir="1" index="1" bw="64" slack="0"/>
</pin_list>
<bind>
<opset="indvar_flatten9 "/>
</bind>
</comp>

<comp id="427" class="1005" name="b_read_reg_427">
<pin_list>
<pin id="428" dir="0" index="0" bw="64" slack="1"/>
<pin id="429" dir="1" index="1" bw="64" slack="1"/>
</pin_list>
<bind>
<opset="b_read "/>
</bind>
</comp>

<comp id="432" class="1005" name="mul_ln145_1_read_reg_432">
<pin_list>
<pin id="433" dir="0" index="0" bw="64" slack="1"/>
<pin id="434" dir="1" index="1" bw="64" slack="1"/>
</pin_list>
<bind>
<opset="mul_ln145_1_read "/>
</bind>
</comp>

<comp id="437" class="1005" name="b_col_read_reg_437">
<pin_list>
<pin id="438" dir="0" index="0" bw="32" slack="1"/>
<pin id="439" dir="1" index="1" bw="32" slack="1"/>
</pin_list>
<bind>
<opset="b_col_read "/>
</bind>
</comp>

<comp id="442" class="1005" name="icmp_ln156_reg_442">
<pin_list>
<pin id="443" dir="0" index="0" bw="1" slack="1"/>
<pin id="444" dir="1" index="1" bw="1" slack="2147483647"/>
</pin_list>
<bind>
<opset="icmp_ln156 "/>
</bind>
</comp>

<comp id="446" class="1005" name="gmem1_addr_reg_446">
<pin_list>
<pin id="447" dir="0" index="0" bw="8" slack="1"/>
<pin id="448" dir="1" index="1" bw="8" slack="1"/>
</pin_list>
<bind>
<opset="gmem1_addr "/>
</bind>
</comp>

<comp id="451" class="1005" name="trunc_ln158_reg_451">
<pin_list>
<pin id="452" dir="0" index="0" bw="3" slack="2"/>
<pin id="453" dir="1" index="1" bw="3" slack="2147483647"/>
</pin_list>
<bind>
<opset="trunc_ln158 "/>
</bind>
</comp>

<comp id="455" class="1005" name="add_ln161_reg_455">
<pin_list>
<pin id="456" dir="0" index="0" bw="7" slack="2"/>
<pin id="457" dir="1" index="1" bw="7" slack="2"/>
</pin_list>
<bind>
<opset="add_ln161 "/>
</bind>
</comp>

<comp id="460" class="1005" name="gmem1_addr_read_reg_460">
<pin_list>
<pin id="461" dir="0" index="0" bw="8" slack="1"/>
<pin id="462" dir="1" index="1" bw="8" slack="1"/>
</pin_list>
<bind>
<opset="gmem1_addr_read "/>
</bind>
</comp>

</comp_list>

<net_list>
<net id="103"><net_src comp="24" pin="0"/><net_sink comp="100" pin=0"/></net>

<net id="107"><net_src comp="24" pin="0"/><net_sink comp="104" pin=0"/></net>

<net id="111"><net_src comp="24" pin="0"/><net_sink comp="108" pin=0"/></net>

<net id="116"><net_src comp="50" pin="0"/><net_sink comp="112" pin=0"/></net>

<net id="117"><net_src comp="6" pin="0"/><net_sink comp="112" pin=1"/></net>

<net id="122"><net_src comp="50" pin="0"/><net_sink comp="118" pin=0"/></net>

<net id="123"><net_src comp="4" pin="0"/><net_sink comp="118" pin=1"/></net>

<net id="128"><net_src comp="52" pin="0"/><net_sink comp="124" pin=0"/></net>

<net id="129"><net_src comp="2" pin="0"/><net_sink comp="124" pin=1"/></net>

<net id="134"><net_src comp="88" pin="0"/><net_sink comp="130" pin=0"/></net>

<net id="140"><net_src comp="8" pin="0"/><net_sink comp="135" pin=0"/></net>

<net id="141"><net_src comp="54" pin="0"/><net_sink comp="135" pin=1"/></net>

<net id="147"><net_src comp="10" pin="0"/><net_sink comp="142" pin=0"/></net>

<net id="148"><net_src comp="54" pin="0"/><net_sink comp="142" pin=1"/></net>

<net id="154"><net_src comp="12" pin="0"/><net_sink comp="149" pin=0"/></net>

<net id="155"><net_src comp="54" pin="0"/><net_sink comp="149" pin=1"/></net>

<net id="161"><net_src comp="14" pin="0"/><net_sink comp="156" pin=0"/></net>

<net id="162"><net_src comp="54" pin="0"/><net_sink comp="156" pin=1"/></net>

<net id="168"><net_src comp="16" pin="0"/><net_sink comp="163" pin=0"/></net>

<net id="169"><net_src comp="54" pin="0"/><net_sink comp="163" pin=1"/></net>

<net id="175"><net_src comp="18" pin="0"/><net_sink comp="170" pin=0"/></net>

<net id="176"><net_src comp="54" pin="0"/><net_sink comp="170" pin=1"/></net>

<net id="182"><net_src comp="20" pin="0"/><net_sink comp="177" pin=0"/></net>

<net id="183"><net_src comp="54" pin="0"/><net_sink comp="177" pin=1"/></net>

<net id="189"><net_src comp="22" pin="0"/><net_sink comp="184" pin=0"/></net>

<net id="190"><net_src comp="54" pin="0"/><net_sink comp="184" pin=1"/></net>

<net id="200"><net_src comp="177" pin="3"/><net_sink comp="191" pin=2"/></net>

<net id="210"><net_src comp="170" pin="3"/><net_sink comp="201" pin=2"/></net>

<net id="220"><net_src comp="163" pin="3"/><net_sink comp="211" pin=2"/></net>

<net id="230"><net_src comp="156" pin="3"/><net_sink comp="221" pin=2"/></net>

<net id="240"><net_src comp="149" pin="3"/><net_sink comp="231" pin=2"/></net>

<net id="250"><net_src comp="142" pin="3"/><net_sink comp="241" pin=2"/></net>

<net id="260"><net_src comp="135" pin="3"/><net_sink comp="251" pin=2"/></net>

<net id="270"><net_src comp="184" pin="3"/><net_sink comp="261" pin=2"/></net>

<net id="275"><net_src comp="54" pin="0"/><net_sink comp="271" pin=0"/></net>

<net id="280"><net_src comp="56" pin="0"/><net_sink comp="276" pin=0"/></net>

<net id="285"><net_src comp="56" pin="0"/><net_sink comp="281" pin=0"/></net>

<net id="295"><net_src comp="286" pin="1"/><net_sink comp="292" pin=0"/></net>

<net id="300"><net_src comp="292" pin="1"/><net_sink comp="296" pin=0"/></net>

<net id="305"><net_src comp="289" pin="1"/><net_sink comp="301" pin=0"/></net>

<net id="310"><net_src comp="289" pin="1"/><net_sink comp="306" pin=0"/></net>

<net id="311"><net_src comp="60" pin="0"/><net_sink comp="306" pin=1"/></net>

<net id="319"><net_src comp="0" pin="0"/><net_sink comp="315" pin=0"/></net>

<net id="324"><net_src comp="312" pin="1"/><net_sink comp="320" pin=0"/></net>

<net id="325"><net_src comp="62" pin="0"/><net_sink comp="320" pin=1"/></net>

<net id="331"><net_src comp="296" pin="2"/><net_sink comp="326" pin=0"/></net>

<net id="332"><net_src comp="286" pin="1"/><net_sink comp="326" pin=1"/></net>

<net id="333"><net_src comp="56" pin="0"/><net_sink comp="326" pin=2"/></net>

<net id="339"><net_src comp="296" pin="2"/><net_sink comp="334" pin=0"/></net>

<net id="340"><net_src comp="312" pin="1"/><net_sink comp="334" pin=1"/></net>

<net id="341"><net_src comp="320" pin="2"/><net_sink comp="334" pin=2"/></net>

<net id="345"><net_src comp="334" pin="3"/><net_sink comp="342" pin=0"/></net>

<net id="351"><net_src comp="64" pin="0"/><net_sink comp="346" pin=0"/></net>

<net id="352"><net_src comp="342" pin="1"/><net_sink comp="346" pin=1"/></net>

<net id="353"><net_src comp="66" pin="0"/><net_sink comp="346" pin=2"/></net>

<net id="357"><net_src comp="326" pin="3"/><net_sink comp="354" pin=0"/></net>

<net id="364"><net_src comp="68" pin="0"/><net_sink comp="358" pin=0"/></net>

<net id="365"><net_src comp="326" pin="3"/><net_sink comp="358" pin=1"/></net>

<net id="366"><net_src comp="70" pin="0"/><net_sink comp="358" pin=2"/></net>

<net id="367"><net_src comp="72" pin="0"/><net_sink comp="358" pin=3"/></net>

<net id="372"><net_src comp="346" pin="3"/><net_sink comp="368" pin=0"/></net>

<net id="373"><net_src comp="358" pin="4"/><net_sink comp="368" pin=1"/></net>

<net id="378"><net_src comp="326" pin="3"/><net_sink comp="374" pin=0"/></net>

<net id="379"><net_src comp="62" pin="0"/><net_sink comp="374" pin=1"/></net>

<net id="384"><net_src comp="306" pin="2"/><net_sink comp="380" pin=0"/></net>

<net id="389"><net_src comp="334" pin="3"/><net_sink comp="385" pin=0"/></net>

<net id="394"><net_src comp="374" pin="2"/><net_sink comp="390" pin=0"/></net>

<net id="398"><net_src comp="395" pin="1"/><net_sink comp="135" pin=2"/></net>

<net id="399"><net_src comp="395" pin="1"/><net_sink comp="142" pin=2"/></net>

<net id="400"><net_src comp="395" pin="1"/><net_sink comp="149" pin=2"/></net>

<net id="401"><net_src comp="395" pin="1"/><net_sink comp="156" pin=2"/></net>

<net id="402"><net_src comp="395" pin="1"/><net_sink comp="163" pin=2"/></net>

<net id="403"><net_src comp="395" pin="1"/><net_sink comp="170" pin=2"/></net>

<net id="404"><net_src comp="395" pin="1"/><net_sink comp="177" pin=2"/></net>

<net id="405"><net_src comp="395" pin="1"/><net_sink comp="184" pin=2"/></net>

<net id="409"><net_src comp="100" pin="1"/><net_sink comp="406" pin=0"/></net>

<net id="410"><net_src comp="406" pin="1"/><net_sink comp="281" pin=1"/></net>

<net id="411"><net_src comp="406" pin="1"/><net_sink comp="286" pin=0"/></net>

<net id="412"><net_src comp="406" pin="1"/><net_sink comp="390" pin=1"/></net>

<net id="416"><net_src comp="104" pin="1"/><net_sink comp="413" pin=0"/></net>

<net id="417"><net_src comp="413" pin="1"/><net_sink comp="276" pin=1"/></net>

<net id="418"><net_src comp="413" pin="1"/><net_sink comp="312" pin=0"/></net>

<net id="419"><net_src comp="413" pin="1"/><net_sink comp="385" pin=1"/></net>

<net id="423"><net_src comp="108" pin="1"/><net_sink comp="420" pin=0"/></net>

<net id="424"><net_src comp="420" pin="1"/><net_sink comp="271" pin=1"/></net>

<net id="425"><net_src comp="420" pin="1"/><net_sink comp="289" pin=0"/></net>

<net id="426"><net_src comp="420" pin="1"/><net_sink comp="380" pin=1"/></net>

<net id="430"><net_src comp="112" pin="2"/><net_sink comp="427" pin=0"/></net>

<net id="431"><net_src comp="427" pin="1"/><net_sink comp="315" pin=1"/></net>

<net id="435"><net_src comp="118" pin="2"/><net_sink comp="432" pin=0"/></net>

<net id="436"><net_src comp="432" pin="1"/><net_sink comp="301" pin=1"/></net>

<net id="440"><net_src comp="124" pin="2"/><net_sink comp="437" pin=0"/></net>

<net id="441"><net_src comp="437" pin="1"/><net_sink comp="296" pin=1"/></net>

<net id="445"><net_src comp="301" pin="2"/><net_sink comp="442" pin=0"/></net>

<net id="449"><net_src comp="315" pin="2"/><net_sink comp="446" pin=0"/></net>

<net id="450"><net_src comp="446" pin="1"/><net_sink comp="130" pin=1"/></net>

<net id="454"><net_src comp="354" pin="1"/><net_sink comp="451" pin=0"/></net>

<net id="458"><net_src comp="368" pin="2"/><net_sink comp="455" pin=0"/></net>

<net id="459"><net_src comp="455" pin="1"/><net_sink comp="395" pin=0"/></net>

<net id="463"><net_src comp="130" pin="2"/><net_sink comp="460" pin=0"/></net>

<net id="464"><net_src comp="460" pin="1"/><net_sink comp="191" pin=4"/></net>

<net id="465"><net_src comp="460" pin="1"/><net_sink comp="201" pin=4"/></net>

<net id="466"><net_src comp="460" pin="1"/><net_sink comp="211" pin=4"/></net>

<net id="467"><net_src comp="460" pin="1"/><net_sink comp="221" pin=4"/></net>

<net id="468"><net_src comp="460" pin="1"/><net_sink comp="231" pin=4"/></net>

<net id="469"><net_src comp="460" pin="1"/><net_sink comp="241" pin=4"/></net>

<net id="470"><net_src comp="460" pin="1"/><net_sink comp="251" pin=4"/></net>

<net id="471"><net_src comp="460" pin="1"/><net_sink comp="261" pin=4"/></net>

</net_list>

</model> 
---------------- Datapath Model END ------------------

* FSMD analyzer results:
  - Output states:
	Port: localB | {4 }
	Port: localB_1 | {4 }
	Port: localB_2 | {4 }
	Port: localB_3 | {4 }
	Port: localB_4 | {4 }
	Port: localB_5 | {4 }
	Port: localB_6 | {4 }
	Port: localB_7 | {4 }
 - Input state : 
	Port: mmult_Pipeline_readB_VITIS_LOOP_158_2 : gmem1 | {3 }
	Port: mmult_Pipeline_readB_VITIS_LOOP_158_2 : b_col | {1 }
	Port: mmult_Pipeline_readB_VITIS_LOOP_158_2 : mul_ln145_1 | {1 }
	Port: mmult_Pipeline_readB_VITIS_LOOP_158_2 : b | {1 }
  - Chain level:
	State 1
		store_ln0 : 1
		store_ln156 : 1
		store_ln158 : 1
	State 2
		zext_ln158 : 1
		icmp_ln158 : 2
		icmp_ln156 : 1
		add_ln156_1 : 1
		br_ln156 : 2
		add_ln156 : 1
		select_ln156 : 3
		select_ln156_1 : 3
		trunc_ln161 : 4
		tmp_s : 5
		trunc_ln158 : 4
		lshr_ln1 : 4
		add_ln161 : 6
		switch_ln161 : 5
		add_ln158 : 4
		store_ln156 : 2
		store_ln156 : 4
		store_ln158 : 5
	State 3
	State 4
		localB_addr : 1
		localB_1_addr : 1
		localB_2_addr : 1
		localB_3_addr : 1
		localB_4_addr : 1
		localB_5_addr : 1
		localB_6_addr : 1
		localB_7_addr : 1
		store_ln161 : 2
		store_ln161 : 2
		store_ln161 : 2
		store_ln161 : 2
		store_ln161 : 2
		store_ln161 : 2
		store_ln161 : 2
		store_ln161 : 2


============================================================
+ Verbose Summary: Datapath Resource usage 
============================================================

* Functional unit list:
|----------|------------------------------|---------|---------|
| Operation|        Functional Unit       |    FF   |   LUT   |
|----------|------------------------------|---------|---------|
|          |      add_ln156_1_fu_306      |    0    |    71   |
|    add   |       add_ln156_fu_320       |    0    |    38   |
|          |       add_ln161_fu_368       |    0    |    14   |
|          |       add_ln158_fu_374       |    0    |    38   |
|----------|------------------------------|---------|---------|
|   icmp   |       icmp_ln158_fu_296      |    0    |    39   |
|          |       icmp_ln156_fu_301      |    0    |    71   |
|----------|------------------------------|---------|---------|
|  select  |      select_ln156_fu_326     |    0    |    31   |
|          |     select_ln156_1_fu_334    |    0    |    31   |
|----------|------------------------------|---------|---------|
|          |      b_read_read_fu_112      |    0    |    0    |
|   read   | mul_ln145_1_read_read_fu_118 |    0    |    0    |
|          |    b_col_read_read_fu_124    |    0    |    0    |
|          |  gmem1_addr_read_read_fu_130 |    0    |    0    |
|----------|------------------------------|---------|---------|
|   zext   |       zext_ln158_fu_292      |    0    |    0    |
|          |       zext_ln161_fu_395      |    0    |    0    |
|----------|------------------------------|---------|---------|
|   trunc  |      trunc_ln161_fu_342      |    0    |    0    |
|          |      trunc_ln158_fu_354      |    0    |    0    |
|----------|------------------------------|---------|---------|
|bitconcatenate|         tmp_s_fu_346         |    0    |    0    |
|----------|------------------------------|---------|---------|
|partselect|        lshr_ln1_fu_358       |    0    |    0    |
|----------|------------------------------|---------|---------|
|   Total  |                              |    0    |   333   |
|----------|------------------------------|---------|---------|

Memories:
N/A

* Register list:
+------------------------+--------+
|                        |   FF   |
+------------------------+--------+
|    add_ln161_reg_455   |    7   |
|   b_col_read_reg_437   |   32   |
|     b_read_reg_427     |   64   |
| gmem1_addr_read_reg_460|    8   |
|   gmem1_addr_reg_446   |    8   |
|        i_reg_413       |   31   |
|   icmp_ln156_reg_442   |    1   |
| indvar_flatten9_reg_420|   64   |
|       j_1_reg_406      |   31   |
|mul_ln145_1_read_reg_432|   64   |
|   trunc_ln158_reg_451  |    3   |
+------------------------+--------+
|          Total         |   313  |
+------------------------+--------+

* Multiplexer (MUX) list: 
|--------|------|------|------|--------|
|  Comp  |  Pin | Size |  BW  | S x BW |
|--------|------|------|------|--------|
|  Total |      |      |      |    0   |
|--------|------|------|------|--------|



* Summary:
+-----------+--------+--------+
|           |   FF   |   LUT  |
+-----------+--------+--------+
|  Function |    0   |   333  |
|   Memory  |    -   |    -   |
|Multiplexer|    -   |    -   |
|  Register |   313  |    -   |
+-----------+--------+--------+
|   Total   |   313  |   333  |
+-----------+--------+--------+
