

================================================================
== Vitis HLS Report for 'mmult_Pipeline_readA_VITIS_LOOP_147_1'
================================================================
* Date:           Fri Jun  5 01:38:51 2026

* Version:        2023.2 (Build 4023990 on Oct 11 2023)
* Project:        hls_prj
* Solution:       s1 (Vivado IP Flow Target)
* Product family: zynquplus
* Target device:  xck26-sfvc784-2LV-c


================================================================
== Performance Estimates
================================================================
+ Timing: 
    * Summary: 
    +--------+---------+----------+------------+
    |  Clock |  Target | Estimated| Uncertainty|
    +--------+---------+----------+------------+
    |ap_clk  |  3.30 ns|  2.601 ns|     0.89 ns|
    +--------+---------+----------+------------+

+ Latency: 
    * Summary: 
    +---------+---------+----------+----------+------+------+---------+
    |  Latency (cycles) |  Latency (absolute) |   Interval  | Pipeline|
    |   min   |   max   |    min   |    max   |  min |  max |   Type  |
    +---------+---------+----------+----------+------+------+---------+
    |     1027|     1027|  3.389 us|  3.389 us|  1027|  1027|       no|
    +---------+---------+----------+----------+------+------+---------+

    + Detail: 
        * Instance: 
        N/A

        * Loop: 
        +--------------------------+---------+---------+----------+-----------+-----------+------+----------+
        |                          |  Latency (cycles) | Iteration|  Initiation Interval  | Trip |          |
        |         Loop Name        |   min   |   max   |  Latency |  achieved |   target  | Count| Pipelined|
        +--------------------------+---------+---------+----------+-----------+-----------+------+----------+
        |- readA_VITIS_LOOP_147_1  |     1025|     1025|         3|          1|          1|  1024|       yes|
        +--------------------------+---------+---------+----------+-----------+-----------+------+----------+



================================================================
== Utilization Estimates
================================================================
* Summary: 
+-----------------+---------+------+--------+--------+-----+
|       Name      | BRAM_18K|  DSP |   FF   |   LUT  | URAM|
+-----------------+---------+------+--------+--------+-----+
|DSP              |        -|     -|       -|       -|    -|
|Expression       |        -|     -|       0|     291|    -|
|FIFO             |        -|     -|       -|       -|    -|
|Instance         |        -|     -|       -|       -|    -|
|Memory           |        -|     -|       -|       -|    -|
|Multiplexer      |        -|     -|       -|      63|    -|
|Register         |        -|     -|     137|       -|    -|
+-----------------+---------+------+--------+--------+-----+
|Total            |        0|     0|     137|     354|    0|
+-----------------+---------+------+--------+--------+-----+
|Available        |      288|  1248|  234240|  117120|   64|
+-----------------+---------+------+--------+--------+-----+
|Utilization (%)  |        0|     0|      ~0|      ~0|    0|
+-----------------+---------+------+--------+--------+-----+

+ Detail: 
    * Instance: 
    N/A

    * DSP: 
    N/A

    * Memory: 
    N/A

    * FIFO: 
    N/A

    * Expression: 
    +---------------------------+----------+----+---+----+------------+------------+
    |       Variable Name       | Operation| DSP| FF| LUT| Bitwidth P0| Bitwidth P1|
    +---------------------------+----------+----+---+----+------------+------------+
    |add_ln145_1_fu_310_p2      |         +|   0|  0|  71|          64|           1|
    |add_ln145_fu_324_p2        |         +|   0|  0|  38|          31|           1|
    |add_ln147_fu_378_p2        |         +|   0|  0|  15|           8|           1|
    |add_ln150_fu_372_p2        |         +|   0|  0|  14|           7|           7|
    |ap_block_pp0_stage0_11001  |       and|   0|  0|   2|           1|           1|
    |icmp_ln145_fu_305_p2       |      icmp|   0|  0|  71|          64|          64|
    |icmp_ln147_fu_300_p2       |      icmp|   0|  0|  39|          32|          32|
    |select_ln145_1_fu_338_p3   |    select|   0|  0|  31|           1|          31|
    |select_ln145_fu_330_p3     |    select|   0|  0|   8|           1|           8|
    |ap_enable_pp0              |       xor|   0|  0|   2|           1|           2|
    +---------------------------+----------+----+---+----+------------+------------+
    |Total                      |          |   0|  0| 291|         210|         148|
    +---------------------------+----------+----+---+----+------------+------------+

    * Multiplexer: 
    +-------------------------+----+-----------+-----+-----------+
    |           Name          | LUT| Input Size| Bits| Total Bits|
    +-------------------------+----+-----------+-----+-----------+
    |ap_done_int              |   9|          2|    1|          2|
    |ap_enable_reg_pp0_iter1  |   9|          2|    1|          2|
    |ap_enable_reg_pp0_iter2  |   9|          2|    1|          2|
    |gmem0_blk_n_R            |   9|          2|    1|          2|
    |i_fu_108                 |   9|          2|   31|         62|
    |indvar_flatten_fu_112    |   9|          2|   64|        128|
    |j_fu_104                 |   9|          2|    8|         16|
    +-------------------------+----+-----------+-----+-----------+
    |Total                    |  63|         14|  107|        214|
    +-------------------------+----+-----------+-----+-----------+

    * Register: 
    +-----------------------------------+----+----+-----+-----------+
    |                Name               | FF | LUT| Bits| Const Bits|
    +-----------------------------------+----+----+-----+-----------+
    |add_ln150_reg_459                  |   7|   0|    7|          0|
    |add_ln150_reg_459_pp0_iter2_reg    |   7|   0|    7|          0|
    |ap_CS_fsm                          |   1|   0|    1|          0|
    |ap_done_reg                        |   1|   0|    1|          0|
    |ap_enable_reg_pp0_iter1            |   1|   0|    1|          0|
    |ap_enable_reg_pp0_iter2            |   1|   0|    1|          0|
    |ap_enable_reg_pp0_iter3            |   1|   0|    1|          0|
    |ap_loop_exit_ready_pp0_iter2_reg   |   1|   0|    1|          0|
    |gmem0_addr_read_reg_464            |   8|   0|    8|          0|
    |i_fu_108                           |  31|   0|   31|          0|
    |indvar_flatten_fu_112              |  64|   0|   64|          0|
    |j_fu_104                           |   8|   0|    8|          0|
    |trunc_ln145_reg_455                |   3|   0|    3|          0|
    |trunc_ln145_reg_455_pp0_iter2_reg  |   3|   0|    3|          0|
    +-----------------------------------+----+----+-----+-----------+
    |Total                              | 137|   0|  137|          0|
    +-----------------------------------+----+----+-----+-----------+



================================================================
== Interface
================================================================
* Summary: 
+----------------------+-----+-----+------------+---------------------------------------+--------------+
|       RTL Ports      | Dir | Bits|  Protocol  |             Source Object             |    C Type    |
+----------------------+-----+-----+------------+---------------------------------------+--------------+
|ap_clk                |   in|    1|  ap_ctrl_hs|  mmult_Pipeline_readA_VITIS_LOOP_147_1|  return value|
|ap_rst                |   in|    1|  ap_ctrl_hs|  mmult_Pipeline_readA_VITIS_LOOP_147_1|  return value|
|ap_start              |   in|    1|  ap_ctrl_hs|  mmult_Pipeline_readA_VITIS_LOOP_147_1|  return value|
|ap_done               |  out|    1|  ap_ctrl_hs|  mmult_Pipeline_readA_VITIS_LOOP_147_1|  return value|
|ap_idle               |  out|    1|  ap_ctrl_hs|  mmult_Pipeline_readA_VITIS_LOOP_147_1|  return value|
|ap_ready              |  out|    1|  ap_ctrl_hs|  mmult_Pipeline_readA_VITIS_LOOP_147_1|  return value|
|m_axi_gmem0_AWVALID   |  out|    1|       m_axi|                                  gmem0|       pointer|
|m_axi_gmem0_AWREADY   |   in|    1|       m_axi|                                  gmem0|       pointer|
|m_axi_gmem0_AWADDR    |  out|   64|       m_axi|                                  gmem0|       pointer|
|m_axi_gmem0_AWID      |  out|    1|       m_axi|                                  gmem0|       pointer|
|m_axi_gmem0_AWLEN     |  out|   32|       m_axi|                                  gmem0|       pointer|
|m_axi_gmem0_AWSIZE    |  out|    3|       m_axi|                                  gmem0|       pointer|
|m_axi_gmem0_AWBURST   |  out|    2|       m_axi|                                  gmem0|       pointer|
|m_axi_gmem0_AWLOCK    |  out|    2|       m_axi|                                  gmem0|       pointer|
|m_axi_gmem0_AWCACHE   |  out|    4|       m_axi|                                  gmem0|       pointer|
|m_axi_gmem0_AWPROT    |  out|    3|       m_axi|                                  gmem0|       pointer|
|m_axi_gmem0_AWQOS     |  out|    4|       m_axi|                                  gmem0|       pointer|
|m_axi_gmem0_AWREGION  |  out|    4|       m_axi|                                  gmem0|       pointer|
|m_axi_gmem0_AWUSER    |  out|    1|       m_axi|                                  gmem0|       pointer|
|m_axi_gmem0_WVALID    |  out|    1|       m_axi|                                  gmem0|       pointer|
|m_axi_gmem0_WREADY    |   in|    1|       m_axi|                                  gmem0|       pointer|
|m_axi_gmem0_WDATA     |  out|    8|       m_axi|                                  gmem0|       pointer|
|m_axi_gmem0_WSTRB     |  out|    1|       m_axi|                                  gmem0|       pointer|
|m_axi_gmem0_WLAST     |  out|    1|       m_axi|                                  gmem0|       pointer|
|m_axi_gmem0_WID       |  out|    1|       m_axi|                                  gmem0|       pointer|
|m_axi_gmem0_WUSER     |  out|    1|       m_axi|                                  gmem0|       pointer|
|m_axi_gmem0_ARVALID   |  out|    1|       m_axi|                                  gmem0|       pointer|
|m_axi_gmem0_ARREADY   |   in|    1|       m_axi|                                  gmem0|       pointer|
|m_axi_gmem0_ARADDR    |  out|   64|       m_axi|                                  gmem0|       pointer|
|m_axi_gmem0_ARID      |  out|    1|       m_axi|                                  gmem0|       pointer|
|m_axi_gmem0_ARLEN     |  out|   32|       m_axi|                                  gmem0|       pointer|
|m_axi_gmem0_ARSIZE    |  out|    3|       m_axi|                                  gmem0|       pointer|
|m_axi_gmem0_ARBURST   |  out|    2|       m_axi|                                  gmem0|       pointer|
|m_axi_gmem0_ARLOCK    |  out|    2|       m_axi|                                  gmem0|       pointer|
|m_axi_gmem0_ARCACHE   |  out|    4|       m_axi|                                  gmem0|       pointer|
|m_axi_gmem0_ARPROT    |  out|    3|       m_axi|                                  gmem0|       pointer|
|m_axi_gmem0_ARQOS     |  out|    4|       m_axi|                                  gmem0|       pointer|
|m_axi_gmem0_ARREGION  |  out|    4|       m_axi|                                  gmem0|       pointer|
|m_axi_gmem0_ARUSER    |  out|    1|       m_axi|                                  gmem0|       pointer|
|m_axi_gmem0_RVALID    |   in|    1|       m_axi|                                  gmem0|       pointer|
|m_axi_gmem0_RREADY    |  out|    1|       m_axi|                                  gmem0|       pointer|
|m_axi_gmem0_RDATA     |   in|    8|       m_axi|                                  gmem0|       pointer|
|m_axi_gmem0_RLAST     |   in|    1|       m_axi|                                  gmem0|       pointer|
|m_axi_gmem0_RID       |   in|    1|       m_axi|                                  gmem0|       pointer|
|m_axi_gmem0_RFIFONUM  |   in|   11|       m_axi|                                  gmem0|       pointer|
|m_axi_gmem0_RUSER     |   in|    1|       m_axi|                                  gmem0|       pointer|
|m_axi_gmem0_RRESP     |   in|    2|       m_axi|                                  gmem0|       pointer|
|m_axi_gmem0_BVALID    |   in|    1|       m_axi|                                  gmem0|       pointer|
|m_axi_gmem0_BREADY    |  out|    1|       m_axi|                                  gmem0|       pointer|
|m_axi_gmem0_BRESP     |   in|    2|       m_axi|                                  gmem0|       pointer|
|m_axi_gmem0_BID       |   in|    1|       m_axi|                                  gmem0|       pointer|
|m_axi_gmem0_BUSER     |   in|    1|       m_axi|                                  gmem0|       pointer|
|a_col                 |   in|   32|     ap_none|                                  a_col|        scalar|
|mul_ln107             |   in|   64|     ap_none|                              mul_ln107|        scalar|
|a                     |   in|   64|     ap_none|                                      a|        scalar|
|localA_address1       |  out|    7|   ap_memory|                                 localA|         array|
|localA_ce1            |  out|    1|   ap_memory|                                 localA|         array|
|localA_we1            |  out|    1|   ap_memory|                                 localA|         array|
|localA_d1             |  out|    8|   ap_memory|                                 localA|         array|
|localA_1_address1     |  out|    7|   ap_memory|                               localA_1|         array|
|localA_1_ce1          |  out|    1|   ap_memory|                               localA_1|         array|
|localA_1_we1          |  out|    1|   ap_memory|                               localA_1|         array|
|localA_1_d1           |  out|    8|   ap_memory|                               localA_1|         array|
|localA_2_address1     |  out|    7|   ap_memory|                               localA_2|         array|
|localA_2_ce1          |  out|    1|   ap_memory|                               localA_2|         array|
|localA_2_we1          |  out|    1|   ap_memory|                               localA_2|         array|
|localA_2_d1           |  out|    8|   ap_memory|                               localA_2|         array|
|localA_3_address1     |  out|    7|   ap_memory|                               localA_3|         array|
|localA_3_ce1          |  out|    1|   ap_memory|                               localA_3|         array|
|localA_3_we1          |  out|    1|   ap_memory|                               localA_3|         array|
|localA_3_d1           |  out|    8|   ap_memory|                               localA_3|         array|
|localA_4_address1     |  out|    7|   ap_memory|                               localA_4|         array|
|localA_4_ce1          |  out|    1|   ap_memory|                               localA_4|         array|
|localA_4_we1          |  out|    1|   ap_memory|                               localA_4|         array|
|localA_4_d1           |  out|    8|   ap_memory|                               localA_4|         array|
|localA_5_address1     |  out|    7|   ap_memory|                               localA_5|         array|
|localA_5_ce1          |  out|    1|   ap_memory|                               localA_5|         array|
|localA_5_we1          |  out|    1|   ap_memory|                               localA_5|         array|
|localA_5_d1           |  out|    8|   ap_memory|                               localA_5|         array|
|localA_6_address1     |  out|    7|   ap_memory|                               localA_6|         array|
|localA_6_ce1          |  out|    1|   ap_memory|                               localA_6|         array|
|localA_6_we1          |  out|    1|   ap_memory|                               localA_6|         array|
|localA_6_d1           |  out|    8|   ap_memory|                               localA_6|         array|
|localA_7_address1     |  out|    7|   ap_memory|                               localA_7|         array|
|localA_7_ce1          |  out|    1|   ap_memory|                               localA_7|         array|
|localA_7_we1          |  out|    1|   ap_memory|                               localA_7|         array|
|localA_7_d1           |  out|    8|   ap_memory|                               localA_7|         array|
+----------------------+-----+-----+------------+---------------------------------------+--------------+

============================================================
+ Verbose Summary: Synthesis Manager
============================================================
InlineROM: 1
ExposeGlobal: 0
============================================================
+ Verbose Summary: CDFG Model
============================================================
IsTopModel: 0
ResetActiveHigh: 1
IsCombinational: 2
IsDatapathOnly: 2
HasWiredReturn: 1
HasMFsm: 2
HasVarLatency: 1
IsPipeline: 0
IsRtlPipelined: 0
IsInstanceOverlapped: 0
IsDontTouch: 0
HasImplIP: 0
IsGatedGlobalClock: 0

+ Individual pipeline summary: 
  * Pipeline-0: initiation interval (II) = 1, depth = 4


============================================================
+ Verbose Summary: Schedule
============================================================
* Number of FSM states : 4
* Pipeline : 1
  Pipeline-0 : II = 1, D = 4, States = { 1 2 3 4 }
* Dataflow Pipeline: 0

* FSM state transitions: 
1 --> 2 
2 --> 3 
3 --> 4 
4 --> 

* FSM state operations: 

State 1 <SV = 0> <Delay = 0.42>
ST_1 : Operation 6 [1/1] (0.00ns)   --->   "%j = alloca i32 1" [mmult.cpp:147]   --->   Operation 6 'alloca' 'j' <Predicate = true> <Delay = 0.00>
ST_1 : Operation 7 [1/1] (0.00ns)   --->   "%i = alloca i32 1" [mmult.cpp:145]   --->   Operation 7 'alloca' 'i' <Predicate = true> <Delay = 0.00>
ST_1 : Operation 8 [1/1] (0.00ns)   --->   "%indvar_flatten = alloca i32 1"   --->   Operation 8 'alloca' 'indvar_flatten' <Predicate = true> <Delay = 0.00>
ST_1 : Operation 9 [1/1] (0.00ns)   --->   "%specmemcore_ln0 = specmemcore void @_ssdm_op_SpecMemCore, i8 %localA, i64 666, i64 23, i64 18446744073709551615"   --->   Operation 9 'specmemcore' 'specmemcore_ln0' <Predicate = true> <Delay = 0.00>
ST_1 : Operation 10 [1/1] (0.00ns)   --->   "%specmemcore_ln0 = specmemcore void @_ssdm_op_SpecMemCore, i8 %localA_1, i64 666, i64 23, i64 18446744073709551615"   --->   Operation 10 'specmemcore' 'specmemcore_ln0' <Predicate = true> <Delay = 0.00>
ST_1 : Operation 11 [1/1] (0.00ns)   --->   "%specmemcore_ln0 = specmemcore void @_ssdm_op_SpecMemCore, i8 %localA_2, i64 666, i64 23, i64 18446744073709551615"   --->   Operation 11 'specmemcore' 'specmemcore_ln0' <Predicate = true> <Delay = 0.00>
ST_1 : Operation 12 [1/1] (0.00ns)   --->   "%specmemcore_ln0 = specmemcore void @_ssdm_op_SpecMemCore, i8 %localA_3, i64 666, i64 23, i64 18446744073709551615"   --->   Operation 12 'specmemcore' 'specmemcore_ln0' <Predicate = true> <Delay = 0.00>
ST_1 : Operation 13 [1/1] (0.00ns)   --->   "%specmemcore_ln0 = specmemcore void @_ssdm_op_SpecMemCore, i8 %localA_4, i64 666, i64 23, i64 18446744073709551615"   --->   Operation 13 'specmemcore' 'specmemcore_ln0' <Predicate = true> <Delay = 0.00>
ST_1 : Operation 14 [1/1] (0.00ns)   --->   "%specmemcore_ln0 = specmemcore void @_ssdm_op_SpecMemCore, i8 %localA_5, i64 666, i64 23, i64 18446744073709551615"   --->   Operation 14 'specmemcore' 'specmemcore_ln0' <Predicate = true> <Delay = 0.00>
ST_1 : Operation 15 [1/1] (0.00ns)   --->   "%specmemcore_ln0 = specmemcore void @_ssdm_op_SpecMemCore, i8 %localA_6, i64 666, i64 23, i64 18446744073709551615"   --->   Operation 15 'specmemcore' 'specmemcore_ln0' <Predicate = true> <Delay = 0.00>
ST_1 : Operation 16 [1/1] (0.00ns)   --->   "%specmemcore_ln0 = specmemcore void @_ssdm_op_SpecMemCore, i8 %localA_7, i64 666, i64 23, i64 18446744073709551615"   --->   Operation 16 'specmemcore' 'specmemcore_ln0' <Predicate = true> <Delay = 0.00>
ST_1 : Operation 17 [1/1] (0.00ns)   --->   "%specinterface_ln0 = specinterface void @_ssdm_op_SpecInterface, i8 %gmem0, void @empty_3, i32 0, i32 0, void @empty_4, i32 0, i32 0, void @empty_5, void @empty_10, void @empty_4, i32 16, i32 16, i32 16, i32 16, void @empty_4, void @empty_4, i32 4294967295, i32 0"   --->   Operation 17 'specinterface' 'specinterface_ln0' <Predicate = true> <Delay = 0.00>
ST_1 : Operation 18 [1/1] (0.00ns)   --->   "%a_read = read i64 @_ssdm_op_Read.ap_auto.i64, i64 %a"   --->   Operation 18 'read' 'a_read' <Predicate = true> <Delay = 0.00>
ST_1 : Operation 19 [1/1] (0.00ns)   --->   "%mul_ln107_read = read i64 @_ssdm_op_Read.ap_auto.i64, i64 %mul_ln107"   --->   Operation 19 'read' 'mul_ln107_read' <Predicate = true> <Delay = 0.00>
ST_1 : Operation 20 [1/1] (0.00ns)   --->   "%a_col_read = read i32 @_ssdm_op_Read.ap_auto.i32, i32 %a_col"   --->   Operation 20 'read' 'a_col_read' <Predicate = true> <Delay = 0.00>
ST_1 : Operation 21 [1/1] (0.42ns)   --->   "%store_ln0 = store i64 0, i64 %indvar_flatten"   --->   Operation 21 'store' 'store_ln0' <Predicate = true> <Delay = 0.42>
ST_1 : Operation 22 [1/1] (0.42ns)   --->   "%store_ln145 = store i31 0, i31 %i" [mmult.cpp:145]   --->   Operation 22 'store' 'store_ln145' <Predicate = true> <Delay = 0.42>
ST_1 : Operation 23 [1/1] (0.42ns)   --->   "%store_ln147 = store i8 0, i8 %j" [mmult.cpp:147]   --->   Operation 23 'store' 'store_ln147' <Predicate = true> <Delay = 0.42>
ST_1 : Operation 24 [1/1] (0.00ns)   --->   "%br_ln0 = br void %for.inc"   --->   Operation 24 'br' 'br_ln0' <Predicate = true> <Delay = 0.00>

State 2 <SV = 1> <Delay = 2.60>
ST_2 : Operation 25 [1/1] (0.00ns)   --->   "%j_2 = load i8 %j" [mmult.cpp:147]   --->   Operation 25 'load' 'j_2' <Predicate = true> <Delay = 0.00>
ST_2 : Operation 26 [1/1] (0.00ns)   --->   "%indvar_flatten_load = load i64 %indvar_flatten" [mmult.cpp:145]   --->   Operation 26 'load' 'indvar_flatten_load' <Predicate = true> <Delay = 0.00>
ST_2 : Operation 27 [1/1] (0.00ns)   --->   "%specbitsmap_ln0 = specbitsmap void @_ssdm_op_SpecBitsMap, i8 %gmem0"   --->   Operation 27 'specbitsmap' 'specbitsmap_ln0' <Predicate = true> <Delay = 0.00>
ST_2 : Operation 28 [1/1] (0.00ns)   --->   "%zext_ln147 = zext i8 %j_2" [mmult.cpp:147]   --->   Operation 28 'zext' 'zext_ln147' <Predicate = true> <Delay = 0.00>
ST_2 : Operation 29 [1/1] (1.01ns)   --->   "%icmp_ln147 = icmp_slt  i32 %zext_ln147, i32 %a_col_read" [mmult.cpp:147]   --->   Operation 29 'icmp' 'icmp_ln147' <Predicate = true> <Delay = 1.01> <CoreInst = "Cmp">   --->   Core 9 'Cmp' <Latency = 0> <II = 1> <Delay = 1.01> <FuncUnit> <Opcode : 'icmp'> <InPorts = 2> <OutPorts = 1>
ST_2 : Operation 30 [1/1] (1.08ns)   --->   "%icmp_ln145 = icmp_eq  i64 %indvar_flatten_load, i64 %mul_ln107_read" [mmult.cpp:145]   --->   Operation 30 'icmp' 'icmp_ln145' <Predicate = true> <Delay = 1.08> <CoreInst = "Cmp">   --->   Core 9 'Cmp' <Latency = 0> <II = 1> <Delay = 1.08> <FuncUnit> <Opcode : 'icmp'> <InPorts = 2> <OutPorts = 1>
ST_2 : Operation 31 [1/1] (1.08ns)   --->   "%add_ln145_1 = add i64 %indvar_flatten_load, i64 1" [mmult.cpp:145]   --->   Operation 31 'add' 'add_ln145_1' <Predicate = true> <Delay = 1.08> <CoreInst = "Adder">   --->   Core 1 'Adder' <Latency = 0> <II = 1> <Delay = 1.08> <FuncUnit> <Opcode : 'add' 'sub'> <InPorts = 2> <OutPorts = 1>
ST_2 : Operation 32 [1/1] (0.00ns)   --->   "%br_ln145 = br i1 %icmp_ln145, void %for.inc9.loopexit, void %readB.loopexit.exitStub" [mmult.cpp:145]   --->   Operation 32 'br' 'br_ln145' <Predicate = true> <Delay = 0.00>
ST_2 : Operation 33 [1/1] (0.00ns)   --->   "%i_load = load i31 %i" [mmult.cpp:145]   --->   Operation 33 'load' 'i_load' <Predicate = (!icmp_ln145)> <Delay = 0.00>
ST_2 : Operation 34 [1/1] (0.00ns)   --->   "%gmem0_addr = getelementptr i8 %gmem0, i64 %a_read" [mmult.cpp:145]   --->   Operation 34 'getelementptr' 'gmem0_addr' <Predicate = (!icmp_ln145)> <Delay = 0.00>
ST_2 : Operation 35 [1/1] (1.00ns)   --->   "%add_ln145 = add i31 %i_load, i31 1" [mmult.cpp:145]   --->   Operation 35 'add' 'add_ln145' <Predicate = (!icmp_ln145)> <Delay = 1.00> <CoreInst = "Adder">   --->   Core 1 'Adder' <Latency = 0> <II = 1> <Delay = 1.00> <FuncUnit> <Opcode : 'add' 'sub'> <InPorts = 2> <OutPorts = 1>
ST_2 : Operation 36 [1/1] (0.39ns)   --->   "%select_ln145 = select i1 %icmp_ln147, i8 %j_2, i8 0" [mmult.cpp:145]   --->   Operation 36 'select' 'select_ln145' <Predicate = (!icmp_ln145)> <Delay = 0.39> <CoreInst = "Sel">   --->   Core 73 'Sel' <Latency = 0> <II = 1> <Delay = 0.39> <FuncUnit> <Opcode : 'select'> <InPorts = 3> <OutPorts = 1>
ST_2 : Operation 37 [1/1] (0.41ns)   --->   "%select_ln145_1 = select i1 %icmp_ln147, i31 %i_load, i31 %add_ln145" [mmult.cpp:145]   --->   Operation 37 'select' 'select_ln145_1' <Predicate = (!icmp_ln145)> <Delay = 0.41> <CoreInst = "Sel">   --->   Core 73 'Sel' <Latency = 0> <II = 1> <Delay = 0.41> <FuncUnit> <Opcode : 'select'> <InPorts = 3> <OutPorts = 1>
ST_2 : Operation 38 [1/1] (0.00ns)   --->   "%trunc_ln145 = trunc i31 %select_ln145_1" [mmult.cpp:145]   --->   Operation 38 'trunc' 'trunc_ln145' <Predicate = (!icmp_ln145)> <Delay = 0.00>
ST_2 : Operation 39 [1/1] (0.00ns)   --->   "%lshr_ln = partselect i2 @_ssdm_op_PartSelect.i2.i31.i32.i32, i31 %select_ln145_1, i32 3, i32 4" [mmult.cpp:145]   --->   Operation 39 'partselect' 'lshr_ln' <Predicate = (!icmp_ln145)> <Delay = 0.00>
ST_2 : Operation 40 [1/1] (0.00ns)   --->   "%tmp_9 = bitconcatenate i7 @_ssdm_op_BitConcatenate.i7.i2.i5, i2 %lshr_ln, i5 0" [mmult.cpp:150]   --->   Operation 40 'bitconcatenate' 'tmp_9' <Predicate = (!icmp_ln145)> <Delay = 0.00>
ST_2 : Operation 41 [1/1] (0.00ns)   --->   "%trunc_ln150 = trunc i8 %select_ln145" [mmult.cpp:150]   --->   Operation 41 'trunc' 'trunc_ln150' <Predicate = (!icmp_ln145)> <Delay = 0.00>
ST_2 : Operation 42 [1/1] (0.77ns)   --->   "%add_ln150 = add i7 %tmp_9, i7 %trunc_ln150" [mmult.cpp:150]   --->   Operation 42 'add' 'add_ln150' <Predicate = (!icmp_ln145)> <Delay = 0.77> <CoreInst = "Adder">   --->   Core 1 'Adder' <Latency = 0> <II = 1> <Delay = 0.77> <FuncUnit> <Opcode : 'add' 'sub'> <InPorts = 2> <OutPorts = 1>
ST_2 : Operation 43 [1/1] (0.73ns)   --->   "%switch_ln150 = switch i3 %trunc_ln145, void %arrayidx84.case.7, i3 0, void %arrayidx84.case.0, i3 1, void %arrayidx84.case.1, i3 2, void %arrayidx84.case.2, i3 3, void %arrayidx84.case.3, i3 4, void %arrayidx84.case.4, i3 5, void %arrayidx84.case.5, i3 6, void %arrayidx84.case.6" [mmult.cpp:150]   --->   Operation 43 'switch' 'switch_ln150' <Predicate = (!icmp_ln145)> <Delay = 0.73>
ST_2 : Operation 44 [1/1] (0.76ns)   --->   "%add_ln147 = add i8 %select_ln145, i8 1" [mmult.cpp:147]   --->   Operation 44 'add' 'add_ln147' <Predicate = (!icmp_ln145)> <Delay = 0.76> <CoreInst = "Adder">   --->   Core 1 'Adder' <Latency = 0> <II = 1> <Delay = 0.76> <FuncUnit> <Opcode : 'add' 'sub'> <InPorts = 2> <OutPorts = 1>
ST_2 : Operation 45 [1/1] (0.42ns)   --->   "%store_ln145 = store i64 %add_ln145_1, i64 %indvar_flatten" [mmult.cpp:145]   --->   Operation 45 'store' 'store_ln145' <Predicate = (!icmp_ln145)> <Delay = 0.42>
ST_2 : Operation 46 [1/1] (0.42ns)   --->   "%store_ln145 = store i31 %select_ln145_1, i31 %i" [mmult.cpp:145]   --->   Operation 46 'store' 'store_ln145' <Predicate = (!icmp_ln145)> <Delay = 0.42>
ST_2 : Operation 47 [1/1] (0.42ns)   --->   "%store_ln147 = store i8 %add_ln147, i8 %j" [mmult.cpp:147]   --->   Operation 47 'store' 'store_ln147' <Predicate = (!icmp_ln145)> <Delay = 0.42>
ST_2 : Operation 48 [1/1] (0.00ns)   --->   "%br_ln147 = br void %for.inc" [mmult.cpp:147]   --->   Operation 48 'br' 'br_ln147' <Predicate = (!icmp_ln145)> <Delay = 0.00>

State 3 <SV = 2> <Delay = 2.40>
ST_3 : Operation 49 [1/1] (2.40ns)   --->   "%gmem0_addr_read = read i8 @_ssdm_op_Read.m_axi.p1i8, i64 %gmem0_addr" [mmult.cpp:150]   --->   Operation 49 'read' 'gmem0_addr_read' <Predicate = true> <Delay = 2.40> <CoreInst = "m_axi">   --->   Core 121 'm_axi' <Latency = 0> <II = 1> <Delay = 1.00> <Adapter> <Opcode : 'read' 'write' 'readreq' 'writereq' 'writeresp'>
ST_3 : Operation 78 [1/1] (0.00ns)   --->   "%ret_ln0 = ret"   --->   Operation 78 'ret' 'ret_ln0' <Predicate = (icmp_ln145)> <Delay = 0.00>

State 4 <SV = 3> <Delay = 0.67>
ST_4 : Operation 50 [1/1] (0.00ns)   --->   "%specloopname_ln0 = specloopname void @_ssdm_op_SpecLoopName, void @readA_VITIS_LOOP_147_1_str"   --->   Operation 50 'specloopname' 'specloopname_ln0' <Predicate = true> <Delay = 0.00>
ST_4 : Operation 51 [1/1] (0.00ns)   --->   "%speclooptripcount_ln0 = speclooptripcount void @_ssdm_op_SpecLoopTripCount, i64 1024, i64 1024, i64 1024"   --->   Operation 51 'speclooptripcount' 'speclooptripcount_ln0' <Predicate = true> <Delay = 0.00>
ST_4 : Operation 52 [1/1] (0.00ns)   --->   "%zext_ln150 = zext i7 %add_ln150" [mmult.cpp:150]   --->   Operation 52 'zext' 'zext_ln150' <Predicate = true> <Delay = 0.00>
ST_4 : Operation 53 [1/1] (0.00ns)   --->   "%localA_addr = getelementptr i8 %localA, i64 0, i64 %zext_ln150" [mmult.cpp:150]   --->   Operation 53 'getelementptr' 'localA_addr' <Predicate = true> <Delay = 0.00>
ST_4 : Operation 54 [1/1] (0.00ns)   --->   "%localA_1_addr = getelementptr i8 %localA_1, i64 0, i64 %zext_ln150" [mmult.cpp:150]   --->   Operation 54 'getelementptr' 'localA_1_addr' <Predicate = true> <Delay = 0.00>
ST_4 : Operation 55 [1/1] (0.00ns)   --->   "%localA_2_addr = getelementptr i8 %localA_2, i64 0, i64 %zext_ln150" [mmult.cpp:150]   --->   Operation 55 'getelementptr' 'localA_2_addr' <Predicate = true> <Delay = 0.00>
ST_4 : Operation 56 [1/1] (0.00ns)   --->   "%localA_3_addr = getelementptr i8 %localA_3, i64 0, i64 %zext_ln150" [mmult.cpp:150]   --->   Operation 56 'getelementptr' 'localA_3_addr' <Predicate = true> <Delay = 0.00>
ST_4 : Operation 57 [1/1] (0.00ns)   --->   "%localA_4_addr = getelementptr i8 %localA_4, i64 0, i64 %zext_ln150" [mmult.cpp:150]   --->   Operation 57 'getelementptr' 'localA_4_addr' <Predicate = true> <Delay = 0.00>
ST_4 : Operation 58 [1/1] (0.00ns)   --->   "%localA_5_addr = getelementptr i8 %localA_5, i64 0, i64 %zext_ln150" [mmult.cpp:150]   --->   Operation 58 'getelementptr' 'localA_5_addr' <Predicate = true> <Delay = 0.00>
ST_4 : Operation 59 [1/1] (0.00ns)   --->   "%localA_6_addr = getelementptr i8 %localA_6, i64 0, i64 %zext_ln150" [mmult.cpp:150]   --->   Operation 59 'getelementptr' 'localA_6_addr' <Predicate = true> <Delay = 0.00>
ST_4 : Operation 60 [1/1] (0.00ns)   --->   "%localA_7_addr = getelementptr i8 %localA_7, i64 0, i64 %zext_ln150" [mmult.cpp:150]   --->   Operation 60 'getelementptr' 'localA_7_addr' <Predicate = true> <Delay = 0.00>
ST_4 : Operation 61 [1/1] (0.00ns)   --->   "%specpipeline_ln149 = specpipeline void @_ssdm_op_SpecPipeline, i32 1, i32 0, i32 0, i32 0, void @empty_4" [mmult.cpp:149]   --->   Operation 61 'specpipeline' 'specpipeline_ln149' <Predicate = true> <Delay = 0.00>
ST_4 : Operation 62 [1/1] (0.67ns)   --->   "%store_ln150 = store i8 %gmem0_addr_read, i7 %localA_6_addr" [mmult.cpp:150]   --->   Operation 62 'store' 'store_ln150' <Predicate = (trunc_ln145 == 6)> <Delay = 0.67> <CoreInst = "RAM_2P_LUTRAM">   --->   Core 93 'RAM_2P_LUTRAM' <Latency = 1> <II = 1> <Delay = 0.67> <Storage> <Opcode : 'load' 'store'> <Ports = 2> <Width = 8> <Depth = 128> <RAM>
ST_4 : Operation 63 [1/1] (0.00ns)   --->   "%br_ln150 = br void %arrayidx84.exit" [mmult.cpp:150]   --->   Operation 63 'br' 'br_ln150' <Predicate = (trunc_ln145 == 6)> <Delay = 0.00>
ST_4 : Operation 64 [1/1] (0.67ns)   --->   "%store_ln150 = store i8 %gmem0_addr_read, i7 %localA_5_addr" [mmult.cpp:150]   --->   Operation 64 'store' 'store_ln150' <Predicate = (trunc_ln145 == 5)> <Delay = 0.67> <CoreInst = "RAM_2P_LUTRAM">   --->   Core 93 'RAM_2P_LUTRAM' <Latency = 1> <II = 1> <Delay = 0.67> <Storage> <Opcode : 'load' 'store'> <Ports = 2> <Width = 8> <Depth = 128> <RAM>
ST_4 : Operation 65 [1/1] (0.00ns)   --->   "%br_ln150 = br void %arrayidx84.exit" [mmult.cpp:150]   --->   Operation 65 'br' 'br_ln150' <Predicate = (trunc_ln145 == 5)> <Delay = 0.00>
ST_4 : Operation 66 [1/1] (0.67ns)   --->   "%store_ln150 = store i8 %gmem0_addr_read, i7 %localA_4_addr" [mmult.cpp:150]   --->   Operation 66 'store' 'store_ln150' <Predicate = (trunc_ln145 == 4)> <Delay = 0.67> <CoreInst = "RAM_2P_LUTRAM">   --->   Core 93 'RAM_2P_LUTRAM' <Latency = 1> <II = 1> <Delay = 0.67> <Storage> <Opcode : 'load' 'store'> <Ports = 2> <Width = 8> <Depth = 128> <RAM>
ST_4 : Operation 67 [1/1] (0.00ns)   --->   "%br_ln150 = br void %arrayidx84.exit" [mmult.cpp:150]   --->   Operation 67 'br' 'br_ln150' <Predicate = (trunc_ln145 == 4)> <Delay = 0.00>
ST_4 : Operation 68 [1/1] (0.67ns)   --->   "%store_ln150 = store i8 %gmem0_addr_read, i7 %localA_3_addr" [mmult.cpp:150]   --->   Operation 68 'store' 'store_ln150' <Predicate = (trunc_ln145 == 3)> <Delay = 0.67> <CoreInst = "RAM_2P_LUTRAM">   --->   Core 93 'RAM_2P_LUTRAM' <Latency = 1> <II = 1> <Delay = 0.67> <Storage> <Opcode : 'load' 'store'> <Ports = 2> <Width = 8> <Depth = 128> <RAM>
ST_4 : Operation 69 [1/1] (0.00ns)   --->   "%br_ln150 = br void %arrayidx84.exit" [mmult.cpp:150]   --->   Operation 69 'br' 'br_ln150' <Predicate = (trunc_ln145 == 3)> <Delay = 0.00>
ST_4 : Operation 70 [1/1] (0.67ns)   --->   "%store_ln150 = store i8 %gmem0_addr_read, i7 %localA_2_addr" [mmult.cpp:150]   --->   Operation 70 'store' 'store_ln150' <Predicate = (trunc_ln145 == 2)> <Delay = 0.67> <CoreInst = "RAM_2P_LUTRAM">   --->   Core 93 'RAM_2P_LUTRAM' <Latency = 1> <II = 1> <Delay = 0.67> <Storage> <Opcode : 'load' 'store'> <Ports = 2> <Width = 8> <Depth = 128> <RAM>
ST_4 : Operation 71 [1/1] (0.00ns)   --->   "%br_ln150 = br void %arrayidx84.exit" [mmult.cpp:150]   --->   Operation 71 'br' 'br_ln150' <Predicate = (trunc_ln145 == 2)> <Delay = 0.00>
ST_4 : Operation 72 [1/1] (0.67ns)   --->   "%store_ln150 = store i8 %gmem0_addr_read, i7 %localA_1_addr" [mmult.cpp:150]   --->   Operation 72 'store' 'store_ln150' <Predicate = (trunc_ln145 == 1)> <Delay = 0.67> <CoreInst = "RAM_2P_LUTRAM">   --->   Core 93 'RAM_2P_LUTRAM' <Latency = 1> <II = 1> <Delay = 0.67> <Storage> <Opcode : 'load' 'store'> <Ports = 2> <Width = 8> <Depth = 128> <RAM>
ST_4 : Operation 73 [1/1] (0.00ns)   --->   "%br_ln150 = br void %arrayidx84.exit" [mmult.cpp:150]   --->   Operation 73 'br' 'br_ln150' <Predicate = (trunc_ln145 == 1)> <Delay = 0.00>
ST_4 : Operation 74 [1/1] (0.67ns)   --->   "%store_ln150 = store i8 %gmem0_addr_read, i7 %localA_addr" [mmult.cpp:150]   --->   Operation 74 'store' 'store_ln150' <Predicate = (trunc_ln145 == 0)> <Delay = 0.67> <CoreInst = "RAM_2P_LUTRAM">   --->   Core 93 'RAM_2P_LUTRAM' <Latency = 1> <II = 1> <Delay = 0.67> <Storage> <Opcode : 'load' 'store'> <Ports = 2> <Width = 8> <Depth = 128> <RAM>
ST_4 : Operation 75 [1/1] (0.00ns)   --->   "%br_ln150 = br void %arrayidx84.exit" [mmult.cpp:150]   --->   Operation 75 'br' 'br_ln150' <Predicate = (trunc_ln145 == 0)> <Delay = 0.00>
ST_4 : Operation 76 [1/1] (0.67ns)   --->   "%store_ln150 = store i8 %gmem0_addr_read, i7 %localA_7_addr" [mmult.cpp:150]   --->   Operation 76 'store' 'store_ln150' <Predicate = (trunc_ln145 == 7)> <Delay = 0.67> <CoreInst = "RAM_2P_LUTRAM">   --->   Core 93 'RAM_2P_LUTRAM' <Latency = 1> <II = 1> <Delay = 0.67> <Storage> <Opcode : 'load' 'store'> <Ports = 2> <Width = 8> <Depth = 128> <RAM>
ST_4 : Operation 77 [1/1] (0.00ns)   --->   "%br_ln150 = br void %arrayidx84.exit" [mmult.cpp:150]   --->   Operation 77 'br' 'br_ln150' <Predicate = (trunc_ln145 == 7)> <Delay = 0.00>


============================================================
+ Verbose Summary: Binding
============================================================
STG Binding: 
---------------- STG Properties BEGIN ----------------
- Is combinational: 0
- Is one-state seq: 0
- Is datapath-only: 0
- Is pipelined: 0
- Is top level: 0
Port [ Return ] is wired: 1; IO mode=ap_ctrl_hs:ce=0
Port [ gmem0]:  wired=1; compound=1; hidden=0; nouse=0; global=0; static=0; extern=0; dir=0; type=4; pingpong=0; private_global=0; IO mode=m_axi:ce=0
Port [ a_col]:  wired=1; compound=0; hidden=0; nouse=0; global=0; static=0; extern=0; dir=0; type=0; pingpong=0; private_global=0; IO mode=ap_none:ce=0
Port [ mul_ln107]:  wired=1; compound=0; hidden=0; nouse=0; global=0; static=0; extern=0; dir=0; type=0; pingpong=0; private_global=0; IO mode=ap_none:ce=0
Port [ a]:  wired=1; compound=0; hidden=0; nouse=0; global=0; static=0; extern=0; dir=0; type=0; pingpong=0; private_global=0; IO mode=ap_none:ce=0
Port [ localA]:  wired=1; compound=1; hidden=0; nouse=0; global=0; static=0; extern=0; dir=1; type=1; pingpong=0; private_global=0; MemPort=[30]; IO mode=ap_memory:ce=0
Port [ localA_1]:  wired=1; compound=1; hidden=0; nouse=0; global=0; static=0; extern=0; dir=1; type=1; pingpong=0; private_global=0; MemPort=[30]; IO mode=ap_memory:ce=0
Port [ localA_2]:  wired=1; compound=1; hidden=0; nouse=0; global=0; static=0; extern=0; dir=1; type=1; pingpong=0; private_global=0; MemPort=[30]; IO mode=ap_memory:ce=0
Port [ localA_3]:  wired=1; compound=1; hidden=0; nouse=0; global=0; static=0; extern=0; dir=1; type=1; pingpong=0; private_global=0; MemPort=[30]; IO mode=ap_memory:ce=0
Port [ localA_4]:  wired=1; compound=1; hidden=0; nouse=0; global=0; static=0; extern=0; dir=1; type=1; pingpong=0; private_global=0; MemPort=[30]; IO mode=ap_memory:ce=0
Port [ localA_5]:  wired=1; compound=1; hidden=0; nouse=0; global=0; static=0; extern=0; dir=1; type=1; pingpong=0; private_global=0; MemPort=[30]; IO mode=ap_memory:ce=0
Port [ localA_6]:  wired=1; compound=1; hidden=0; nouse=0; global=0; static=0; extern=0; dir=1; type=1; pingpong=0; private_global=0; MemPort=[30]; IO mode=ap_memory:ce=0
Port [ localA_7]:  wired=1; compound=1; hidden=0; nouse=0; global=0; static=0; extern=0; dir=1; type=1; pingpong=0; private_global=0; MemPort=[30]; IO mode=ap_memory:ce=0
---------------- STG Properties END ------------------

---------------- Datapath Model BEGIN ----------------

<LifeTime>
<method=bitvector/>
j                     (alloca           ) [ 01100]
i                     (alloca           ) [ 01100]
indvar_flatten        (alloca           ) [ 01100]
specmemcore_ln0       (specmemcore      ) [ 00000]
specmemcore_ln0       (specmemcore      ) [ 00000]
specmemcore_ln0       (specmemcore      ) [ 00000]
specmemcore_ln0       (specmemcore      ) [ 00000]
specmemcore_ln0       (specmemcore      ) [ 00000]
specmemcore_ln0       (specmemcore      ) [ 00000]
specmemcore_ln0       (specmemcore      ) [ 00000]
specmemcore_ln0       (specmemcore      ) [ 00000]
specinterface_ln0     (specinterface    ) [ 00000]
a_read                (read             ) [ 01100]
mul_ln107_read        (read             ) [ 01100]
a_col_read            (read             ) [ 01100]
store_ln0             (store            ) [ 00000]
store_ln145           (store            ) [ 00000]
store_ln147           (store            ) [ 00000]
br_ln0                (br               ) [ 00000]
j_2                   (load             ) [ 00000]
indvar_flatten_load   (load             ) [ 00000]
specbitsmap_ln0       (specbitsmap      ) [ 00000]
zext_ln147            (zext             ) [ 00000]
icmp_ln147            (icmp             ) [ 00000]
icmp_ln145            (icmp             ) [ 01110]
add_ln145_1           (add              ) [ 00000]
br_ln145              (br               ) [ 00000]
i_load                (load             ) [ 00000]
gmem0_addr            (getelementptr    ) [ 01010]
add_ln145             (add              ) [ 00000]
select_ln145          (select           ) [ 00000]
select_ln145_1        (select           ) [ 00000]
trunc_ln145           (trunc            ) [ 01011]
lshr_ln               (partselect       ) [ 00000]
tmp_9                 (bitconcatenate   ) [ 00000]
trunc_ln150           (trunc            ) [ 00000]
add_ln150             (add              ) [ 01011]
switch_ln150          (switch           ) [ 00000]
add_ln147             (add              ) [ 00000]
store_ln145           (store            ) [ 00000]
store_ln145           (store            ) [ 00000]
store_ln147           (store            ) [ 00000]
br_ln147              (br               ) [ 00000]
gmem0_addr_read       (read             ) [ 01001]
specloopname_ln0      (specloopname     ) [ 00000]
speclooptripcount_ln0 (speclooptripcount) [ 00000]
zext_ln150            (zext             ) [ 00000]
localA_addr           (getelementptr    ) [ 00000]
localA_1_addr         (getelementptr    ) [ 00000]
localA_2_addr         (getelementptr    ) [ 00000]
localA_3_addr         (getelementptr    ) [ 00000]
localA_4_addr         (getelementptr    ) [ 00000]
localA_5_addr         (getelementptr    ) [ 00000]
localA_6_addr         (getelementptr    ) [ 00000]
localA_7_addr         (getelementptr    ) [ 00000]
specpipeline_ln149    (specpipeline     ) [ 00000]
store_ln150           (store            ) [ 00000]
br_ln150              (br               ) [ 00000]
store_ln150           (store            ) [ 00000]
br_ln150              (br               ) [ 00000]
store_ln150           (store            ) [ 00000]
br_ln150              (br               ) [ 00000]
store_ln150           (store            ) [ 00000]
br_ln150              (br               ) [ 00000]
store_ln150           (store            ) [ 00000]
br_ln150              (br               ) [ 00000]
store_ln150           (store            ) [ 00000]
br_ln150              (br               ) [ 00000]
store_ln150           (store            ) [ 00000]
br_ln150              (br               ) [ 00000]
store_ln150           (store            ) [ 00000]
br_ln150              (br               ) [ 00000]
ret_ln0               (ret              ) [ 00000]
</LifeTime>

<model>

<comp_list>
<comp id="0" class="1000" name="gmem0">
<pin_list>
<pin id="1" dir="1" index="0" bw="1" slack="0"/>
</pin_list>
<bind>
<StgValue><ssdm name="gmem0"/></StgValue>
</bind>
</comp>

<comp id="2" class="1000" name="a_col">
<pin_list>
<pin id="3" dir="1" index="0" bw="1" slack="0"/>
</pin_list>
<bind>
<StgValue><ssdm name="a_col"/></StgValue>
</bind>
</comp>

<comp id="4" class="1000" name="mul_ln107">
<pin_list>
<pin id="5" dir="1" index="0" bw="1" slack="0"/>
</pin_list>
<bind>
<StgValue><ssdm name="mul_ln107"/></StgValue>
</bind>
</comp>

<comp id="6" class="1000" name="a">
<pin_list>
<pin id="7" dir="1" index="0" bw="1" slack="0"/>
</pin_list>
<bind>
<StgValue><ssdm name="a"/></StgValue>
</bind>
</comp>

<comp id="8" class="1000" name="localA">
<pin_list>
<pin id="9" dir="1" index="0" bw="1" slack="0"/>
</pin_list>
<bind>
<StgValue><ssdm name="localA"/><MemPortTyVec>3 0 </MemPortTyVec>
</StgValue>
</bind>
</comp>

<comp id="10" class="1000" name="localA_1">
<pin_list>
<pin id="11" dir="1" index="0" bw="1" slack="0"/>
</pin_list>
<bind>
<StgValue><ssdm name="localA_1"/><MemPortTyVec>3 0 </MemPortTyVec>
</StgValue>
</bind>
</comp>

<comp id="12" class="1000" name="localA_2">
<pin_list>
<pin id="13" dir="1" index="0" bw="1" slack="0"/>
</pin_list>
<bind>
<StgValue><ssdm name="localA_2"/><MemPortTyVec>3 0 </MemPortTyVec>
</StgValue>
</bind>
</comp>

<comp id="14" class="1000" name="localA_3">
<pin_list>
<pin id="15" dir="1" index="0" bw="1" slack="0"/>
</pin_list>
<bind>
<StgValue><ssdm name="localA_3"/><MemPortTyVec>3 0 </MemPortTyVec>
</StgValue>
</bind>
</comp>

<comp id="16" class="1000" name="localA_4">
<pin_list>
<pin id="17" dir="1" index="0" bw="1" slack="0"/>
</pin_list>
<bind>
<StgValue><ssdm name="localA_4"/><MemPortTyVec>3 0 </MemPortTyVec>
</StgValue>
</bind>
</comp>

<comp id="18" class="1000" name="localA_5">
<pin_list>
<pin id="19" dir="1" index="0" bw="1" slack="0"/>
</pin_list>
<bind>
<StgValue><ssdm name="localA_5"/><MemPortTyVec>3 0 </MemPortTyVec>
</StgValue>
</bind>
</comp>

<comp id="20" class="1000" name="localA_6">
<pin_list>
<pin id="21" dir="1" index="0" bw="1" slack="0"/>
</pin_list>
<bind>
<StgValue><ssdm name="localA_6"/><MemPortTyVec>3 0 </MemPortTyVec>
</StgValue>
</bind>
</comp>

<comp id="22" class="1000" name="localA_7">
<pin_list>
<pin id="23" dir="1" index="0" bw="1" slack="0"/>
</pin_list>
<bind>
<StgValue><ssdm name="localA_7"/><MemPortTyVec>3 0 </MemPortTyVec>
</StgValue>
</bind>
</comp>

<comp id="24" class="1001" name="const_24">
<pin_list>
<pin id="25" dir="1" index="0" bw="1" slack="0"/>
</pin_list>
<bind>
<StgValue><ssdm name=""/></StgValue>
</bind>
</comp>

<comp id="26" class="1001" name="const_26">
<pin_list>
<pin id="27" dir="1" index="0" bw="1" slack="2147483647"/>
</pin_list>
<bind>
<StgValue><ssdm name="_ssdm_op_SpecMemCore"/></StgValue>
</bind>
</comp>

<comp id="28" class="1001" name="const_28">
<pin_list>
<pin id="29" dir="1" index="0" bw="1" slack="2147483647"/>
</pin_list>
<bind>
<StgValue><ssdm name=""/></StgValue>
</bind>
</comp>

<comp id="30" class="1001" name="const_30">
<pin_list>
<pin id="31" dir="1" index="0" bw="1" slack="2147483647"/>
</pin_list>
<bind>
<StgValue><ssdm name=""/></StgValue>
</bind>
</comp>

<comp id="32" class="1001" name="const_32">
<pin_list>
<pin id="33" dir="1" index="0" bw="1" slack="2147483647"/>
</pin_list>
<bind>
<StgValue><ssdm name=""/></StgValue>
</bind>
</comp>

<comp id="34" class="1001" name="const_34">
<pin_list>
<pin id="35" dir="1" index="0" bw="1" slack="2147483647"/>
</pin_list>
<bind>
<StgValue><ssdm name="_ssdm_op_SpecInterface"/></StgValue>
</bind>
</comp>

<comp id="36" class="1001" name="const_36">
<pin_list>
<pin id="37" dir="1" index="0" bw="1" slack="2147483647"/>
</pin_list>
<bind>
<StgValue><ssdm name="empty_3"/></StgValue>
</bind>
</comp>

<comp id="38" class="1001" name="const_38">
<pin_list>
<pin id="39" dir="1" index="0" bw="1" slack="2147483647"/>
</pin_list>
<bind>
<StgValue><ssdm name=""/></StgValue>
</bind>
</comp>

<comp id="40" class="1001" name="const_40">
<pin_list>
<pin id="41" dir="1" index="0" bw="1" slack="2147483647"/>
</pin_list>
<bind>
<StgValue><ssdm name="empty_4"/></StgValue>
</bind>
</comp>

<comp id="42" class="1001" name="const_42">
<pin_list>
<pin id="43" dir="1" index="0" bw="1" slack="2147483647"/>
</pin_list>
<bind>
<StgValue><ssdm name="empty_5"/></StgValue>
</bind>
</comp>

<comp id="44" class="1001" name="const_44">
<pin_list>
<pin id="45" dir="1" index="0" bw="1" slack="2147483647"/>
</pin_list>
<bind>
<StgValue><ssdm name="empty_10"/></StgValue>
</bind>
</comp>

<comp id="46" class="1001" name="const_46">
<pin_list>
<pin id="47" dir="1" index="0" bw="1" slack="2147483647"/>
</pin_list>
<bind>
<StgValue><ssdm name=""/></StgValue>
</bind>
</comp>

<comp id="48" class="1001" name="const_48">
<pin_list>
<pin id="49" dir="1" index="0" bw="1" slack="2147483647"/>
</pin_list>
<bind>
<StgValue><ssdm name=""/></StgValue>
</bind>
</comp>

<comp id="50" class="1001" name="const_50">
<pin_list>
<pin id="51" dir="1" index="0" bw="1" slack="0"/>
</pin_list>
<bind>
<StgValue><ssdm name="_ssdm_op_Read.ap_auto.i64"/></StgValue>
</bind>
</comp>

<comp id="52" class="1001" name="const_52">
<pin_list>
<pin id="53" dir="1" index="0" bw="1" slack="0"/>
</pin_list>
<bind>
<StgValue><ssdm name="_ssdm_op_Read.ap_auto.i32"/></StgValue>
</bind>
</comp>

<comp id="54" class="1001" name="const_54">
<pin_list>
<pin id="55" dir="1" index="0" bw="1" slack="0"/>
</pin_list>
<bind>
<StgValue><ssdm name=""/></StgValue>
</bind>
</comp>

<comp id="56" class="1001" name="const_56">
<pin_list>
<pin id="57" dir="1" index="0" bw="1" slack="0"/>
</pin_list>
<bind>
<StgValue><ssdm name=""/></StgValue>
</bind>
</comp>

<comp id="58" class="1001" name="const_58">
<pin_list>
<pin id="59" dir="1" index="0" bw="1" slack="0"/>
</pin_list>
<bind>
<StgValue><ssdm name=""/></StgValue>
</bind>
</comp>

<comp id="60" class="1001" name="const_60">
<pin_list>
<pin id="61" dir="1" index="0" bw="1" slack="2147483647"/>
</pin_list>
<bind>
<StgValue><ssdm name="_ssdm_op_SpecBitsMap"/></StgValue>
</bind>
</comp>

<comp id="62" class="1001" name="const_62">
<pin_list>
<pin id="63" dir="1" index="0" bw="1" slack="0"/>
</pin_list>
<bind>
<StgValue><ssdm name=""/></StgValue>
</bind>
</comp>

<comp id="64" class="1001" name="const_64">
<pin_list>
<pin id="65" dir="1" index="0" bw="1" slack="0"/>
</pin_list>
<bind>
<StgValue><ssdm name=""/></StgValue>
</bind>
</comp>

<comp id="66" class="1001" name="const_66">
<pin_list>
<pin id="67" dir="1" index="0" bw="1" slack="0"/>
</pin_list>
<bind>
<StgValue><ssdm name="_ssdm_op_PartSelect.i2.i31.i32.i32"/></StgValue>
</bind>
</comp>

<comp id="68" class="1001" name="const_68">
<pin_list>
<pin id="69" dir="1" index="0" bw="1" slack="0"/>
</pin_list>
<bind>
<StgValue><ssdm name=""/></StgValue>
</bind>
</comp>

<comp id="70" class="1001" name="const_70">
<pin_list>
<pin id="71" dir="1" index="0" bw="1" slack="0"/>
</pin_list>
<bind>
<StgValue><ssdm name=""/></StgValue>
</bind>
</comp>

<comp id="72" class="1001" name="const_72">
<pin_list>
<pin id="73" dir="1" index="0" bw="1" slack="0"/>
</pin_list>
<bind>
<StgValue><ssdm name="_ssdm_op_BitConcatenate.i7.i2.i5"/></StgValue>
</bind>
</comp>

<comp id="74" class="1001" name="const_74">
<pin_list>
<pin id="75" dir="1" index="0" bw="1" slack="0"/>
</pin_list>
<bind>
<StgValue><ssdm name=""/></StgValue>
</bind>
</comp>

<comp id="76" class="1001" name="const_76">
<pin_list>
<pin id="77" dir="1" index="0" bw="1" slack="2147483647"/>
</pin_list>
<bind>
<StgValue><ssdm name=""/></StgValue>
</bind>
</comp>

<comp id="78" class="1001" name="const_78">
<pin_list>
<pin id="79" dir="1" index="0" bw="1" slack="2147483647"/>
</pin_list>
<bind>
<StgValue><ssdm name=""/></StgValue>
</bind>
</comp>

<comp id="80" class="1001" name="const_80">
<pin_list>
<pin id="81" dir="1" index="0" bw="1" slack="2147483647"/>
</pin_list>
<bind>
<StgValue><ssdm name=""/></StgValue>
</bind>
</comp>

<comp id="82" class="1001" name="const_82">
<pin_list>
<pin id="83" dir="1" index="0" bw="1" slack="2147483647"/>
</pin_list>
<bind>
<StgValue><ssdm name=""/></StgValue>
</bind>
</comp>

<comp id="84" class="1001" name="const_84">
<pin_list>
<pin id="85" dir="1" index="0" bw="1" slack="2147483647"/>
</pin_list>
<bind>
<StgValue><ssdm name=""/></StgValue>
</bind>
</comp>

<comp id="86" class="1001" name="const_86">
<pin_list>
<pin id="87" dir="1" index="0" bw="1" slack="2147483647"/>
</pin_list>
<bind>
<StgValue><ssdm name=""/></StgValue>
</bind>
</comp>

<comp id="88" class="1001" name="const_88">
<pin_list>
<pin id="89" dir="1" index="0" bw="1" slack="2147483647"/>
</pin_list>
<bind>
<StgValue><ssdm name=""/></StgValue>
</bind>
</comp>

<comp id="90" class="1001" name="const_90">
<pin_list>
<pin id="91" dir="1" index="0" bw="1" slack="0"/>
</pin_list>
<bind>
<StgValue><ssdm name=""/></StgValue>
</bind>
</comp>

<comp id="92" class="1001" name="const_92">
<pin_list>
<pin id="93" dir="1" index="0" bw="1" slack="0"/>
</pin_list>
<bind>
<StgValue><ssdm name="_ssdm_op_Read.m_axi.p1i8"/></StgValue>
</bind>
</comp>

<comp id="94" class="1001" name="const_94">
<pin_list>
<pin id="95" dir="1" index="0" bw="1" slack="2147483647"/>
</pin_list>
<bind>
<StgValue><ssdm name="_ssdm_op_SpecLoopName"/></StgValue>
</bind>
</comp>

<comp id="96" class="1001" name="const_96">
<pin_list>
<pin id="97" dir="1" index="0" bw="1" slack="2147483647"/>
</pin_list>
<bind>
<StgValue><ssdm name="readA_VITIS_LOOP_147_1_str"/></StgValue>
</bind>
</comp>

<comp id="98" class="1001" name="const_98">
<pin_list>
<pin id="99" dir="1" index="0" bw="1" slack="2147483647"/>
</pin_list>
<bind>
<StgValue><ssdm name="_ssdm_op_SpecLoopTripCount"/></StgValue>
</bind>
</comp>

<comp id="100" class="1001" name="const_100">
<pin_list>
<pin id="101" dir="1" index="0" bw="1" slack="2147483647"/>
</pin_list>
<bind>
<StgValue><ssdm name=""/></StgValue>
</bind>
</comp>

<comp id="102" class="1001" name="const_102">
<pin_list>
<pin id="103" dir="1" index="0" bw="1" slack="2147483647"/>
</pin_list>
<bind>
<StgValue><ssdm name="_ssdm_op_SpecPipeline"/></StgValue>
</bind>
</comp>

<comp id="104" class="1004" name="j_fu_104">
<pin_list>
<pin id="105" dir="0" index="0" bw="1" slack="0"/>
<pin id="106" dir="1" index="1" bw="8" slack="0"/>
</pin_list>
<bind>
<opcode="alloca(26) " fcode="alloca"/>
<opset="j/1 "/>
</bind>
</comp>

<comp id="108" class="1004" name="i_fu_108">
<pin_list>
<pin id="109" dir="0" index="0" bw="1" slack="0"/>
<pin id="110" dir="1" index="1" bw="31" slack="0"/>
</pin_list>
<bind>
<opcode="alloca(26) " fcode="alloca"/>
<opset="i/1 "/>
</bind>
</comp>

<comp id="112" class="1004" name="indvar_flatten_fu_112">
<pin_list>
<pin id="113" dir="0" index="0" bw="1" slack="0"/>
<pin id="114" dir="1" index="1" bw="64" slack="0"/>
</pin_list>
<bind>
<opcode="alloca(26) " fcode="alloca"/>
<opset="indvar_flatten/1 "/>
</bind>
</comp>

<comp id="116" class="1004" name="a_read_read_fu_116">
<pin_list>
<pin id="117" dir="0" index="0" bw="64" slack="0"/>
<pin id="118" dir="0" index="1" bw="64" slack="0"/>
<pin id="119" dir="1" index="2" bw="64" slack="1"/>
</pin_list>
<bind>
<opcode="read(1150) " fcode="read"/>
<opset="a_read/1 "/>
</bind>
</comp>

<comp id="122" class="1004" name="mul_ln107_read_read_fu_122">
<pin_list>
<pin id="123" dir="0" index="0" bw="64" slack="0"/>
<pin id="124" dir="0" index="1" bw="64" slack="0"/>
<pin id="125" dir="1" index="2" bw="64" slack="1"/>
</pin_list>
<bind>
<opcode="read(1150) " fcode="read"/>
<opset="mul_ln107_read/1 "/>
</bind>
</comp>

<comp id="128" class="1004" name="a_col_read_read_fu_128">
<pin_list>
<pin id="129" dir="0" index="0" bw="32" slack="0"/>
<pin id="130" dir="0" index="1" bw="32" slack="0"/>
<pin id="131" dir="1" index="2" bw="32" slack="1"/>
</pin_list>
<bind>
<opcode="read(1150) " fcode="read"/>
<opset="a_col_read/1 "/>
</bind>
</comp>

<comp id="134" class="1004" name="gmem0_addr_read_read_fu_134">
<pin_list>
<pin id="135" dir="0" index="0" bw="8" slack="0"/>
<pin id="136" dir="0" index="1" bw="8" slack="1"/>
<pin id="137" dir="1" index="2" bw="8" slack="1"/>
</pin_list>
<bind>
<opcode="read(1150) " fcode="read"/>
<opset="gmem0_addr_read/3 "/>
</bind>
</comp>

<comp id="139" class="1004" name="localA_addr_gep_fu_139">
<pin_list>
<pin id="140" dir="0" index="0" bw="8" slack="0"/>
<pin id="141" dir="0" index="1" bw="1" slack="0"/>
<pin id="142" dir="0" index="2" bw="7" slack="0"/>
<pin id="143" dir="1" index="3" bw="7" slack="0"/>
</pin_list>
<bind>
<opcode="getelementptr(29) " fcode="getelementptr"/>
<opset="localA_addr/4 "/>
</bind>
</comp>

<comp id="146" class="1004" name="localA_1_addr_gep_fu_146">
<pin_list>
<pin id="147" dir="0" index="0" bw="8" slack="0"/>
<pin id="148" dir="0" index="1" bw="1" slack="0"/>
<pin id="149" dir="0" index="2" bw="7" slack="0"/>
<pin id="150" dir="1" index="3" bw="7" slack="0"/>
</pin_list>
<bind>
<opcode="getelementptr(29) " fcode="getelementptr"/>
<opset="localA_1_addr/4 "/>
</bind>
</comp>

<comp id="153" class="1004" name="localA_2_addr_gep_fu_153">
<pin_list>
<pin id="154" dir="0" index="0" bw="8" slack="0"/>
<pin id="155" dir="0" index="1" bw="1" slack="0"/>
<pin id="156" dir="0" index="2" bw="7" slack="0"/>
<pin id="157" dir="1" index="3" bw="7" slack="0"/>
</pin_list>
<bind>
<opcode="getelementptr(29) " fcode="getelementptr"/>
<opset="localA_2_addr/4 "/>
</bind>
</comp>

<comp id="160" class="1004" name="localA_3_addr_gep_fu_160">
<pin_list>
<pin id="161" dir="0" index="0" bw="8" slack="0"/>
<pin id="162" dir="0" index="1" bw="1" slack="0"/>
<pin id="163" dir="0" index="2" bw="7" slack="0"/>
<pin id="164" dir="1" index="3" bw="7" slack="0"/>
</pin_list>
<bind>
<opcode="getelementptr(29) " fcode="getelementptr"/>
<opset="localA_3_addr/4 "/>
</bind>
</comp>

<comp id="167" class="1004" name="localA_4_addr_gep_fu_167">
<pin_list>
<pin id="168" dir="0" index="0" bw="8" slack="0"/>
<pin id="169" dir="0" index="1" bw="1" slack="0"/>
<pin id="170" dir="0" index="2" bw="7" slack="0"/>
<pin id="171" dir="1" index="3" bw="7" slack="0"/>
</pin_list>
<bind>
<opcode="getelementptr(29) " fcode="getelementptr"/>
<opset="localA_4_addr/4 "/>
</bind>
</comp>

<comp id="174" class="1004" name="localA_5_addr_gep_fu_174">
<pin_list>
<pin id="175" dir="0" index="0" bw="8" slack="0"/>
<pin id="176" dir="0" index="1" bw="1" slack="0"/>
<pin id="177" dir="0" index="2" bw="7" slack="0"/>
<pin id="178" dir="1" index="3" bw="7" slack="0"/>
</pin_list>
<bind>
<opcode="getelementptr(29) " fcode="getelementptr"/>
<opset="localA_5_addr/4 "/>
</bind>
</comp>

<comp id="181" class="1004" name="localA_6_addr_gep_fu_181">
<pin_list>
<pin id="182" dir="0" index="0" bw="8" slack="0"/>
<pin id="183" dir="0" index="1" bw="1" slack="0"/>
<pin id="184" dir="0" index="2" bw="7" slack="0"/>
<pin id="185" dir="1" index="3" bw="7" slack="0"/>
</pin_list>
<bind>
<opcode="getelementptr(29) " fcode="getelementptr"/>
<opset="localA_6_addr/4 "/>
</bind>
</comp>

<comp id="188" class="1004" name="localA_7_addr_gep_fu_188">
<pin_list>
<pin id="189" dir="0" index="0" bw="8" slack="0"/>
<pin id="190" dir="0" index="1" bw="1" slack="0"/>
<pin id="191" dir="0" index="2" bw="7" slack="0"/>
<pin id="192" dir="1" index="3" bw="7" slack="0"/>
</pin_list>
<bind>
<opcode="getelementptr(29) " fcode="getelementptr"/>
<opset="localA_7_addr/4 "/>
</bind>
</comp>

<comp id="195" class="1004" name="store_ln150_access_fu_195">
<pin_list>
<pin id="196" dir="0" index="0" bw="7" slack="2147483647"/>
<pin id="197" dir="0" index="1" bw="8" slack="2147483647"/>
<pin id="198" dir="0" index="2" bw="0" slack="0"/>
<pin id="200" dir="0" index="4" bw="7" slack="1"/>
<pin id="201" dir="0" index="5" bw="8" slack="2147483647"/>
<pin id="202" dir="0" index="6" bw="0" slack="2147483647"/>
<pin id="199" dir="1" index="3" bw="8" slack="2147483647"/>
<pin id="203" dir="1" index="7" bw="8" slack="2147483647"/>
</pin_list>
<bind>
<opcode="store(28) " fcode="store"/>
<opset="store_ln150/4 "/>
</bind>
</comp>

<comp id="205" class="1004" name="store_ln150_access_fu_205">
<pin_list>
<pin id="206" dir="0" index="0" bw="7" slack="2147483647"/>
<pin id="207" dir="0" index="1" bw="8" slack="2147483647"/>
<pin id="208" dir="0" index="2" bw="0" slack="0"/>
<pin id="210" dir="0" index="4" bw="7" slack="1"/>
<pin id="211" dir="0" index="5" bw="8" slack="2147483647"/>
<pin id="212" dir="0" index="6" bw="0" slack="2147483647"/>
<pin id="209" dir="1" index="3" bw="8" slack="2147483647"/>
<pin id="213" dir="1" index="7" bw="8" slack="2147483647"/>
</pin_list>
<bind>
<opcode="store(28) " fcode="store"/>
<opset="store_ln150/4 "/>
</bind>
</comp>

<comp id="215" class="1004" name="store_ln150_access_fu_215">
<pin_list>
<pin id="216" dir="0" index="0" bw="7" slack="2147483647"/>
<pin id="217" dir="0" index="1" bw="8" slack="2147483647"/>
<pin id="218" dir="0" index="2" bw="0" slack="0"/>
<pin id="220" dir="0" index="4" bw="7" slack="1"/>
<pin id="221" dir="0" index="5" bw="8" slack="2147483647"/>
<pin id="222" dir="0" index="6" bw="0" slack="2147483647"/>
<pin id="219" dir="1" index="3" bw="8" slack="2147483647"/>
<pin id="223" dir="1" index="7" bw="8" slack="2147483647"/>
</pin_list>
<bind>
<opcode="store(28) " fcode="store"/>
<opset="store_ln150/4 "/>
</bind>
</comp>

<comp id="225" class="1004" name="store_ln150_access_fu_225">
<pin_list>
<pin id="226" dir="0" index="0" bw="7" slack="2147483647"/>
<pin id="227" dir="0" index="1" bw="8" slack="2147483647"/>
<pin id="228" dir="0" index="2" bw="0" slack="0"/>
<pin id="230" dir="0" index="4" bw="7" slack="1"/>
<pin id="231" dir="0" index="5" bw="8" slack="2147483647"/>
<pin id="232" dir="0" index="6" bw="0" slack="2147483647"/>
<pin id="229" dir="1" index="3" bw="8" slack="2147483647"/>
<pin id="233" dir="1" index="7" bw="8" slack="2147483647"/>
</pin_list>
<bind>
<opcode="store(28) " fcode="store"/>
<opset="store_ln150/4 "/>
</bind>
</comp>

<comp id="235" class="1004" name="store_ln150_access_fu_235">
<pin_list>
<pin id="236" dir="0" index="0" bw="7" slack="2147483647"/>
<pin id="237" dir="0" index="1" bw="8" slack="2147483647"/>
<pin id="238" dir="0" index="2" bw="0" slack="0"/>
<pin id="240" dir="0" index="4" bw="7" slack="1"/>
<pin id="241" dir="0" index="5" bw="8" slack="2147483647"/>
<pin id="242" dir="0" index="6" bw="0" slack="2147483647"/>
<pin id="239" dir="1" index="3" bw="8" slack="2147483647"/>
<pin id="243" dir="1" index="7" bw="8" slack="2147483647"/>
</pin_list>
<bind>
<opcode="store(28) " fcode="store"/>
<opset="store_ln150/4 "/>
</bind>
</comp>

<comp id="245" class="1004" name="store_ln150_access_fu_245">
<pin_list>
<pin id="246" dir="0" index="0" bw="7" slack="2147483647"/>
<pin id="247" dir="0" index="1" bw="8" slack="2147483647"/>
<pin id="248" dir="0" index="2" bw="0" slack="0"/>
<pin id="250" dir="0" index="4" bw="7" slack="1"/>
<pin id="251" dir="0" index="5" bw="8" slack="2147483647"/>
<pin id="252" dir="0" index="6" bw="0" slack="2147483647"/>
<pin id="249" dir="1" index="3" bw="8" slack="2147483647"/>
<pin id="253" dir="1" index="7" bw="8" slack="2147483647"/>
</pin_list>
<bind>
<opcode="store(28) " fcode="store"/>
<opset="store_ln150/4 "/>
</bind>
</comp>

<comp id="255" class="1004" name="store_ln150_access_fu_255">
<pin_list>
<pin id="256" dir="0" index="0" bw="7" slack="2147483647"/>
<pin id="257" dir="0" index="1" bw="8" slack="2147483647"/>
<pin id="258" dir="0" index="2" bw="0" slack="0"/>
<pin id="260" dir="0" index="4" bw="7" slack="1"/>
<pin id="261" dir="0" index="5" bw="8" slack="2147483647"/>
<pin id="262" dir="0" index="6" bw="0" slack="2147483647"/>
<pin id="259" dir="1" index="3" bw="8" slack="2147483647"/>
<pin id="263" dir="1" index="7" bw="8" slack="2147483647"/>
</pin_list>
<bind>
<opcode="store(28) " fcode="store"/>
<opset="store_ln150/4 "/>
</bind>
</comp>

<comp id="265" class="1004" name="store_ln150_access_fu_265">
<pin_list>
<pin id="266" dir="0" index="0" bw="7" slack="2147483647"/>
<pin id="267" dir="0" index="1" bw="8" slack="2147483647"/>
<pin id="268" dir="0" index="2" bw="0" slack="0"/>
<pin id="270" dir="0" index="4" bw="7" slack="1"/>
<pin id="271" dir="0" index="5" bw="8" slack="2147483647"/>
<pin id="272" dir="0" index="6" bw="0" slack="2147483647"/>
<pin id="269" dir="1" index="3" bw="8" slack="2147483647"/>
<pin id="273" dir="1" index="7" bw="8" slack="2147483647"/>
</pin_list>
<bind>
<opcode="store(28) " fcode="store"/>
<opset="store_ln150/4 "/>
</bind>
</comp>

<comp id="275" class="1004" name="store_ln0_store_fu_275">
<pin_list>
<pin id="276" dir="0" index="0" bw="1" slack="0"/>
<pin id="277" dir="0" index="1" bw="64" slack="0"/>
<pin id="278" dir="1" index="2" bw="0" slack="2147483647"/>
</pin_list>
<bind>
<opcode="store(28) " fcode="store"/>
<opset="store_ln0/1 "/>
</bind>
</comp>

<comp id="280" class="1004" name="store_ln145_store_fu_280">
<pin_list>
<pin id="281" dir="0" index="0" bw="1" slack="0"/>
<pin id="282" dir="0" index="1" bw="31" slack="0"/>
<pin id="283" dir="1" index="2" bw="0" slack="2147483647"/>
</pin_list>
<bind>
<opcode="store(28) " fcode="store"/>
<opset="store_ln145/1 "/>
</bind>
</comp>

<comp id="285" class="1004" name="store_ln147_store_fu_285">
<pin_list>
<pin id="286" dir="0" index="0" bw="1" slack="0"/>
<pin id="287" dir="0" index="1" bw="8" slack="0"/>
<pin id="288" dir="1" index="2" bw="0" slack="2147483647"/>
</pin_list>
<bind>
<opcode="store(28) " fcode="store"/>
<opset="store_ln147/1 "/>
</bind>
</comp>

<comp id="290" class="1004" name="j_2_load_fu_290">
<pin_list>
<pin id="291" dir="0" index="0" bw="8" slack="1"/>
<pin id="292" dir="1" index="1" bw="8" slack="0"/>
</pin_list>
<bind>
<opcode="load(27) " fcode="load"/>
<opset="j_2/2 "/>
</bind>
</comp>

<comp id="293" class="1004" name="indvar_flatten_load_load_fu_293">
<pin_list>
<pin id="294" dir="0" index="0" bw="64" slack="1"/>
<pin id="295" dir="1" index="1" bw="64" slack="0"/>
</pin_list>
<bind>
<opcode="load(27) " fcode="load"/>
<opset="indvar_flatten_load/2 "/>
</bind>
</comp>

<comp id="296" class="1004" name="zext_ln147_fu_296">
<pin_list>
<pin id="297" dir="0" index="0" bw="8" slack="0"/>
<pin id="298" dir="1" index="1" bw="32" slack="0"/>
</pin_list>
<bind>
<opcode="zext(34) " fcode="zext"/>
<opset="zext_ln147/2 "/>
</bind>
</comp>

<comp id="300" class="1004" name="icmp_ln147_fu_300">
<pin_list>
<pin id="301" dir="0" index="0" bw="32" slack="0"/>
<pin id="302" dir="0" index="1" bw="32" slack="1"/>
<pin id="303" dir="1" index="2" bw="1" slack="0"/>
</pin_list>
<bind>
<opcode="icmp(45) " fcode="icmp"/>
<opset="icmp_ln147/2 "/>
</bind>
</comp>

<comp id="305" class="1004" name="icmp_ln145_fu_305">
<pin_list>
<pin id="306" dir="0" index="0" bw="64" slack="0"/>
<pin id="307" dir="0" index="1" bw="64" slack="1"/>
<pin id="308" dir="1" index="2" bw="1" slack="1"/>
</pin_list>
<bind>
<opcode="icmp(45) " fcode="icmp"/>
<opset="icmp_ln145/2 "/>
</bind>
</comp>

<comp id="310" class="1004" name="add_ln145_1_fu_310">
<pin_list>
<pin id="311" dir="0" index="0" bw="64" slack="0"/>
<pin id="312" dir="0" index="1" bw="1" slack="0"/>
<pin id="313" dir="1" index="2" bw="64" slack="0"/>
</pin_list>
<bind>
<opcode="add(8) " fcode="add"/>
<opset="add_ln145_1/2 "/>
</bind>
</comp>

<comp id="316" class="1004" name="i_load_load_fu_316">
<pin_list>
<pin id="317" dir="0" index="0" bw="31" slack="1"/>
<pin id="318" dir="1" index="1" bw="31" slack="0"/>
</pin_list>
<bind>
<opcode="load(27) " fcode="load"/>
<opset="i_load/2 "/>
</bind>
</comp>

<comp id="319" class="1004" name="gmem0_addr_fu_319">
<pin_list>
<pin id="320" dir="0" index="0" bw="64" slack="0"/>
<pin id="321" dir="0" index="1" bw="64" slack="1"/>
<pin id="322" dir="1" index="2" bw="64" slack="1"/>
</pin_list>
<bind>
<opcode="getelementptr(29) " fcode="getelementptr"/>
<opset="gmem0_addr/2 "/>
</bind>
</comp>

<comp id="324" class="1004" name="add_ln145_fu_324">
<pin_list>
<pin id="325" dir="0" index="0" bw="31" slack="0"/>
<pin id="326" dir="0" index="1" bw="1" slack="0"/>
<pin id="327" dir="1" index="2" bw="31" slack="0"/>
</pin_list>
<bind>
<opcode="add(8) " fcode="add"/>
<opset="add_ln145/2 "/>
</bind>
</comp>

<comp id="330" class="1004" name="select_ln145_fu_330">
<pin_list>
<pin id="331" dir="0" index="0" bw="1" slack="0"/>
<pin id="332" dir="0" index="1" bw="8" slack="0"/>
<pin id="333" dir="0" index="2" bw="8" slack="0"/>
<pin id="334" dir="1" index="3" bw="8" slack="0"/>
</pin_list>
<bind>
<opcode="select(49) " fcode="select"/>
<opset="select_ln145/2 "/>
</bind>
</comp>

<comp id="338" class="1004" name="select_ln145_1_fu_338">
<pin_list>
<pin id="339" dir="0" index="0" bw="1" slack="0"/>
<pin id="340" dir="0" index="1" bw="31" slack="0"/>
<pin id="341" dir="0" index="2" bw="31" slack="0"/>
<pin id="342" dir="1" index="3" bw="31" slack="0"/>
</pin_list>
<bind>
<opcode="select(49) " fcode="select"/>
<opset="select_ln145_1/2 "/>
</bind>
</comp>

<comp id="346" class="1004" name="trunc_ln145_fu_346">
<pin_list>
<pin id="347" dir="0" index="0" bw="31" slack="0"/>
<pin id="348" dir="1" index="1" bw="3" slack="2"/>
</pin_list>
<bind>
<opcode="trunc(33) " fcode="trunc"/>
<opset="trunc_ln145/2 "/>
</bind>
</comp>

<comp id="350" class="1004" name="lshr_ln_fu_350">
<pin_list>
<pin id="351" dir="0" index="0" bw="2" slack="0"/>
<pin id="352" dir="0" index="1" bw="31" slack="0"/>
<pin id="353" dir="0" index="2" bw="3" slack="0"/>
<pin id="354" dir="0" index="3" bw="4" slack="0"/>
<pin id="355" dir="1" index="4" bw="2" slack="0"/>
</pin_list>
<bind>
<opcode="partselect(1002) " fcode="partselect"/>
<opset="lshr_ln/2 "/>
</bind>
</comp>

<comp id="360" class="1004" name="tmp_9_fu_360">
<pin_list>
<pin id="361" dir="0" index="0" bw="7" slack="0"/>
<pin id="362" dir="0" index="1" bw="2" slack="0"/>
<pin id="363" dir="0" index="2" bw="1" slack="0"/>
<pin id="364" dir="1" index="3" bw="7" slack="0"/>
</pin_list>
<bind>
<opcode="bitconcatenate(1004) " fcode="bitconcatenate"/>
<opset="tmp_9/2 "/>
</bind>
</comp>

<comp id="368" class="1004" name="trunc_ln150_fu_368">
<pin_list>
<pin id="369" dir="0" index="0" bw="8" slack="0"/>
<pin id="370" dir="1" index="1" bw="7" slack="0"/>
</pin_list>
<bind>
<opcode="trunc(33) " fcode="trunc"/>
<opset="trunc_ln150/2 "/>
</bind>
</comp>

<comp id="372" class="1004" name="add_ln150_fu_372">
<pin_list>
<pin id="373" dir="0" index="0" bw="7" slack="0"/>
<pin id="374" dir="0" index="1" bw="7" slack="0"/>
<pin id="375" dir="1" index="2" bw="7" slack="2"/>
</pin_list>
<bind>
<opcode="add(8) " fcode="add"/>
<opset="add_ln150/2 "/>
</bind>
</comp>

<comp id="378" class="1004" name="add_ln147_fu_378">
<pin_list>
<pin id="379" dir="0" index="0" bw="8" slack="0"/>
<pin id="380" dir="0" index="1" bw="1" slack="0"/>
<pin id="381" dir="1" index="2" bw="8" slack="0"/>
</pin_list>
<bind>
<opcode="add(8) " fcode="add"/>
<opset="add_ln147/2 "/>
</bind>
</comp>

<comp id="384" class="1004" name="store_ln145_store_fu_384">
<pin_list>
<pin id="385" dir="0" index="0" bw="64" slack="0"/>
<pin id="386" dir="0" index="1" bw="64" slack="1"/>
<pin id="387" dir="1" index="2" bw="0" slack="2147483647"/>
</pin_list>
<bind>
<opcode="store(28) " fcode="store"/>
<opset="store_ln145/2 "/>
</bind>
</comp>

<comp id="389" class="1004" name="store_ln145_store_fu_389">
<pin_list>
<pin id="390" dir="0" index="0" bw="31" slack="0"/>
<pin id="391" dir="0" index="1" bw="31" slack="1"/>
<pin id="392" dir="1" index="2" bw="0" slack="2147483647"/>
</pin_list>
<bind>
<opcode="store(28) " fcode="store"/>
<opset="store_ln145/2 "/>
</bind>
</comp>

<comp id="394" class="1004" name="store_ln147_store_fu_394">
<pin_list>
<pin id="395" dir="0" index="0" bw="8" slack="0"/>
<pin id="396" dir="0" index="1" bw="8" slack="1"/>
<pin id="397" dir="1" index="2" bw="0" slack="2147483647"/>
</pin_list>
<bind>
<opcode="store(28) " fcode="store"/>
<opset="store_ln147/2 "/>
</bind>
</comp>

<comp id="399" class="1004" name="zext_ln150_fu_399">
<pin_list>
<pin id="400" dir="0" index="0" bw="7" slack="2"/>
<pin id="401" dir="1" index="1" bw="64" slack="0"/>
</pin_list>
<bind>
<opcode="zext(34) " fcode="zext"/>
<opset="zext_ln150/4 "/>
</bind>
</comp>

<comp id="410" class="1005" name="j_reg_410">
<pin_list>
<pin id="411" dir="0" index="0" bw="8" slack="0"/>
<pin id="412" dir="1" index="1" bw="8" slack="0"/>
</pin_list>
<bind>
<opset="j "/>
</bind>
</comp>

<comp id="417" class="1005" name="i_reg_417">
<pin_list>
<pin id="418" dir="0" index="0" bw="31" slack="0"/>
<pin id="419" dir="1" index="1" bw="31" slack="0"/>
</pin_list>
<bind>
<opset="i "/>
</bind>
</comp>

<comp id="424" class="1005" name="indvar_flatten_reg_424">
<pin_list>
<pin id="425" dir="0" index="0" bw="64" slack="0"/>
<pin id="426" dir="1" index="1" bw="64" slack="0"/>
</pin_list>
<bind>
<opset="indvar_flatten "/>
</bind>
</comp>

<comp id="431" class="1005" name="a_read_reg_431">
<pin_list>
<pin id="432" dir="0" index="0" bw="64" slack="1"/>
<pin id="433" dir="1" index="1" bw="64" slack="1"/>
</pin_list>
<bind>
<opset="a_read "/>
</bind>
</comp>

<comp id="436" class="1005" name="mul_ln107_read_reg_436">
<pin_list>
<pin id="437" dir="0" index="0" bw="64" slack="1"/>
<pin id="438" dir="1" index="1" bw="64" slack="1"/>
</pin_list>
<bind>
<opset="mul_ln107_read "/>
</bind>
</comp>

<comp id="441" class="1005" name="a_col_read_reg_441">
<pin_list>
<pin id="442" dir="0" index="0" bw="32" slack="1"/>
<pin id="443" dir="1" index="1" bw="32" slack="1"/>
</pin_list>
<bind>
<opset="a_col_read "/>
</bind>
</comp>

<comp id="446" class="1005" name="icmp_ln145_reg_446">
<pin_list>
<pin id="447" dir="0" index="0" bw="1" slack="1"/>
<pin id="448" dir="1" index="1" bw="1" slack="2147483647"/>
</pin_list>
<bind>
<opset="icmp_ln145 "/>
</bind>
</comp>

<comp id="450" class="1005" name="gmem0_addr_reg_450">
<pin_list>
<pin id="451" dir="0" index="0" bw="8" slack="1"/>
<pin id="452" dir="1" index="1" bw="8" slack="1"/>
</pin_list>
<bind>
<opset="gmem0_addr "/>
</bind>
</comp>

<comp id="455" class="1005" name="trunc_ln145_reg_455">
<pin_list>
<pin id="456" dir="0" index="0" bw="3" slack="2"/>
<pin id="457" dir="1" index="1" bw="3" slack="2147483647"/>
</pin_list>
<bind>
<opset="trunc_ln145 "/>
</bind>
</comp>

<comp id="459" class="1005" name="add_ln150_reg_459">
<pin_list>
<pin id="460" dir="0" index="0" bw="7" slack="2"/>
<pin id="461" dir="1" index="1" bw="7" slack="2"/>
</pin_list>
<bind>
<opset="add_ln150 "/>
</bind>
</comp>

<comp id="464" class="1005" name="gmem0_addr_read_reg_464">
<pin_list>
<pin id="465" dir="0" index="0" bw="8" slack="1"/>
<pin id="466" dir="1" index="1" bw="8" slack="1"/>
</pin_list>
<bind>
<opset="gmem0_addr_read "/>
</bind>
</comp>

</comp_list>

<net_list>
<net id="107"><net_src comp="24" pin="0"/><net_sink comp="104" pin=0"/></net>

<net id="111"><net_src comp="24" pin="0"/><net_sink comp="108" pin=0"/></net>

<net id="115"><net_src comp="24" pin="0"/><net_sink comp="112" pin=0"/></net>

<net id="120"><net_src comp="50" pin="0"/><net_sink comp="116" pin=0"/></net>

<net id="121"><net_src comp="6" pin="0"/><net_sink comp="116" pin=1"/></net>

<net id="126"><net_src comp="50" pin="0"/><net_sink comp="122" pin=0"/></net>

<net id="127"><net_src comp="4" pin="0"/><net_sink comp="122" pin=1"/></net>

<net id="132"><net_src comp="52" pin="0"/><net_sink comp="128" pin=0"/></net>

<net id="133"><net_src comp="2" pin="0"/><net_sink comp="128" pin=1"/></net>

<net id="138"><net_src comp="92" pin="0"/><net_sink comp="134" pin=0"/></net>

<net id="144"><net_src comp="8" pin="0"/><net_sink comp="139" pin=0"/></net>

<net id="145"><net_src comp="54" pin="0"/><net_sink comp="139" pin=1"/></net>

<net id="151"><net_src comp="10" pin="0"/><net_sink comp="146" pin=0"/></net>

<net id="152"><net_src comp="54" pin="0"/><net_sink comp="146" pin=1"/></net>

<net id="158"><net_src comp="12" pin="0"/><net_sink comp="153" pin=0"/></net>

<net id="159"><net_src comp="54" pin="0"/><net_sink comp="153" pin=1"/></net>

<net id="165"><net_src comp="14" pin="0"/><net_sink comp="160" pin=0"/></net>

<net id="166"><net_src comp="54" pin="0"/><net_sink comp="160" pin=1"/></net>

<net id="172"><net_src comp="16" pin="0"/><net_sink comp="167" pin=0"/></net>

<net id="173"><net_src comp="54" pin="0"/><net_sink comp="167" pin=1"/></net>

<net id="179"><net_src comp="18" pin="0"/><net_sink comp="174" pin=0"/></net>

<net id="180"><net_src comp="54" pin="0"/><net_sink comp="174" pin=1"/></net>

<net id="186"><net_src comp="20" pin="0"/><net_sink comp="181" pin=0"/></net>

<net id="187"><net_src comp="54" pin="0"/><net_sink comp="181" pin=1"/></net>

<net id="193"><net_src comp="22" pin="0"/><net_sink comp="188" pin=0"/></net>

<net id="194"><net_src comp="54" pin="0"/><net_sink comp="188" pin=1"/></net>

<net id="204"><net_src comp="181" pin="3"/><net_sink comp="195" pin=2"/></net>

<net id="214"><net_src comp="174" pin="3"/><net_sink comp="205" pin=2"/></net>

<net id="224"><net_src comp="167" pin="3"/><net_sink comp="215" pin=2"/></net>

<net id="234"><net_src comp="160" pin="3"/><net_sink comp="225" pin=2"/></net>

<net id="244"><net_src comp="153" pin="3"/><net_sink comp="235" pin=2"/></net>

<net id="254"><net_src comp="146" pin="3"/><net_sink comp="245" pin=2"/></net>

<net id="264"><net_src comp="139" pin="3"/><net_sink comp="255" pin=2"/></net>

<net id="274"><net_src comp="188" pin="3"/><net_sink comp="265" pin=2"/></net>

<net id="279"><net_src comp="54" pin="0"/><net_sink comp="275" pin=0"/></net>

<net id="284"><net_src comp="56" pin="0"/><net_sink comp="280" pin=0"/></net>

<net id="289"><net_src comp="58" pin="0"/><net_sink comp="285" pin=0"/></net>

<net id="299"><net_src comp="290" pin="1"/><net_sink comp="296" pin=0"/></net>

<net id="304"><net_src comp="296" pin="1"/><net_sink comp="300" pin=0"/></net>

<net id="309"><net_src comp="293" pin="1"/><net_sink comp="305" pin=0"/></net>

<net id="314"><net_src comp="293" pin="1"/><net_sink comp="310" pin=0"/></net>

<net id="315"><net_src comp="62" pin="0"/><net_sink comp="310" pin=1"/></net>

<net id="323"><net_src comp="0" pin="0"/><net_sink comp="319" pin=0"/></net>

<net id="328"><net_src comp="316" pin="1"/><net_sink comp="324" pin=0"/></net>

<net id="329"><net_src comp="64" pin="0"/><net_sink comp="324" pin=1"/></net>

<net id="335"><net_src comp="300" pin="2"/><net_sink comp="330" pin=0"/></net>

<net id="336"><net_src comp="290" pin="1"/><net_sink comp="330" pin=1"/></net>

<net id="337"><net_src comp="58" pin="0"/><net_sink comp="330" pin=2"/></net>

<net id="343"><net_src comp="300" pin="2"/><net_sink comp="338" pin=0"/></net>

<net id="344"><net_src comp="316" pin="1"/><net_sink comp="338" pin=1"/></net>

<net id="345"><net_src comp="324" pin="2"/><net_sink comp="338" pin=2"/></net>

<net id="349"><net_src comp="338" pin="3"/><net_sink comp="346" pin=0"/></net>

<net id="356"><net_src comp="66" pin="0"/><net_sink comp="350" pin=0"/></net>

<net id="357"><net_src comp="338" pin="3"/><net_sink comp="350" pin=1"/></net>

<net id="358"><net_src comp="68" pin="0"/><net_sink comp="350" pin=2"/></net>

<net id="359"><net_src comp="70" pin="0"/><net_sink comp="350" pin=3"/></net>

<net id="365"><net_src comp="72" pin="0"/><net_sink comp="360" pin=0"/></net>

<net id="366"><net_src comp="350" pin="4"/><net_sink comp="360" pin=1"/></net>

<net id="367"><net_src comp="74" pin="0"/><net_sink comp="360" pin=2"/></net>

<net id="371"><net_src comp="330" pin="3"/><net_sink comp="368" pin=0"/></net>

<net id="376"><net_src comp="360" pin="3"/><net_sink comp="372" pin=0"/></net>

<net id="377"><net_src comp="368" pin="1"/><net_sink comp="372" pin=1"/></net>

<net id="382"><net_src comp="330" pin="3"/><net_sink comp="378" pin=0"/></net>

<net id="383"><net_src comp="90" pin="0"/><net_sink comp="378" pin=1"/></net>

<net id="388"><net_src comp="310" pin="2"/><net_sink comp="384" pin=0"/></net>

<net id="393"><net_src comp="338" pin="3"/><net_sink comp="389" pin=0"/></net>

<net id="398"><net_src comp="378" pin="2"/><net_sink comp="394" pin=0"/></net>

<net id="402"><net_src comp="399" pin="1"/><net_sink comp="139" pin=2"/></net>

<net id="403"><net_src comp="399" pin="1"/><net_sink comp="146" pin=2"/></net>

<net id="404"><net_src comp="399" pin="1"/><net_sink comp="153" pin=2"/></net>

<net id="405"><net_src comp="399" pin="1"/><net_sink comp="160" pin=2"/></net>

<net id="406"><net_src comp="399" pin="1"/><net_sink comp="167" pin=2"/></net>

<net id="407"><net_src comp="399" pin="1"/><net_sink comp="174" pin=2"/></net>

<net id="408"><net_src comp="399" pin="1"/><net_sink comp="181" pin=2"/></net>

<net id="409"><net_src comp="399" pin="1"/><net_sink comp="188" pin=2"/></net>

<net id="413"><net_src comp="104" pin="1"/><net_sink comp="410" pin=0"/></net>

<net id="414"><net_src comp="410" pin="1"/><net_sink comp="285" pin=1"/></net>

<net id="415"><net_src comp="410" pin="1"/><net_sink comp="290" pin=0"/></net>

<net id="416"><net_src comp="410" pin="1"/><net_sink comp="394" pin=1"/></net>

<net id="420"><net_src comp="108" pin="1"/><net_sink comp="417" pin=0"/></net>

<net id="421"><net_src comp="417" pin="1"/><net_sink comp="280" pin=1"/></net>

<net id="422"><net_src comp="417" pin="1"/><net_sink comp="316" pin=0"/></net>

<net id="423"><net_src comp="417" pin="1"/><net_sink comp="389" pin=1"/></net>

<net id="427"><net_src comp="112" pin="1"/><net_sink comp="424" pin=0"/></net>

<net id="428"><net_src comp="424" pin="1"/><net_sink comp="275" pin=1"/></net>

<net id="429"><net_src comp="424" pin="1"/><net_sink comp="293" pin=0"/></net>

<net id="430"><net_src comp="424" pin="1"/><net_sink comp="384" pin=1"/></net>

<net id="434"><net_src comp="116" pin="2"/><net_sink comp="431" pin=0"/></net>

<net id="435"><net_src comp="431" pin="1"/><net_sink comp="319" pin=1"/></net>

<net id="439"><net_src comp="122" pin="2"/><net_sink comp="436" pin=0"/></net>

<net id="440"><net_src comp="436" pin="1"/><net_sink comp="305" pin=1"/></net>

<net id="444"><net_src comp="128" pin="2"/><net_sink comp="441" pin=0"/></net>

<net id="445"><net_src comp="441" pin="1"/><net_sink comp="300" pin=1"/></net>

<net id="449"><net_src comp="305" pin="2"/><net_sink comp="446" pin=0"/></net>

<net id="453"><net_src comp="319" pin="2"/><net_sink comp="450" pin=0"/></net>

<net id="454"><net_src comp="450" pin="1"/><net_sink comp="134" pin=1"/></net>

<net id="458"><net_src comp="346" pin="1"/><net_sink comp="455" pin=0"/></net>

<net id="462"><net_src comp="372" pin="2"/><net_sink comp="459" pin=0"/></net>

<net id="463"><net_src comp="459" pin="1"/><net_sink comp="399" pin=0"/></net>

<net id="467"><net_src comp="134" pin="2"/><net_sink comp="464" pin=0"/></net>

<net id="468"><net_src comp="464" pin="1"/><net_sink comp="195" pin=4"/></net>

<net id="469"><net_src comp="464" pin="1"/><net_sink comp="205" pin=4"/></net>

<net id="470"><net_src comp="464" pin="1"/><net_sink comp="215" pin=4"/></net>

<net id="471"><net_src comp="464" pin="1"/><net_sink comp="225" pin=4"/></net>

<net id="472"><net_src comp="464" pin="1"/><net_sink comp="235" pin=4"/></net>

<net id="473"><net_src comp="464" pin="1"/><net_sink comp="245" pin=4"/></net>

<net id="474"><net_src comp="464" pin="1"/><net_sink comp="255" pin=4"/></net>

<net id="475"><net_src comp="464" pin="1"/><net_sink comp="265" pin=4"/></net>

</net_list>

</model> 
---------------- Datapath Model END ------------------

* FSMD analyzer results:
  - Output states:
	Port: gmem0 | {}
	Port: localA | {4 }
	Port: localA_1 | {4 }
	Port: localA_2 | {4 }
	Port: localA_3 | {4 }
	Port: localA_4 | {4 }
	Port: localA_5 | {4 }
	Port: localA_6 | {4 }
	Port: localA_7 | {4 }
 - Input state : 
	Port: mmult_Pipeline_readA_VITIS_LOOP_147_1 : gmem0 | {3 }
	Port: mmult_Pipeline_readA_VITIS_LOOP_147_1 : a_col | {1 }
	Port: mmult_Pipeline_readA_VITIS_LOOP_147_1 : mul_ln107 | {1 }
	Port: mmult_Pipeline_readA_VITIS_LOOP_147_1 : a | {1 }
  - Chain level:
	State 1
		store_ln0 : 1
		store_ln145 : 1
		store_ln147 : 1
	State 2
		zext_ln147 : 1
		icmp_ln147 : 2
		icmp_ln145 : 1
		add_ln145_1 : 1
		br_ln145 : 2
		add_ln145 : 1
		select_ln145 : 3
		select_ln145_1 : 3
		trunc_ln145 : 4
		lshr_ln : 4
		tmp_9 : 5
		trunc_ln150 : 4
		add_ln150 : 6
		switch_ln150 : 5
		add_ln147 : 4
		store_ln145 : 2
		store_ln145 : 4
		store_ln147 : 5
	State 3
	State 4
		localA_addr : 1
		localA_1_addr : 1
		localA_2_addr : 1
		localA_3_addr : 1
		localA_4_addr : 1
		localA_5_addr : 1
		localA_6_addr : 1
		localA_7_addr : 1
		store_ln150 : 2
		store_ln150 : 2
		store_ln150 : 2
		store_ln150 : 2
		store_ln150 : 2
		store_ln150 : 2
		store_ln150 : 2
		store_ln150 : 2


============================================================
+ Verbose Summary: Datapath Resource usage 
============================================================

* Functional unit list:
|----------|-----------------------------|---------|---------|
| Operation|       Functional Unit       |    FF   |   LUT   |
|----------|-----------------------------|---------|---------|
|          |      add_ln145_1_fu_310     |    0    |    71   |
|    add   |       add_ln145_fu_324      |    0    |    38   |
|          |       add_ln150_fu_372      |    0    |    14   |
|          |       add_ln147_fu_378      |    0    |    15   |
|----------|-----------------------------|---------|---------|
|   icmp   |      icmp_ln147_fu_300      |    0    |    39   |
|          |      icmp_ln145_fu_305      |    0    |    71   |
|----------|-----------------------------|---------|---------|
|  select  |     select_ln145_fu_330     |    0    |    8    |
|          |    select_ln145_1_fu_338    |    0    |    31   |
|----------|-----------------------------|---------|---------|
|          |      a_read_read_fu_116     |    0    |    0    |
|   read   |  mul_ln107_read_read_fu_122 |    0    |    0    |
|          |    a_col_read_read_fu_128   |    0    |    0    |
|          | gmem0_addr_read_read_fu_134 |    0    |    0    |
|----------|-----------------------------|---------|---------|
|   zext   |      zext_ln147_fu_296      |    0    |    0    |
|          |      zext_ln150_fu_399      |    0    |    0    |
|----------|-----------------------------|---------|---------|
|   trunc  |      trunc_ln145_fu_346     |    0    |    0    |
|          |      trunc_ln150_fu_368     |    0    |    0    |
|----------|-----------------------------|---------|---------|
|partselect|        lshr_ln_fu_350       |    0    |    0    |
|----------|-----------------------------|---------|---------|
|bitconcatenate|         tmp_9_fu_360        |    0    |    0    |
|----------|-----------------------------|---------|---------|
|   Total  |                             |    0    |   287   |
|----------|-----------------------------|---------|---------|

Memories:
N/A

* Register list:
+-----------------------+--------+
|                       |   FF   |
+-----------------------+--------+
|   a_col_read_reg_441  |   32   |
|     a_read_reg_431    |   64   |
|   add_ln150_reg_459   |    7   |
|gmem0_addr_read_reg_464|    8   |
|   gmem0_addr_reg_450  |    8   |
|       i_reg_417       |   31   |
|   icmp_ln145_reg_446  |    1   |
| indvar_flatten_reg_424|   64   |
|       j_reg_410       |    8   |
| mul_ln107_read_reg_436|   64   |
|  trunc_ln145_reg_455  |    3   |
+-----------------------+--------+
|         Total         |   290  |
+-----------------------+--------+

* Multiplexer (MUX) list: 
|--------|------|------|------|--------|
|  Comp  |  Pin | Size |  BW  | S x BW |
|--------|------|------|------|--------|
|  Total |      |      |      |    0   |
|--------|------|------|------|--------|



* Summary:
+-----------+--------+--------+
|           |   FF   |   LUT  |
+-----------+--------+--------+
|  Function |    0   |   287  |
|   Memory  |    -   |    -   |
|Multiplexer|    -   |    -   |
|  Register |   290  |    -   |
+-----------+--------+--------+
|   Total   |   290  |   287  |
+-----------+--------+--------+
