

================================================================
== Vitis HLS Report for 'mmult_Pipeline_readB_VITIS_LOOP_158_2'
================================================================
* Date:           Sat Jun  6 17:47:13 2026

* Version:        2023.2 (Build 4023990 on Oct 11 2023)
* Project:        hls_prj
* Solution:       s1 (Vivado IP Flow Target)
* Product family: zynquplus
* Target device:  xck26-sfvc784-2LV-c


================================================================
== Performance Estimates
================================================================
+ Timing: 
    * Summary: 
    +--------+---------+----------+------------+
    |  Clock |  Target | Estimated| Uncertainty|
    +--------+---------+----------+------------+
    |ap_clk  |  3.30 ns|  2.867 ns|     0.89 ns|
    +--------+---------+----------+------------+

+ Latency: 
    * Summary: 
    +---------+---------+----------+----------+-----+-----+---------+
    |  Latency (cycles) |  Latency (absolute) |  Interval | Pipeline|
    |   min   |   max   |    min   |    max   | min | max |   Type  |
    +---------+---------+----------+----------+-----+-----+---------+
    |       67|       67|  0.221 us|  0.221 us|   67|   67|       no|
    +---------+---------+----------+----------+-----+-----+---------+

    + Detail: 
        * Instance: 
        N/A

        * Loop: 
        +--------------------------+---------+---------+----------+-----------+-----------+------+----------+
        |                          |  Latency (cycles) | Iteration|  Initiation Interval  | Trip |          |
        |         Loop Name        |   min   |   max   |  Latency |  achieved |   target  | Count| Pipelined|
        +--------------------------+---------+---------+----------+-----------+-----------+------+----------+
        |- readB_VITIS_LOOP_158_2  |       65|       65|         3|          1|          1|    64|       yes|
        +--------------------------+---------+---------+----------+-----------+-----------+------+----------+

============================================================
+ Verbose Summary: Synthesis Manager
============================================================
InlineROM: 1
ExposeGlobal: 0
============================================================
+ Verbose Summary: CDFG Model
============================================================
IsTopModel: 0
ResetActiveHigh: 1
IsCombinational: 0
IsDatapathOnly: 0
HasWiredReturn: 1
HasMFsm: 2
HasVarLatency: 1
IsPipeline: 0
IsRtlPipelined: 0
IsInstanceOverlapped: 0
IsDontTouch: 0
HasImplIP: 0
IsGatedGlobalClock: 0

+ Individual pipeline summary: 
  * Pipeline-0: initiation interval (II) = 1, depth = 4


============================================================
+ Verbose Summary: Schedule
============================================================
* Number of FSM states : 4
* Pipeline : 1
  Pipeline-0 : II = 1, D = 4, States = { 1 2 3 4 }
* Dataflow Pipeline: 0

* FSM state transitions: 
1 --> 2 
2 --> 3 
3 --> 4 
4 --> 

* FSM state operations: 

State 1 <SV = 0> <Delay = 0.42>
ST_1 : Operation 6 [1/1] (0.00ns)   --->   "%j_1 = alloca i32 1" [mmult.cpp:158]   --->   Operation 6 'alloca' 'j_1' <Predicate = true> <Delay = 0.00>
ST_1 : Operation 7 [1/1] (0.00ns)   --->   "%i = alloca i32 1" [mmult.cpp:156]   --->   Operation 7 'alloca' 'i' <Predicate = true> <Delay = 0.00>
ST_1 : Operation 8 [1/1] (0.00ns)   --->   "%indvar_flatten9 = alloca i32 1"   --->   Operation 8 'alloca' 'indvar_flatten9' <Predicate = true> <Delay = 0.00>
ST_1 : Operation 9 [1/1] (0.00ns)   --->   "%specmemcore_ln0 = specmemcore void @_ssdm_op_SpecMemCore, i8 %localB, i64 666, i64 23, i64 18446744073709551615"   --->   Operation 9 'specmemcore' 'specmemcore_ln0' <Predicate = true> <Delay = 0.00>
ST_1 : Operation 10 [1/1] (0.00ns)   --->   "%specmemcore_ln0 = specmemcore void @_ssdm_op_SpecMemCore, i8 %localB_1, i64 666, i64 23, i64 18446744073709551615"   --->   Operation 10 'specmemcore' 'specmemcore_ln0' <Predicate = true> <Delay = 0.00>
ST_1 : Operation 11 [1/1] (0.00ns)   --->   "%specmemcore_ln0 = specmemcore void @_ssdm_op_SpecMemCore, i8 %localB_2, i64 666, i64 23, i64 18446744073709551615"   --->   Operation 11 'specmemcore' 'specmemcore_ln0' <Predicate = true> <Delay = 0.00>
ST_1 : Operation 12 [1/1] (0.00ns)   --->   "%specmemcore_ln0 = specmemcore void @_ssdm_op_SpecMemCore, i8 %localB_3, i64 666, i64 23, i64 18446744073709551615"   --->   Operation 12 'specmemcore' 'specmemcore_ln0' <Predicate = true> <Delay = 0.00>
ST_1 : Operation 13 [1/1] (0.00ns)   --->   "%specmemcore_ln0 = specmemcore void @_ssdm_op_SpecMemCore, i8 %localB_4, i64 666, i64 23, i64 18446744073709551615"   --->   Operation 13 'specmemcore' 'specmemcore_ln0' <Predicate = true> <Delay = 0.00>
ST_1 : Operation 14 [1/1] (0.00ns)   --->   "%specmemcore_ln0 = specmemcore void @_ssdm_op_SpecMemCore, i8 %localB_5, i64 666, i64 23, i64 18446744073709551615"   --->   Operation 14 'specmemcore' 'specmemcore_ln0' <Predicate = true> <Delay = 0.00>
ST_1 : Operation 15 [1/1] (0.00ns)   --->   "%specmemcore_ln0 = specmemcore void @_ssdm_op_SpecMemCore, i8 %localB_6, i64 666, i64 23, i64 18446744073709551615"   --->   Operation 15 'specmemcore' 'specmemcore_ln0' <Predicate = true> <Delay = 0.00>
ST_1 : Operation 16 [1/1] (0.00ns)   --->   "%specmemcore_ln0 = specmemcore void @_ssdm_op_SpecMemCore, i8 %localB_7, i64 666, i64 23, i64 18446744073709551615"   --->   Operation 16 'specmemcore' 'specmemcore_ln0' <Predicate = true> <Delay = 0.00>
ST_1 : Operation 17 [1/1] (0.00ns)   --->   "%specinterface_ln0 = specinterface void @_ssdm_op_SpecInterface, i8 %gmem1, void @empty_2, i32 0, i32 0, void @empty_3, i32 0, i32 0, void @empty_5, void @empty_10, void @empty_3, i32 16, i32 16, i32 16, i32 16, void @empty_3, void @empty_3, i32 4294967295, i32 0"   --->   Operation 17 'specinterface' 'specinterface_ln0' <Predicate = true> <Delay = 0.00>
ST_1 : Operation 18 [1/1] (0.00ns)   --->   "%b_read = read i64 @_ssdm_op_Read.ap_auto.i64, i64 %b"   --->   Operation 18 'read' 'b_read' <Predicate = true> <Delay = 0.00>
ST_1 : Operation 19 [1/1] (0.00ns)   --->   "%mul_ln145_1_read = read i64 @_ssdm_op_Read.ap_auto.i64, i64 %mul_ln145_1"   --->   Operation 19 'read' 'mul_ln145_1_read' <Predicate = true> <Delay = 0.00>
ST_1 : Operation 20 [1/1] (0.00ns)   --->   "%b_col_read = read i32 @_ssdm_op_Read.ap_auto.i32, i32 %b_col"   --->   Operation 20 'read' 'b_col_read' <Predicate = true> <Delay = 0.00>
ST_1 : Operation 21 [1/1] (0.42ns)   --->   "%store_ln0 = store i64 0, i64 %indvar_flatten9"   --->   Operation 21 'store' 'store_ln0' <Predicate = true> <Delay = 0.42>
ST_1 : Operation 22 [1/1] (0.42ns)   --->   "%store_ln156 = store i31 0, i31 %i" [mmult.cpp:156]   --->   Operation 22 'store' 'store_ln156' <Predicate = true> <Delay = 0.42>
ST_1 : Operation 23 [1/1] (0.42ns)   --->   "%store_ln158 = store i31 0, i31 %j_1" [mmult.cpp:158]   --->   Operation 23 'store' 'store_ln158' <Predicate = true> <Delay = 0.42>
ST_1 : Operation 24 [1/1] (0.00ns)   --->   "%br_ln0 = br void %for.inc30"   --->   Operation 24 'br' 'br_ln0' <Predicate = true> <Delay = 0.00>

State 2 <SV = 1> <Delay = 2.86>
ST_2 : Operation 25 [1/1] (0.00ns)   --->   "%j = load i31 %j_1" [mmult.cpp:158]   --->   Operation 25 'load' 'j' <Predicate = true> <Delay = 0.00>
ST_2 : Operation 26 [1/1] (0.00ns)   --->   "%indvar_flatten9_load = load i64 %indvar_flatten9" [mmult.cpp:156]   --->   Operation 26 'load' 'indvar_flatten9_load' <Predicate = true> <Delay = 0.00>
ST_2 : Operation 27 [1/1] (0.00ns)   --->   "%specbitsmap_ln0 = specbitsmap void @_ssdm_op_SpecBitsMap, i8 %gmem1"   --->   Operation 27 'specbitsmap' 'specbitsmap_ln0' <Predicate = true> <Delay = 0.00>
ST_2 : Operation 28 [1/1] (0.00ns)   --->   "%zext_ln158 = zext i31 %j" [mmult.cpp:158]   --->   Operation 28 'zext' 'zext_ln158' <Predicate = true> <Delay = 0.00>
ST_2 : Operation 29 [1/1] (1.01ns)   --->   "%icmp_ln158 = icmp_slt  i32 %zext_ln158, i32 %b_col_read" [mmult.cpp:158]   --->   Operation 29 'icmp' 'icmp_ln158' <Predicate = true> <Delay = 1.01> <CoreInst = "Cmp">   --->   Core 9 'Cmp' <Latency = 0> <II = 1> <Delay = 1.01> <FuncUnit> <Opcode : 'icmp'> <InPorts = 2> <OutPorts = 1>
ST_2 : Operation 30 [1/1] (1.08ns)   --->   "%icmp_ln156 = icmp_eq  i64 %indvar_flatten9_load, i64 %mul_ln145_1_read" [mmult.cpp:156]   --->   Operation 30 'icmp' 'icmp_ln156' <Predicate = true> <Delay = 1.08> <CoreInst = "Cmp">   --->   Core 9 'Cmp' <Latency = 0> <II = 1> <Delay = 1.08> <FuncUnit> <Opcode : 'icmp'> <InPorts = 2> <OutPorts = 1>
ST_2 : Operation 31 [1/1] (1.08ns)   --->   "%add_ln156 = add i64 %indvar_flatten9_load, i64 1" [mmult.cpp:156]   --->   Operation 31 'add' 'add_ln156' <Predicate = true> <Delay = 1.08> <CoreInst = "Adder">   --->   Core 1 'Adder' <Latency = 0> <II = 1> <Delay = 1.08> <FuncUnit> <Opcode : 'add' 'sub'> <InPorts = 2> <OutPorts = 1>
ST_2 : Operation 32 [1/1] (0.00ns)   --->   "%br_ln156 = br i1 %icmp_ln156, void %for.inc33.loopexit, void %for.inc65.preheader.exitStub" [mmult.cpp:156]   --->   Operation 32 'br' 'br_ln156' <Predicate = true> <Delay = 0.00>
ST_2 : Operation 33 [1/1] (0.00ns)   --->   "%gmem1_addr = getelementptr i8 %gmem1, i64 %b_read" [mmult.cpp:156]   --->   Operation 33 'getelementptr' 'gmem1_addr' <Predicate = (!icmp_ln156)> <Delay = 0.00>
ST_2 : Operation 34 [1/1] (0.41ns)   --->   "%select_ln156 = select i1 %icmp_ln158, i31 %j, i31 0" [mmult.cpp:156]   --->   Operation 34 'select' 'select_ln156' <Predicate = (!icmp_ln156)> <Delay = 0.41> <CoreInst = "Sel">   --->   Core 73 'Sel' <Latency = 0> <II = 1> <Delay = 0.41> <FuncUnit> <Opcode : 'select'> <InPorts = 3> <OutPorts = 1>
ST_2 : Operation 35 [1/1] (0.00ns)   --->   "%trunc_ln158 = trunc i31 %select_ln156" [mmult.cpp:158]   --->   Operation 35 'trunc' 'trunc_ln158' <Predicate = (!icmp_ln156)> <Delay = 0.00>
ST_2 : Operation 36 [1/1] (0.73ns)   --->   "%switch_ln161 = switch i3 %trunc_ln158, void %arrayidx293.case.7, i3 0, void %arrayidx293.case.0, i3 1, void %arrayidx293.case.1, i3 2, void %arrayidx293.case.2, i3 3, void %arrayidx293.case.3, i3 4, void %arrayidx293.case.4, i3 5, void %arrayidx293.case.5, i3 6, void %arrayidx293.case.6" [mmult.cpp:161]   --->   Operation 36 'switch' 'switch_ln161' <Predicate = (!icmp_ln156)> <Delay = 0.73>
ST_2 : Operation 37 [1/1] (1.00ns)   --->   "%add_ln158 = add i31 %select_ln156, i31 1" [mmult.cpp:158]   --->   Operation 37 'add' 'add_ln158' <Predicate = (!icmp_ln156)> <Delay = 1.00> <CoreInst = "Adder">   --->   Core 1 'Adder' <Latency = 0> <II = 1> <Delay = 1.00> <FuncUnit> <Opcode : 'add' 'sub'> <InPorts = 2> <OutPorts = 1>
ST_2 : Operation 38 [1/1] (0.42ns)   --->   "%store_ln156 = store i64 %add_ln156, i64 %indvar_flatten9" [mmult.cpp:156]   --->   Operation 38 'store' 'store_ln156' <Predicate = (!icmp_ln156)> <Delay = 0.42>
ST_2 : Operation 39 [1/1] (0.42ns)   --->   "%store_ln158 = store i31 %add_ln158, i31 %j_1" [mmult.cpp:158]   --->   Operation 39 'store' 'store_ln158' <Predicate = (!icmp_ln156)> <Delay = 0.42>

State 3 <SV = 2> <Delay = 2.40>
ST_3 : Operation 40 [1/1] (2.40ns)   --->   "%gmem1_addr_read = read i8 @_ssdm_op_Read.m_axi.p1i8, i8 %gmem1_addr" [mmult.cpp:161]   --->   Operation 40 'read' 'gmem1_addr_read' <Predicate = true> <Delay = 2.40> <CoreInst = "m_axi">   --->   Core 121 'm_axi' <Latency = 0> <II = 1> <Delay = 1.00> <Adapter> <Opcode : 'read' 'write' 'readreq' 'writereq' 'writeresp'>
ST_3 : Operation 74 [1/1] (0.00ns)   --->   "%ret_ln0 = ret"   --->   Operation 74 'ret' 'ret_ln0' <Predicate = (icmp_ln156)> <Delay = 0.00>

State 4 <SV = 3> <Delay = 2.10>
ST_4 : Operation 41 [1/1] (0.00ns)   --->   "%i_load = load i31 %i" [mmult.cpp:156]   --->   Operation 41 'load' 'i_load' <Predicate = true> <Delay = 0.00>
ST_4 : Operation 42 [1/1] (0.00ns)   --->   "%specloopname_ln0 = specloopname void @_ssdm_op_SpecLoopName, void @readB_VITIS_LOOP_158_2_str"   --->   Operation 42 'specloopname' 'specloopname_ln0' <Predicate = true> <Delay = 0.00>
ST_4 : Operation 43 [1/1] (0.00ns)   --->   "%speclooptripcount_ln0 = speclooptripcount void @_ssdm_op_SpecLoopTripCount, i64 64, i64 64, i64 64"   --->   Operation 43 'speclooptripcount' 'speclooptripcount_ln0' <Predicate = true> <Delay = 0.00>
ST_4 : Operation 44 [1/1] (1.00ns)   --->   "%add_ln156_1 = add i31 %i_load, i31 1" [mmult.cpp:156]   --->   Operation 44 'add' 'add_ln156_1' <Predicate = (!icmp_ln158)> <Delay = 1.00> <CoreInst = "Adder">   --->   Core 1 'Adder' <Latency = 0> <II = 1> <Delay = 1.00> <FuncUnit> <Opcode : 'add' 'sub'> <InPorts = 2> <OutPorts = 1>
ST_4 : Operation 45 [1/1] (0.41ns)   --->   "%select_ln156_1 = select i1 %icmp_ln158, i31 %i_load, i31 %add_ln156_1" [mmult.cpp:156]   --->   Operation 45 'select' 'select_ln156_1' <Predicate = true> <Delay = 0.41> <CoreInst = "Sel">   --->   Core 73 'Sel' <Latency = 0> <II = 1> <Delay = 0.41> <FuncUnit> <Opcode : 'select'> <InPorts = 3> <OutPorts = 1>
ST_4 : Operation 46 [1/1] (0.00ns)   --->   "%zext_ln156 = zext i31 %select_ln156_1" [mmult.cpp:156]   --->   Operation 46 'zext' 'zext_ln156' <Predicate = true> <Delay = 0.00>
ST_4 : Operation 47 [1/1] (0.00ns)   --->   "%localB_addr = getelementptr i8 %localB, i64 0, i64 %zext_ln156" [mmult.cpp:156]   --->   Operation 47 'getelementptr' 'localB_addr' <Predicate = true> <Delay = 0.00>
ST_4 : Operation 48 [1/1] (0.00ns)   --->   "%localB_1_addr = getelementptr i8 %localB_1, i64 0, i64 %zext_ln156" [mmult.cpp:156]   --->   Operation 48 'getelementptr' 'localB_1_addr' <Predicate = true> <Delay = 0.00>
ST_4 : Operation 49 [1/1] (0.00ns)   --->   "%localB_2_addr = getelementptr i8 %localB_2, i64 0, i64 %zext_ln156" [mmult.cpp:156]   --->   Operation 49 'getelementptr' 'localB_2_addr' <Predicate = true> <Delay = 0.00>
ST_4 : Operation 50 [1/1] (0.00ns)   --->   "%localB_3_addr = getelementptr i8 %localB_3, i64 0, i64 %zext_ln156" [mmult.cpp:156]   --->   Operation 50 'getelementptr' 'localB_3_addr' <Predicate = true> <Delay = 0.00>
ST_4 : Operation 51 [1/1] (0.00ns)   --->   "%localB_4_addr = getelementptr i8 %localB_4, i64 0, i64 %zext_ln156" [mmult.cpp:156]   --->   Operation 51 'getelementptr' 'localB_4_addr' <Predicate = true> <Delay = 0.00>
ST_4 : Operation 52 [1/1] (0.00ns)   --->   "%localB_5_addr = getelementptr i8 %localB_5, i64 0, i64 %zext_ln156" [mmult.cpp:156]   --->   Operation 52 'getelementptr' 'localB_5_addr' <Predicate = true> <Delay = 0.00>
ST_4 : Operation 53 [1/1] (0.00ns)   --->   "%localB_6_addr = getelementptr i8 %localB_6, i64 0, i64 %zext_ln156" [mmult.cpp:156]   --->   Operation 53 'getelementptr' 'localB_6_addr' <Predicate = true> <Delay = 0.00>
ST_4 : Operation 54 [1/1] (0.00ns)   --->   "%localB_7_addr = getelementptr i8 %localB_7, i64 0, i64 %zext_ln156" [mmult.cpp:156]   --->   Operation 54 'getelementptr' 'localB_7_addr' <Predicate = true> <Delay = 0.00>
ST_4 : Operation 55 [1/1] (0.00ns)   --->   "%specpipeline_ln160 = specpipeline void @_ssdm_op_SpecPipeline, i32 1, i32 0, i32 0, i32 0, void @empty_3" [mmult.cpp:160]   --->   Operation 55 'specpipeline' 'specpipeline_ln160' <Predicate = true> <Delay = 0.00>
ST_4 : Operation 56 [1/1] (0.67ns)   --->   "%store_ln161 = store i8 %gmem1_addr_read, i3 %localB_6_addr" [mmult.cpp:161]   --->   Operation 56 'store' 'store_ln161' <Predicate = (trunc_ln158 == 6)> <Delay = 0.67> <CoreInst = "RAM_2P_LUTRAM">   --->   Core 93 'RAM_2P_LUTRAM' <Latency = 1> <II = 1> <Delay = 0.67> <Storage> <Opcode : 'load' 'store'> <Ports = 2> <Width = 8> <Depth = 8> <RAM>
ST_4 : Operation 57 [1/1] (0.00ns)   --->   "%br_ln161 = br void %arrayidx293.exit" [mmult.cpp:161]   --->   Operation 57 'br' 'br_ln161' <Predicate = (trunc_ln158 == 6)> <Delay = 0.00>
ST_4 : Operation 58 [1/1] (0.67ns)   --->   "%store_ln161 = store i8 %gmem1_addr_read, i3 %localB_5_addr" [mmult.cpp:161]   --->   Operation 58 'store' 'store_ln161' <Predicate = (trunc_ln158 == 5)> <Delay = 0.67> <CoreInst = "RAM_2P_LUTRAM">   --->   Core 93 'RAM_2P_LUTRAM' <Latency = 1> <II = 1> <Delay = 0.67> <Storage> <Opcode : 'load' 'store'> <Ports = 2> <Width = 8> <Depth = 8> <RAM>
ST_4 : Operation 59 [1/1] (0.00ns)   --->   "%br_ln161 = br void %arrayidx293.exit" [mmult.cpp:161]   --->   Operation 59 'br' 'br_ln161' <Predicate = (trunc_ln158 == 5)> <Delay = 0.00>
ST_4 : Operation 60 [1/1] (0.67ns)   --->   "%store_ln161 = store i8 %gmem1_addr_read, i3 %localB_4_addr" [mmult.cpp:161]   --->   Operation 60 'store' 'store_ln161' <Predicate = (trunc_ln158 == 4)> <Delay = 0.67> <CoreInst = "RAM_2P_LUTRAM">   --->   Core 93 'RAM_2P_LUTRAM' <Latency = 1> <II = 1> <Delay = 0.67> <Storage> <Opcode : 'load' 'store'> <Ports = 2> <Width = 8> <Depth = 8> <RAM>
ST_4 : Operation 61 [1/1] (0.00ns)   --->   "%br_ln161 = br void %arrayidx293.exit" [mmult.cpp:161]   --->   Operation 61 'br' 'br_ln161' <Predicate = (trunc_ln158 == 4)> <Delay = 0.00>
ST_4 : Operation 62 [1/1] (0.67ns)   --->   "%store_ln161 = store i8 %gmem1_addr_read, i3 %localB_3_addr" [mmult.cpp:161]   --->   Operation 62 'store' 'store_ln161' <Predicate = (trunc_ln158 == 3)> <Delay = 0.67> <CoreInst = "RAM_2P_LUTRAM">   --->   Core 93 'RAM_2P_LUTRAM' <Latency = 1> <II = 1> <Delay = 0.67> <Storage> <Opcode : 'load' 'store'> <Ports = 2> <Width = 8> <Depth = 8> <RAM>
ST_4 : Operation 63 [1/1] (0.00ns)   --->   "%br_ln161 = br void %arrayidx293.exit" [mmult.cpp:161]   --->   Operation 63 'br' 'br_ln161' <Predicate = (trunc_ln158 == 3)> <Delay = 0.00>
ST_4 : Operation 64 [1/1] (0.67ns)   --->   "%store_ln161 = store i8 %gmem1_addr_read, i3 %localB_2_addr" [mmult.cpp:161]   --->   Operation 64 'store' 'store_ln161' <Predicate = (trunc_ln158 == 2)> <Delay = 0.67> <CoreInst = "RAM_2P_LUTRAM">   --->   Core 93 'RAM_2P_LUTRAM' <Latency = 1> <II = 1> <Delay = 0.67> <Storage> <Opcode : 'load' 'store'> <Ports = 2> <Width = 8> <Depth = 8> <RAM>
ST_4 : Operation 65 [1/1] (0.00ns)   --->   "%br_ln161 = br void %arrayidx293.exit" [mmult.cpp:161]   --->   Operation 65 'br' 'br_ln161' <Predicate = (trunc_ln158 == 2)> <Delay = 0.00>
ST_4 : Operation 66 [1/1] (0.67ns)   --->   "%store_ln161 = store i8 %gmem1_addr_read, i3 %localB_1_addr" [mmult.cpp:161]   --->   Operation 66 'store' 'store_ln161' <Predicate = (trunc_ln158 == 1)> <Delay = 0.67> <CoreInst = "RAM_2P_LUTRAM">   --->   Core 93 'RAM_2P_LUTRAM' <Latency = 1> <II = 1> <Delay = 0.67> <Storage> <Opcode : 'load' 'store'> <Ports = 2> <Width = 8> <Depth = 8> <RAM>
ST_4 : Operation 67 [1/1] (0.00ns)   --->   "%br_ln161 = br void %arrayidx293.exit" [mmult.cpp:161]   --->   Operation 67 'br' 'br_ln161' <Predicate = (trunc_ln158 == 1)> <Delay = 0.00>
ST_4 : Operation 68 [1/1] (0.67ns)   --->   "%store_ln161 = store i8 %gmem1_addr_read, i3 %localB_addr" [mmult.cpp:161]   --->   Operation 68 'store' 'store_ln161' <Predicate = (trunc_ln158 == 0)> <Delay = 0.67> <CoreInst = "RAM_2P_LUTRAM">   --->   Core 93 'RAM_2P_LUTRAM' <Latency = 1> <II = 1> <Delay = 0.67> <Storage> <Opcode : 'load' 'store'> <Ports = 2> <Width = 8> <Depth = 8> <RAM>
ST_4 : Operation 69 [1/1] (0.00ns)   --->   "%br_ln161 = br void %arrayidx293.exit" [mmult.cpp:161]   --->   Operation 69 'br' 'br_ln161' <Predicate = (trunc_ln158 == 0)> <Delay = 0.00>
ST_4 : Operation 70 [1/1] (0.67ns)   --->   "%store_ln161 = store i8 %gmem1_addr_read, i3 %localB_7_addr" [mmult.cpp:161]   --->   Operation 70 'store' 'store_ln161' <Predicate = (trunc_ln158 == 7)> <Delay = 0.67> <CoreInst = "RAM_2P_LUTRAM">   --->   Core 93 'RAM_2P_LUTRAM' <Latency = 1> <II = 1> <Delay = 0.67> <Storage> <Opcode : 'load' 'store'> <Ports = 2> <Width = 8> <Depth = 8> <RAM>
ST_4 : Operation 71 [1/1] (0.00ns)   --->   "%br_ln161 = br void %arrayidx293.exit" [mmult.cpp:161]   --->   Operation 71 'br' 'br_ln161' <Predicate = (trunc_ln158 == 7)> <Delay = 0.00>
ST_4 : Operation 72 [1/1] (0.42ns)   --->   "%store_ln156 = store i31 %select_ln156_1, i31 %i" [mmult.cpp:156]   --->   Operation 72 'store' 'store_ln156' <Predicate = true> <Delay = 0.42>
ST_4 : Operation 73 [1/1] (0.00ns)   --->   "%br_ln158 = br void %for.inc30" [mmult.cpp:158]   --->   Operation 73 'br' 'br_ln158' <Predicate = true> <Delay = 0.00>


============================================================
+ Verbose Summary: Timing violations
============================================================
Target clock period: 3.300ns, clock uncertainty: 0.891ns.

 <State 1>: 0.427ns
The critical path consists of the following:
	'alloca' operation 64 bit ('indvar_flatten9') [15]  (0.000 ns)
	'store' operation 0 bit ('store_ln0') of constant 0 on local variable 'indvar_flatten9' [28]  (0.427 ns)

 <State 2>: 2.867ns
The critical path consists of the following:
	'load' operation 31 bit ('j', mmult.cpp:158) on local variable 'j', mmult.cpp:158 [33]  (0.000 ns)
	'icmp' operation 1 bit ('icmp_ln158', mmult.cpp:158) [37]  (1.016 ns)
	'select' operation 31 bit ('select_ln156', mmult.cpp:156) [46]  (0.418 ns)
	'add' operation 31 bit ('add_ln158', mmult.cpp:158) [87]  (1.006 ns)
	'store' operation 0 bit ('store_ln158', mmult.cpp:158) of variable 'add_ln158', mmult.cpp:158 on local variable 'j', mmult.cpp:158 [90]  (0.427 ns)

 <State 3>: 2.409ns
The critical path consists of the following:
	bus read operation ('gmem1_addr_read', mmult.cpp:161) on port 'gmem1' (mmult.cpp:161) [60]  (2.409 ns)

 <State 4>: 2.101ns
The critical path consists of the following:
	'load' operation 31 bit ('i_load', mmult.cpp:156) on local variable 'i', mmult.cpp:156 [42]  (0.000 ns)
	'add' operation 31 bit ('add_ln156_1', mmult.cpp:156) [47]  (1.006 ns)
	'select' operation 31 bit ('select_ln156_1', mmult.cpp:156) [48]  (0.418 ns)
	'getelementptr' operation 3 bit ('localB_6_addr', mmult.cpp:156) [56]  (0.000 ns)
	'store' operation 0 bit ('store_ln161', mmult.cpp:161) of variable 'gmem1_addr_read', mmult.cpp:161 on array 'localB_6' [63]  (0.677 ns)


============================================================
+ Verbose Summary: Binding
============================================================
N/A
* FSMD analyzer results:
  - Output states:
 - Input state : 
  - Chain level:
	State 1
	State 2
	State 3
	State 4


============================================================
+ Verbose Summary: Datapath Resource usage 
============================================================
N/A
