

================================================================
== Vitis HLS Report for 'mmult_Pipeline_readB'
================================================================
* Date:           Thu Apr 23 02:44:03 2026

* Version:        2023.2 (Build 4023990 on Oct 11 2023)
* Project:        hls_prj
* Solution:       s1 (Vivado IP Flow Target)
* Product family: zynquplus
* Target device:  xck26-sfvc784-2LV-c


================================================================
== Performance Estimates
================================================================
+ Timing: 
    * Summary: 
    +--------+---------+----------+------------+
    |  Clock |  Target | Estimated| Uncertainty|
    +--------+---------+----------+------------+
    |ap_clk  |  3.30 ns|  2.409 ns|     0.89 ns|
    +--------+---------+----------+------------+

+ Latency: 
    * Summary: 
    +---------+---------+----------+----------+------+------+---------+
    |  Latency (cycles) |  Latency (absolute) |   Interval  | Pipeline|
    |   min   |   max   |    min   |    max   |  min |  max |   Type  |
    +---------+---------+----------+----------+------+------+---------+
    |     2050|     2050|  6.765 us|  6.765 us|  2050|  2050|       no|
    +---------+---------+----------+----------+------+------+---------+

    + Detail: 
        * Instance: 
        N/A

        * Loop: 
        +----------+---------+---------+----------+-----------+-----------+------+----------+
        |          |  Latency (cycles) | Iteration|  Initiation Interval  | Trip |          |
        | Loop Name|   min   |   max   |  Latency |  achieved |   target  | Count| Pipelined|
        +----------+---------+---------+----------+-----------+-----------+------+----------+
        |- readB   |     2048|     2048|         3|          2|          1|  1024|       yes|
        +----------+---------+---------+----------+-----------+-----------+------+----------+

============================================================
+ Verbose Summary: Synthesis Manager
============================================================
InlineROM: 1
ExposeGlobal: 0
============================================================
+ Verbose Summary: CDFG Model
============================================================
IsTopModel: 0
ResetActiveHigh: 1
IsCombinational: 0
IsDatapathOnly: 0
HasWiredReturn: 1
HasMFsm: 2
HasVarLatency: 1
IsPipeline: 0
IsRtlPipelined: 0
IsInstanceOverlapped: 0
IsDontTouch: 0
HasImplIP: 0
IsGatedGlobalClock: 0

+ Individual pipeline summary: 
  * Pipeline-0: initiation interval (II) = 2, depth = 4


============================================================
+ Verbose Summary: Schedule
============================================================
* Number of FSM states : 4
* Pipeline : 1
  Pipeline-0 : II = 2, D = 4, States = { 1 2 3 4 }
* Dataflow Pipeline: 0

* FSM state transitions: 
1 --> 2 
2 --> 3 
3 --> 4 
4 --> 

* FSM state operations: 

State 1 <SV = 0> <Delay = 0.42>
ST_1 : Operation 6 [1/1] (0.00ns)   --->   "%i = alloca i32 1" [mmult.cpp:177]   --->   Operation 6 'alloca' 'i' <Predicate = true> <Delay = 0.00>
ST_1 : Operation 7 [1/1] (0.00ns)   --->   "%j = alloca i32 1" [mmult.cpp:177]   --->   Operation 7 'alloca' 'j' <Predicate = true> <Delay = 0.00>
ST_1 : Operation 8 [1/1] (0.00ns)   --->   "%loc_1 = alloca i32 1"   --->   Operation 8 'alloca' 'loc_1' <Predicate = true> <Delay = 0.00>
ST_1 : Operation 9 [1/1] (0.00ns)   --->   "%specmemcore_ln0 = specmemcore void @_ssdm_op_SpecMemCore, i8 %localB, i64 666, i64 23, i64 18446744073709551615"   --->   Operation 9 'specmemcore' 'specmemcore_ln0' <Predicate = true> <Delay = 0.00>
ST_1 : Operation 10 [1/1] (0.00ns)   --->   "%specmemcore_ln0 = specmemcore void @_ssdm_op_SpecMemCore, i8 %localB_1, i64 666, i64 23, i64 18446744073709551615"   --->   Operation 10 'specmemcore' 'specmemcore_ln0' <Predicate = true> <Delay = 0.00>
ST_1 : Operation 11 [1/1] (0.00ns)   --->   "%specmemcore_ln0 = specmemcore void @_ssdm_op_SpecMemCore, i8 %localB_2, i64 666, i64 23, i64 18446744073709551615"   --->   Operation 11 'specmemcore' 'specmemcore_ln0' <Predicate = true> <Delay = 0.00>
ST_1 : Operation 12 [1/1] (0.00ns)   --->   "%specmemcore_ln0 = specmemcore void @_ssdm_op_SpecMemCore, i8 %localB_3, i64 666, i64 23, i64 18446744073709551615"   --->   Operation 12 'specmemcore' 'specmemcore_ln0' <Predicate = true> <Delay = 0.00>
ST_1 : Operation 13 [1/1] (0.00ns)   --->   "%specmemcore_ln0 = specmemcore void @_ssdm_op_SpecMemCore, i8 %localB_4, i64 666, i64 23, i64 18446744073709551615"   --->   Operation 13 'specmemcore' 'specmemcore_ln0' <Predicate = true> <Delay = 0.00>
ST_1 : Operation 14 [1/1] (0.00ns)   --->   "%specmemcore_ln0 = specmemcore void @_ssdm_op_SpecMemCore, i8 %localB_5, i64 666, i64 23, i64 18446744073709551615"   --->   Operation 14 'specmemcore' 'specmemcore_ln0' <Predicate = true> <Delay = 0.00>
ST_1 : Operation 15 [1/1] (0.00ns)   --->   "%specmemcore_ln0 = specmemcore void @_ssdm_op_SpecMemCore, i8 %localB_6, i64 666, i64 23, i64 18446744073709551615"   --->   Operation 15 'specmemcore' 'specmemcore_ln0' <Predicate = true> <Delay = 0.00>
ST_1 : Operation 16 [1/1] (0.00ns)   --->   "%specmemcore_ln0 = specmemcore void @_ssdm_op_SpecMemCore, i8 %localB_7, i64 666, i64 23, i64 18446744073709551615"   --->   Operation 16 'specmemcore' 'specmemcore_ln0' <Predicate = true> <Delay = 0.00>
ST_1 : Operation 17 [1/1] (0.00ns)   --->   "%specinterface_ln0 = specinterface void @_ssdm_op_SpecInterface, i8 %gmem1, void @empty_3, i32 0, i32 0, void @empty_4, i32 0, i32 0, void @empty_6, void @empty_11, void @empty_4, i32 16, i32 16, i32 16, i32 16, void @empty_4, void @empty_4, i32 4294967295, i32 0"   --->   Operation 17 'specinterface' 'specinterface_ln0' <Predicate = true> <Delay = 0.00>
ST_1 : Operation 18 [1/1] (0.00ns)   --->   "%b_col_read = read i32 @_ssdm_op_Read.ap_auto.i32, i32 %b_col"   --->   Operation 18 'read' 'b_col_read' <Predicate = true> <Delay = 0.00>
ST_1 : Operation 19 [1/1] (0.00ns)   --->   "%b_read = read i64 @_ssdm_op_Read.ap_auto.i64, i64 %b"   --->   Operation 19 'read' 'b_read' <Predicate = true> <Delay = 0.00>
ST_1 : Operation 20 [1/1] (0.00ns)   --->   "%mul12_read = read i32 @_ssdm_op_Read.ap_auto.i32, i32 %mul12"   --->   Operation 20 'read' 'mul12_read' <Predicate = true> <Delay = 0.00>
ST_1 : Operation 21 [1/1] (0.42ns)   --->   "%store_ln0 = store i31 0, i31 %loc_1"   --->   Operation 21 'store' 'store_ln0' <Predicate = true> <Delay = 0.42>
ST_1 : Operation 22 [1/1] (0.42ns)   --->   "%store_ln177 = store i32 0, i32 %j" [mmult.cpp:177]   --->   Operation 22 'store' 'store_ln177' <Predicate = true> <Delay = 0.42>
ST_1 : Operation 23 [1/1] (0.42ns)   --->   "%store_ln177 = store i32 0, i32 %i" [mmult.cpp:177]   --->   Operation 23 'store' 'store_ln177' <Predicate = true> <Delay = 0.42>
ST_1 : Operation 24 [1/1] (0.00ns)   --->   "%br_ln0 = br void %for.body15"   --->   Operation 24 'br' 'br_ln0' <Predicate = true> <Delay = 0.00>

State 2 <SV = 1> <Delay = 2.20>
ST_2 : Operation 25 [1/1] (0.00ns)   --->   "%loc_1_load = load i31 %loc_1" [mmult.cpp:177]   --->   Operation 25 'load' 'loc_1_load' <Predicate = true> <Delay = 0.00>
ST_2 : Operation 26 [1/1] (0.00ns)   --->   "%loc_1_cast = zext i31 %loc_1_load" [mmult.cpp:177]   --->   Operation 26 'zext' 'loc_1_cast' <Predicate = true> <Delay = 0.00>
ST_2 : Operation 27 [1/1] (0.00ns)   --->   "%specbitsmap_ln0 = specbitsmap void @_ssdm_op_SpecBitsMap, i8 %gmem1"   --->   Operation 27 'specbitsmap' 'specbitsmap_ln0' <Predicate = true> <Delay = 0.00>
ST_2 : Operation 28 [1/1] (1.01ns)   --->   "%icmp_ln177 = icmp_slt  i32 %loc_1_cast, i32 %mul12_read" [mmult.cpp:177]   --->   Operation 28 'icmp' 'icmp_ln177' <Predicate = true> <Delay = 1.01> <CoreInst = "Cmp">   --->   Core 9 'Cmp' <Latency = 0> <II = 1> <Delay = 1.01> <FuncUnit> <Opcode : 'icmp'> <InPorts = 2> <OutPorts = 1>
ST_2 : Operation 29 [1/1] (1.00ns)   --->   "%add_ln177 = add i31 %loc_1_load, i31 1" [mmult.cpp:177]   --->   Operation 29 'add' 'add_ln177' <Predicate = true> <Delay = 1.00> <CoreInst = "Adder">   --->   Core 1 'Adder' <Latency = 0> <II = 1> <Delay = 1.00> <FuncUnit> <Opcode : 'add' 'sub'> <InPorts = 2> <OutPorts = 1>
ST_2 : Operation 30 [1/1] (0.00ns)   --->   "%br_ln177 = br i1 %icmp_ln177, void %for.inc44.preheader.exitStub, void %for.body15.split" [mmult.cpp:177]   --->   Operation 30 'br' 'br_ln177' <Predicate = true> <Delay = 0.00>
ST_2 : Operation 31 [1/1] (0.00ns)   --->   "%j_load = load i32 %j" [mmult.cpp:179]   --->   Operation 31 'load' 'j_load' <Predicate = (icmp_ln177)> <Delay = 0.00>
ST_2 : Operation 32 [1/1] (0.00ns)   --->   "%gmem1_addr = getelementptr i8 %gmem1, i64 %b_read" [mmult.cpp:177]   --->   Operation 32 'getelementptr' 'gmem1_addr' <Predicate = (icmp_ln177)> <Delay = 0.00>
ST_2 : Operation 33 [1/1] (1.01ns)   --->   "%icmp_ln179 = icmp_eq  i32 %j_load, i32 %b_col_read" [mmult.cpp:179]   --->   Operation 33 'icmp' 'icmp_ln179' <Predicate = (icmp_ln177)> <Delay = 1.01> <CoreInst = "Cmp">   --->   Core 9 'Cmp' <Latency = 0> <II = 1> <Delay = 1.01> <FuncUnit> <Opcode : 'icmp'> <InPorts = 2> <OutPorts = 1>
ST_2 : Operation 34 [1/1] (0.44ns)   --->   "%j_3 = select i1 %icmp_ln179, i32 0, i32 %j_load" [mmult.cpp:179]   --->   Operation 34 'select' 'j_3' <Predicate = (icmp_ln177)> <Delay = 0.44> <CoreInst = "Sel">   --->   Core 73 'Sel' <Latency = 0> <II = 1> <Delay = 0.44> <FuncUnit> <Opcode : 'select'> <InPorts = 3> <OutPorts = 1>
ST_2 : Operation 35 [1/1] (0.00ns)   --->   "%trunc_ln177 = trunc i32 %j_3" [mmult.cpp:177]   --->   Operation 35 'trunc' 'trunc_ln177' <Predicate = (icmp_ln177)> <Delay = 0.00>
ST_2 : Operation 36 [1/1] (0.00ns)   --->   "%lshr_ln2 = partselect i7 @_ssdm_op_PartSelect.i7.i32.i32.i32, i32 %j_3, i32 3, i32 9" [mmult.cpp:177]   --->   Operation 36 'partselect' 'lshr_ln2' <Predicate = (icmp_ln177)> <Delay = 0.00>
ST_2 : Operation 37 [1/1] (0.73ns)   --->   "%switch_ln183 = switch i3 %trunc_ln177, void %arrayidx253.case.7, i3 0, void %arrayidx253.case.0, i3 1, void %arrayidx253.case.1, i3 2, void %arrayidx253.case.2, i3 3, void %arrayidx253.case.3, i3 4, void %arrayidx253.case.4, i3 5, void %arrayidx253.case.5, i3 6, void %arrayidx253.case.6" [mmult.cpp:183]   --->   Operation 37 'switch' 'switch_ln183' <Predicate = (icmp_ln177)> <Delay = 0.73>
ST_2 : Operation 38 [1/1] (0.00ns)   --->   "%br_ln183 = br void %arrayidx253.exit" [mmult.cpp:183]   --->   Operation 38 'br' 'br_ln183' <Predicate = (icmp_ln177 & trunc_ln177 == 6)> <Delay = 0.00>
ST_2 : Operation 39 [1/1] (0.00ns)   --->   "%br_ln183 = br void %arrayidx253.exit" [mmult.cpp:183]   --->   Operation 39 'br' 'br_ln183' <Predicate = (icmp_ln177 & trunc_ln177 == 5)> <Delay = 0.00>
ST_2 : Operation 40 [1/1] (0.00ns)   --->   "%br_ln183 = br void %arrayidx253.exit" [mmult.cpp:183]   --->   Operation 40 'br' 'br_ln183' <Predicate = (icmp_ln177 & trunc_ln177 == 4)> <Delay = 0.00>
ST_2 : Operation 41 [1/1] (0.00ns)   --->   "%br_ln183 = br void %arrayidx253.exit" [mmult.cpp:183]   --->   Operation 41 'br' 'br_ln183' <Predicate = (icmp_ln177 & trunc_ln177 == 3)> <Delay = 0.00>
ST_2 : Operation 42 [1/1] (0.00ns)   --->   "%br_ln183 = br void %arrayidx253.exit" [mmult.cpp:183]   --->   Operation 42 'br' 'br_ln183' <Predicate = (icmp_ln177 & trunc_ln177 == 2)> <Delay = 0.00>
ST_2 : Operation 43 [1/1] (0.00ns)   --->   "%br_ln183 = br void %arrayidx253.exit" [mmult.cpp:183]   --->   Operation 43 'br' 'br_ln183' <Predicate = (icmp_ln177 & trunc_ln177 == 1)> <Delay = 0.00>
ST_2 : Operation 44 [1/1] (0.00ns)   --->   "%br_ln183 = br void %arrayidx253.exit" [mmult.cpp:183]   --->   Operation 44 'br' 'br_ln183' <Predicate = (icmp_ln177 & trunc_ln177 == 0)> <Delay = 0.00>
ST_2 : Operation 45 [1/1] (0.00ns)   --->   "%br_ln183 = br void %arrayidx253.exit" [mmult.cpp:183]   --->   Operation 45 'br' 'br_ln183' <Predicate = (icmp_ln177 & trunc_ln177 == 7)> <Delay = 0.00>
ST_2 : Operation 78 [1/1] (0.00ns)   --->   "%ret_ln0 = ret"   --->   Operation 78 'ret' 'ret_ln0' <Predicate = (!icmp_ln177)> <Delay = 0.00>

State 3 <SV = 2> <Delay = 2.40>
ST_3 : Operation 46 [1/1] (0.00ns)   --->   "%i_load = load i32 %i" [mmult.cpp:180]   --->   Operation 46 'load' 'i_load' <Predicate = (icmp_ln177)> <Delay = 0.00>
ST_3 : Operation 47 [1/1] (1.01ns)   --->   "%add_ln180 = add i32 %i_load, i32 1" [mmult.cpp:180]   --->   Operation 47 'add' 'add_ln180' <Predicate = (icmp_ln177 & icmp_ln179)> <Delay = 1.01> <CoreInst = "Adder">   --->   Core 1 'Adder' <Latency = 0> <II = 1> <Delay = 1.01> <FuncUnit> <Opcode : 'add' 'sub'> <InPorts = 2> <OutPorts = 1>
ST_3 : Operation 48 [1/1] (0.44ns)   --->   "%i_2 = select i1 %icmp_ln179, i32 %add_ln180, i32 %i_load" [mmult.cpp:179]   --->   Operation 48 'select' 'i_2' <Predicate = (icmp_ln177)> <Delay = 0.44> <CoreInst = "Sel">   --->   Core 73 'Sel' <Latency = 0> <II = 1> <Delay = 0.44> <FuncUnit> <Opcode : 'select'> <InPorts = 3> <OutPorts = 1>
ST_3 : Operation 49 [1/1] (0.00ns)   --->   "%trunc_ln179 = trunc i32 %i_2" [mmult.cpp:179]   --->   Operation 49 'trunc' 'trunc_ln179' <Predicate = (icmp_ln177)> <Delay = 0.00>
ST_3 : Operation 50 [1/1] (0.00ns)   --->   "%tmp_s = bitconcatenate i7 @_ssdm_op_BitConcatenate.i7.i5.i2, i5 %trunc_ln179, i2 0" [mmult.cpp:183]   --->   Operation 50 'bitconcatenate' 'tmp_s' <Predicate = (icmp_ln177)> <Delay = 0.00>
ST_3 : Operation 51 [1/1] (0.77ns)   --->   "%add_ln183 = add i7 %tmp_s, i7 %lshr_ln2" [mmult.cpp:183]   --->   Operation 51 'add' 'add_ln183' <Predicate = (icmp_ln177)> <Delay = 0.77> <CoreInst = "Adder">   --->   Core 1 'Adder' <Latency = 0> <II = 1> <Delay = 0.77> <FuncUnit> <Opcode : 'add' 'sub'> <InPorts = 2> <OutPorts = 1>
ST_3 : Operation 52 [1/1] (2.40ns)   --->   "%gmem1_addr_read = read i8 @_ssdm_op_Read.m_axi.p1i8, i8 %gmem1_addr" [mmult.cpp:183]   --->   Operation 52 'read' 'gmem1_addr_read' <Predicate = (icmp_ln177)> <Delay = 2.40> <CoreInst = "m_axi">   --->   Core 121 'm_axi' <Latency = 0> <II = 1> <Delay = 1.00> <Adapter> <Opcode : 'read' 'write' 'readreq' 'writereq' 'writeresp'>
ST_3 : Operation 53 [1/1] (1.01ns)   --->   "%j_4 = add i32 %j_3, i32 1" [mmult.cpp:177]   --->   Operation 53 'add' 'j_4' <Predicate = (icmp_ln177)> <Delay = 1.01> <CoreInst = "Adder">   --->   Core 1 'Adder' <Latency = 0> <II = 1> <Delay = 1.01> <FuncUnit> <Opcode : 'add' 'sub'> <InPorts = 2> <OutPorts = 1>
ST_3 : Operation 54 [1/1] (0.42ns)   --->   "%store_ln177 = store i31 %add_ln177, i31 %loc_1" [mmult.cpp:177]   --->   Operation 54 'store' 'store_ln177' <Predicate = (icmp_ln177)> <Delay = 0.42>
ST_3 : Operation 55 [1/1] (0.42ns)   --->   "%store_ln177 = store i32 %j_4, i32 %j" [mmult.cpp:177]   --->   Operation 55 'store' 'store_ln177' <Predicate = (icmp_ln177)> <Delay = 0.42>
ST_3 : Operation 56 [1/1] (0.42ns)   --->   "%store_ln177 = store i32 %i_2, i32 %i" [mmult.cpp:177]   --->   Operation 56 'store' 'store_ln177' <Predicate = (icmp_ln177)> <Delay = 0.42>
ST_3 : Operation 57 [1/1] (0.00ns)   --->   "%br_ln177 = br void %for.body15" [mmult.cpp:177]   --->   Operation 57 'br' 'br_ln177' <Predicate = (icmp_ln177)> <Delay = 0.00>

State 4 <SV = 3> <Delay = 0.67>
ST_4 : Operation 58 [1/1] (0.00ns)   --->   "%specpipeline_ln177 = specpipeline void @_ssdm_op_SpecPipeline, i32 4294967295, i32 0, i32 0, i32 0, void @empty_4" [mmult.cpp:177]   --->   Operation 58 'specpipeline' 'specpipeline_ln177' <Predicate = true> <Delay = 0.00>
ST_4 : Operation 59 [1/1] (0.00ns)   --->   "%speclooptripcount_ln178 = speclooptripcount void @_ssdm_op_SpecLoopTripCount, i64 1024, i64 1024, i64 1024" [mmult.cpp:178]   --->   Operation 59 'speclooptripcount' 'speclooptripcount_ln178' <Predicate = true> <Delay = 0.00>
ST_4 : Operation 60 [1/1] (0.00ns)   --->   "%specloopname_ln177 = specloopname void @_ssdm_op_SpecLoopName, void @empty_15" [mmult.cpp:177]   --->   Operation 60 'specloopname' 'specloopname_ln177' <Predicate = true> <Delay = 0.00>
ST_4 : Operation 61 [1/1] (0.00ns)   --->   "%zext_ln183 = zext i7 %add_ln183" [mmult.cpp:183]   --->   Operation 61 'zext' 'zext_ln183' <Predicate = true> <Delay = 0.00>
ST_4 : Operation 62 [1/1] (0.00ns)   --->   "%localB_addr = getelementptr i8 %localB, i64 0, i64 %zext_ln183" [mmult.cpp:183]   --->   Operation 62 'getelementptr' 'localB_addr' <Predicate = true> <Delay = 0.00>
ST_4 : Operation 63 [1/1] (0.00ns)   --->   "%localB_1_addr = getelementptr i8 %localB_1, i64 0, i64 %zext_ln183" [mmult.cpp:183]   --->   Operation 63 'getelementptr' 'localB_1_addr' <Predicate = true> <Delay = 0.00>
ST_4 : Operation 64 [1/1] (0.00ns)   --->   "%localB_2_addr = getelementptr i8 %localB_2, i64 0, i64 %zext_ln183" [mmult.cpp:183]   --->   Operation 64 'getelementptr' 'localB_2_addr' <Predicate = true> <Delay = 0.00>
ST_4 : Operation 65 [1/1] (0.00ns)   --->   "%localB_3_addr = getelementptr i8 %localB_3, i64 0, i64 %zext_ln183" [mmult.cpp:183]   --->   Operation 65 'getelementptr' 'localB_3_addr' <Predicate = true> <Delay = 0.00>
ST_4 : Operation 66 [1/1] (0.00ns)   --->   "%localB_4_addr = getelementptr i8 %localB_4, i64 0, i64 %zext_ln183" [mmult.cpp:183]   --->   Operation 66 'getelementptr' 'localB_4_addr' <Predicate = true> <Delay = 0.00>
ST_4 : Operation 67 [1/1] (0.00ns)   --->   "%localB_5_addr = getelementptr i8 %localB_5, i64 0, i64 %zext_ln183" [mmult.cpp:183]   --->   Operation 67 'getelementptr' 'localB_5_addr' <Predicate = true> <Delay = 0.00>
ST_4 : Operation 68 [1/1] (0.00ns)   --->   "%localB_6_addr = getelementptr i8 %localB_6, i64 0, i64 %zext_ln183" [mmult.cpp:183]   --->   Operation 68 'getelementptr' 'localB_6_addr' <Predicate = true> <Delay = 0.00>
ST_4 : Operation 69 [1/1] (0.00ns)   --->   "%localB_7_addr = getelementptr i8 %localB_7, i64 0, i64 %zext_ln183" [mmult.cpp:183]   --->   Operation 69 'getelementptr' 'localB_7_addr' <Predicate = true> <Delay = 0.00>
ST_4 : Operation 70 [1/1] (0.67ns)   --->   "%store_ln183 = store i8 %gmem1_addr_read, i7 %localB_6_addr" [mmult.cpp:183]   --->   Operation 70 'store' 'store_ln183' <Predicate = (trunc_ln177 == 6)> <Delay = 0.67> <CoreInst = "RAM_2P_LUTRAM">   --->   Core 93 'RAM_2P_LUTRAM' <Latency = 1> <II = 1> <Delay = 0.67> <Storage> <Opcode : 'load' 'store'> <Ports = 2> <Width = 8> <Depth = 128> <RAM>
ST_4 : Operation 71 [1/1] (0.67ns)   --->   "%store_ln183 = store i8 %gmem1_addr_read, i7 %localB_5_addr" [mmult.cpp:183]   --->   Operation 71 'store' 'store_ln183' <Predicate = (trunc_ln177 == 5)> <Delay = 0.67> <CoreInst = "RAM_2P_LUTRAM">   --->   Core 93 'RAM_2P_LUTRAM' <Latency = 1> <II = 1> <Delay = 0.67> <Storage> <Opcode : 'load' 'store'> <Ports = 2> <Width = 8> <Depth = 128> <RAM>
ST_4 : Operation 72 [1/1] (0.67ns)   --->   "%store_ln183 = store i8 %gmem1_addr_read, i7 %localB_4_addr" [mmult.cpp:183]   --->   Operation 72 'store' 'store_ln183' <Predicate = (trunc_ln177 == 4)> <Delay = 0.67> <CoreInst = "RAM_2P_LUTRAM">   --->   Core 93 'RAM_2P_LUTRAM' <Latency = 1> <II = 1> <Delay = 0.67> <Storage> <Opcode : 'load' 'store'> <Ports = 2> <Width = 8> <Depth = 128> <RAM>
ST_4 : Operation 73 [1/1] (0.67ns)   --->   "%store_ln183 = store i8 %gmem1_addr_read, i7 %localB_3_addr" [mmult.cpp:183]   --->   Operation 73 'store' 'store_ln183' <Predicate = (trunc_ln177 == 3)> <Delay = 0.67> <CoreInst = "RAM_2P_LUTRAM">   --->   Core 93 'RAM_2P_LUTRAM' <Latency = 1> <II = 1> <Delay = 0.67> <Storage> <Opcode : 'load' 'store'> <Ports = 2> <Width = 8> <Depth = 128> <RAM>
ST_4 : Operation 74 [1/1] (0.67ns)   --->   "%store_ln183 = store i8 %gmem1_addr_read, i7 %localB_2_addr" [mmult.cpp:183]   --->   Operation 74 'store' 'store_ln183' <Predicate = (trunc_ln177 == 2)> <Delay = 0.67> <CoreInst = "RAM_2P_LUTRAM">   --->   Core 93 'RAM_2P_LUTRAM' <Latency = 1> <II = 1> <Delay = 0.67> <Storage> <Opcode : 'load' 'store'> <Ports = 2> <Width = 8> <Depth = 128> <RAM>
ST_4 : Operation 75 [1/1] (0.67ns)   --->   "%store_ln183 = store i8 %gmem1_addr_read, i7 %localB_1_addr" [mmult.cpp:183]   --->   Operation 75 'store' 'store_ln183' <Predicate = (trunc_ln177 == 1)> <Delay = 0.67> <CoreInst = "RAM_2P_LUTRAM">   --->   Core 93 'RAM_2P_LUTRAM' <Latency = 1> <II = 1> <Delay = 0.67> <Storage> <Opcode : 'load' 'store'> <Ports = 2> <Width = 8> <Depth = 128> <RAM>
ST_4 : Operation 76 [1/1] (0.67ns)   --->   "%store_ln183 = store i8 %gmem1_addr_read, i7 %localB_addr" [mmult.cpp:183]   --->   Operation 76 'store' 'store_ln183' <Predicate = (trunc_ln177 == 0)> <Delay = 0.67> <CoreInst = "RAM_2P_LUTRAM">   --->   Core 93 'RAM_2P_LUTRAM' <Latency = 1> <II = 1> <Delay = 0.67> <Storage> <Opcode : 'load' 'store'> <Ports = 2> <Width = 8> <Depth = 128> <RAM>
ST_4 : Operation 77 [1/1] (0.67ns)   --->   "%store_ln183 = store i8 %gmem1_addr_read, i7 %localB_7_addr" [mmult.cpp:183]   --->   Operation 77 'store' 'store_ln183' <Predicate = (trunc_ln177 == 7)> <Delay = 0.67> <CoreInst = "RAM_2P_LUTRAM">   --->   Core 93 'RAM_2P_LUTRAM' <Latency = 1> <II = 1> <Delay = 0.67> <Storage> <Opcode : 'load' 'store'> <Ports = 2> <Width = 8> <Depth = 128> <RAM>


============================================================
+ Verbose Summary: Timing violations
============================================================
Target clock period: 3.300ns, clock uncertainty: 0.891ns.

 <State 1>: 0.427ns
The critical path consists of the following:
	'alloca' operation 31 bit ('loc_1') [15]  (0.000 ns)
	'store' operation 0 bit ('store_ln0') of constant 0 on local variable 'loc_1' [28]  (0.427 ns)

 <State 2>: 2.203ns
The critical path consists of the following:
	'load' operation 32 bit ('j_load', mmult.cpp:179) on local variable 'j', mmult.cpp:177 [41]  (0.000 ns)
	'icmp' operation 1 bit ('icmp_ln179', mmult.cpp:179) [46]  (1.016 ns)
	'select' operation 32 bit ('j', mmult.cpp:179) [50]  (0.449 ns)
	blocking operation 0.738188 ns on control path)

 <State 3>: 2.409ns
The critical path consists of the following:
	bus read operation ('gmem1_addr_read', mmult.cpp:183) on port 'gmem1' (mmult.cpp:183) [64]  (2.409 ns)

 <State 4>: 0.677ns
The critical path consists of the following:
	'getelementptr' operation 7 bit ('localB_6_addr', mmult.cpp:183) [62]  (0.000 ns)
	'store' operation 0 bit ('store_ln183', mmult.cpp:183) of variable 'gmem1_addr_read', mmult.cpp:183 on array 'localB_6' [67]  (0.677 ns)


============================================================
+ Verbose Summary: Binding
============================================================
N/A
* FSMD analyzer results:
  - Output states:
 - Input state : 
  - Chain level:
	State 1
	State 2
	State 3
	State 4


============================================================
+ Verbose Summary: Datapath Resource usage 
============================================================
N/A
