

================================================================
== Vitis HLS Report for 'mmult_Pipeline_VITIS_LOOP_166_3_VITIS_LOOP_167_4'
================================================================
* Date:           Fri Jun  5 01:37:46 2026

* Version:        2023.2 (Build 4023990 on Oct 11 2023)
* Project:        hls_prj
* Solution:       s1 (Vivado IP Flow Target)
* Product family: zynquplus
* Target device:  xck26-sfvc784-2LV-c


================================================================
== Performance Estimates
================================================================
+ Timing: 
    * Summary: 
    +--------+---------+----------+------------+
    |  Clock |  Target | Estimated| Uncertainty|
    +--------+---------+----------+------------+
    |ap_clk  |  3.30 ns|  2.330 ns|     0.89 ns|
    +--------+---------+----------+------------+

+ Latency: 
    * Summary: 
    +---------+---------+----------+----------+-----+-----+---------+
    |  Latency (cycles) |  Latency (absolute) |  Interval | Pipeline|
    |   min   |   max   |    min   |    max   | min | max |   Type  |
    +---------+---------+----------+----------+-----+-----+---------+
    |      130|      130|  0.429 us|  0.429 us|  130|  130|       no|
    +---------+---------+----------+----------+-----+-----+---------+

    + Detail: 
        * Instance: 
        N/A

        * Loop: 
        +-------------------------------------+---------+---------+----------+-----------+-----------+------+----------+
        |                                     |  Latency (cycles) | Iteration|  Initiation Interval  | Trip |          |
        |              Loop Name              |   min   |   max   |  Latency |  achieved |   target  | Count| Pipelined|
        +-------------------------------------+---------+---------+----------+-----------+-----------+------+----------+
        |- VITIS_LOOP_166_3_VITIS_LOOP_167_4  |      128|      128|         2|          1|          1|   128|       yes|
        +-------------------------------------+---------+---------+----------+-----------+-----------+------+----------+

============================================================
+ Verbose Summary: Synthesis Manager
============================================================
InlineROM: 1
ExposeGlobal: 0
============================================================
+ Verbose Summary: CDFG Model
============================================================
IsTopModel: 0
ResetActiveHigh: 1
IsCombinational: 0
IsDatapathOnly: 0
HasWiredReturn: 1
HasMFsm: 2
HasVarLatency: 1
IsPipeline: 0
IsRtlPipelined: 0
IsInstanceOverlapped: 0
IsDontTouch: 0
HasImplIP: 0
IsGatedGlobalClock: 0

+ Individual pipeline summary: 
  * Pipeline-0: initiation interval (II) = 1, depth = 2


============================================================
+ Verbose Summary: Schedule
============================================================
* Number of FSM states : 2
* Pipeline : 1
  Pipeline-0 : II = 1, D = 2, States = { 1 2 }
* Dataflow Pipeline: 0

* FSM state transitions: 
1 --> 2 
2 --> 

* FSM state operations: 

State 1 <SV = 0> <Delay = 2.33>
ST_1 : Operation 5 [1/1] (0.00ns)   --->   "%j_2 = alloca i32 1" [mmult.cpp:167]   --->   Operation 5 'alloca' 'j_2' <Predicate = true> <Delay = 0.00>
ST_1 : Operation 6 [1/1] (0.00ns)   --->   "%i = alloca i32 1" [mmult.cpp:166]   --->   Operation 6 'alloca' 'i' <Predicate = true> <Delay = 0.00>
ST_1 : Operation 7 [1/1] (0.00ns)   --->   "%indvar_flatten16 = alloca i32 1"   --->   Operation 7 'alloca' 'indvar_flatten16' <Predicate = true> <Delay = 0.00>
ST_1 : Operation 8 [1/1] (0.42ns)   --->   "%store_ln0 = store i8 0, i8 %indvar_flatten16"   --->   Operation 8 'store' 'store_ln0' <Predicate = true> <Delay = 0.42>
ST_1 : Operation 9 [1/1] (0.42ns)   --->   "%store_ln166 = store i6 0, i6 %i" [mmult.cpp:166]   --->   Operation 9 'store' 'store_ln166' <Predicate = true> <Delay = 0.42>
ST_1 : Operation 10 [1/1] (0.42ns)   --->   "%store_ln167 = store i6 0, i6 %j_2" [mmult.cpp:167]   --->   Operation 10 'store' 'store_ln167' <Predicate = true> <Delay = 0.42>
ST_1 : Operation 11 [1/1] (0.00ns)   --->   "%br_ln0 = br void %for.inc50"   --->   Operation 11 'br' 'br_ln0' <Predicate = true> <Delay = 0.00>
ST_1 : Operation 12 [1/1] (0.00ns)   --->   "%indvar_flatten16_load = load i8 %indvar_flatten16" [mmult.cpp:166]   --->   Operation 12 'load' 'indvar_flatten16_load' <Predicate = true> <Delay = 0.00>
ST_1 : Operation 13 [1/1] (0.76ns)   --->   "%icmp_ln166 = icmp_eq  i8 %indvar_flatten16_load, i8 128" [mmult.cpp:166]   --->   Operation 13 'icmp' 'icmp_ln166' <Predicate = true> <Delay = 0.76> <CoreInst = "Cmp">   --->   Core 9 'Cmp' <Latency = 0> <II = 1> <Delay = 0.76> <FuncUnit> <Opcode : 'icmp'> <InPorts = 2> <OutPorts = 1>
ST_1 : Operation 14 [1/1] (0.76ns)   --->   "%add_ln166_1 = add i8 %indvar_flatten16_load, i8 1" [mmult.cpp:166]   --->   Operation 14 'add' 'add_ln166_1' <Predicate = true> <Delay = 0.76> <CoreInst = "Adder">   --->   Core 1 'Adder' <Latency = 0> <II = 1> <Delay = 0.76> <FuncUnit> <Opcode : 'add' 'sub'> <InPorts = 2> <OutPorts = 1>
ST_1 : Operation 15 [1/1] (0.00ns)   --->   "%br_ln166 = br i1 %icmp_ln166, void %for.inc53, void %for.inc65.preheader.exitStub" [mmult.cpp:166]   --->   Operation 15 'br' 'br_ln166' <Predicate = true> <Delay = 0.00>
ST_1 : Operation 16 [1/1] (0.00ns)   --->   "%j_2_load = load i6 %j_2" [mmult.cpp:166]   --->   Operation 16 'load' 'j_2_load' <Predicate = (!icmp_ln166)> <Delay = 0.00>
ST_1 : Operation 17 [1/1] (0.00ns)   --->   "%i_load = load i6 %i" [mmult.cpp:166]   --->   Operation 17 'load' 'i_load' <Predicate = (!icmp_ln166)> <Delay = 0.00>
ST_1 : Operation 18 [1/1] (0.78ns)   --->   "%add_ln166 = add i6 %i_load, i6 1" [mmult.cpp:166]   --->   Operation 18 'add' 'add_ln166' <Predicate = (!icmp_ln166)> <Delay = 0.78> <CoreInst = "Adder">   --->   Core 1 'Adder' <Latency = 0> <II = 1> <Delay = 0.78> <FuncUnit> <Opcode : 'add' 'sub'> <InPorts = 2> <OutPorts = 1>
ST_1 : Operation 19 [1/1] (0.00ns)   --->   "%tmp = bitselect i1 @_ssdm_op_BitSelect.i1.i6.i32, i6 %j_2_load, i32 5" [mmult.cpp:167]   --->   Operation 19 'bitselect' 'tmp' <Predicate = (!icmp_ln166)> <Delay = 0.00>
ST_1 : Operation 20 [1/1] (0.38ns)   --->   "%select_ln166 = select i1 %tmp, i6 0, i6 %j_2_load" [mmult.cpp:166]   --->   Operation 20 'select' 'select_ln166' <Predicate = (!icmp_ln166)> <Delay = 0.38> <CoreInst = "Sel">   --->   Core 73 'Sel' <Latency = 0> <II = 1> <Delay = 0.38> <FuncUnit> <Opcode : 'select'> <InPorts = 3> <OutPorts = 1>
ST_1 : Operation 21 [1/1] (0.38ns)   --->   "%select_ln166_1 = select i1 %tmp, i6 %add_ln166, i6 %i_load" [mmult.cpp:166]   --->   Operation 21 'select' 'select_ln166_1' <Predicate = (!icmp_ln166)> <Delay = 0.38> <CoreInst = "Sel">   --->   Core 73 'Sel' <Latency = 0> <II = 1> <Delay = 0.38> <FuncUnit> <Opcode : 'select'> <InPorts = 3> <OutPorts = 1>
ST_1 : Operation 22 [1/1] (0.00ns)   --->   "%trunc_ln166 = trunc i6 %select_ln166_1" [mmult.cpp:166]   --->   Operation 22 'trunc' 'trunc_ln166' <Predicate = (!icmp_ln166)> <Delay = 0.00>
ST_1 : Operation 23 [1/1] (0.00ns)   --->   "%tmp_s = partselect i2 @_ssdm_op_PartSelect.i2.i6.i32.i32, i6 %select_ln166_1, i32 3, i32 4" [mmult.cpp:169]   --->   Operation 23 'partselect' 'tmp_s' <Predicate = (!icmp_ln166)> <Delay = 0.00>
ST_1 : Operation 24 [1/1] (0.00ns)   --->   "%lshr_ln2 = partselect i2 @_ssdm_op_PartSelect.i2.i6.i32.i32, i6 %select_ln166, i32 3, i32 4" [mmult.cpp:167]   --->   Operation 24 'partselect' 'lshr_ln2' <Predicate = (!icmp_ln166)> <Delay = 0.00>
ST_1 : Operation 25 [1/1] (0.73ns)   --->   "%switch_ln169 = switch i3 %trunc_ln166, void %arrayidx492.7.case.7, i3 0, void %arrayidx492.7.case.0, i3 1, void %arrayidx492.7.case.1, i3 2, void %arrayidx492.7.case.2, i3 3, void %arrayidx492.7.case.3, i3 4, void %arrayidx492.7.case.4, i3 5, void %arrayidx492.7.case.5, i3 6, void %arrayidx492.7.case.6" [mmult.cpp:169]   --->   Operation 25 'switch' 'switch_ln169' <Predicate = (!icmp_ln166)> <Delay = 0.73>
ST_1 : Operation 26 [1/1] (0.78ns)   --->   "%add_ln167 = add i6 %select_ln166, i6 8" [mmult.cpp:167]   --->   Operation 26 'add' 'add_ln167' <Predicate = (!icmp_ln166)> <Delay = 0.78> <CoreInst = "Adder">   --->   Core 1 'Adder' <Latency = 0> <II = 1> <Delay = 0.78> <FuncUnit> <Opcode : 'add' 'sub'> <InPorts = 2> <OutPorts = 1>
ST_1 : Operation 27 [1/1] (0.42ns)   --->   "%store_ln166 = store i8 %add_ln166_1, i8 %indvar_flatten16" [mmult.cpp:166]   --->   Operation 27 'store' 'store_ln166' <Predicate = (!icmp_ln166)> <Delay = 0.42>
ST_1 : Operation 28 [1/1] (0.42ns)   --->   "%store_ln166 = store i6 %select_ln166_1, i6 %i" [mmult.cpp:166]   --->   Operation 28 'store' 'store_ln166' <Predicate = (!icmp_ln166)> <Delay = 0.42>
ST_1 : Operation 29 [1/1] (0.42ns)   --->   "%store_ln167 = store i6 %add_ln167, i6 %j_2" [mmult.cpp:167]   --->   Operation 29 'store' 'store_ln167' <Predicate = (!icmp_ln166)> <Delay = 0.42>
ST_1 : Operation 30 [1/1] (0.00ns)   --->   "%br_ln167 = br void %for.inc50" [mmult.cpp:167]   --->   Operation 30 'br' 'br_ln167' <Predicate = (!icmp_ln166)> <Delay = 0.00>
ST_1 : Operation 172 [1/1] (0.00ns)   --->   "%ret_ln0 = ret"   --->   Operation 172 'ret' 'ret_ln0' <Predicate = (icmp_ln166)> <Delay = 0.00>

State 2 <SV = 1> <Delay = 0.67>
ST_2 : Operation 31 [1/1] (0.00ns)   --->   "%specloopname_ln0 = specloopname void @_ssdm_op_SpecLoopName, void @VITIS_LOOP_166_3_VITIS_LOOP_167_4_str"   --->   Operation 31 'specloopname' 'specloopname_ln0' <Predicate = true> <Delay = 0.00>
ST_2 : Operation 32 [1/1] (0.00ns)   --->   "%speclooptripcount_ln0 = speclooptripcount void @_ssdm_op_SpecLoopTripCount, i64 128, i64 128, i64 128"   --->   Operation 32 'speclooptripcount' 'speclooptripcount_ln0' <Predicate = true> <Delay = 0.00>
ST_2 : Operation 33 [1/1] (0.00ns)   --->   "%specpipeline_ln167 = specpipeline void @_ssdm_op_SpecPipeline, i32 4294967295, i32 0, i32 0, i32 0, void @empty_4" [mmult.cpp:167]   --->   Operation 33 'specpipeline' 'specpipeline_ln167' <Predicate = true> <Delay = 0.00>
ST_2 : Operation 34 [1/1] (0.00ns)   --->   "%tmp_1 = bitconcatenate i4 @_ssdm_op_BitConcatenate.i4.i2.i2, i2 %tmp_s, i2 %lshr_ln2" [mmult.cpp:169]   --->   Operation 34 'bitconcatenate' 'tmp_1' <Predicate = true> <Delay = 0.00>
ST_2 : Operation 35 [1/1] (0.00ns)   --->   "%zext_ln169 = zext i4 %tmp_1" [mmult.cpp:169]   --->   Operation 35 'zext' 'zext_ln169' <Predicate = true> <Delay = 0.00>
ST_2 : Operation 36 [1/1] (0.00ns)   --->   "%localC_addr = getelementptr i16 %localC, i64 0, i64 %zext_ln169" [mmult.cpp:169]   --->   Operation 36 'getelementptr' 'localC_addr' <Predicate = true> <Delay = 0.00>
ST_2 : Operation 37 [1/1] (0.00ns)   --->   "%localC_1_addr = getelementptr i16 %localC_1, i64 0, i64 %zext_ln169" [mmult.cpp:169]   --->   Operation 37 'getelementptr' 'localC_1_addr' <Predicate = true> <Delay = 0.00>
ST_2 : Operation 38 [1/1] (0.00ns)   --->   "%localC_2_addr = getelementptr i16 %localC_2, i64 0, i64 %zext_ln169" [mmult.cpp:169]   --->   Operation 38 'getelementptr' 'localC_2_addr' <Predicate = true> <Delay = 0.00>
ST_2 : Operation 39 [1/1] (0.00ns)   --->   "%localC_3_addr = getelementptr i16 %localC_3, i64 0, i64 %zext_ln169" [mmult.cpp:169]   --->   Operation 39 'getelementptr' 'localC_3_addr' <Predicate = true> <Delay = 0.00>
ST_2 : Operation 40 [1/1] (0.00ns)   --->   "%localC_4_addr = getelementptr i16 %localC_4, i64 0, i64 %zext_ln169" [mmult.cpp:169]   --->   Operation 40 'getelementptr' 'localC_4_addr' <Predicate = true> <Delay = 0.00>
ST_2 : Operation 41 [1/1] (0.00ns)   --->   "%localC_5_addr = getelementptr i16 %localC_5, i64 0, i64 %zext_ln169" [mmult.cpp:169]   --->   Operation 41 'getelementptr' 'localC_5_addr' <Predicate = true> <Delay = 0.00>
ST_2 : Operation 42 [1/1] (0.00ns)   --->   "%localC_6_addr = getelementptr i16 %localC_6, i64 0, i64 %zext_ln169" [mmult.cpp:169]   --->   Operation 42 'getelementptr' 'localC_6_addr' <Predicate = true> <Delay = 0.00>
ST_2 : Operation 43 [1/1] (0.00ns)   --->   "%localC_7_addr = getelementptr i16 %localC_7, i64 0, i64 %zext_ln169" [mmult.cpp:169]   --->   Operation 43 'getelementptr' 'localC_7_addr' <Predicate = true> <Delay = 0.00>
ST_2 : Operation 44 [1/1] (0.00ns)   --->   "%localC_8_addr = getelementptr i16 %localC_8, i64 0, i64 %zext_ln169" [mmult.cpp:169]   --->   Operation 44 'getelementptr' 'localC_8_addr' <Predicate = true> <Delay = 0.00>
ST_2 : Operation 45 [1/1] (0.00ns)   --->   "%localC_9_addr = getelementptr i16 %localC_9, i64 0, i64 %zext_ln169" [mmult.cpp:169]   --->   Operation 45 'getelementptr' 'localC_9_addr' <Predicate = true> <Delay = 0.00>
ST_2 : Operation 46 [1/1] (0.00ns)   --->   "%localC_10_addr = getelementptr i16 %localC_10, i64 0, i64 %zext_ln169" [mmult.cpp:169]   --->   Operation 46 'getelementptr' 'localC_10_addr' <Predicate = true> <Delay = 0.00>
ST_2 : Operation 47 [1/1] (0.00ns)   --->   "%localC_11_addr = getelementptr i16 %localC_11, i64 0, i64 %zext_ln169" [mmult.cpp:169]   --->   Operation 47 'getelementptr' 'localC_11_addr' <Predicate = true> <Delay = 0.00>
ST_2 : Operation 48 [1/1] (0.00ns)   --->   "%localC_12_addr = getelementptr i16 %localC_12, i64 0, i64 %zext_ln169" [mmult.cpp:169]   --->   Operation 48 'getelementptr' 'localC_12_addr' <Predicate = true> <Delay = 0.00>
ST_2 : Operation 49 [1/1] (0.00ns)   --->   "%localC_13_addr = getelementptr i16 %localC_13, i64 0, i64 %zext_ln169" [mmult.cpp:169]   --->   Operation 49 'getelementptr' 'localC_13_addr' <Predicate = true> <Delay = 0.00>
ST_2 : Operation 50 [1/1] (0.00ns)   --->   "%localC_14_addr = getelementptr i16 %localC_14, i64 0, i64 %zext_ln169" [mmult.cpp:169]   --->   Operation 50 'getelementptr' 'localC_14_addr' <Predicate = true> <Delay = 0.00>
ST_2 : Operation 51 [1/1] (0.00ns)   --->   "%localC_15_addr = getelementptr i16 %localC_15, i64 0, i64 %zext_ln169" [mmult.cpp:169]   --->   Operation 51 'getelementptr' 'localC_15_addr' <Predicate = true> <Delay = 0.00>
ST_2 : Operation 52 [1/1] (0.00ns)   --->   "%localC_16_addr = getelementptr i16 %localC_16, i64 0, i64 %zext_ln169" [mmult.cpp:169]   --->   Operation 52 'getelementptr' 'localC_16_addr' <Predicate = true> <Delay = 0.00>
ST_2 : Operation 53 [1/1] (0.00ns)   --->   "%localC_17_addr = getelementptr i16 %localC_17, i64 0, i64 %zext_ln169" [mmult.cpp:169]   --->   Operation 53 'getelementptr' 'localC_17_addr' <Predicate = true> <Delay = 0.00>
ST_2 : Operation 54 [1/1] (0.00ns)   --->   "%localC_18_addr = getelementptr i16 %localC_18, i64 0, i64 %zext_ln169" [mmult.cpp:169]   --->   Operation 54 'getelementptr' 'localC_18_addr' <Predicate = true> <Delay = 0.00>
ST_2 : Operation 55 [1/1] (0.00ns)   --->   "%localC_19_addr = getelementptr i16 %localC_19, i64 0, i64 %zext_ln169" [mmult.cpp:169]   --->   Operation 55 'getelementptr' 'localC_19_addr' <Predicate = true> <Delay = 0.00>
ST_2 : Operation 56 [1/1] (0.00ns)   --->   "%localC_20_addr = getelementptr i16 %localC_20, i64 0, i64 %zext_ln169" [mmult.cpp:169]   --->   Operation 56 'getelementptr' 'localC_20_addr' <Predicate = true> <Delay = 0.00>
ST_2 : Operation 57 [1/1] (0.00ns)   --->   "%localC_21_addr = getelementptr i16 %localC_21, i64 0, i64 %zext_ln169" [mmult.cpp:169]   --->   Operation 57 'getelementptr' 'localC_21_addr' <Predicate = true> <Delay = 0.00>
ST_2 : Operation 58 [1/1] (0.00ns)   --->   "%localC_22_addr = getelementptr i16 %localC_22, i64 0, i64 %zext_ln169" [mmult.cpp:169]   --->   Operation 58 'getelementptr' 'localC_22_addr' <Predicate = true> <Delay = 0.00>
ST_2 : Operation 59 [1/1] (0.00ns)   --->   "%localC_23_addr = getelementptr i16 %localC_23, i64 0, i64 %zext_ln169" [mmult.cpp:169]   --->   Operation 59 'getelementptr' 'localC_23_addr' <Predicate = true> <Delay = 0.00>
ST_2 : Operation 60 [1/1] (0.00ns)   --->   "%localC_24_addr = getelementptr i16 %localC_24, i64 0, i64 %zext_ln169" [mmult.cpp:169]   --->   Operation 60 'getelementptr' 'localC_24_addr' <Predicate = true> <Delay = 0.00>
ST_2 : Operation 61 [1/1] (0.00ns)   --->   "%localC_25_addr = getelementptr i16 %localC_25, i64 0, i64 %zext_ln169" [mmult.cpp:169]   --->   Operation 61 'getelementptr' 'localC_25_addr' <Predicate = true> <Delay = 0.00>
ST_2 : Operation 62 [1/1] (0.00ns)   --->   "%localC_26_addr = getelementptr i16 %localC_26, i64 0, i64 %zext_ln169" [mmult.cpp:169]   --->   Operation 62 'getelementptr' 'localC_26_addr' <Predicate = true> <Delay = 0.00>
ST_2 : Operation 63 [1/1] (0.00ns)   --->   "%localC_27_addr = getelementptr i16 %localC_27, i64 0, i64 %zext_ln169" [mmult.cpp:169]   --->   Operation 63 'getelementptr' 'localC_27_addr' <Predicate = true> <Delay = 0.00>
ST_2 : Operation 64 [1/1] (0.00ns)   --->   "%localC_28_addr = getelementptr i16 %localC_28, i64 0, i64 %zext_ln169" [mmult.cpp:169]   --->   Operation 64 'getelementptr' 'localC_28_addr' <Predicate = true> <Delay = 0.00>
ST_2 : Operation 65 [1/1] (0.00ns)   --->   "%localC_29_addr = getelementptr i16 %localC_29, i64 0, i64 %zext_ln169" [mmult.cpp:169]   --->   Operation 65 'getelementptr' 'localC_29_addr' <Predicate = true> <Delay = 0.00>
ST_2 : Operation 66 [1/1] (0.00ns)   --->   "%localC_30_addr = getelementptr i16 %localC_30, i64 0, i64 %zext_ln169" [mmult.cpp:169]   --->   Operation 66 'getelementptr' 'localC_30_addr' <Predicate = true> <Delay = 0.00>
ST_2 : Operation 67 [1/1] (0.00ns)   --->   "%localC_31_addr = getelementptr i16 %localC_31, i64 0, i64 %zext_ln169" [mmult.cpp:169]   --->   Operation 67 'getelementptr' 'localC_31_addr' <Predicate = true> <Delay = 0.00>
ST_2 : Operation 68 [1/1] (0.00ns)   --->   "%localC_32_addr = getelementptr i16 %localC_32, i64 0, i64 %zext_ln169" [mmult.cpp:169]   --->   Operation 68 'getelementptr' 'localC_32_addr' <Predicate = true> <Delay = 0.00>
ST_2 : Operation 69 [1/1] (0.00ns)   --->   "%localC_33_addr = getelementptr i16 %localC_33, i64 0, i64 %zext_ln169" [mmult.cpp:169]   --->   Operation 69 'getelementptr' 'localC_33_addr' <Predicate = true> <Delay = 0.00>
ST_2 : Operation 70 [1/1] (0.00ns)   --->   "%localC_34_addr = getelementptr i16 %localC_34, i64 0, i64 %zext_ln169" [mmult.cpp:169]   --->   Operation 70 'getelementptr' 'localC_34_addr' <Predicate = true> <Delay = 0.00>
ST_2 : Operation 71 [1/1] (0.00ns)   --->   "%localC_35_addr = getelementptr i16 %localC_35, i64 0, i64 %zext_ln169" [mmult.cpp:169]   --->   Operation 71 'getelementptr' 'localC_35_addr' <Predicate = true> <Delay = 0.00>
ST_2 : Operation 72 [1/1] (0.00ns)   --->   "%localC_36_addr = getelementptr i16 %localC_36, i64 0, i64 %zext_ln169" [mmult.cpp:169]   --->   Operation 72 'getelementptr' 'localC_36_addr' <Predicate = true> <Delay = 0.00>
ST_2 : Operation 73 [1/1] (0.00ns)   --->   "%localC_37_addr = getelementptr i16 %localC_37, i64 0, i64 %zext_ln169" [mmult.cpp:169]   --->   Operation 73 'getelementptr' 'localC_37_addr' <Predicate = true> <Delay = 0.00>
ST_2 : Operation 74 [1/1] (0.00ns)   --->   "%localC_38_addr = getelementptr i16 %localC_38, i64 0, i64 %zext_ln169" [mmult.cpp:169]   --->   Operation 74 'getelementptr' 'localC_38_addr' <Predicate = true> <Delay = 0.00>
ST_2 : Operation 75 [1/1] (0.00ns)   --->   "%localC_39_addr = getelementptr i16 %localC_39, i64 0, i64 %zext_ln169" [mmult.cpp:169]   --->   Operation 75 'getelementptr' 'localC_39_addr' <Predicate = true> <Delay = 0.00>
ST_2 : Operation 76 [1/1] (0.00ns)   --->   "%localC_40_addr = getelementptr i16 %localC_40, i64 0, i64 %zext_ln169" [mmult.cpp:169]   --->   Operation 76 'getelementptr' 'localC_40_addr' <Predicate = true> <Delay = 0.00>
ST_2 : Operation 77 [1/1] (0.00ns)   --->   "%localC_41_addr = getelementptr i16 %localC_41, i64 0, i64 %zext_ln169" [mmult.cpp:169]   --->   Operation 77 'getelementptr' 'localC_41_addr' <Predicate = true> <Delay = 0.00>
ST_2 : Operation 78 [1/1] (0.00ns)   --->   "%localC_42_addr = getelementptr i16 %localC_42, i64 0, i64 %zext_ln169" [mmult.cpp:169]   --->   Operation 78 'getelementptr' 'localC_42_addr' <Predicate = true> <Delay = 0.00>
ST_2 : Operation 79 [1/1] (0.00ns)   --->   "%localC_43_addr = getelementptr i16 %localC_43, i64 0, i64 %zext_ln169" [mmult.cpp:169]   --->   Operation 79 'getelementptr' 'localC_43_addr' <Predicate = true> <Delay = 0.00>
ST_2 : Operation 80 [1/1] (0.00ns)   --->   "%localC_44_addr = getelementptr i16 %localC_44, i64 0, i64 %zext_ln169" [mmult.cpp:169]   --->   Operation 80 'getelementptr' 'localC_44_addr' <Predicate = true> <Delay = 0.00>
ST_2 : Operation 81 [1/1] (0.00ns)   --->   "%localC_45_addr = getelementptr i16 %localC_45, i64 0, i64 %zext_ln169" [mmult.cpp:169]   --->   Operation 81 'getelementptr' 'localC_45_addr' <Predicate = true> <Delay = 0.00>
ST_2 : Operation 82 [1/1] (0.00ns)   --->   "%localC_46_addr = getelementptr i16 %localC_46, i64 0, i64 %zext_ln169" [mmult.cpp:169]   --->   Operation 82 'getelementptr' 'localC_46_addr' <Predicate = true> <Delay = 0.00>
ST_2 : Operation 83 [1/1] (0.00ns)   --->   "%localC_47_addr = getelementptr i16 %localC_47, i64 0, i64 %zext_ln169" [mmult.cpp:169]   --->   Operation 83 'getelementptr' 'localC_47_addr' <Predicate = true> <Delay = 0.00>
ST_2 : Operation 84 [1/1] (0.00ns)   --->   "%localC_48_addr = getelementptr i16 %localC_48, i64 0, i64 %zext_ln169" [mmult.cpp:169]   --->   Operation 84 'getelementptr' 'localC_48_addr' <Predicate = true> <Delay = 0.00>
ST_2 : Operation 85 [1/1] (0.00ns)   --->   "%localC_49_addr = getelementptr i16 %localC_49, i64 0, i64 %zext_ln169" [mmult.cpp:169]   --->   Operation 85 'getelementptr' 'localC_49_addr' <Predicate = true> <Delay = 0.00>
ST_2 : Operation 86 [1/1] (0.00ns)   --->   "%localC_50_addr = getelementptr i16 %localC_50, i64 0, i64 %zext_ln169" [mmult.cpp:169]   --->   Operation 86 'getelementptr' 'localC_50_addr' <Predicate = true> <Delay = 0.00>
ST_2 : Operation 87 [1/1] (0.00ns)   --->   "%localC_51_addr = getelementptr i16 %localC_51, i64 0, i64 %zext_ln169" [mmult.cpp:169]   --->   Operation 87 'getelementptr' 'localC_51_addr' <Predicate = true> <Delay = 0.00>
ST_2 : Operation 88 [1/1] (0.00ns)   --->   "%localC_52_addr = getelementptr i16 %localC_52, i64 0, i64 %zext_ln169" [mmult.cpp:169]   --->   Operation 88 'getelementptr' 'localC_52_addr' <Predicate = true> <Delay = 0.00>
ST_2 : Operation 89 [1/1] (0.00ns)   --->   "%localC_53_addr = getelementptr i16 %localC_53, i64 0, i64 %zext_ln169" [mmult.cpp:169]   --->   Operation 89 'getelementptr' 'localC_53_addr' <Predicate = true> <Delay = 0.00>
ST_2 : Operation 90 [1/1] (0.00ns)   --->   "%localC_54_addr = getelementptr i16 %localC_54, i64 0, i64 %zext_ln169" [mmult.cpp:169]   --->   Operation 90 'getelementptr' 'localC_54_addr' <Predicate = true> <Delay = 0.00>
ST_2 : Operation 91 [1/1] (0.00ns)   --->   "%localC_55_addr = getelementptr i16 %localC_55, i64 0, i64 %zext_ln169" [mmult.cpp:169]   --->   Operation 91 'getelementptr' 'localC_55_addr' <Predicate = true> <Delay = 0.00>
ST_2 : Operation 92 [1/1] (0.00ns)   --->   "%localC_56_addr = getelementptr i16 %localC_56, i64 0, i64 %zext_ln169" [mmult.cpp:169]   --->   Operation 92 'getelementptr' 'localC_56_addr' <Predicate = true> <Delay = 0.00>
ST_2 : Operation 93 [1/1] (0.00ns)   --->   "%localC_57_addr = getelementptr i16 %localC_57, i64 0, i64 %zext_ln169" [mmult.cpp:169]   --->   Operation 93 'getelementptr' 'localC_57_addr' <Predicate = true> <Delay = 0.00>
ST_2 : Operation 94 [1/1] (0.00ns)   --->   "%localC_58_addr = getelementptr i16 %localC_58, i64 0, i64 %zext_ln169" [mmult.cpp:169]   --->   Operation 94 'getelementptr' 'localC_58_addr' <Predicate = true> <Delay = 0.00>
ST_2 : Operation 95 [1/1] (0.00ns)   --->   "%localC_59_addr = getelementptr i16 %localC_59, i64 0, i64 %zext_ln169" [mmult.cpp:169]   --->   Operation 95 'getelementptr' 'localC_59_addr' <Predicate = true> <Delay = 0.00>
ST_2 : Operation 96 [1/1] (0.00ns)   --->   "%localC_60_addr = getelementptr i16 %localC_60, i64 0, i64 %zext_ln169" [mmult.cpp:169]   --->   Operation 96 'getelementptr' 'localC_60_addr' <Predicate = true> <Delay = 0.00>
ST_2 : Operation 97 [1/1] (0.00ns)   --->   "%localC_61_addr = getelementptr i16 %localC_61, i64 0, i64 %zext_ln169" [mmult.cpp:169]   --->   Operation 97 'getelementptr' 'localC_61_addr' <Predicate = true> <Delay = 0.00>
ST_2 : Operation 98 [1/1] (0.00ns)   --->   "%localC_62_addr = getelementptr i16 %localC_62, i64 0, i64 %zext_ln169" [mmult.cpp:169]   --->   Operation 98 'getelementptr' 'localC_62_addr' <Predicate = true> <Delay = 0.00>
ST_2 : Operation 99 [1/1] (0.00ns)   --->   "%localC_63_addr = getelementptr i16 %localC_63, i64 0, i64 %zext_ln169" [mmult.cpp:169]   --->   Operation 99 'getelementptr' 'localC_63_addr' <Predicate = true> <Delay = 0.00>
ST_2 : Operation 100 [1/1] (0.67ns)   --->   "%store_ln169 = store i16 0, i4 %localC_48_addr" [mmult.cpp:169]   --->   Operation 100 'store' 'store_ln169' <Predicate = (trunc_ln166 == 6)> <Delay = 0.67> <CoreInst = "RAM">   --->   Core 83 'RAM' <Latency = 1> <II = 1> <Delay = 0.67> <Storage> <Opcode : 'load' 'store'> <Ports = 2> <Width = 16> <Depth = 16> <RAM>
ST_2 : Operation 101 [1/1] (0.67ns)   --->   "%store_ln169 = store i16 0, i4 %localC_49_addr" [mmult.cpp:169]   --->   Operation 101 'store' 'store_ln169' <Predicate = (trunc_ln166 == 6)> <Delay = 0.67> <CoreInst = "RAM">   --->   Core 83 'RAM' <Latency = 1> <II = 1> <Delay = 0.67> <Storage> <Opcode : 'load' 'store'> <Ports = 2> <Width = 16> <Depth = 16> <RAM>
ST_2 : Operation 102 [1/1] (0.67ns)   --->   "%store_ln169 = store i16 0, i4 %localC_50_addr" [mmult.cpp:169]   --->   Operation 102 'store' 'store_ln169' <Predicate = (trunc_ln166 == 6)> <Delay = 0.67> <CoreInst = "RAM">   --->   Core 83 'RAM' <Latency = 1> <II = 1> <Delay = 0.67> <Storage> <Opcode : 'load' 'store'> <Ports = 2> <Width = 16> <Depth = 16> <RAM>
ST_2 : Operation 103 [1/1] (0.67ns)   --->   "%store_ln169 = store i16 0, i4 %localC_51_addr" [mmult.cpp:169]   --->   Operation 103 'store' 'store_ln169' <Predicate = (trunc_ln166 == 6)> <Delay = 0.67> <CoreInst = "RAM">   --->   Core 83 'RAM' <Latency = 1> <II = 1> <Delay = 0.67> <Storage> <Opcode : 'load' 'store'> <Ports = 2> <Width = 16> <Depth = 16> <RAM>
ST_2 : Operation 104 [1/1] (0.67ns)   --->   "%store_ln169 = store i16 0, i4 %localC_52_addr" [mmult.cpp:169]   --->   Operation 104 'store' 'store_ln169' <Predicate = (trunc_ln166 == 6)> <Delay = 0.67> <CoreInst = "RAM">   --->   Core 83 'RAM' <Latency = 1> <II = 1> <Delay = 0.67> <Storage> <Opcode : 'load' 'store'> <Ports = 2> <Width = 16> <Depth = 16> <RAM>
ST_2 : Operation 105 [1/1] (0.67ns)   --->   "%store_ln169 = store i16 0, i4 %localC_53_addr" [mmult.cpp:169]   --->   Operation 105 'store' 'store_ln169' <Predicate = (trunc_ln166 == 6)> <Delay = 0.67> <CoreInst = "RAM">   --->   Core 83 'RAM' <Latency = 1> <II = 1> <Delay = 0.67> <Storage> <Opcode : 'load' 'store'> <Ports = 2> <Width = 16> <Depth = 16> <RAM>
ST_2 : Operation 106 [1/1] (0.67ns)   --->   "%store_ln169 = store i16 0, i4 %localC_54_addr" [mmult.cpp:169]   --->   Operation 106 'store' 'store_ln169' <Predicate = (trunc_ln166 == 6)> <Delay = 0.67> <CoreInst = "RAM">   --->   Core 83 'RAM' <Latency = 1> <II = 1> <Delay = 0.67> <Storage> <Opcode : 'load' 'store'> <Ports = 2> <Width = 16> <Depth = 16> <RAM>
ST_2 : Operation 107 [1/1] (0.67ns)   --->   "%store_ln169 = store i16 0, i4 %localC_55_addr" [mmult.cpp:169]   --->   Operation 107 'store' 'store_ln169' <Predicate = (trunc_ln166 == 6)> <Delay = 0.67> <CoreInst = "RAM">   --->   Core 83 'RAM' <Latency = 1> <II = 1> <Delay = 0.67> <Storage> <Opcode : 'load' 'store'> <Ports = 2> <Width = 16> <Depth = 16> <RAM>
ST_2 : Operation 108 [1/1] (0.00ns)   --->   "%br_ln169 = br void %arrayidx492.7.exit" [mmult.cpp:169]   --->   Operation 108 'br' 'br_ln169' <Predicate = (trunc_ln166 == 6)> <Delay = 0.00>
ST_2 : Operation 109 [1/1] (0.67ns)   --->   "%store_ln169 = store i16 0, i4 %localC_40_addr" [mmult.cpp:169]   --->   Operation 109 'store' 'store_ln169' <Predicate = (trunc_ln166 == 5)> <Delay = 0.67> <CoreInst = "RAM">   --->   Core 83 'RAM' <Latency = 1> <II = 1> <Delay = 0.67> <Storage> <Opcode : 'load' 'store'> <Ports = 2> <Width = 16> <Depth = 16> <RAM>
ST_2 : Operation 110 [1/1] (0.67ns)   --->   "%store_ln169 = store i16 0, i4 %localC_41_addr" [mmult.cpp:169]   --->   Operation 110 'store' 'store_ln169' <Predicate = (trunc_ln166 == 5)> <Delay = 0.67> <CoreInst = "RAM">   --->   Core 83 'RAM' <Latency = 1> <II = 1> <Delay = 0.67> <Storage> <Opcode : 'load' 'store'> <Ports = 2> <Width = 16> <Depth = 16> <RAM>
ST_2 : Operation 111 [1/1] (0.67ns)   --->   "%store_ln169 = store i16 0, i4 %localC_42_addr" [mmult.cpp:169]   --->   Operation 111 'store' 'store_ln169' <Predicate = (trunc_ln166 == 5)> <Delay = 0.67> <CoreInst = "RAM">   --->   Core 83 'RAM' <Latency = 1> <II = 1> <Delay = 0.67> <Storage> <Opcode : 'load' 'store'> <Ports = 2> <Width = 16> <Depth = 16> <RAM>
ST_2 : Operation 112 [1/1] (0.67ns)   --->   "%store_ln169 = store i16 0, i4 %localC_43_addr" [mmult.cpp:169]   --->   Operation 112 'store' 'store_ln169' <Predicate = (trunc_ln166 == 5)> <Delay = 0.67> <CoreInst = "RAM">   --->   Core 83 'RAM' <Latency = 1> <II = 1> <Delay = 0.67> <Storage> <Opcode : 'load' 'store'> <Ports = 2> <Width = 16> <Depth = 16> <RAM>
ST_2 : Operation 113 [1/1] (0.67ns)   --->   "%store_ln169 = store i16 0, i4 %localC_44_addr" [mmult.cpp:169]   --->   Operation 113 'store' 'store_ln169' <Predicate = (trunc_ln166 == 5)> <Delay = 0.67> <CoreInst = "RAM">   --->   Core 83 'RAM' <Latency = 1> <II = 1> <Delay = 0.67> <Storage> <Opcode : 'load' 'store'> <Ports = 2> <Width = 16> <Depth = 16> <RAM>
ST_2 : Operation 114 [1/1] (0.67ns)   --->   "%store_ln169 = store i16 0, i4 %localC_45_addr" [mmult.cpp:169]   --->   Operation 114 'store' 'store_ln169' <Predicate = (trunc_ln166 == 5)> <Delay = 0.67> <CoreInst = "RAM">   --->   Core 83 'RAM' <Latency = 1> <II = 1> <Delay = 0.67> <Storage> <Opcode : 'load' 'store'> <Ports = 2> <Width = 16> <Depth = 16> <RAM>
ST_2 : Operation 115 [1/1] (0.67ns)   --->   "%store_ln169 = store i16 0, i4 %localC_46_addr" [mmult.cpp:169]   --->   Operation 115 'store' 'store_ln169' <Predicate = (trunc_ln166 == 5)> <Delay = 0.67> <CoreInst = "RAM">   --->   Core 83 'RAM' <Latency = 1> <II = 1> <Delay = 0.67> <Storage> <Opcode : 'load' 'store'> <Ports = 2> <Width = 16> <Depth = 16> <RAM>
ST_2 : Operation 116 [1/1] (0.67ns)   --->   "%store_ln169 = store i16 0, i4 %localC_47_addr" [mmult.cpp:169]   --->   Operation 116 'store' 'store_ln169' <Predicate = (trunc_ln166 == 5)> <Delay = 0.67> <CoreInst = "RAM">   --->   Core 83 'RAM' <Latency = 1> <II = 1> <Delay = 0.67> <Storage> <Opcode : 'load' 'store'> <Ports = 2> <Width = 16> <Depth = 16> <RAM>
ST_2 : Operation 117 [1/1] (0.00ns)   --->   "%br_ln169 = br void %arrayidx492.7.exit" [mmult.cpp:169]   --->   Operation 117 'br' 'br_ln169' <Predicate = (trunc_ln166 == 5)> <Delay = 0.00>
ST_2 : Operation 118 [1/1] (0.67ns)   --->   "%store_ln169 = store i16 0, i4 %localC_32_addr" [mmult.cpp:169]   --->   Operation 118 'store' 'store_ln169' <Predicate = (trunc_ln166 == 4)> <Delay = 0.67> <CoreInst = "RAM">   --->   Core 83 'RAM' <Latency = 1> <II = 1> <Delay = 0.67> <Storage> <Opcode : 'load' 'store'> <Ports = 2> <Width = 16> <Depth = 16> <RAM>
ST_2 : Operation 119 [1/1] (0.67ns)   --->   "%store_ln169 = store i16 0, i4 %localC_33_addr" [mmult.cpp:169]   --->   Operation 119 'store' 'store_ln169' <Predicate = (trunc_ln166 == 4)> <Delay = 0.67> <CoreInst = "RAM">   --->   Core 83 'RAM' <Latency = 1> <II = 1> <Delay = 0.67> <Storage> <Opcode : 'load' 'store'> <Ports = 2> <Width = 16> <Depth = 16> <RAM>
ST_2 : Operation 120 [1/1] (0.67ns)   --->   "%store_ln169 = store i16 0, i4 %localC_34_addr" [mmult.cpp:169]   --->   Operation 120 'store' 'store_ln169' <Predicate = (trunc_ln166 == 4)> <Delay = 0.67> <CoreInst = "RAM">   --->   Core 83 'RAM' <Latency = 1> <II = 1> <Delay = 0.67> <Storage> <Opcode : 'load' 'store'> <Ports = 2> <Width = 16> <Depth = 16> <RAM>
ST_2 : Operation 121 [1/1] (0.67ns)   --->   "%store_ln169 = store i16 0, i4 %localC_35_addr" [mmult.cpp:169]   --->   Operation 121 'store' 'store_ln169' <Predicate = (trunc_ln166 == 4)> <Delay = 0.67> <CoreInst = "RAM">   --->   Core 83 'RAM' <Latency = 1> <II = 1> <Delay = 0.67> <Storage> <Opcode : 'load' 'store'> <Ports = 2> <Width = 16> <Depth = 16> <RAM>
ST_2 : Operation 122 [1/1] (0.67ns)   --->   "%store_ln169 = store i16 0, i4 %localC_36_addr" [mmult.cpp:169]   --->   Operation 122 'store' 'store_ln169' <Predicate = (trunc_ln166 == 4)> <Delay = 0.67> <CoreInst = "RAM">   --->   Core 83 'RAM' <Latency = 1> <II = 1> <Delay = 0.67> <Storage> <Opcode : 'load' 'store'> <Ports = 2> <Width = 16> <Depth = 16> <RAM>
ST_2 : Operation 123 [1/1] (0.67ns)   --->   "%store_ln169 = store i16 0, i4 %localC_37_addr" [mmult.cpp:169]   --->   Operation 123 'store' 'store_ln169' <Predicate = (trunc_ln166 == 4)> <Delay = 0.67> <CoreInst = "RAM">   --->   Core 83 'RAM' <Latency = 1> <II = 1> <Delay = 0.67> <Storage> <Opcode : 'load' 'store'> <Ports = 2> <Width = 16> <Depth = 16> <RAM>
ST_2 : Operation 124 [1/1] (0.67ns)   --->   "%store_ln169 = store i16 0, i4 %localC_38_addr" [mmult.cpp:169]   --->   Operation 124 'store' 'store_ln169' <Predicate = (trunc_ln166 == 4)> <Delay = 0.67> <CoreInst = "RAM">   --->   Core 83 'RAM' <Latency = 1> <II = 1> <Delay = 0.67> <Storage> <Opcode : 'load' 'store'> <Ports = 2> <Width = 16> <Depth = 16> <RAM>
ST_2 : Operation 125 [1/1] (0.67ns)   --->   "%store_ln169 = store i16 0, i4 %localC_39_addr" [mmult.cpp:169]   --->   Operation 125 'store' 'store_ln169' <Predicate = (trunc_ln166 == 4)> <Delay = 0.67> <CoreInst = "RAM">   --->   Core 83 'RAM' <Latency = 1> <II = 1> <Delay = 0.67> <Storage> <Opcode : 'load' 'store'> <Ports = 2> <Width = 16> <Depth = 16> <RAM>
ST_2 : Operation 126 [1/1] (0.00ns)   --->   "%br_ln169 = br void %arrayidx492.7.exit" [mmult.cpp:169]   --->   Operation 126 'br' 'br_ln169' <Predicate = (trunc_ln166 == 4)> <Delay = 0.00>
ST_2 : Operation 127 [1/1] (0.67ns)   --->   "%store_ln169 = store i16 0, i4 %localC_24_addr" [mmult.cpp:169]   --->   Operation 127 'store' 'store_ln169' <Predicate = (trunc_ln166 == 3)> <Delay = 0.67> <CoreInst = "RAM">   --->   Core 83 'RAM' <Latency = 1> <II = 1> <Delay = 0.67> <Storage> <Opcode : 'load' 'store'> <Ports = 2> <Width = 16> <Depth = 16> <RAM>
ST_2 : Operation 128 [1/1] (0.67ns)   --->   "%store_ln169 = store i16 0, i4 %localC_25_addr" [mmult.cpp:169]   --->   Operation 128 'store' 'store_ln169' <Predicate = (trunc_ln166 == 3)> <Delay = 0.67> <CoreInst = "RAM">   --->   Core 83 'RAM' <Latency = 1> <II = 1> <Delay = 0.67> <Storage> <Opcode : 'load' 'store'> <Ports = 2> <Width = 16> <Depth = 16> <RAM>
ST_2 : Operation 129 [1/1] (0.67ns)   --->   "%store_ln169 = store i16 0, i4 %localC_26_addr" [mmult.cpp:169]   --->   Operation 129 'store' 'store_ln169' <Predicate = (trunc_ln166 == 3)> <Delay = 0.67> <CoreInst = "RAM">   --->   Core 83 'RAM' <Latency = 1> <II = 1> <Delay = 0.67> <Storage> <Opcode : 'load' 'store'> <Ports = 2> <Width = 16> <Depth = 16> <RAM>
ST_2 : Operation 130 [1/1] (0.67ns)   --->   "%store_ln169 = store i16 0, i4 %localC_27_addr" [mmult.cpp:169]   --->   Operation 130 'store' 'store_ln169' <Predicate = (trunc_ln166 == 3)> <Delay = 0.67> <CoreInst = "RAM">   --->   Core 83 'RAM' <Latency = 1> <II = 1> <Delay = 0.67> <Storage> <Opcode : 'load' 'store'> <Ports = 2> <Width = 16> <Depth = 16> <RAM>
ST_2 : Operation 131 [1/1] (0.67ns)   --->   "%store_ln169 = store i16 0, i4 %localC_28_addr" [mmult.cpp:169]   --->   Operation 131 'store' 'store_ln169' <Predicate = (trunc_ln166 == 3)> <Delay = 0.67> <CoreInst = "RAM">   --->   Core 83 'RAM' <Latency = 1> <II = 1> <Delay = 0.67> <Storage> <Opcode : 'load' 'store'> <Ports = 2> <Width = 16> <Depth = 16> <RAM>
ST_2 : Operation 132 [1/1] (0.67ns)   --->   "%store_ln169 = store i16 0, i4 %localC_29_addr" [mmult.cpp:169]   --->   Operation 132 'store' 'store_ln169' <Predicate = (trunc_ln166 == 3)> <Delay = 0.67> <CoreInst = "RAM">   --->   Core 83 'RAM' <Latency = 1> <II = 1> <Delay = 0.67> <Storage> <Opcode : 'load' 'store'> <Ports = 2> <Width = 16> <Depth = 16> <RAM>
ST_2 : Operation 133 [1/1] (0.67ns)   --->   "%store_ln169 = store i16 0, i4 %localC_30_addr" [mmult.cpp:169]   --->   Operation 133 'store' 'store_ln169' <Predicate = (trunc_ln166 == 3)> <Delay = 0.67> <CoreInst = "RAM">   --->   Core 83 'RAM' <Latency = 1> <II = 1> <Delay = 0.67> <Storage> <Opcode : 'load' 'store'> <Ports = 2> <Width = 16> <Depth = 16> <RAM>
ST_2 : Operation 134 [1/1] (0.67ns)   --->   "%store_ln169 = store i16 0, i4 %localC_31_addr" [mmult.cpp:169]   --->   Operation 134 'store' 'store_ln169' <Predicate = (trunc_ln166 == 3)> <Delay = 0.67> <CoreInst = "RAM">   --->   Core 83 'RAM' <Latency = 1> <II = 1> <Delay = 0.67> <Storage> <Opcode : 'load' 'store'> <Ports = 2> <Width = 16> <Depth = 16> <RAM>
ST_2 : Operation 135 [1/1] (0.00ns)   --->   "%br_ln169 = br void %arrayidx492.7.exit" [mmult.cpp:169]   --->   Operation 135 'br' 'br_ln169' <Predicate = (trunc_ln166 == 3)> <Delay = 0.00>
ST_2 : Operation 136 [1/1] (0.67ns)   --->   "%store_ln169 = store i16 0, i4 %localC_16_addr" [mmult.cpp:169]   --->   Operation 136 'store' 'store_ln169' <Predicate = (trunc_ln166 == 2)> <Delay = 0.67> <CoreInst = "RAM">   --->   Core 83 'RAM' <Latency = 1> <II = 1> <Delay = 0.67> <Storage> <Opcode : 'load' 'store'> <Ports = 2> <Width = 16> <Depth = 16> <RAM>
ST_2 : Operation 137 [1/1] (0.67ns)   --->   "%store_ln169 = store i16 0, i4 %localC_17_addr" [mmult.cpp:169]   --->   Operation 137 'store' 'store_ln169' <Predicate = (trunc_ln166 == 2)> <Delay = 0.67> <CoreInst = "RAM">   --->   Core 83 'RAM' <Latency = 1> <II = 1> <Delay = 0.67> <Storage> <Opcode : 'load' 'store'> <Ports = 2> <Width = 16> <Depth = 16> <RAM>
ST_2 : Operation 138 [1/1] (0.67ns)   --->   "%store_ln169 = store i16 0, i4 %localC_18_addr" [mmult.cpp:169]   --->   Operation 138 'store' 'store_ln169' <Predicate = (trunc_ln166 == 2)> <Delay = 0.67> <CoreInst = "RAM">   --->   Core 83 'RAM' <Latency = 1> <II = 1> <Delay = 0.67> <Storage> <Opcode : 'load' 'store'> <Ports = 2> <Width = 16> <Depth = 16> <RAM>
ST_2 : Operation 139 [1/1] (0.67ns)   --->   "%store_ln169 = store i16 0, i4 %localC_19_addr" [mmult.cpp:169]   --->   Operation 139 'store' 'store_ln169' <Predicate = (trunc_ln166 == 2)> <Delay = 0.67> <CoreInst = "RAM">   --->   Core 83 'RAM' <Latency = 1> <II = 1> <Delay = 0.67> <Storage> <Opcode : 'load' 'store'> <Ports = 2> <Width = 16> <Depth = 16> <RAM>
ST_2 : Operation 140 [1/1] (0.67ns)   --->   "%store_ln169 = store i16 0, i4 %localC_20_addr" [mmult.cpp:169]   --->   Operation 140 'store' 'store_ln169' <Predicate = (trunc_ln166 == 2)> <Delay = 0.67> <CoreInst = "RAM">   --->   Core 83 'RAM' <Latency = 1> <II = 1> <Delay = 0.67> <Storage> <Opcode : 'load' 'store'> <Ports = 2> <Width = 16> <Depth = 16> <RAM>
ST_2 : Operation 141 [1/1] (0.67ns)   --->   "%store_ln169 = store i16 0, i4 %localC_21_addr" [mmult.cpp:169]   --->   Operation 141 'store' 'store_ln169' <Predicate = (trunc_ln166 == 2)> <Delay = 0.67> <CoreInst = "RAM">   --->   Core 83 'RAM' <Latency = 1> <II = 1> <Delay = 0.67> <Storage> <Opcode : 'load' 'store'> <Ports = 2> <Width = 16> <Depth = 16> <RAM>
ST_2 : Operation 142 [1/1] (0.67ns)   --->   "%store_ln169 = store i16 0, i4 %localC_22_addr" [mmult.cpp:169]   --->   Operation 142 'store' 'store_ln169' <Predicate = (trunc_ln166 == 2)> <Delay = 0.67> <CoreInst = "RAM">   --->   Core 83 'RAM' <Latency = 1> <II = 1> <Delay = 0.67> <Storage> <Opcode : 'load' 'store'> <Ports = 2> <Width = 16> <Depth = 16> <RAM>
ST_2 : Operation 143 [1/1] (0.67ns)   --->   "%store_ln169 = store i16 0, i4 %localC_23_addr" [mmult.cpp:169]   --->   Operation 143 'store' 'store_ln169' <Predicate = (trunc_ln166 == 2)> <Delay = 0.67> <CoreInst = "RAM">   --->   Core 83 'RAM' <Latency = 1> <II = 1> <Delay = 0.67> <Storage> <Opcode : 'load' 'store'> <Ports = 2> <Width = 16> <Depth = 16> <RAM>
ST_2 : Operation 144 [1/1] (0.00ns)   --->   "%br_ln169 = br void %arrayidx492.7.exit" [mmult.cpp:169]   --->   Operation 144 'br' 'br_ln169' <Predicate = (trunc_ln166 == 2)> <Delay = 0.00>
ST_2 : Operation 145 [1/1] (0.67ns)   --->   "%store_ln169 = store i16 0, i4 %localC_8_addr" [mmult.cpp:169]   --->   Operation 145 'store' 'store_ln169' <Predicate = (trunc_ln166 == 1)> <Delay = 0.67> <CoreInst = "RAM">   --->   Core 83 'RAM' <Latency = 1> <II = 1> <Delay = 0.67> <Storage> <Opcode : 'load' 'store'> <Ports = 2> <Width = 16> <Depth = 16> <RAM>
ST_2 : Operation 146 [1/1] (0.67ns)   --->   "%store_ln169 = store i16 0, i4 %localC_9_addr" [mmult.cpp:169]   --->   Operation 146 'store' 'store_ln169' <Predicate = (trunc_ln166 == 1)> <Delay = 0.67> <CoreInst = "RAM">   --->   Core 83 'RAM' <Latency = 1> <II = 1> <Delay = 0.67> <Storage> <Opcode : 'load' 'store'> <Ports = 2> <Width = 16> <Depth = 16> <RAM>
ST_2 : Operation 147 [1/1] (0.67ns)   --->   "%store_ln169 = store i16 0, i4 %localC_10_addr" [mmult.cpp:169]   --->   Operation 147 'store' 'store_ln169' <Predicate = (trunc_ln166 == 1)> <Delay = 0.67> <CoreInst = "RAM">   --->   Core 83 'RAM' <Latency = 1> <II = 1> <Delay = 0.67> <Storage> <Opcode : 'load' 'store'> <Ports = 2> <Width = 16> <Depth = 16> <RAM>
ST_2 : Operation 148 [1/1] (0.67ns)   --->   "%store_ln169 = store i16 0, i4 %localC_11_addr" [mmult.cpp:169]   --->   Operation 148 'store' 'store_ln169' <Predicate = (trunc_ln166 == 1)> <Delay = 0.67> <CoreInst = "RAM">   --->   Core 83 'RAM' <Latency = 1> <II = 1> <Delay = 0.67> <Storage> <Opcode : 'load' 'store'> <Ports = 2> <Width = 16> <Depth = 16> <RAM>
ST_2 : Operation 149 [1/1] (0.67ns)   --->   "%store_ln169 = store i16 0, i4 %localC_12_addr" [mmult.cpp:169]   --->   Operation 149 'store' 'store_ln169' <Predicate = (trunc_ln166 == 1)> <Delay = 0.67> <CoreInst = "RAM">   --->   Core 83 'RAM' <Latency = 1> <II = 1> <Delay = 0.67> <Storage> <Opcode : 'load' 'store'> <Ports = 2> <Width = 16> <Depth = 16> <RAM>
ST_2 : Operation 150 [1/1] (0.67ns)   --->   "%store_ln169 = store i16 0, i4 %localC_13_addr" [mmult.cpp:169]   --->   Operation 150 'store' 'store_ln169' <Predicate = (trunc_ln166 == 1)> <Delay = 0.67> <CoreInst = "RAM">   --->   Core 83 'RAM' <Latency = 1> <II = 1> <Delay = 0.67> <Storage> <Opcode : 'load' 'store'> <Ports = 2> <Width = 16> <Depth = 16> <RAM>
ST_2 : Operation 151 [1/1] (0.67ns)   --->   "%store_ln169 = store i16 0, i4 %localC_14_addr" [mmult.cpp:169]   --->   Operation 151 'store' 'store_ln169' <Predicate = (trunc_ln166 == 1)> <Delay = 0.67> <CoreInst = "RAM">   --->   Core 83 'RAM' <Latency = 1> <II = 1> <Delay = 0.67> <Storage> <Opcode : 'load' 'store'> <Ports = 2> <Width = 16> <Depth = 16> <RAM>
ST_2 : Operation 152 [1/1] (0.67ns)   --->   "%store_ln169 = store i16 0, i4 %localC_15_addr" [mmult.cpp:169]   --->   Operation 152 'store' 'store_ln169' <Predicate = (trunc_ln166 == 1)> <Delay = 0.67> <CoreInst = "RAM">   --->   Core 83 'RAM' <Latency = 1> <II = 1> <Delay = 0.67> <Storage> <Opcode : 'load' 'store'> <Ports = 2> <Width = 16> <Depth = 16> <RAM>
ST_2 : Operation 153 [1/1] (0.00ns)   --->   "%br_ln169 = br void %arrayidx492.7.exit" [mmult.cpp:169]   --->   Operation 153 'br' 'br_ln169' <Predicate = (trunc_ln166 == 1)> <Delay = 0.00>
ST_2 : Operation 154 [1/1] (0.67ns)   --->   "%store_ln169 = store i16 0, i4 %localC_addr" [mmult.cpp:169]   --->   Operation 154 'store' 'store_ln169' <Predicate = (trunc_ln166 == 0)> <Delay = 0.67> <CoreInst = "RAM">   --->   Core 83 'RAM' <Latency = 1> <II = 1> <Delay = 0.67> <Storage> <Opcode : 'load' 'store'> <Ports = 2> <Width = 16> <Depth = 16> <RAM>
ST_2 : Operation 155 [1/1] (0.67ns)   --->   "%store_ln169 = store i16 0, i4 %localC_1_addr" [mmult.cpp:169]   --->   Operation 155 'store' 'store_ln169' <Predicate = (trunc_ln166 == 0)> <Delay = 0.67> <CoreInst = "RAM">   --->   Core 83 'RAM' <Latency = 1> <II = 1> <Delay = 0.67> <Storage> <Opcode : 'load' 'store'> <Ports = 2> <Width = 16> <Depth = 16> <RAM>
ST_2 : Operation 156 [1/1] (0.67ns)   --->   "%store_ln169 = store i16 0, i4 %localC_2_addr" [mmult.cpp:169]   --->   Operation 156 'store' 'store_ln169' <Predicate = (trunc_ln166 == 0)> <Delay = 0.67> <CoreInst = "RAM">   --->   Core 83 'RAM' <Latency = 1> <II = 1> <Delay = 0.67> <Storage> <Opcode : 'load' 'store'> <Ports = 2> <Width = 16> <Depth = 16> <RAM>
ST_2 : Operation 157 [1/1] (0.67ns)   --->   "%store_ln169 = store i16 0, i4 %localC_3_addr" [mmult.cpp:169]   --->   Operation 157 'store' 'store_ln169' <Predicate = (trunc_ln166 == 0)> <Delay = 0.67> <CoreInst = "RAM">   --->   Core 83 'RAM' <Latency = 1> <II = 1> <Delay = 0.67> <Storage> <Opcode : 'load' 'store'> <Ports = 2> <Width = 16> <Depth = 16> <RAM>
ST_2 : Operation 158 [1/1] (0.67ns)   --->   "%store_ln169 = store i16 0, i4 %localC_4_addr" [mmult.cpp:169]   --->   Operation 158 'store' 'store_ln169' <Predicate = (trunc_ln166 == 0)> <Delay = 0.67> <CoreInst = "RAM">   --->   Core 83 'RAM' <Latency = 1> <II = 1> <Delay = 0.67> <Storage> <Opcode : 'load' 'store'> <Ports = 2> <Width = 16> <Depth = 16> <RAM>
ST_2 : Operation 159 [1/1] (0.67ns)   --->   "%store_ln169 = store i16 0, i4 %localC_5_addr" [mmult.cpp:169]   --->   Operation 159 'store' 'store_ln169' <Predicate = (trunc_ln166 == 0)> <Delay = 0.67> <CoreInst = "RAM">   --->   Core 83 'RAM' <Latency = 1> <II = 1> <Delay = 0.67> <Storage> <Opcode : 'load' 'store'> <Ports = 2> <Width = 16> <Depth = 16> <RAM>
ST_2 : Operation 160 [1/1] (0.67ns)   --->   "%store_ln169 = store i16 0, i4 %localC_6_addr" [mmult.cpp:169]   --->   Operation 160 'store' 'store_ln169' <Predicate = (trunc_ln166 == 0)> <Delay = 0.67> <CoreInst = "RAM">   --->   Core 83 'RAM' <Latency = 1> <II = 1> <Delay = 0.67> <Storage> <Opcode : 'load' 'store'> <Ports = 2> <Width = 16> <Depth = 16> <RAM>
ST_2 : Operation 161 [1/1] (0.67ns)   --->   "%store_ln169 = store i16 0, i4 %localC_7_addr" [mmult.cpp:169]   --->   Operation 161 'store' 'store_ln169' <Predicate = (trunc_ln166 == 0)> <Delay = 0.67> <CoreInst = "RAM">   --->   Core 83 'RAM' <Latency = 1> <II = 1> <Delay = 0.67> <Storage> <Opcode : 'load' 'store'> <Ports = 2> <Width = 16> <Depth = 16> <RAM>
ST_2 : Operation 162 [1/1] (0.00ns)   --->   "%br_ln169 = br void %arrayidx492.7.exit" [mmult.cpp:169]   --->   Operation 162 'br' 'br_ln169' <Predicate = (trunc_ln166 == 0)> <Delay = 0.00>
ST_2 : Operation 163 [1/1] (0.67ns)   --->   "%store_ln169 = store i16 0, i4 %localC_56_addr" [mmult.cpp:169]   --->   Operation 163 'store' 'store_ln169' <Predicate = (trunc_ln166 == 7)> <Delay = 0.67> <CoreInst = "RAM">   --->   Core 83 'RAM' <Latency = 1> <II = 1> <Delay = 0.67> <Storage> <Opcode : 'load' 'store'> <Ports = 2> <Width = 16> <Depth = 16> <RAM>
ST_2 : Operation 164 [1/1] (0.67ns)   --->   "%store_ln169 = store i16 0, i4 %localC_57_addr" [mmult.cpp:169]   --->   Operation 164 'store' 'store_ln169' <Predicate = (trunc_ln166 == 7)> <Delay = 0.67> <CoreInst = "RAM">   --->   Core 83 'RAM' <Latency = 1> <II = 1> <Delay = 0.67> <Storage> <Opcode : 'load' 'store'> <Ports = 2> <Width = 16> <Depth = 16> <RAM>
ST_2 : Operation 165 [1/1] (0.67ns)   --->   "%store_ln169 = store i16 0, i4 %localC_58_addr" [mmult.cpp:169]   --->   Operation 165 'store' 'store_ln169' <Predicate = (trunc_ln166 == 7)> <Delay = 0.67> <CoreInst = "RAM">   --->   Core 83 'RAM' <Latency = 1> <II = 1> <Delay = 0.67> <Storage> <Opcode : 'load' 'store'> <Ports = 2> <Width = 16> <Depth = 16> <RAM>
ST_2 : Operation 166 [1/1] (0.67ns)   --->   "%store_ln169 = store i16 0, i4 %localC_59_addr" [mmult.cpp:169]   --->   Operation 166 'store' 'store_ln169' <Predicate = (trunc_ln166 == 7)> <Delay = 0.67> <CoreInst = "RAM">   --->   Core 83 'RAM' <Latency = 1> <II = 1> <Delay = 0.67> <Storage> <Opcode : 'load' 'store'> <Ports = 2> <Width = 16> <Depth = 16> <RAM>
ST_2 : Operation 167 [1/1] (0.67ns)   --->   "%store_ln169 = store i16 0, i4 %localC_60_addr" [mmult.cpp:169]   --->   Operation 167 'store' 'store_ln169' <Predicate = (trunc_ln166 == 7)> <Delay = 0.67> <CoreInst = "RAM">   --->   Core 83 'RAM' <Latency = 1> <II = 1> <Delay = 0.67> <Storage> <Opcode : 'load' 'store'> <Ports = 2> <Width = 16> <Depth = 16> <RAM>
ST_2 : Operation 168 [1/1] (0.67ns)   --->   "%store_ln169 = store i16 0, i4 %localC_61_addr" [mmult.cpp:169]   --->   Operation 168 'store' 'store_ln169' <Predicate = (trunc_ln166 == 7)> <Delay = 0.67> <CoreInst = "RAM">   --->   Core 83 'RAM' <Latency = 1> <II = 1> <Delay = 0.67> <Storage> <Opcode : 'load' 'store'> <Ports = 2> <Width = 16> <Depth = 16> <RAM>
ST_2 : Operation 169 [1/1] (0.67ns)   --->   "%store_ln169 = store i16 0, i4 %localC_62_addr" [mmult.cpp:169]   --->   Operation 169 'store' 'store_ln169' <Predicate = (trunc_ln166 == 7)> <Delay = 0.67> <CoreInst = "RAM">   --->   Core 83 'RAM' <Latency = 1> <II = 1> <Delay = 0.67> <Storage> <Opcode : 'load' 'store'> <Ports = 2> <Width = 16> <Depth = 16> <RAM>
ST_2 : Operation 170 [1/1] (0.67ns)   --->   "%store_ln169 = store i16 0, i4 %localC_63_addr" [mmult.cpp:169]   --->   Operation 170 'store' 'store_ln169' <Predicate = (trunc_ln166 == 7)> <Delay = 0.67> <CoreInst = "RAM">   --->   Core 83 'RAM' <Latency = 1> <II = 1> <Delay = 0.67> <Storage> <Opcode : 'load' 'store'> <Ports = 2> <Width = 16> <Depth = 16> <RAM>
ST_2 : Operation 171 [1/1] (0.00ns)   --->   "%br_ln169 = br void %arrayidx492.7.exit" [mmult.cpp:169]   --->   Operation 171 'br' 'br_ln169' <Predicate = (trunc_ln166 == 7)> <Delay = 0.00>


============================================================
+ Verbose Summary: Timing violations
============================================================
Target clock period: 3.300ns, clock uncertainty: 0.891ns.

 <State 1>: 2.330ns
The critical path consists of the following:
	'store' operation 0 bit ('store_ln166', mmult.cpp:166) of constant 0 on local variable 'i', mmult.cpp:166 [69]  (0.427 ns)
	'load' operation 6 bit ('i_load', mmult.cpp:166) on local variable 'i', mmult.cpp:166 [79]  (0.000 ns)
	'add' operation 6 bit ('add_ln166', mmult.cpp:166) [80]  (0.781 ns)
	'select' operation 6 bit ('select_ln166_1', mmult.cpp:166) [85]  (0.384 ns)
	blocking operation 0.738187 ns on control path)

 <State 2>: 0.677ns
The critical path consists of the following:
	'getelementptr' operation 4 bit ('localC_56_addr', mmult.cpp:169) [148]  (0.000 ns)
	'store' operation 0 bit ('store_ln169', mmult.cpp:169) of constant 0 on array 'localC_56' [228]  (0.677 ns)


============================================================
+ Verbose Summary: Binding
============================================================
N/A
* FSMD analyzer results:
  - Output states:
 - Input state : 
  - Chain level:
	State 1
	State 2


============================================================
+ Verbose Summary: Datapath Resource usage 
============================================================
N/A
