

================================================================
== Vitis HLS Report for 'mmult_Pipeline_readB'
================================================================
* Date:           Thu Apr 23 02:45:09 2026

* Version:        2023.2 (Build 4023990 on Oct 11 2023)
* Project:        hls_prj
* Solution:       s1 (Vivado IP Flow Target)
* Product family: zynquplus
* Target device:  xck26-sfvc784-2LV-c


================================================================
== Performance Estimates
================================================================
+ Timing: 
    * Summary: 
    +--------+---------+----------+------------+
    |  Clock |  Target | Estimated| Uncertainty|
    +--------+---------+----------+------------+
    |ap_clk  |  3.30 ns|  2.409 ns|     0.89 ns|
    +--------+---------+----------+------------+

+ Latency: 
    * Summary: 
    +---------+---------+----------+----------+------+------+---------+
    |  Latency (cycles) |  Latency (absolute) |   Interval  | Pipeline|
    |   min   |   max   |    min   |    max   |  min |  max |   Type  |
    +---------+---------+----------+----------+------+------+---------+
    |     2050|     2050|  6.765 us|  6.765 us|  2050|  2050|       no|
    +---------+---------+----------+----------+------+------+---------+

    + Detail: 
        * Instance: 
        N/A

        * Loop: 
        +----------+---------+---------+----------+-----------+-----------+------+----------+
        |          |  Latency (cycles) | Iteration|  Initiation Interval  | Trip |          |
        | Loop Name|   min   |   max   |  Latency |  achieved |   target  | Count| Pipelined|
        +----------+---------+---------+----------+-----------+-----------+------+----------+
        |- readB   |     2048|     2048|         3|          2|          1|  1024|       yes|
        +----------+---------+---------+----------+-----------+-----------+------+----------+



================================================================
== Utilization Estimates
================================================================
* Summary: 
+-----------------+---------+------+--------+--------+-----+
|       Name      | BRAM_18K|  DSP |   FF   |   LUT  | URAM|
+-----------------+---------+------+--------+--------+-----+
|DSP              |        -|     -|       -|       -|    -|
|Expression       |        -|     -|       0|     278|    -|
|FIFO             |        -|     -|       -|       -|    -|
|Instance         |        -|     -|       -|       -|    -|
|Memory           |        -|     -|       -|       -|    -|
|Multiplexer      |        -|     -|       -|      77|    -|
|Register         |        -|     -|     190|       -|    -|
+-----------------+---------+------+--------+--------+-----+
|Total            |        0|     0|     190|     355|    0|
+-----------------+---------+------+--------+--------+-----+
|Available        |      288|  1248|  234240|  117120|   64|
+-----------------+---------+------+--------+--------+-----+
|Utilization (%)  |        0|     0|      ~0|      ~0|    0|
+-----------------+---------+------+--------+--------+-----+

+ Detail: 
    * Instance: 
    N/A

    * DSP: 
    N/A

    * Memory: 
    N/A

    * FIFO: 
    N/A

    * Expression: 
    +----------------------------------+----------+----+---+----+------------+------------+
    |           Variable Name          | Operation| DSP| FF| LUT| Bitwidth P0| Bitwidth P1|
    +----------------------------------+----------+----+---+----+------------+------------+
    |add_ln177_fu_296_p2               |         +|   0|  0|  38|          31|           1|
    |add_ln180_fu_340_p2               |         +|   0|  0|  39|          32|           1|
    |add_ln183_fu_365_p2               |         +|   0|  0|  14|           7|           7|
    |j_4_fu_370_p2                     |         +|   0|  0|  39|          32|           1|
    |ap_block_pp0_stage0_11001         |       and|   0|  0|   2|           1|           1|
    |ap_block_state3_pp0_stage0_iter1  |       and|   0|  0|   2|           1|           1|
    |icmp_ln177_fu_291_p2              |      icmp|   0|  0|  39|          32|          32|
    |icmp_ln179_fu_310_p2              |      icmp|   0|  0|  39|          32|          32|
    |i_2_fu_346_p3                     |    select|   0|  0|  32|           1|          32|
    |j_3_fu_315_p3                     |    select|   0|  0|  32|           1|           1|
    |ap_enable_pp0                     |       xor|   0|  0|   2|           1|           2|
    +----------------------------------+----------+----+---+----+------------+------------+
    |Total                             |          |   0|  0| 278|         171|         111|
    +----------------------------------+----------+----+---+----+------------+------------+

    * Multiplexer: 
    +-------------------------+----+-----------+-----+-----------+
    |           Name          | LUT| Input Size| Bits| Total Bits|
    +-------------------------+----+-----------+-----+-----------+
    |ap_NS_fsm                |  14|          3|    1|          3|
    |ap_done_int              |   9|          2|    1|          2|
    |ap_enable_reg_pp0_iter0  |   9|          2|    1|          2|
    |ap_enable_reg_pp0_iter1  |   9|          2|    1|          2|
    |gmem1_blk_n_R            |   9|          2|    1|          2|
    |i_fu_98                  |   9|          2|   32|         64|
    |j_fu_102                 |   9|          2|   32|         64|
    |loc_1_fu_106             |   9|          2|   31|         62|
    +-------------------------+----+-----------+-----+-----------+
    |Total                    |  77|         17|  100|        201|
    +-------------------------+----+-----------+-----+-----------+

    * Register: 
    +-----------------------------+----+----+-----+-----------+
    |             Name            | FF | LUT| Bits| Const Bits|
    +-----------------------------+----+----+-----+-----------+
    |add_ln177_reg_440            |  31|   0|   31|          0|
    |add_ln183_reg_469            |   7|   0|    7|          0|
    |ap_CS_fsm                    |   2|   0|    2|          0|
    |ap_done_reg                  |   1|   0|    1|          0|
    |ap_enable_reg_pp0_iter0_reg  |   1|   0|    1|          0|
    |ap_enable_reg_pp0_iter1      |   1|   0|    1|          0|
    |gmem1_addr_read_reg_474      |   8|   0|    8|          0|
    |i_fu_98                      |  32|   0|   32|          0|
    |icmp_ln177_reg_436           |   1|   0|    1|          0|
    |icmp_ln179_reg_450           |   1|   0|    1|          0|
    |j_3_reg_455                  |  32|   0|   32|          0|
    |j_fu_102                     |  32|   0|   32|          0|
    |loc_1_fu_106                 |  31|   0|   31|          0|
    |lshr_ln2_reg_464             |   7|   0|    7|          0|
    |trunc_ln177_reg_460          |   3|   0|    3|          0|
    +-----------------------------+----+----+-----+-----------+
    |Total                        | 190|   0|  190|          0|
    +-----------------------------+----+----+-----+-----------+



================================================================
== Interface
================================================================
* Summary: 
+----------------------+-----+-----+------------+----------------------+--------------+
|       RTL Ports      | Dir | Bits|  Protocol  |     Source Object    |    C Type    |
+----------------------+-----+-----+------------+----------------------+--------------+
|ap_clk                |   in|    1|  ap_ctrl_hs|  mmult_Pipeline_readB|  return value|
|ap_rst                |   in|    1|  ap_ctrl_hs|  mmult_Pipeline_readB|  return value|
|ap_start              |   in|    1|  ap_ctrl_hs|  mmult_Pipeline_readB|  return value|
|ap_done               |  out|    1|  ap_ctrl_hs|  mmult_Pipeline_readB|  return value|
|ap_idle               |  out|    1|  ap_ctrl_hs|  mmult_Pipeline_readB|  return value|
|ap_ready              |  out|    1|  ap_ctrl_hs|  mmult_Pipeline_readB|  return value|
|m_axi_gmem1_AWVALID   |  out|    1|       m_axi|                 gmem1|       pointer|
|m_axi_gmem1_AWREADY   |   in|    1|       m_axi|                 gmem1|       pointer|
|m_axi_gmem1_AWADDR    |  out|   64|       m_axi|                 gmem1|       pointer|
|m_axi_gmem1_AWID      |  out|    1|       m_axi|                 gmem1|       pointer|
|m_axi_gmem1_AWLEN     |  out|   32|       m_axi|                 gmem1|       pointer|
|m_axi_gmem1_AWSIZE    |  out|    3|       m_axi|                 gmem1|       pointer|
|m_axi_gmem1_AWBURST   |  out|    2|       m_axi|                 gmem1|       pointer|
|m_axi_gmem1_AWLOCK    |  out|    2|       m_axi|                 gmem1|       pointer|
|m_axi_gmem1_AWCACHE   |  out|    4|       m_axi|                 gmem1|       pointer|
|m_axi_gmem1_AWPROT    |  out|    3|       m_axi|                 gmem1|       pointer|
|m_axi_gmem1_AWQOS     |  out|    4|       m_axi|                 gmem1|       pointer|
|m_axi_gmem1_AWREGION  |  out|    4|       m_axi|                 gmem1|       pointer|
|m_axi_gmem1_AWUSER    |  out|    1|       m_axi|                 gmem1|       pointer|
|m_axi_gmem1_WVALID    |  out|    1|       m_axi|                 gmem1|       pointer|
|m_axi_gmem1_WREADY    |   in|    1|       m_axi|                 gmem1|       pointer|
|m_axi_gmem1_WDATA     |  out|    8|       m_axi|                 gmem1|       pointer|
|m_axi_gmem1_WSTRB     |  out|    1|       m_axi|                 gmem1|       pointer|
|m_axi_gmem1_WLAST     |  out|    1|       m_axi|                 gmem1|       pointer|
|m_axi_gmem1_WID       |  out|    1|       m_axi|                 gmem1|       pointer|
|m_axi_gmem1_WUSER     |  out|    1|       m_axi|                 gmem1|       pointer|
|m_axi_gmem1_ARVALID   |  out|    1|       m_axi|                 gmem1|       pointer|
|m_axi_gmem1_ARREADY   |   in|    1|       m_axi|                 gmem1|       pointer|
|m_axi_gmem1_ARADDR    |  out|   64|       m_axi|                 gmem1|       pointer|
|m_axi_gmem1_ARID      |  out|    1|       m_axi|                 gmem1|       pointer|
|m_axi_gmem1_ARLEN     |  out|   32|       m_axi|                 gmem1|       pointer|
|m_axi_gmem1_ARSIZE    |  out|    3|       m_axi|                 gmem1|       pointer|
|m_axi_gmem1_ARBURST   |  out|    2|       m_axi|                 gmem1|       pointer|
|m_axi_gmem1_ARLOCK    |  out|    2|       m_axi|                 gmem1|       pointer|
|m_axi_gmem1_ARCACHE   |  out|    4|       m_axi|                 gmem1|       pointer|
|m_axi_gmem1_ARPROT    |  out|    3|       m_axi|                 gmem1|       pointer|
|m_axi_gmem1_ARQOS     |  out|    4|       m_axi|                 gmem1|       pointer|
|m_axi_gmem1_ARREGION  |  out|    4|       m_axi|                 gmem1|       pointer|
|m_axi_gmem1_ARUSER    |  out|    1|       m_axi|                 gmem1|       pointer|
|m_axi_gmem1_RVALID    |   in|    1|       m_axi|                 gmem1|       pointer|
|m_axi_gmem1_RREADY    |  out|    1|       m_axi|                 gmem1|       pointer|
|m_axi_gmem1_RDATA     |   in|    8|       m_axi|                 gmem1|       pointer|
|m_axi_gmem1_RLAST     |   in|    1|       m_axi|                 gmem1|       pointer|
|m_axi_gmem1_RID       |   in|    1|       m_axi|                 gmem1|       pointer|
|m_axi_gmem1_RFIFONUM  |   in|   11|       m_axi|                 gmem1|       pointer|
|m_axi_gmem1_RUSER     |   in|    1|       m_axi|                 gmem1|       pointer|
|m_axi_gmem1_RRESP     |   in|    2|       m_axi|                 gmem1|       pointer|
|m_axi_gmem1_BVALID    |   in|    1|       m_axi|                 gmem1|       pointer|
|m_axi_gmem1_BREADY    |  out|    1|       m_axi|                 gmem1|       pointer|
|m_axi_gmem1_BRESP     |   in|    2|       m_axi|                 gmem1|       pointer|
|m_axi_gmem1_BID       |   in|    1|       m_axi|                 gmem1|       pointer|
|m_axi_gmem1_BUSER     |   in|    1|       m_axi|                 gmem1|       pointer|
|mul12                 |   in|   32|     ap_none|                 mul12|        scalar|
|b                     |   in|   64|     ap_none|                     b|        scalar|
|localB_7_address1     |  out|    7|   ap_memory|              localB_7|         array|
|localB_7_ce1          |  out|    1|   ap_memory|              localB_7|         array|
|localB_7_we1          |  out|    1|   ap_memory|              localB_7|         array|
|localB_7_d1           |  out|    8|   ap_memory|              localB_7|         array|
|localB_6_address1     |  out|    7|   ap_memory|              localB_6|         array|
|localB_6_ce1          |  out|    1|   ap_memory|              localB_6|         array|
|localB_6_we1          |  out|    1|   ap_memory|              localB_6|         array|
|localB_6_d1           |  out|    8|   ap_memory|              localB_6|         array|
|localB_5_address1     |  out|    7|   ap_memory|              localB_5|         array|
|localB_5_ce1          |  out|    1|   ap_memory|              localB_5|         array|
|localB_5_we1          |  out|    1|   ap_memory|              localB_5|         array|
|localB_5_d1           |  out|    8|   ap_memory|              localB_5|         array|
|localB_4_address1     |  out|    7|   ap_memory|              localB_4|         array|
|localB_4_ce1          |  out|    1|   ap_memory|              localB_4|         array|
|localB_4_we1          |  out|    1|   ap_memory|              localB_4|         array|
|localB_4_d1           |  out|    8|   ap_memory|              localB_4|         array|
|localB_3_address1     |  out|    7|   ap_memory|              localB_3|         array|
|localB_3_ce1          |  out|    1|   ap_memory|              localB_3|         array|
|localB_3_we1          |  out|    1|   ap_memory|              localB_3|         array|
|localB_3_d1           |  out|    8|   ap_memory|              localB_3|         array|
|localB_2_address1     |  out|    7|   ap_memory|              localB_2|         array|
|localB_2_ce1          |  out|    1|   ap_memory|              localB_2|         array|
|localB_2_we1          |  out|    1|   ap_memory|              localB_2|         array|
|localB_2_d1           |  out|    8|   ap_memory|              localB_2|         array|
|localB_1_address1     |  out|    7|   ap_memory|              localB_1|         array|
|localB_1_ce1          |  out|    1|   ap_memory|              localB_1|         array|
|localB_1_we1          |  out|    1|   ap_memory|              localB_1|         array|
|localB_1_d1           |  out|    8|   ap_memory|              localB_1|         array|
|localB_address1       |  out|    7|   ap_memory|                localB|         array|
|localB_ce1            |  out|    1|   ap_memory|                localB|         array|
|localB_we1            |  out|    1|   ap_memory|                localB|         array|
|localB_d1             |  out|    8|   ap_memory|                localB|         array|
|b_col                 |   in|   32|     ap_none|                 b_col|        scalar|
+----------------------+-----+-----+------------+----------------------+--------------+

============================================================
+ Verbose Summary: Synthesis Manager
============================================================
InlineROM: 1
ExposeGlobal: 0
============================================================
+ Verbose Summary: CDFG Model
============================================================
IsTopModel: 0
ResetActiveHigh: 1
IsCombinational: 2
IsDatapathOnly: 2
HasWiredReturn: 1
HasMFsm: 2
HasVarLatency: 1
IsPipeline: 0
IsRtlPipelined: 0
IsInstanceOverlapped: 0
IsDontTouch: 0
HasImplIP: 0
IsGatedGlobalClock: 0

+ Individual pipeline summary: 
  * Pipeline-0: initiation interval (II) = 2, depth = 4


============================================================
+ Verbose Summary: Schedule
============================================================
* Number of FSM states : 4
* Pipeline : 1
  Pipeline-0 : II = 2, D = 4, States = { 1 2 3 4 }
* Dataflow Pipeline: 0

* FSM state transitions: 
1 --> 2 
2 --> 3 
3 --> 4 
4 --> 

* FSM state operations: 

State 1 <SV = 0> <Delay = 0.42>
ST_1 : Operation 6 [1/1] (0.00ns)   --->   "%i = alloca i32 1" [mmult.cpp:177]   --->   Operation 6 'alloca' 'i' <Predicate = true> <Delay = 0.00>
ST_1 : Operation 7 [1/1] (0.00ns)   --->   "%j = alloca i32 1" [mmult.cpp:177]   --->   Operation 7 'alloca' 'j' <Predicate = true> <Delay = 0.00>
ST_1 : Operation 8 [1/1] (0.00ns)   --->   "%loc_1 = alloca i32 1"   --->   Operation 8 'alloca' 'loc_1' <Predicate = true> <Delay = 0.00>
ST_1 : Operation 9 [1/1] (0.00ns)   --->   "%specmemcore_ln0 = specmemcore void @_ssdm_op_SpecMemCore, i8 %localB, i64 666, i64 23, i64 18446744073709551615"   --->   Operation 9 'specmemcore' 'specmemcore_ln0' <Predicate = true> <Delay = 0.00>
ST_1 : Operation 10 [1/1] (0.00ns)   --->   "%specmemcore_ln0 = specmemcore void @_ssdm_op_SpecMemCore, i8 %localB_1, i64 666, i64 23, i64 18446744073709551615"   --->   Operation 10 'specmemcore' 'specmemcore_ln0' <Predicate = true> <Delay = 0.00>
ST_1 : Operation 11 [1/1] (0.00ns)   --->   "%specmemcore_ln0 = specmemcore void @_ssdm_op_SpecMemCore, i8 %localB_2, i64 666, i64 23, i64 18446744073709551615"   --->   Operation 11 'specmemcore' 'specmemcore_ln0' <Predicate = true> <Delay = 0.00>
ST_1 : Operation 12 [1/1] (0.00ns)   --->   "%specmemcore_ln0 = specmemcore void @_ssdm_op_SpecMemCore, i8 %localB_3, i64 666, i64 23, i64 18446744073709551615"   --->   Operation 12 'specmemcore' 'specmemcore_ln0' <Predicate = true> <Delay = 0.00>
ST_1 : Operation 13 [1/1] (0.00ns)   --->   "%specmemcore_ln0 = specmemcore void @_ssdm_op_SpecMemCore, i8 %localB_4, i64 666, i64 23, i64 18446744073709551615"   --->   Operation 13 'specmemcore' 'specmemcore_ln0' <Predicate = true> <Delay = 0.00>
ST_1 : Operation 14 [1/1] (0.00ns)   --->   "%specmemcore_ln0 = specmemcore void @_ssdm_op_SpecMemCore, i8 %localB_5, i64 666, i64 23, i64 18446744073709551615"   --->   Operation 14 'specmemcore' 'specmemcore_ln0' <Predicate = true> <Delay = 0.00>
ST_1 : Operation 15 [1/1] (0.00ns)   --->   "%specmemcore_ln0 = specmemcore void @_ssdm_op_SpecMemCore, i8 %localB_6, i64 666, i64 23, i64 18446744073709551615"   --->   Operation 15 'specmemcore' 'specmemcore_ln0' <Predicate = true> <Delay = 0.00>
ST_1 : Operation 16 [1/1] (0.00ns)   --->   "%specmemcore_ln0 = specmemcore void @_ssdm_op_SpecMemCore, i8 %localB_7, i64 666, i64 23, i64 18446744073709551615"   --->   Operation 16 'specmemcore' 'specmemcore_ln0' <Predicate = true> <Delay = 0.00>
ST_1 : Operation 17 [1/1] (0.00ns)   --->   "%specinterface_ln0 = specinterface void @_ssdm_op_SpecInterface, i8 %gmem1, void @empty_3, i32 0, i32 0, void @empty_4, i32 0, i32 0, void @empty_6, void @empty_11, void @empty_4, i32 16, i32 16, i32 16, i32 16, void @empty_4, void @empty_4, i32 4294967295, i32 0"   --->   Operation 17 'specinterface' 'specinterface_ln0' <Predicate = true> <Delay = 0.00>
ST_1 : Operation 18 [1/1] (0.00ns)   --->   "%b_col_read = read i32 @_ssdm_op_Read.ap_auto.i32, i32 %b_col"   --->   Operation 18 'read' 'b_col_read' <Predicate = true> <Delay = 0.00>
ST_1 : Operation 19 [1/1] (0.00ns)   --->   "%b_read = read i64 @_ssdm_op_Read.ap_auto.i64, i64 %b"   --->   Operation 19 'read' 'b_read' <Predicate = true> <Delay = 0.00>
ST_1 : Operation 20 [1/1] (0.00ns)   --->   "%mul12_read = read i32 @_ssdm_op_Read.ap_auto.i32, i32 %mul12"   --->   Operation 20 'read' 'mul12_read' <Predicate = true> <Delay = 0.00>
ST_1 : Operation 21 [1/1] (0.42ns)   --->   "%store_ln0 = store i31 0, i31 %loc_1"   --->   Operation 21 'store' 'store_ln0' <Predicate = true> <Delay = 0.42>
ST_1 : Operation 22 [1/1] (0.42ns)   --->   "%store_ln177 = store i32 0, i32 %j" [mmult.cpp:177]   --->   Operation 22 'store' 'store_ln177' <Predicate = true> <Delay = 0.42>
ST_1 : Operation 23 [1/1] (0.42ns)   --->   "%store_ln177 = store i32 0, i32 %i" [mmult.cpp:177]   --->   Operation 23 'store' 'store_ln177' <Predicate = true> <Delay = 0.42>
ST_1 : Operation 24 [1/1] (0.00ns)   --->   "%br_ln0 = br void %for.body15"   --->   Operation 24 'br' 'br_ln0' <Predicate = true> <Delay = 0.00>

State 2 <SV = 1> <Delay = 2.20>
ST_2 : Operation 25 [1/1] (0.00ns)   --->   "%loc_1_load = load i31 %loc_1" [mmult.cpp:177]   --->   Operation 25 'load' 'loc_1_load' <Predicate = true> <Delay = 0.00>
ST_2 : Operation 26 [1/1] (0.00ns)   --->   "%loc_1_cast = zext i31 %loc_1_load" [mmult.cpp:177]   --->   Operation 26 'zext' 'loc_1_cast' <Predicate = true> <Delay = 0.00>
ST_2 : Operation 27 [1/1] (0.00ns)   --->   "%specbitsmap_ln0 = specbitsmap void @_ssdm_op_SpecBitsMap, i8 %gmem1"   --->   Operation 27 'specbitsmap' 'specbitsmap_ln0' <Predicate = true> <Delay = 0.00>
ST_2 : Operation 28 [1/1] (1.01ns)   --->   "%icmp_ln177 = icmp_slt  i32 %loc_1_cast, i32 %mul12_read" [mmult.cpp:177]   --->   Operation 28 'icmp' 'icmp_ln177' <Predicate = true> <Delay = 1.01> <CoreInst = "Cmp">   --->   Core 9 'Cmp' <Latency = 0> <II = 1> <Delay = 1.01> <FuncUnit> <Opcode : 'icmp'> <InPorts = 2> <OutPorts = 1>
ST_2 : Operation 29 [1/1] (1.00ns)   --->   "%add_ln177 = add i31 %loc_1_load, i31 1" [mmult.cpp:177]   --->   Operation 29 'add' 'add_ln177' <Predicate = true> <Delay = 1.00> <CoreInst = "Adder">   --->   Core 1 'Adder' <Latency = 0> <II = 1> <Delay = 1.00> <FuncUnit> <Opcode : 'add' 'sub'> <InPorts = 2> <OutPorts = 1>
ST_2 : Operation 30 [1/1] (0.00ns)   --->   "%br_ln177 = br i1 %icmp_ln177, void %for.inc44.preheader.exitStub, void %for.body15.split" [mmult.cpp:177]   --->   Operation 30 'br' 'br_ln177' <Predicate = true> <Delay = 0.00>
ST_2 : Operation 31 [1/1] (0.00ns)   --->   "%j_load = load i32 %j" [mmult.cpp:179]   --->   Operation 31 'load' 'j_load' <Predicate = (icmp_ln177)> <Delay = 0.00>
ST_2 : Operation 32 [1/1] (0.00ns)   --->   "%gmem1_addr = getelementptr i8 %gmem1, i64 %b_read" [mmult.cpp:177]   --->   Operation 32 'getelementptr' 'gmem1_addr' <Predicate = (icmp_ln177)> <Delay = 0.00>
ST_2 : Operation 33 [1/1] (1.01ns)   --->   "%icmp_ln179 = icmp_eq  i32 %j_load, i32 %b_col_read" [mmult.cpp:179]   --->   Operation 33 'icmp' 'icmp_ln179' <Predicate = (icmp_ln177)> <Delay = 1.01> <CoreInst = "Cmp">   --->   Core 9 'Cmp' <Latency = 0> <II = 1> <Delay = 1.01> <FuncUnit> <Opcode : 'icmp'> <InPorts = 2> <OutPorts = 1>
ST_2 : Operation 34 [1/1] (0.44ns)   --->   "%j_3 = select i1 %icmp_ln179, i32 0, i32 %j_load" [mmult.cpp:179]   --->   Operation 34 'select' 'j_3' <Predicate = (icmp_ln177)> <Delay = 0.44> <CoreInst = "Sel">   --->   Core 73 'Sel' <Latency = 0> <II = 1> <Delay = 0.44> <FuncUnit> <Opcode : 'select'> <InPorts = 3> <OutPorts = 1>
ST_2 : Operation 35 [1/1] (0.00ns)   --->   "%trunc_ln177 = trunc i32 %j_3" [mmult.cpp:177]   --->   Operation 35 'trunc' 'trunc_ln177' <Predicate = (icmp_ln177)> <Delay = 0.00>
ST_2 : Operation 36 [1/1] (0.00ns)   --->   "%lshr_ln2 = partselect i7 @_ssdm_op_PartSelect.i7.i32.i32.i32, i32 %j_3, i32 3, i32 9" [mmult.cpp:177]   --->   Operation 36 'partselect' 'lshr_ln2' <Predicate = (icmp_ln177)> <Delay = 0.00>
ST_2 : Operation 37 [1/1] (0.73ns)   --->   "%switch_ln183 = switch i3 %trunc_ln177, void %arrayidx253.case.7, i3 0, void %arrayidx253.case.0, i3 1, void %arrayidx253.case.1, i3 2, void %arrayidx253.case.2, i3 3, void %arrayidx253.case.3, i3 4, void %arrayidx253.case.4, i3 5, void %arrayidx253.case.5, i3 6, void %arrayidx253.case.6" [mmult.cpp:183]   --->   Operation 37 'switch' 'switch_ln183' <Predicate = (icmp_ln177)> <Delay = 0.73>
ST_2 : Operation 38 [1/1] (0.00ns)   --->   "%br_ln183 = br void %arrayidx253.exit" [mmult.cpp:183]   --->   Operation 38 'br' 'br_ln183' <Predicate = (icmp_ln177 & trunc_ln177 == 6)> <Delay = 0.00>
ST_2 : Operation 39 [1/1] (0.00ns)   --->   "%br_ln183 = br void %arrayidx253.exit" [mmult.cpp:183]   --->   Operation 39 'br' 'br_ln183' <Predicate = (icmp_ln177 & trunc_ln177 == 5)> <Delay = 0.00>
ST_2 : Operation 40 [1/1] (0.00ns)   --->   "%br_ln183 = br void %arrayidx253.exit" [mmult.cpp:183]   --->   Operation 40 'br' 'br_ln183' <Predicate = (icmp_ln177 & trunc_ln177 == 4)> <Delay = 0.00>
ST_2 : Operation 41 [1/1] (0.00ns)   --->   "%br_ln183 = br void %arrayidx253.exit" [mmult.cpp:183]   --->   Operation 41 'br' 'br_ln183' <Predicate = (icmp_ln177 & trunc_ln177 == 3)> <Delay = 0.00>
ST_2 : Operation 42 [1/1] (0.00ns)   --->   "%br_ln183 = br void %arrayidx253.exit" [mmult.cpp:183]   --->   Operation 42 'br' 'br_ln183' <Predicate = (icmp_ln177 & trunc_ln177 == 2)> <Delay = 0.00>
ST_2 : Operation 43 [1/1] (0.00ns)   --->   "%br_ln183 = br void %arrayidx253.exit" [mmult.cpp:183]   --->   Operation 43 'br' 'br_ln183' <Predicate = (icmp_ln177 & trunc_ln177 == 1)> <Delay = 0.00>
ST_2 : Operation 44 [1/1] (0.00ns)   --->   "%br_ln183 = br void %arrayidx253.exit" [mmult.cpp:183]   --->   Operation 44 'br' 'br_ln183' <Predicate = (icmp_ln177 & trunc_ln177 == 0)> <Delay = 0.00>
ST_2 : Operation 45 [1/1] (0.00ns)   --->   "%br_ln183 = br void %arrayidx253.exit" [mmult.cpp:183]   --->   Operation 45 'br' 'br_ln183' <Predicate = (icmp_ln177 & trunc_ln177 == 7)> <Delay = 0.00>
ST_2 : Operation 78 [1/1] (0.00ns)   --->   "%ret_ln0 = ret"   --->   Operation 78 'ret' 'ret_ln0' <Predicate = (!icmp_ln177)> <Delay = 0.00>

State 3 <SV = 2> <Delay = 2.40>
ST_3 : Operation 46 [1/1] (0.00ns)   --->   "%i_load = load i32 %i" [mmult.cpp:180]   --->   Operation 46 'load' 'i_load' <Predicate = (icmp_ln177)> <Delay = 0.00>
ST_3 : Operation 47 [1/1] (1.01ns)   --->   "%add_ln180 = add i32 %i_load, i32 1" [mmult.cpp:180]   --->   Operation 47 'add' 'add_ln180' <Predicate = (icmp_ln177 & icmp_ln179)> <Delay = 1.01> <CoreInst = "Adder">   --->   Core 1 'Adder' <Latency = 0> <II = 1> <Delay = 1.01> <FuncUnit> <Opcode : 'add' 'sub'> <InPorts = 2> <OutPorts = 1>
ST_3 : Operation 48 [1/1] (0.44ns)   --->   "%i_2 = select i1 %icmp_ln179, i32 %add_ln180, i32 %i_load" [mmult.cpp:179]   --->   Operation 48 'select' 'i_2' <Predicate = (icmp_ln177)> <Delay = 0.44> <CoreInst = "Sel">   --->   Core 73 'Sel' <Latency = 0> <II = 1> <Delay = 0.44> <FuncUnit> <Opcode : 'select'> <InPorts = 3> <OutPorts = 1>
ST_3 : Operation 49 [1/1] (0.00ns)   --->   "%trunc_ln179 = trunc i32 %i_2" [mmult.cpp:179]   --->   Operation 49 'trunc' 'trunc_ln179' <Predicate = (icmp_ln177)> <Delay = 0.00>
ST_3 : Operation 50 [1/1] (0.00ns)   --->   "%tmp_s = bitconcatenate i7 @_ssdm_op_BitConcatenate.i7.i5.i2, i5 %trunc_ln179, i2 0" [mmult.cpp:183]   --->   Operation 50 'bitconcatenate' 'tmp_s' <Predicate = (icmp_ln177)> <Delay = 0.00>
ST_3 : Operation 51 [1/1] (0.77ns)   --->   "%add_ln183 = add i7 %tmp_s, i7 %lshr_ln2" [mmult.cpp:183]   --->   Operation 51 'add' 'add_ln183' <Predicate = (icmp_ln177)> <Delay = 0.77> <CoreInst = "Adder">   --->   Core 1 'Adder' <Latency = 0> <II = 1> <Delay = 0.77> <FuncUnit> <Opcode : 'add' 'sub'> <InPorts = 2> <OutPorts = 1>
ST_3 : Operation 52 [1/1] (2.40ns)   --->   "%gmem1_addr_read = read i8 @_ssdm_op_Read.m_axi.p1i8, i64 %gmem1_addr" [mmult.cpp:183]   --->   Operation 52 'read' 'gmem1_addr_read' <Predicate = (icmp_ln177)> <Delay = 2.40> <CoreInst = "m_axi">   --->   Core 121 'm_axi' <Latency = 0> <II = 1> <Delay = 1.00> <Adapter> <Opcode : 'read' 'write' 'readreq' 'writereq' 'writeresp'>
ST_3 : Operation 53 [1/1] (1.01ns)   --->   "%j_4 = add i32 %j_3, i32 1" [mmult.cpp:177]   --->   Operation 53 'add' 'j_4' <Predicate = (icmp_ln177)> <Delay = 1.01> <CoreInst = "Adder">   --->   Core 1 'Adder' <Latency = 0> <II = 1> <Delay = 1.01> <FuncUnit> <Opcode : 'add' 'sub'> <InPorts = 2> <OutPorts = 1>
ST_3 : Operation 54 [1/1] (0.42ns)   --->   "%store_ln177 = store i31 %add_ln177, i31 %loc_1" [mmult.cpp:177]   --->   Operation 54 'store' 'store_ln177' <Predicate = (icmp_ln177)> <Delay = 0.42>
ST_3 : Operation 55 [1/1] (0.42ns)   --->   "%store_ln177 = store i32 %j_4, i32 %j" [mmult.cpp:177]   --->   Operation 55 'store' 'store_ln177' <Predicate = (icmp_ln177)> <Delay = 0.42>
ST_3 : Operation 56 [1/1] (0.42ns)   --->   "%store_ln177 = store i32 %i_2, i32 %i" [mmult.cpp:177]   --->   Operation 56 'store' 'store_ln177' <Predicate = (icmp_ln177)> <Delay = 0.42>
ST_3 : Operation 57 [1/1] (0.00ns)   --->   "%br_ln177 = br void %for.body15" [mmult.cpp:177]   --->   Operation 57 'br' 'br_ln177' <Predicate = (icmp_ln177)> <Delay = 0.00>

State 4 <SV = 3> <Delay = 0.67>
ST_4 : Operation 58 [1/1] (0.00ns)   --->   "%specpipeline_ln177 = specpipeline void @_ssdm_op_SpecPipeline, i32 4294967295, i32 0, i32 0, i32 0, void @empty_4" [mmult.cpp:177]   --->   Operation 58 'specpipeline' 'specpipeline_ln177' <Predicate = true> <Delay = 0.00>
ST_4 : Operation 59 [1/1] (0.00ns)   --->   "%speclooptripcount_ln178 = speclooptripcount void @_ssdm_op_SpecLoopTripCount, i64 1024, i64 1024, i64 1024" [mmult.cpp:178]   --->   Operation 59 'speclooptripcount' 'speclooptripcount_ln178' <Predicate = true> <Delay = 0.00>
ST_4 : Operation 60 [1/1] (0.00ns)   --->   "%specloopname_ln177 = specloopname void @_ssdm_op_SpecLoopName, void @empty_15" [mmult.cpp:177]   --->   Operation 60 'specloopname' 'specloopname_ln177' <Predicate = true> <Delay = 0.00>
ST_4 : Operation 61 [1/1] (0.00ns)   --->   "%zext_ln183 = zext i7 %add_ln183" [mmult.cpp:183]   --->   Operation 61 'zext' 'zext_ln183' <Predicate = true> <Delay = 0.00>
ST_4 : Operation 62 [1/1] (0.00ns)   --->   "%localB_addr = getelementptr i8 %localB, i64 0, i64 %zext_ln183" [mmult.cpp:183]   --->   Operation 62 'getelementptr' 'localB_addr' <Predicate = true> <Delay = 0.00>
ST_4 : Operation 63 [1/1] (0.00ns)   --->   "%localB_1_addr = getelementptr i8 %localB_1, i64 0, i64 %zext_ln183" [mmult.cpp:183]   --->   Operation 63 'getelementptr' 'localB_1_addr' <Predicate = true> <Delay = 0.00>
ST_4 : Operation 64 [1/1] (0.00ns)   --->   "%localB_2_addr = getelementptr i8 %localB_2, i64 0, i64 %zext_ln183" [mmult.cpp:183]   --->   Operation 64 'getelementptr' 'localB_2_addr' <Predicate = true> <Delay = 0.00>
ST_4 : Operation 65 [1/1] (0.00ns)   --->   "%localB_3_addr = getelementptr i8 %localB_3, i64 0, i64 %zext_ln183" [mmult.cpp:183]   --->   Operation 65 'getelementptr' 'localB_3_addr' <Predicate = true> <Delay = 0.00>
ST_4 : Operation 66 [1/1] (0.00ns)   --->   "%localB_4_addr = getelementptr i8 %localB_4, i64 0, i64 %zext_ln183" [mmult.cpp:183]   --->   Operation 66 'getelementptr' 'localB_4_addr' <Predicate = true> <Delay = 0.00>
ST_4 : Operation 67 [1/1] (0.00ns)   --->   "%localB_5_addr = getelementptr i8 %localB_5, i64 0, i64 %zext_ln183" [mmult.cpp:183]   --->   Operation 67 'getelementptr' 'localB_5_addr' <Predicate = true> <Delay = 0.00>
ST_4 : Operation 68 [1/1] (0.00ns)   --->   "%localB_6_addr = getelementptr i8 %localB_6, i64 0, i64 %zext_ln183" [mmult.cpp:183]   --->   Operation 68 'getelementptr' 'localB_6_addr' <Predicate = true> <Delay = 0.00>
ST_4 : Operation 69 [1/1] (0.00ns)   --->   "%localB_7_addr = getelementptr i8 %localB_7, i64 0, i64 %zext_ln183" [mmult.cpp:183]   --->   Operation 69 'getelementptr' 'localB_7_addr' <Predicate = true> <Delay = 0.00>
ST_4 : Operation 70 [1/1] (0.67ns)   --->   "%store_ln183 = store i8 %gmem1_addr_read, i7 %localB_6_addr" [mmult.cpp:183]   --->   Operation 70 'store' 'store_ln183' <Predicate = (trunc_ln177 == 6)> <Delay = 0.67> <CoreInst = "RAM_2P_LUTRAM">   --->   Core 93 'RAM_2P_LUTRAM' <Latency = 1> <II = 1> <Delay = 0.67> <Storage> <Opcode : 'load' 'store'> <Ports = 2> <Width = 8> <Depth = 128> <RAM>
ST_4 : Operation 71 [1/1] (0.67ns)   --->   "%store_ln183 = store i8 %gmem1_addr_read, i7 %localB_5_addr" [mmult.cpp:183]   --->   Operation 71 'store' 'store_ln183' <Predicate = (trunc_ln177 == 5)> <Delay = 0.67> <CoreInst = "RAM_2P_LUTRAM">   --->   Core 93 'RAM_2P_LUTRAM' <Latency = 1> <II = 1> <Delay = 0.67> <Storage> <Opcode : 'load' 'store'> <Ports = 2> <Width = 8> <Depth = 128> <RAM>
ST_4 : Operation 72 [1/1] (0.67ns)   --->   "%store_ln183 = store i8 %gmem1_addr_read, i7 %localB_4_addr" [mmult.cpp:183]   --->   Operation 72 'store' 'store_ln183' <Predicate = (trunc_ln177 == 4)> <Delay = 0.67> <CoreInst = "RAM_2P_LUTRAM">   --->   Core 93 'RAM_2P_LUTRAM' <Latency = 1> <II = 1> <Delay = 0.67> <Storage> <Opcode : 'load' 'store'> <Ports = 2> <Width = 8> <Depth = 128> <RAM>
ST_4 : Operation 73 [1/1] (0.67ns)   --->   "%store_ln183 = store i8 %gmem1_addr_read, i7 %localB_3_addr" [mmult.cpp:183]   --->   Operation 73 'store' 'store_ln183' <Predicate = (trunc_ln177 == 3)> <Delay = 0.67> <CoreInst = "RAM_2P_LUTRAM">   --->   Core 93 'RAM_2P_LUTRAM' <Latency = 1> <II = 1> <Delay = 0.67> <Storage> <Opcode : 'load' 'store'> <Ports = 2> <Width = 8> <Depth = 128> <RAM>
ST_4 : Operation 74 [1/1] (0.67ns)   --->   "%store_ln183 = store i8 %gmem1_addr_read, i7 %localB_2_addr" [mmult.cpp:183]   --->   Operation 74 'store' 'store_ln183' <Predicate = (trunc_ln177 == 2)> <Delay = 0.67> <CoreInst = "RAM_2P_LUTRAM">   --->   Core 93 'RAM_2P_LUTRAM' <Latency = 1> <II = 1> <Delay = 0.67> <Storage> <Opcode : 'load' 'store'> <Ports = 2> <Width = 8> <Depth = 128> <RAM>
ST_4 : Operation 75 [1/1] (0.67ns)   --->   "%store_ln183 = store i8 %gmem1_addr_read, i7 %localB_1_addr" [mmult.cpp:183]   --->   Operation 75 'store' 'store_ln183' <Predicate = (trunc_ln177 == 1)> <Delay = 0.67> <CoreInst = "RAM_2P_LUTRAM">   --->   Core 93 'RAM_2P_LUTRAM' <Latency = 1> <II = 1> <Delay = 0.67> <Storage> <Opcode : 'load' 'store'> <Ports = 2> <Width = 8> <Depth = 128> <RAM>
ST_4 : Operation 76 [1/1] (0.67ns)   --->   "%store_ln183 = store i8 %gmem1_addr_read, i7 %localB_addr" [mmult.cpp:183]   --->   Operation 76 'store' 'store_ln183' <Predicate = (trunc_ln177 == 0)> <Delay = 0.67> <CoreInst = "RAM_2P_LUTRAM">   --->   Core 93 'RAM_2P_LUTRAM' <Latency = 1> <II = 1> <Delay = 0.67> <Storage> <Opcode : 'load' 'store'> <Ports = 2> <Width = 8> <Depth = 128> <RAM>
ST_4 : Operation 77 [1/1] (0.67ns)   --->   "%store_ln183 = store i8 %gmem1_addr_read, i7 %localB_7_addr" [mmult.cpp:183]   --->   Operation 77 'store' 'store_ln183' <Predicate = (trunc_ln177 == 7)> <Delay = 0.67> <CoreInst = "RAM_2P_LUTRAM">   --->   Core 93 'RAM_2P_LUTRAM' <Latency = 1> <II = 1> <Delay = 0.67> <Storage> <Opcode : 'load' 'store'> <Ports = 2> <Width = 8> <Depth = 128> <RAM>


============================================================
+ Verbose Summary: Binding
============================================================
STG Binding: 
---------------- STG Properties BEGIN ----------------
- Is combinational: 0
- Is one-state seq: 0
- Is datapath-only: 0
- Is pipelined: 0
- Is top level: 0
Port [ Return ] is wired: 1; IO mode=ap_ctrl_hs:ce=0
Port [ gmem1]:  wired=1; compound=1; hidden=0; nouse=0; global=0; static=0; extern=0; dir=0; type=4; pingpong=0; private_global=0; IO mode=m_axi:ce=0
Port [ mul12]:  wired=1; compound=0; hidden=0; nouse=0; global=0; static=0; extern=0; dir=0; type=0; pingpong=0; private_global=0; IO mode=ap_none:ce=0
Port [ b]:  wired=1; compound=0; hidden=0; nouse=0; global=0; static=0; extern=0; dir=0; type=0; pingpong=0; private_global=0; IO mode=ap_none:ce=0
Port [ localB_7]:  wired=1; compound=1; hidden=0; nouse=0; global=0; static=0; extern=0; dir=1; type=1; pingpong=0; private_global=0; MemPort=[30]; IO mode=ap_memory:ce=0
Port [ localB_6]:  wired=1; compound=1; hidden=0; nouse=0; global=0; static=0; extern=0; dir=1; type=1; pingpong=0; private_global=0; MemPort=[30]; IO mode=ap_memory:ce=0
Port [ localB_5]:  wired=1; compound=1; hidden=0; nouse=0; global=0; static=0; extern=0; dir=1; type=1; pingpong=0; private_global=0; MemPort=[30]; IO mode=ap_memory:ce=0
Port [ localB_4]:  wired=1; compound=1; hidden=0; nouse=0; global=0; static=0; extern=0; dir=1; type=1; pingpong=0; private_global=0; MemPort=[30]; IO mode=ap_memory:ce=0
Port [ localB_3]:  wired=1; compound=1; hidden=0; nouse=0; global=0; static=0; extern=0; dir=1; type=1; pingpong=0; private_global=0; MemPort=[30]; IO mode=ap_memory:ce=0
Port [ localB_2]:  wired=1; compound=1; hidden=0; nouse=0; global=0; static=0; extern=0; dir=1; type=1; pingpong=0; private_global=0; MemPort=[30]; IO mode=ap_memory:ce=0
Port [ localB_1]:  wired=1; compound=1; hidden=0; nouse=0; global=0; static=0; extern=0; dir=1; type=1; pingpong=0; private_global=0; MemPort=[30]; IO mode=ap_memory:ce=0
Port [ localB]:  wired=1; compound=1; hidden=0; nouse=0; global=0; static=0; extern=0; dir=1; type=1; pingpong=0; private_global=0; MemPort=[30]; IO mode=ap_memory:ce=0
Port [ b_col]:  wired=1; compound=0; hidden=0; nouse=0; global=0; static=0; extern=0; dir=0; type=0; pingpong=0; private_global=0; IO mode=ap_none:ce=0
---------------- STG Properties END ------------------

---------------- Datapath Model BEGIN ----------------

<LifeTime>
<method=bitvector/>
i                       (alloca           ) [ 01110]
j                       (alloca           ) [ 01110]
loc_1                   (alloca           ) [ 01110]
specmemcore_ln0         (specmemcore      ) [ 00000]
specmemcore_ln0         (specmemcore      ) [ 00000]
specmemcore_ln0         (specmemcore      ) [ 00000]
specmemcore_ln0         (specmemcore      ) [ 00000]
specmemcore_ln0         (specmemcore      ) [ 00000]
specmemcore_ln0         (specmemcore      ) [ 00000]
specmemcore_ln0         (specmemcore      ) [ 00000]
specmemcore_ln0         (specmemcore      ) [ 00000]
specinterface_ln0       (specinterface    ) [ 00000]
b_col_read              (read             ) [ 00100]
b_read                  (read             ) [ 00100]
mul12_read              (read             ) [ 00100]
store_ln0               (store            ) [ 00000]
store_ln177             (store            ) [ 00000]
store_ln177             (store            ) [ 00000]
br_ln0                  (br               ) [ 00000]
loc_1_load              (load             ) [ 00000]
loc_1_cast              (zext             ) [ 00000]
specbitsmap_ln0         (specbitsmap      ) [ 00000]
icmp_ln177              (icmp             ) [ 01110]
add_ln177               (add              ) [ 01010]
br_ln177                (br               ) [ 00000]
j_load                  (load             ) [ 00000]
gmem1_addr              (getelementptr    ) [ 01010]
icmp_ln179              (icmp             ) [ 01010]
j_3                     (select           ) [ 01010]
trunc_ln177             (trunc            ) [ 01111]
lshr_ln2                (partselect       ) [ 01010]
switch_ln183            (switch           ) [ 00000]
br_ln183                (br               ) [ 00000]
br_ln183                (br               ) [ 00000]
br_ln183                (br               ) [ 00000]
br_ln183                (br               ) [ 00000]
br_ln183                (br               ) [ 00000]
br_ln183                (br               ) [ 00000]
br_ln183                (br               ) [ 00000]
br_ln183                (br               ) [ 00000]
i_load                  (load             ) [ 00000]
add_ln180               (add              ) [ 00000]
i_2                     (select           ) [ 00000]
trunc_ln179             (trunc            ) [ 00000]
tmp_s                   (bitconcatenate   ) [ 00000]
add_ln183               (add              ) [ 00101]
gmem1_addr_read         (read             ) [ 00101]
j_4                     (add              ) [ 00000]
store_ln177             (store            ) [ 00000]
store_ln177             (store            ) [ 00000]
store_ln177             (store            ) [ 00000]
br_ln177                (br               ) [ 00000]
specpipeline_ln177      (specpipeline     ) [ 00000]
speclooptripcount_ln178 (speclooptripcount) [ 00000]
specloopname_ln177      (specloopname     ) [ 00000]
zext_ln183              (zext             ) [ 00000]
localB_addr             (getelementptr    ) [ 00000]
localB_1_addr           (getelementptr    ) [ 00000]
localB_2_addr           (getelementptr    ) [ 00000]
localB_3_addr           (getelementptr    ) [ 00000]
localB_4_addr           (getelementptr    ) [ 00000]
localB_5_addr           (getelementptr    ) [ 00000]
localB_6_addr           (getelementptr    ) [ 00000]
localB_7_addr           (getelementptr    ) [ 00000]
store_ln183             (store            ) [ 00000]
store_ln183             (store            ) [ 00000]
store_ln183             (store            ) [ 00000]
store_ln183             (store            ) [ 00000]
store_ln183             (store            ) [ 00000]
store_ln183             (store            ) [ 00000]
store_ln183             (store            ) [ 00000]
store_ln183             (store            ) [ 00000]
ret_ln0                 (ret              ) [ 00000]
</LifeTime>

<model>

<comp_list>
<comp id="0" class="1000" name="gmem1">
<pin_list>
<pin id="1" dir="1" index="0" bw="1" slack="0"/>
</pin_list>
<bind>
<StgValue><ssdm name="gmem1"/></StgValue>
</bind>
</comp>

<comp id="2" class="1000" name="mul12">
<pin_list>
<pin id="3" dir="1" index="0" bw="1" slack="0"/>
</pin_list>
<bind>
<StgValue><ssdm name="mul12"/></StgValue>
</bind>
</comp>

<comp id="4" class="1000" name="b">
<pin_list>
<pin id="5" dir="1" index="0" bw="1" slack="0"/>
</pin_list>
<bind>
<StgValue><ssdm name="b"/></StgValue>
</bind>
</comp>

<comp id="6" class="1000" name="localB_7">
<pin_list>
<pin id="7" dir="1" index="0" bw="1" slack="0"/>
</pin_list>
<bind>
<StgValue><ssdm name="localB_7"/><MemPortTyVec>3 0 </MemPortTyVec>
</StgValue>
</bind>
</comp>

<comp id="8" class="1000" name="localB_6">
<pin_list>
<pin id="9" dir="1" index="0" bw="1" slack="0"/>
</pin_list>
<bind>
<StgValue><ssdm name="localB_6"/><MemPortTyVec>3 0 </MemPortTyVec>
</StgValue>
</bind>
</comp>

<comp id="10" class="1000" name="localB_5">
<pin_list>
<pin id="11" dir="1" index="0" bw="1" slack="0"/>
</pin_list>
<bind>
<StgValue><ssdm name="localB_5"/><MemPortTyVec>3 0 </MemPortTyVec>
</StgValue>
</bind>
</comp>

<comp id="12" class="1000" name="localB_4">
<pin_list>
<pin id="13" dir="1" index="0" bw="1" slack="0"/>
</pin_list>
<bind>
<StgValue><ssdm name="localB_4"/><MemPortTyVec>3 0 </MemPortTyVec>
</StgValue>
</bind>
</comp>

<comp id="14" class="1000" name="localB_3">
<pin_list>
<pin id="15" dir="1" index="0" bw="1" slack="0"/>
</pin_list>
<bind>
<StgValue><ssdm name="localB_3"/><MemPortTyVec>3 0 </MemPortTyVec>
</StgValue>
</bind>
</comp>

<comp id="16" class="1000" name="localB_2">
<pin_list>
<pin id="17" dir="1" index="0" bw="1" slack="0"/>
</pin_list>
<bind>
<StgValue><ssdm name="localB_2"/><MemPortTyVec>3 0 </MemPortTyVec>
</StgValue>
</bind>
</comp>

<comp id="18" class="1000" name="localB_1">
<pin_list>
<pin id="19" dir="1" index="0" bw="1" slack="0"/>
</pin_list>
<bind>
<StgValue><ssdm name="localB_1"/><MemPortTyVec>3 0 </MemPortTyVec>
</StgValue>
</bind>
</comp>

<comp id="20" class="1000" name="localB">
<pin_list>
<pin id="21" dir="1" index="0" bw="1" slack="0"/>
</pin_list>
<bind>
<StgValue><ssdm name="localB"/><MemPortTyVec>3 0 </MemPortTyVec>
</StgValue>
</bind>
</comp>

<comp id="22" class="1000" name="b_col">
<pin_list>
<pin id="23" dir="1" index="0" bw="1" slack="0"/>
</pin_list>
<bind>
<StgValue><ssdm name="b_col"/></StgValue>
</bind>
</comp>

<comp id="24" class="1001" name="const_24">
<pin_list>
<pin id="25" dir="1" index="0" bw="1" slack="0"/>
</pin_list>
<bind>
<StgValue><ssdm name=""/></StgValue>
</bind>
</comp>

<comp id="26" class="1001" name="const_26">
<pin_list>
<pin id="27" dir="1" index="0" bw="1" slack="2147483647"/>
</pin_list>
<bind>
<StgValue><ssdm name="_ssdm_op_SpecMemCore"/></StgValue>
</bind>
</comp>

<comp id="28" class="1001" name="const_28">
<pin_list>
<pin id="29" dir="1" index="0" bw="1" slack="2147483647"/>
</pin_list>
<bind>
<StgValue><ssdm name=""/></StgValue>
</bind>
</comp>

<comp id="30" class="1001" name="const_30">
<pin_list>
<pin id="31" dir="1" index="0" bw="1" slack="2147483647"/>
</pin_list>
<bind>
<StgValue><ssdm name=""/></StgValue>
</bind>
</comp>

<comp id="32" class="1001" name="const_32">
<pin_list>
<pin id="33" dir="1" index="0" bw="1" slack="2147483647"/>
</pin_list>
<bind>
<StgValue><ssdm name=""/></StgValue>
</bind>
</comp>

<comp id="34" class="1001" name="const_34">
<pin_list>
<pin id="35" dir="1" index="0" bw="1" slack="2147483647"/>
</pin_list>
<bind>
<StgValue><ssdm name="_ssdm_op_SpecInterface"/></StgValue>
</bind>
</comp>

<comp id="36" class="1001" name="const_36">
<pin_list>
<pin id="37" dir="1" index="0" bw="1" slack="2147483647"/>
</pin_list>
<bind>
<StgValue><ssdm name="empty_3"/></StgValue>
</bind>
</comp>

<comp id="38" class="1001" name="const_38">
<pin_list>
<pin id="39" dir="1" index="0" bw="1" slack="0"/>
</pin_list>
<bind>
<StgValue><ssdm name=""/></StgValue>
</bind>
</comp>

<comp id="40" class="1001" name="const_40">
<pin_list>
<pin id="41" dir="1" index="0" bw="1" slack="2147483647"/>
</pin_list>
<bind>
<StgValue><ssdm name="empty_4"/></StgValue>
</bind>
</comp>

<comp id="42" class="1001" name="const_42">
<pin_list>
<pin id="43" dir="1" index="0" bw="1" slack="2147483647"/>
</pin_list>
<bind>
<StgValue><ssdm name="empty_6"/></StgValue>
</bind>
</comp>

<comp id="44" class="1001" name="const_44">
<pin_list>
<pin id="45" dir="1" index="0" bw="1" slack="2147483647"/>
</pin_list>
<bind>
<StgValue><ssdm name="empty_11"/></StgValue>
</bind>
</comp>

<comp id="46" class="1001" name="const_46">
<pin_list>
<pin id="47" dir="1" index="0" bw="1" slack="2147483647"/>
</pin_list>
<bind>
<StgValue><ssdm name=""/></StgValue>
</bind>
</comp>

<comp id="48" class="1001" name="const_48">
<pin_list>
<pin id="49" dir="1" index="0" bw="1" slack="2147483647"/>
</pin_list>
<bind>
<StgValue><ssdm name=""/></StgValue>
</bind>
</comp>

<comp id="50" class="1001" name="const_50">
<pin_list>
<pin id="51" dir="1" index="0" bw="1" slack="0"/>
</pin_list>
<bind>
<StgValue><ssdm name="_ssdm_op_Read.ap_auto.i32"/></StgValue>
</bind>
</comp>

<comp id="52" class="1001" name="const_52">
<pin_list>
<pin id="53" dir="1" index="0" bw="1" slack="0"/>
</pin_list>
<bind>
<StgValue><ssdm name="_ssdm_op_Read.ap_auto.i64"/></StgValue>
</bind>
</comp>

<comp id="54" class="1001" name="const_54">
<pin_list>
<pin id="55" dir="1" index="0" bw="1" slack="0"/>
</pin_list>
<bind>
<StgValue><ssdm name=""/></StgValue>
</bind>
</comp>

<comp id="56" class="1001" name="const_56">
<pin_list>
<pin id="57" dir="1" index="0" bw="1" slack="2147483647"/>
</pin_list>
<bind>
<StgValue><ssdm name="_ssdm_op_SpecBitsMap"/></StgValue>
</bind>
</comp>

<comp id="58" class="1001" name="const_58">
<pin_list>
<pin id="59" dir="1" index="0" bw="1" slack="0"/>
</pin_list>
<bind>
<StgValue><ssdm name=""/></StgValue>
</bind>
</comp>

<comp id="60" class="1001" name="const_60">
<pin_list>
<pin id="61" dir="1" index="0" bw="1" slack="0"/>
</pin_list>
<bind>
<StgValue><ssdm name="_ssdm_op_PartSelect.i7.i32.i32.i32"/></StgValue>
</bind>
</comp>

<comp id="62" class="1001" name="const_62">
<pin_list>
<pin id="63" dir="1" index="0" bw="1" slack="0"/>
</pin_list>
<bind>
<StgValue><ssdm name=""/></StgValue>
</bind>
</comp>

<comp id="64" class="1001" name="const_64">
<pin_list>
<pin id="65" dir="1" index="0" bw="1" slack="0"/>
</pin_list>
<bind>
<StgValue><ssdm name=""/></StgValue>
</bind>
</comp>

<comp id="66" class="1001" name="const_66">
<pin_list>
<pin id="67" dir="1" index="0" bw="1" slack="2147483647"/>
</pin_list>
<bind>
<StgValue><ssdm name=""/></StgValue>
</bind>
</comp>

<comp id="68" class="1001" name="const_68">
<pin_list>
<pin id="69" dir="1" index="0" bw="1" slack="2147483647"/>
</pin_list>
<bind>
<StgValue><ssdm name=""/></StgValue>
</bind>
</comp>

<comp id="70" class="1001" name="const_70">
<pin_list>
<pin id="71" dir="1" index="0" bw="1" slack="2147483647"/>
</pin_list>
<bind>
<StgValue><ssdm name=""/></StgValue>
</bind>
</comp>

<comp id="72" class="1001" name="const_72">
<pin_list>
<pin id="73" dir="1" index="0" bw="1" slack="2147483647"/>
</pin_list>
<bind>
<StgValue><ssdm name=""/></StgValue>
</bind>
</comp>

<comp id="74" class="1001" name="const_74">
<pin_list>
<pin id="75" dir="1" index="0" bw="1" slack="2147483647"/>
</pin_list>
<bind>
<StgValue><ssdm name=""/></StgValue>
</bind>
</comp>

<comp id="76" class="1001" name="const_76">
<pin_list>
<pin id="77" dir="1" index="0" bw="1" slack="2147483647"/>
</pin_list>
<bind>
<StgValue><ssdm name=""/></StgValue>
</bind>
</comp>

<comp id="78" class="1001" name="const_78">
<pin_list>
<pin id="79" dir="1" index="0" bw="1" slack="2147483647"/>
</pin_list>
<bind>
<StgValue><ssdm name=""/></StgValue>
</bind>
</comp>

<comp id="80" class="1001" name="const_80">
<pin_list>
<pin id="81" dir="1" index="0" bw="1" slack="0"/>
</pin_list>
<bind>
<StgValue><ssdm name="_ssdm_op_BitConcatenate.i7.i5.i2"/></StgValue>
</bind>
</comp>

<comp id="82" class="1001" name="const_82">
<pin_list>
<pin id="83" dir="1" index="0" bw="1" slack="0"/>
</pin_list>
<bind>
<StgValue><ssdm name=""/></StgValue>
</bind>
</comp>

<comp id="84" class="1001" name="const_84">
<pin_list>
<pin id="85" dir="1" index="0" bw="1" slack="0"/>
</pin_list>
<bind>
<StgValue><ssdm name="_ssdm_op_Read.m_axi.p1i8"/></StgValue>
</bind>
</comp>

<comp id="86" class="1001" name="const_86">
<pin_list>
<pin id="87" dir="1" index="0" bw="1" slack="2147483647"/>
</pin_list>
<bind>
<StgValue><ssdm name="_ssdm_op_SpecPipeline"/></StgValue>
</bind>
</comp>

<comp id="88" class="1001" name="const_88">
<pin_list>
<pin id="89" dir="1" index="0" bw="1" slack="2147483647"/>
</pin_list>
<bind>
<StgValue><ssdm name="_ssdm_op_SpecLoopTripCount"/></StgValue>
</bind>
</comp>

<comp id="90" class="1001" name="const_90">
<pin_list>
<pin id="91" dir="1" index="0" bw="1" slack="2147483647"/>
</pin_list>
<bind>
<StgValue><ssdm name=""/></StgValue>
</bind>
</comp>

<comp id="92" class="1001" name="const_92">
<pin_list>
<pin id="93" dir="1" index="0" bw="1" slack="2147483647"/>
</pin_list>
<bind>
<StgValue><ssdm name="_ssdm_op_SpecLoopName"/></StgValue>
</bind>
</comp>

<comp id="94" class="1001" name="const_94">
<pin_list>
<pin id="95" dir="1" index="0" bw="1" slack="2147483647"/>
</pin_list>
<bind>
<StgValue><ssdm name="empty_15"/></StgValue>
</bind>
</comp>

<comp id="96" class="1001" name="const_96">
<pin_list>
<pin id="97" dir="1" index="0" bw="1" slack="0"/>
</pin_list>
<bind>
<StgValue><ssdm name=""/></StgValue>
</bind>
</comp>

<comp id="98" class="1004" name="i_fu_98">
<pin_list>
<pin id="99" dir="0" index="0" bw="1" slack="0"/>
<pin id="100" dir="1" index="1" bw="32" slack="0"/>
</pin_list>
<bind>
<opcode="alloca(26) " fcode="alloca"/>
<opset="i/1 "/>
</bind>
</comp>

<comp id="102" class="1004" name="j_fu_102">
<pin_list>
<pin id="103" dir="0" index="0" bw="1" slack="0"/>
<pin id="104" dir="1" index="1" bw="32" slack="0"/>
</pin_list>
<bind>
<opcode="alloca(26) " fcode="alloca"/>
<opset="j/1 "/>
</bind>
</comp>

<comp id="106" class="1004" name="loc_1_fu_106">
<pin_list>
<pin id="107" dir="0" index="0" bw="1" slack="0"/>
<pin id="108" dir="1" index="1" bw="31" slack="0"/>
</pin_list>
<bind>
<opcode="alloca(26) " fcode="alloca"/>
<opset="loc_1/1 "/>
</bind>
</comp>

<comp id="110" class="1004" name="b_col_read_read_fu_110">
<pin_list>
<pin id="111" dir="0" index="0" bw="32" slack="0"/>
<pin id="112" dir="0" index="1" bw="32" slack="0"/>
<pin id="113" dir="1" index="2" bw="32" slack="1"/>
</pin_list>
<bind>
<opcode="read(1150) " fcode="read"/>
<opset="b_col_read/1 "/>
</bind>
</comp>

<comp id="116" class="1004" name="b_read_read_fu_116">
<pin_list>
<pin id="117" dir="0" index="0" bw="64" slack="0"/>
<pin id="118" dir="0" index="1" bw="64" slack="0"/>
<pin id="119" dir="1" index="2" bw="64" slack="1"/>
</pin_list>
<bind>
<opcode="read(1150) " fcode="read"/>
<opset="b_read/1 "/>
</bind>
</comp>

<comp id="122" class="1004" name="mul12_read_read_fu_122">
<pin_list>
<pin id="123" dir="0" index="0" bw="32" slack="0"/>
<pin id="124" dir="0" index="1" bw="32" slack="0"/>
<pin id="125" dir="1" index="2" bw="32" slack="1"/>
</pin_list>
<bind>
<opcode="read(1150) " fcode="read"/>
<opset="mul12_read/1 "/>
</bind>
</comp>

<comp id="128" class="1004" name="gmem1_addr_read_read_fu_128">
<pin_list>
<pin id="129" dir="0" index="0" bw="8" slack="0"/>
<pin id="130" dir="0" index="1" bw="8" slack="1"/>
<pin id="131" dir="1" index="2" bw="8" slack="1"/>
</pin_list>
<bind>
<opcode="read(1150) " fcode="read"/>
<opset="gmem1_addr_read/3 "/>
</bind>
</comp>

<comp id="133" class="1004" name="localB_addr_gep_fu_133">
<pin_list>
<pin id="134" dir="0" index="0" bw="8" slack="0"/>
<pin id="135" dir="0" index="1" bw="1" slack="0"/>
<pin id="136" dir="0" index="2" bw="7" slack="0"/>
<pin id="137" dir="1" index="3" bw="7" slack="0"/>
</pin_list>
<bind>
<opcode="getelementptr(29) " fcode="getelementptr"/>
<opset="localB_addr/4 "/>
</bind>
</comp>

<comp id="140" class="1004" name="localB_1_addr_gep_fu_140">
<pin_list>
<pin id="141" dir="0" index="0" bw="8" slack="0"/>
<pin id="142" dir="0" index="1" bw="1" slack="0"/>
<pin id="143" dir="0" index="2" bw="7" slack="0"/>
<pin id="144" dir="1" index="3" bw="7" slack="0"/>
</pin_list>
<bind>
<opcode="getelementptr(29) " fcode="getelementptr"/>
<opset="localB_1_addr/4 "/>
</bind>
</comp>

<comp id="147" class="1004" name="localB_2_addr_gep_fu_147">
<pin_list>
<pin id="148" dir="0" index="0" bw="8" slack="0"/>
<pin id="149" dir="0" index="1" bw="1" slack="0"/>
<pin id="150" dir="0" index="2" bw="7" slack="0"/>
<pin id="151" dir="1" index="3" bw="7" slack="0"/>
</pin_list>
<bind>
<opcode="getelementptr(29) " fcode="getelementptr"/>
<opset="localB_2_addr/4 "/>
</bind>
</comp>

<comp id="154" class="1004" name="localB_3_addr_gep_fu_154">
<pin_list>
<pin id="155" dir="0" index="0" bw="8" slack="0"/>
<pin id="156" dir="0" index="1" bw="1" slack="0"/>
<pin id="157" dir="0" index="2" bw="7" slack="0"/>
<pin id="158" dir="1" index="3" bw="7" slack="0"/>
</pin_list>
<bind>
<opcode="getelementptr(29) " fcode="getelementptr"/>
<opset="localB_3_addr/4 "/>
</bind>
</comp>

<comp id="161" class="1004" name="localB_4_addr_gep_fu_161">
<pin_list>
<pin id="162" dir="0" index="0" bw="8" slack="0"/>
<pin id="163" dir="0" index="1" bw="1" slack="0"/>
<pin id="164" dir="0" index="2" bw="7" slack="0"/>
<pin id="165" dir="1" index="3" bw="7" slack="0"/>
</pin_list>
<bind>
<opcode="getelementptr(29) " fcode="getelementptr"/>
<opset="localB_4_addr/4 "/>
</bind>
</comp>

<comp id="168" class="1004" name="localB_5_addr_gep_fu_168">
<pin_list>
<pin id="169" dir="0" index="0" bw="8" slack="0"/>
<pin id="170" dir="0" index="1" bw="1" slack="0"/>
<pin id="171" dir="0" index="2" bw="7" slack="0"/>
<pin id="172" dir="1" index="3" bw="7" slack="0"/>
</pin_list>
<bind>
<opcode="getelementptr(29) " fcode="getelementptr"/>
<opset="localB_5_addr/4 "/>
</bind>
</comp>

<comp id="175" class="1004" name="localB_6_addr_gep_fu_175">
<pin_list>
<pin id="176" dir="0" index="0" bw="8" slack="0"/>
<pin id="177" dir="0" index="1" bw="1" slack="0"/>
<pin id="178" dir="0" index="2" bw="7" slack="0"/>
<pin id="179" dir="1" index="3" bw="7" slack="0"/>
</pin_list>
<bind>
<opcode="getelementptr(29) " fcode="getelementptr"/>
<opset="localB_6_addr/4 "/>
</bind>
</comp>

<comp id="182" class="1004" name="localB_7_addr_gep_fu_182">
<pin_list>
<pin id="183" dir="0" index="0" bw="8" slack="0"/>
<pin id="184" dir="0" index="1" bw="1" slack="0"/>
<pin id="185" dir="0" index="2" bw="7" slack="0"/>
<pin id="186" dir="1" index="3" bw="7" slack="0"/>
</pin_list>
<bind>
<opcode="getelementptr(29) " fcode="getelementptr"/>
<opset="localB_7_addr/4 "/>
</bind>
</comp>

<comp id="189" class="1004" name="store_ln183_access_fu_189">
<pin_list>
<pin id="190" dir="0" index="0" bw="7" slack="2147483647"/>
<pin id="191" dir="0" index="1" bw="8" slack="2147483647"/>
<pin id="192" dir="0" index="2" bw="0" slack="0"/>
<pin id="194" dir="0" index="4" bw="7" slack="1"/>
<pin id="195" dir="0" index="5" bw="8" slack="2147483647"/>
<pin id="196" dir="0" index="6" bw="0" slack="2147483647"/>
<pin id="193" dir="1" index="3" bw="8" slack="2147483647"/>
<pin id="197" dir="1" index="7" bw="8" slack="2147483647"/>
</pin_list>
<bind>
<opcode="store(28) " fcode="store"/>
<opset="store_ln183/4 "/>
</bind>
</comp>

<comp id="199" class="1004" name="store_ln183_access_fu_199">
<pin_list>
<pin id="200" dir="0" index="0" bw="7" slack="2147483647"/>
<pin id="201" dir="0" index="1" bw="8" slack="2147483647"/>
<pin id="202" dir="0" index="2" bw="0" slack="0"/>
<pin id="204" dir="0" index="4" bw="7" slack="1"/>
<pin id="205" dir="0" index="5" bw="8" slack="2147483647"/>
<pin id="206" dir="0" index="6" bw="0" slack="2147483647"/>
<pin id="203" dir="1" index="3" bw="8" slack="2147483647"/>
<pin id="207" dir="1" index="7" bw="8" slack="2147483647"/>
</pin_list>
<bind>
<opcode="store(28) " fcode="store"/>
<opset="store_ln183/4 "/>
</bind>
</comp>

<comp id="209" class="1004" name="store_ln183_access_fu_209">
<pin_list>
<pin id="210" dir="0" index="0" bw="7" slack="2147483647"/>
<pin id="211" dir="0" index="1" bw="8" slack="2147483647"/>
<pin id="212" dir="0" index="2" bw="0" slack="0"/>
<pin id="214" dir="0" index="4" bw="7" slack="1"/>
<pin id="215" dir="0" index="5" bw="8" slack="2147483647"/>
<pin id="216" dir="0" index="6" bw="0" slack="2147483647"/>
<pin id="213" dir="1" index="3" bw="8" slack="2147483647"/>
<pin id="217" dir="1" index="7" bw="8" slack="2147483647"/>
</pin_list>
<bind>
<opcode="store(28) " fcode="store"/>
<opset="store_ln183/4 "/>
</bind>
</comp>

<comp id="219" class="1004" name="store_ln183_access_fu_219">
<pin_list>
<pin id="220" dir="0" index="0" bw="7" slack="2147483647"/>
<pin id="221" dir="0" index="1" bw="8" slack="2147483647"/>
<pin id="222" dir="0" index="2" bw="0" slack="0"/>
<pin id="224" dir="0" index="4" bw="7" slack="1"/>
<pin id="225" dir="0" index="5" bw="8" slack="2147483647"/>
<pin id="226" dir="0" index="6" bw="0" slack="2147483647"/>
<pin id="223" dir="1" index="3" bw="8" slack="2147483647"/>
<pin id="227" dir="1" index="7" bw="8" slack="2147483647"/>
</pin_list>
<bind>
<opcode="store(28) " fcode="store"/>
<opset="store_ln183/4 "/>
</bind>
</comp>

<comp id="229" class="1004" name="store_ln183_access_fu_229">
<pin_list>
<pin id="230" dir="0" index="0" bw="7" slack="2147483647"/>
<pin id="231" dir="0" index="1" bw="8" slack="2147483647"/>
<pin id="232" dir="0" index="2" bw="0" slack="0"/>
<pin id="234" dir="0" index="4" bw="7" slack="1"/>
<pin id="235" dir="0" index="5" bw="8" slack="2147483647"/>
<pin id="236" dir="0" index="6" bw="0" slack="2147483647"/>
<pin id="233" dir="1" index="3" bw="8" slack="2147483647"/>
<pin id="237" dir="1" index="7" bw="8" slack="2147483647"/>
</pin_list>
<bind>
<opcode="store(28) " fcode="store"/>
<opset="store_ln183/4 "/>
</bind>
</comp>

<comp id="239" class="1004" name="store_ln183_access_fu_239">
<pin_list>
<pin id="240" dir="0" index="0" bw="7" slack="2147483647"/>
<pin id="241" dir="0" index="1" bw="8" slack="2147483647"/>
<pin id="242" dir="0" index="2" bw="0" slack="0"/>
<pin id="244" dir="0" index="4" bw="7" slack="1"/>
<pin id="245" dir="0" index="5" bw="8" slack="2147483647"/>
<pin id="246" dir="0" index="6" bw="0" slack="2147483647"/>
<pin id="243" dir="1" index="3" bw="8" slack="2147483647"/>
<pin id="247" dir="1" index="7" bw="8" slack="2147483647"/>
</pin_list>
<bind>
<opcode="store(28) " fcode="store"/>
<opset="store_ln183/4 "/>
</bind>
</comp>

<comp id="249" class="1004" name="store_ln183_access_fu_249">
<pin_list>
<pin id="250" dir="0" index="0" bw="7" slack="2147483647"/>
<pin id="251" dir="0" index="1" bw="8" slack="2147483647"/>
<pin id="252" dir="0" index="2" bw="0" slack="0"/>
<pin id="254" dir="0" index="4" bw="7" slack="1"/>
<pin id="255" dir="0" index="5" bw="8" slack="2147483647"/>
<pin id="256" dir="0" index="6" bw="0" slack="2147483647"/>
<pin id="253" dir="1" index="3" bw="8" slack="2147483647"/>
<pin id="257" dir="1" index="7" bw="8" slack="2147483647"/>
</pin_list>
<bind>
<opcode="store(28) " fcode="store"/>
<opset="store_ln183/4 "/>
</bind>
</comp>

<comp id="259" class="1004" name="store_ln183_access_fu_259">
<pin_list>
<pin id="260" dir="0" index="0" bw="7" slack="2147483647"/>
<pin id="261" dir="0" index="1" bw="8" slack="2147483647"/>
<pin id="262" dir="0" index="2" bw="0" slack="0"/>
<pin id="264" dir="0" index="4" bw="7" slack="1"/>
<pin id="265" dir="0" index="5" bw="8" slack="2147483647"/>
<pin id="266" dir="0" index="6" bw="0" slack="2147483647"/>
<pin id="263" dir="1" index="3" bw="8" slack="2147483647"/>
<pin id="267" dir="1" index="7" bw="8" slack="2147483647"/>
</pin_list>
<bind>
<opcode="store(28) " fcode="store"/>
<opset="store_ln183/4 "/>
</bind>
</comp>

<comp id="269" class="1004" name="store_ln0_store_fu_269">
<pin_list>
<pin id="270" dir="0" index="0" bw="1" slack="0"/>
<pin id="271" dir="0" index="1" bw="31" slack="0"/>
<pin id="272" dir="1" index="2" bw="0" slack="2147483647"/>
</pin_list>
<bind>
<opcode="store(28) " fcode="store"/>
<opset="store_ln0/1 "/>
</bind>
</comp>

<comp id="274" class="1004" name="store_ln177_store_fu_274">
<pin_list>
<pin id="275" dir="0" index="0" bw="1" slack="0"/>
<pin id="276" dir="0" index="1" bw="32" slack="0"/>
<pin id="277" dir="1" index="2" bw="0" slack="2147483647"/>
</pin_list>
<bind>
<opcode="store(28) " fcode="store"/>
<opset="store_ln177/1 "/>
</bind>
</comp>

<comp id="279" class="1004" name="store_ln177_store_fu_279">
<pin_list>
<pin id="280" dir="0" index="0" bw="1" slack="0"/>
<pin id="281" dir="0" index="1" bw="32" slack="0"/>
<pin id="282" dir="1" index="2" bw="0" slack="2147483647"/>
</pin_list>
<bind>
<opcode="store(28) " fcode="store"/>
<opset="store_ln177/1 "/>
</bind>
</comp>

<comp id="284" class="1004" name="loc_1_load_load_fu_284">
<pin_list>
<pin id="285" dir="0" index="0" bw="31" slack="1"/>
<pin id="286" dir="1" index="1" bw="31" slack="0"/>
</pin_list>
<bind>
<opcode="load(27) " fcode="load"/>
<opset="loc_1_load/2 "/>
</bind>
</comp>

<comp id="287" class="1004" name="loc_1_cast_fu_287">
<pin_list>
<pin id="288" dir="0" index="0" bw="31" slack="0"/>
<pin id="289" dir="1" index="1" bw="32" slack="0"/>
</pin_list>
<bind>
<opcode="zext(34) " fcode="zext"/>
<opset="loc_1_cast/2 "/>
</bind>
</comp>

<comp id="291" class="1004" name="icmp_ln177_fu_291">
<pin_list>
<pin id="292" dir="0" index="0" bw="32" slack="0"/>
<pin id="293" dir="0" index="1" bw="32" slack="1"/>
<pin id="294" dir="1" index="2" bw="1" slack="1"/>
</pin_list>
<bind>
<opcode="icmp(45) " fcode="icmp"/>
<opset="icmp_ln177/2 "/>
</bind>
</comp>

<comp id="296" class="1004" name="add_ln177_fu_296">
<pin_list>
<pin id="297" dir="0" index="0" bw="31" slack="0"/>
<pin id="298" dir="0" index="1" bw="1" slack="0"/>
<pin id="299" dir="1" index="2" bw="31" slack="1"/>
</pin_list>
<bind>
<opcode="add(8) " fcode="add"/>
<opset="add_ln177/2 "/>
</bind>
</comp>

<comp id="302" class="1004" name="j_load_load_fu_302">
<pin_list>
<pin id="303" dir="0" index="0" bw="32" slack="1"/>
<pin id="304" dir="1" index="1" bw="32" slack="0"/>
</pin_list>
<bind>
<opcode="load(27) " fcode="load"/>
<opset="j_load/2 "/>
</bind>
</comp>

<comp id="305" class="1004" name="gmem1_addr_fu_305">
<pin_list>
<pin id="306" dir="0" index="0" bw="64" slack="0"/>
<pin id="307" dir="0" index="1" bw="64" slack="1"/>
<pin id="308" dir="1" index="2" bw="64" slack="1"/>
</pin_list>
<bind>
<opcode="getelementptr(29) " fcode="getelementptr"/>
<opset="gmem1_addr/2 "/>
</bind>
</comp>

<comp id="310" class="1004" name="icmp_ln179_fu_310">
<pin_list>
<pin id="311" dir="0" index="0" bw="32" slack="0"/>
<pin id="312" dir="0" index="1" bw="32" slack="1"/>
<pin id="313" dir="1" index="2" bw="1" slack="0"/>
</pin_list>
<bind>
<opcode="icmp(45) " fcode="icmp"/>
<opset="icmp_ln179/2 "/>
</bind>
</comp>

<comp id="315" class="1004" name="j_3_fu_315">
<pin_list>
<pin id="316" dir="0" index="0" bw="1" slack="0"/>
<pin id="317" dir="0" index="1" bw="32" slack="0"/>
<pin id="318" dir="0" index="2" bw="32" slack="0"/>
<pin id="319" dir="1" index="3" bw="32" slack="0"/>
</pin_list>
<bind>
<opcode="select(49) " fcode="select"/>
<opset="j_3/2 "/>
</bind>
</comp>

<comp id="323" class="1004" name="trunc_ln177_fu_323">
<pin_list>
<pin id="324" dir="0" index="0" bw="32" slack="0"/>
<pin id="325" dir="1" index="1" bw="3" slack="2"/>
</pin_list>
<bind>
<opcode="trunc(33) " fcode="trunc"/>
<opset="trunc_ln177/2 "/>
</bind>
</comp>

<comp id="327" class="1004" name="lshr_ln2_fu_327">
<pin_list>
<pin id="328" dir="0" index="0" bw="7" slack="0"/>
<pin id="329" dir="0" index="1" bw="32" slack="0"/>
<pin id="330" dir="0" index="2" bw="3" slack="0"/>
<pin id="331" dir="0" index="3" bw="5" slack="0"/>
<pin id="332" dir="1" index="4" bw="7" slack="1"/>
</pin_list>
<bind>
<opcode="partselect(1002) " fcode="partselect"/>
<opset="lshr_ln2/2 "/>
</bind>
</comp>

<comp id="337" class="1004" name="i_load_load_fu_337">
<pin_list>
<pin id="338" dir="0" index="0" bw="32" slack="2"/>
<pin id="339" dir="1" index="1" bw="32" slack="0"/>
</pin_list>
<bind>
<opcode="load(27) " fcode="load"/>
<opset="i_load/3 "/>
</bind>
</comp>

<comp id="340" class="1004" name="add_ln180_fu_340">
<pin_list>
<pin id="341" dir="0" index="0" bw="32" slack="0"/>
<pin id="342" dir="0" index="1" bw="1" slack="0"/>
<pin id="343" dir="1" index="2" bw="32" slack="0"/>
</pin_list>
<bind>
<opcode="add(8) " fcode="add"/>
<opset="add_ln180/3 "/>
</bind>
</comp>

<comp id="346" class="1004" name="i_2_fu_346">
<pin_list>
<pin id="347" dir="0" index="0" bw="1" slack="1"/>
<pin id="348" dir="0" index="1" bw="32" slack="0"/>
<pin id="349" dir="0" index="2" bw="32" slack="0"/>
<pin id="350" dir="1" index="3" bw="32" slack="0"/>
</pin_list>
<bind>
<opcode="select(49) " fcode="select"/>
<opset="i_2/3 "/>
</bind>
</comp>

<comp id="353" class="1004" name="trunc_ln179_fu_353">
<pin_list>
<pin id="354" dir="0" index="0" bw="32" slack="0"/>
<pin id="355" dir="1" index="1" bw="5" slack="0"/>
</pin_list>
<bind>
<opcode="trunc(33) " fcode="trunc"/>
<opset="trunc_ln179/3 "/>
</bind>
</comp>

<comp id="357" class="1004" name="tmp_s_fu_357">
<pin_list>
<pin id="358" dir="0" index="0" bw="7" slack="0"/>
<pin id="359" dir="0" index="1" bw="5" slack="0"/>
<pin id="360" dir="0" index="2" bw="1" slack="0"/>
<pin id="361" dir="1" index="3" bw="7" slack="0"/>
</pin_list>
<bind>
<opcode="bitconcatenate(1004) " fcode="bitconcatenate"/>
<opset="tmp_s/3 "/>
</bind>
</comp>

<comp id="365" class="1004" name="add_ln183_fu_365">
<pin_list>
<pin id="366" dir="0" index="0" bw="7" slack="0"/>
<pin id="367" dir="0" index="1" bw="7" slack="1"/>
<pin id="368" dir="1" index="2" bw="7" slack="1"/>
</pin_list>
<bind>
<opcode="add(8) " fcode="add"/>
<opset="add_ln183/3 "/>
</bind>
</comp>

<comp id="370" class="1004" name="j_4_fu_370">
<pin_list>
<pin id="371" dir="0" index="0" bw="32" slack="1"/>
<pin id="372" dir="0" index="1" bw="1" slack="0"/>
<pin id="373" dir="1" index="2" bw="32" slack="0"/>
</pin_list>
<bind>
<opcode="add(8) " fcode="add"/>
<opset="j_4/3 "/>
</bind>
</comp>

<comp id="375" class="1004" name="store_ln177_store_fu_375">
<pin_list>
<pin id="376" dir="0" index="0" bw="31" slack="1"/>
<pin id="377" dir="0" index="1" bw="31" slack="2"/>
<pin id="378" dir="1" index="2" bw="0" slack="2147483647"/>
</pin_list>
<bind>
<opcode="store(28) " fcode="store"/>
<opset="store_ln177/3 "/>
</bind>
</comp>

<comp id="379" class="1004" name="store_ln177_store_fu_379">
<pin_list>
<pin id="380" dir="0" index="0" bw="32" slack="0"/>
<pin id="381" dir="0" index="1" bw="32" slack="2"/>
<pin id="382" dir="1" index="2" bw="0" slack="2147483647"/>
</pin_list>
<bind>
<opcode="store(28) " fcode="store"/>
<opset="store_ln177/3 "/>
</bind>
</comp>

<comp id="384" class="1004" name="store_ln177_store_fu_384">
<pin_list>
<pin id="385" dir="0" index="0" bw="32" slack="0"/>
<pin id="386" dir="0" index="1" bw="32" slack="2"/>
<pin id="387" dir="1" index="2" bw="0" slack="2147483647"/>
</pin_list>
<bind>
<opcode="store(28) " fcode="store"/>
<opset="store_ln177/3 "/>
</bind>
</comp>

<comp id="389" class="1004" name="zext_ln183_fu_389">
<pin_list>
<pin id="390" dir="0" index="0" bw="7" slack="1"/>
<pin id="391" dir="1" index="1" bw="64" slack="0"/>
</pin_list>
<bind>
<opcode="zext(34) " fcode="zext"/>
<opset="zext_ln183/4 "/>
</bind>
</comp>

<comp id="400" class="1005" name="i_reg_400">
<pin_list>
<pin id="401" dir="0" index="0" bw="32" slack="0"/>
<pin id="402" dir="1" index="1" bw="32" slack="0"/>
</pin_list>
<bind>
<opset="i "/>
</bind>
</comp>

<comp id="407" class="1005" name="j_reg_407">
<pin_list>
<pin id="408" dir="0" index="0" bw="32" slack="0"/>
<pin id="409" dir="1" index="1" bw="32" slack="0"/>
</pin_list>
<bind>
<opset="j "/>
</bind>
</comp>

<comp id="414" class="1005" name="loc_1_reg_414">
<pin_list>
<pin id="415" dir="0" index="0" bw="31" slack="0"/>
<pin id="416" dir="1" index="1" bw="31" slack="0"/>
</pin_list>
<bind>
<opset="loc_1 "/>
</bind>
</comp>

<comp id="421" class="1005" name="b_col_read_reg_421">
<pin_list>
<pin id="422" dir="0" index="0" bw="32" slack="1"/>
<pin id="423" dir="1" index="1" bw="32" slack="1"/>
</pin_list>
<bind>
<opset="b_col_read "/>
</bind>
</comp>

<comp id="426" class="1005" name="b_read_reg_426">
<pin_list>
<pin id="427" dir="0" index="0" bw="64" slack="1"/>
<pin id="428" dir="1" index="1" bw="64" slack="1"/>
</pin_list>
<bind>
<opset="b_read "/>
</bind>
</comp>

<comp id="431" class="1005" name="mul12_read_reg_431">
<pin_list>
<pin id="432" dir="0" index="0" bw="32" slack="1"/>
<pin id="433" dir="1" index="1" bw="32" slack="1"/>
</pin_list>
<bind>
<opset="mul12_read "/>
</bind>
</comp>

<comp id="436" class="1005" name="icmp_ln177_reg_436">
<pin_list>
<pin id="437" dir="0" index="0" bw="1" slack="1"/>
<pin id="438" dir="1" index="1" bw="1" slack="2147483647"/>
</pin_list>
<bind>
<opset="icmp_ln177 "/>
</bind>
</comp>

<comp id="440" class="1005" name="add_ln177_reg_440">
<pin_list>
<pin id="441" dir="0" index="0" bw="31" slack="1"/>
<pin id="442" dir="1" index="1" bw="31" slack="1"/>
</pin_list>
<bind>
<opset="add_ln177 "/>
</bind>
</comp>

<comp id="445" class="1005" name="gmem1_addr_reg_445">
<pin_list>
<pin id="446" dir="0" index="0" bw="8" slack="1"/>
<pin id="447" dir="1" index="1" bw="8" slack="1"/>
</pin_list>
<bind>
<opset="gmem1_addr "/>
</bind>
</comp>

<comp id="450" class="1005" name="icmp_ln179_reg_450">
<pin_list>
<pin id="451" dir="0" index="0" bw="1" slack="1"/>
<pin id="452" dir="1" index="1" bw="1" slack="1"/>
</pin_list>
<bind>
<opset="icmp_ln179 "/>
</bind>
</comp>

<comp id="455" class="1005" name="j_3_reg_455">
<pin_list>
<pin id="456" dir="0" index="0" bw="32" slack="1"/>
<pin id="457" dir="1" index="1" bw="32" slack="1"/>
</pin_list>
<bind>
<opset="j_3 "/>
</bind>
</comp>

<comp id="460" class="1005" name="trunc_ln177_reg_460">
<pin_list>
<pin id="461" dir="0" index="0" bw="3" slack="2"/>
<pin id="462" dir="1" index="1" bw="3" slack="2147483647"/>
</pin_list>
<bind>
<opset="trunc_ln177 "/>
</bind>
</comp>

<comp id="464" class="1005" name="lshr_ln2_reg_464">
<pin_list>
<pin id="465" dir="0" index="0" bw="7" slack="1"/>
<pin id="466" dir="1" index="1" bw="7" slack="1"/>
</pin_list>
<bind>
<opset="lshr_ln2 "/>
</bind>
</comp>

<comp id="469" class="1005" name="add_ln183_reg_469">
<pin_list>
<pin id="470" dir="0" index="0" bw="7" slack="1"/>
<pin id="471" dir="1" index="1" bw="7" slack="1"/>
</pin_list>
<bind>
<opset="add_ln183 "/>
</bind>
</comp>

<comp id="474" class="1005" name="gmem1_addr_read_reg_474">
<pin_list>
<pin id="475" dir="0" index="0" bw="8" slack="1"/>
<pin id="476" dir="1" index="1" bw="8" slack="1"/>
</pin_list>
<bind>
<opset="gmem1_addr_read "/>
</bind>
</comp>

</comp_list>

<net_list>
<net id="101"><net_src comp="24" pin="0"/><net_sink comp="98" pin=0"/></net>

<net id="105"><net_src comp="24" pin="0"/><net_sink comp="102" pin=0"/></net>

<net id="109"><net_src comp="24" pin="0"/><net_sink comp="106" pin=0"/></net>

<net id="114"><net_src comp="50" pin="0"/><net_sink comp="110" pin=0"/></net>

<net id="115"><net_src comp="22" pin="0"/><net_sink comp="110" pin=1"/></net>

<net id="120"><net_src comp="52" pin="0"/><net_sink comp="116" pin=0"/></net>

<net id="121"><net_src comp="4" pin="0"/><net_sink comp="116" pin=1"/></net>

<net id="126"><net_src comp="50" pin="0"/><net_sink comp="122" pin=0"/></net>

<net id="127"><net_src comp="2" pin="0"/><net_sink comp="122" pin=1"/></net>

<net id="132"><net_src comp="84" pin="0"/><net_sink comp="128" pin=0"/></net>

<net id="138"><net_src comp="20" pin="0"/><net_sink comp="133" pin=0"/></net>

<net id="139"><net_src comp="96" pin="0"/><net_sink comp="133" pin=1"/></net>

<net id="145"><net_src comp="18" pin="0"/><net_sink comp="140" pin=0"/></net>

<net id="146"><net_src comp="96" pin="0"/><net_sink comp="140" pin=1"/></net>

<net id="152"><net_src comp="16" pin="0"/><net_sink comp="147" pin=0"/></net>

<net id="153"><net_src comp="96" pin="0"/><net_sink comp="147" pin=1"/></net>

<net id="159"><net_src comp="14" pin="0"/><net_sink comp="154" pin=0"/></net>

<net id="160"><net_src comp="96" pin="0"/><net_sink comp="154" pin=1"/></net>

<net id="166"><net_src comp="12" pin="0"/><net_sink comp="161" pin=0"/></net>

<net id="167"><net_src comp="96" pin="0"/><net_sink comp="161" pin=1"/></net>

<net id="173"><net_src comp="10" pin="0"/><net_sink comp="168" pin=0"/></net>

<net id="174"><net_src comp="96" pin="0"/><net_sink comp="168" pin=1"/></net>

<net id="180"><net_src comp="8" pin="0"/><net_sink comp="175" pin=0"/></net>

<net id="181"><net_src comp="96" pin="0"/><net_sink comp="175" pin=1"/></net>

<net id="187"><net_src comp="6" pin="0"/><net_sink comp="182" pin=0"/></net>

<net id="188"><net_src comp="96" pin="0"/><net_sink comp="182" pin=1"/></net>

<net id="198"><net_src comp="175" pin="3"/><net_sink comp="189" pin=2"/></net>

<net id="208"><net_src comp="168" pin="3"/><net_sink comp="199" pin=2"/></net>

<net id="218"><net_src comp="161" pin="3"/><net_sink comp="209" pin=2"/></net>

<net id="228"><net_src comp="154" pin="3"/><net_sink comp="219" pin=2"/></net>

<net id="238"><net_src comp="147" pin="3"/><net_sink comp="229" pin=2"/></net>

<net id="248"><net_src comp="140" pin="3"/><net_sink comp="239" pin=2"/></net>

<net id="258"><net_src comp="133" pin="3"/><net_sink comp="249" pin=2"/></net>

<net id="268"><net_src comp="182" pin="3"/><net_sink comp="259" pin=2"/></net>

<net id="273"><net_src comp="54" pin="0"/><net_sink comp="269" pin=0"/></net>

<net id="278"><net_src comp="38" pin="0"/><net_sink comp="274" pin=0"/></net>

<net id="283"><net_src comp="38" pin="0"/><net_sink comp="279" pin=0"/></net>

<net id="290"><net_src comp="284" pin="1"/><net_sink comp="287" pin=0"/></net>

<net id="295"><net_src comp="287" pin="1"/><net_sink comp="291" pin=0"/></net>

<net id="300"><net_src comp="284" pin="1"/><net_sink comp="296" pin=0"/></net>

<net id="301"><net_src comp="58" pin="0"/><net_sink comp="296" pin=1"/></net>

<net id="309"><net_src comp="0" pin="0"/><net_sink comp="305" pin=0"/></net>

<net id="314"><net_src comp="302" pin="1"/><net_sink comp="310" pin=0"/></net>

<net id="320"><net_src comp="310" pin="2"/><net_sink comp="315" pin=0"/></net>

<net id="321"><net_src comp="38" pin="0"/><net_sink comp="315" pin=1"/></net>

<net id="322"><net_src comp="302" pin="1"/><net_sink comp="315" pin=2"/></net>

<net id="326"><net_src comp="315" pin="3"/><net_sink comp="323" pin=0"/></net>

<net id="333"><net_src comp="60" pin="0"/><net_sink comp="327" pin=0"/></net>

<net id="334"><net_src comp="315" pin="3"/><net_sink comp="327" pin=1"/></net>

<net id="335"><net_src comp="62" pin="0"/><net_sink comp="327" pin=2"/></net>

<net id="336"><net_src comp="64" pin="0"/><net_sink comp="327" pin=3"/></net>

<net id="344"><net_src comp="337" pin="1"/><net_sink comp="340" pin=0"/></net>

<net id="345"><net_src comp="24" pin="0"/><net_sink comp="340" pin=1"/></net>

<net id="351"><net_src comp="340" pin="2"/><net_sink comp="346" pin=1"/></net>

<net id="352"><net_src comp="337" pin="1"/><net_sink comp="346" pin=2"/></net>

<net id="356"><net_src comp="346" pin="3"/><net_sink comp="353" pin=0"/></net>

<net id="362"><net_src comp="80" pin="0"/><net_sink comp="357" pin=0"/></net>

<net id="363"><net_src comp="353" pin="1"/><net_sink comp="357" pin=1"/></net>

<net id="364"><net_src comp="82" pin="0"/><net_sink comp="357" pin=2"/></net>

<net id="369"><net_src comp="357" pin="3"/><net_sink comp="365" pin=0"/></net>

<net id="374"><net_src comp="24" pin="0"/><net_sink comp="370" pin=1"/></net>

<net id="383"><net_src comp="370" pin="2"/><net_sink comp="379" pin=0"/></net>

<net id="388"><net_src comp="346" pin="3"/><net_sink comp="384" pin=0"/></net>

<net id="392"><net_src comp="389" pin="1"/><net_sink comp="133" pin=2"/></net>

<net id="393"><net_src comp="389" pin="1"/><net_sink comp="140" pin=2"/></net>

<net id="394"><net_src comp="389" pin="1"/><net_sink comp="147" pin=2"/></net>

<net id="395"><net_src comp="389" pin="1"/><net_sink comp="154" pin=2"/></net>

<net id="396"><net_src comp="389" pin="1"/><net_sink comp="161" pin=2"/></net>

<net id="397"><net_src comp="389" pin="1"/><net_sink comp="168" pin=2"/></net>

<net id="398"><net_src comp="389" pin="1"/><net_sink comp="175" pin=2"/></net>

<net id="399"><net_src comp="389" pin="1"/><net_sink comp="182" pin=2"/></net>

<net id="403"><net_src comp="98" pin="1"/><net_sink comp="400" pin=0"/></net>

<net id="404"><net_src comp="400" pin="1"/><net_sink comp="279" pin=1"/></net>

<net id="405"><net_src comp="400" pin="1"/><net_sink comp="337" pin=0"/></net>

<net id="406"><net_src comp="400" pin="1"/><net_sink comp="384" pin=1"/></net>

<net id="410"><net_src comp="102" pin="1"/><net_sink comp="407" pin=0"/></net>

<net id="411"><net_src comp="407" pin="1"/><net_sink comp="274" pin=1"/></net>

<net id="412"><net_src comp="407" pin="1"/><net_sink comp="302" pin=0"/></net>

<net id="413"><net_src comp="407" pin="1"/><net_sink comp="379" pin=1"/></net>

<net id="417"><net_src comp="106" pin="1"/><net_sink comp="414" pin=0"/></net>

<net id="418"><net_src comp="414" pin="1"/><net_sink comp="269" pin=1"/></net>

<net id="419"><net_src comp="414" pin="1"/><net_sink comp="284" pin=0"/></net>

<net id="420"><net_src comp="414" pin="1"/><net_sink comp="375" pin=1"/></net>

<net id="424"><net_src comp="110" pin="2"/><net_sink comp="421" pin=0"/></net>

<net id="425"><net_src comp="421" pin="1"/><net_sink comp="310" pin=1"/></net>

<net id="429"><net_src comp="116" pin="2"/><net_sink comp="426" pin=0"/></net>

<net id="430"><net_src comp="426" pin="1"/><net_sink comp="305" pin=1"/></net>

<net id="434"><net_src comp="122" pin="2"/><net_sink comp="431" pin=0"/></net>

<net id="435"><net_src comp="431" pin="1"/><net_sink comp="291" pin=1"/></net>

<net id="439"><net_src comp="291" pin="2"/><net_sink comp="436" pin=0"/></net>

<net id="443"><net_src comp="296" pin="2"/><net_sink comp="440" pin=0"/></net>

<net id="444"><net_src comp="440" pin="1"/><net_sink comp="375" pin=0"/></net>

<net id="448"><net_src comp="305" pin="2"/><net_sink comp="445" pin=0"/></net>

<net id="449"><net_src comp="445" pin="1"/><net_sink comp="128" pin=1"/></net>

<net id="453"><net_src comp="310" pin="2"/><net_sink comp="450" pin=0"/></net>

<net id="454"><net_src comp="450" pin="1"/><net_sink comp="346" pin=0"/></net>

<net id="458"><net_src comp="315" pin="3"/><net_sink comp="455" pin=0"/></net>

<net id="459"><net_src comp="455" pin="1"/><net_sink comp="370" pin=0"/></net>

<net id="463"><net_src comp="323" pin="1"/><net_sink comp="460" pin=0"/></net>

<net id="467"><net_src comp="327" pin="4"/><net_sink comp="464" pin=0"/></net>

<net id="468"><net_src comp="464" pin="1"/><net_sink comp="365" pin=1"/></net>

<net id="472"><net_src comp="365" pin="2"/><net_sink comp="469" pin=0"/></net>

<net id="473"><net_src comp="469" pin="1"/><net_sink comp="389" pin=0"/></net>

<net id="477"><net_src comp="128" pin="2"/><net_sink comp="474" pin=0"/></net>

<net id="478"><net_src comp="474" pin="1"/><net_sink comp="189" pin=4"/></net>

<net id="479"><net_src comp="474" pin="1"/><net_sink comp="199" pin=4"/></net>

<net id="480"><net_src comp="474" pin="1"/><net_sink comp="209" pin=4"/></net>

<net id="481"><net_src comp="474" pin="1"/><net_sink comp="219" pin=4"/></net>

<net id="482"><net_src comp="474" pin="1"/><net_sink comp="229" pin=4"/></net>

<net id="483"><net_src comp="474" pin="1"/><net_sink comp="239" pin=4"/></net>

<net id="484"><net_src comp="474" pin="1"/><net_sink comp="249" pin=4"/></net>

<net id="485"><net_src comp="474" pin="1"/><net_sink comp="259" pin=4"/></net>

</net_list>

</model> 
---------------- Datapath Model END ------------------

* FSMD analyzer results:
  - Output states:
	Port: gmem1 | {}
	Port: localB_7 | {4 }
	Port: localB_6 | {4 }
	Port: localB_5 | {4 }
	Port: localB_4 | {4 }
	Port: localB_3 | {4 }
	Port: localB_2 | {4 }
	Port: localB_1 | {4 }
	Port: localB | {4 }
 - Input state : 
	Port: mmult_Pipeline_readB : gmem1 | {3 }
	Port: mmult_Pipeline_readB : mul12 | {1 }
	Port: mmult_Pipeline_readB : b | {1 }
	Port: mmult_Pipeline_readB : b_col | {1 }
  - Chain level:
	State 1
		store_ln0 : 1
		store_ln177 : 1
		store_ln177 : 1
	State 2
		loc_1_cast : 1
		icmp_ln177 : 2
		add_ln177 : 1
		br_ln177 : 3
		icmp_ln179 : 1
		j_3 : 2
		trunc_ln177 : 3
		lshr_ln2 : 3
		switch_ln183 : 4
	State 3
		add_ln180 : 1
		i_2 : 2
		trunc_ln179 : 3
		tmp_s : 4
		add_ln183 : 5
		store_ln177 : 1
		store_ln177 : 3
	State 4
		localB_addr : 1
		localB_1_addr : 1
		localB_2_addr : 1
		localB_3_addr : 1
		localB_4_addr : 1
		localB_5_addr : 1
		localB_6_addr : 1
		localB_7_addr : 1
		store_ln183 : 2
		store_ln183 : 2
		store_ln183 : 2
		store_ln183 : 2
		store_ln183 : 2
		store_ln183 : 2
		store_ln183 : 2
		store_ln183 : 2


============================================================
+ Verbose Summary: Datapath Resource usage 
============================================================

* Functional unit list:
|----------|-----------------------------|---------|---------|
| Operation|       Functional Unit       |    FF   |   LUT   |
|----------|-----------------------------|---------|---------|
|          |       add_ln177_fu_296      |    0    |    38   |
|    add   |       add_ln180_fu_340      |    0    |    39   |
|          |       add_ln183_fu_365      |    0    |    14   |
|          |          j_4_fu_370         |    0    |    39   |
|----------|-----------------------------|---------|---------|
|   icmp   |      icmp_ln177_fu_291      |    0    |    39   |
|          |      icmp_ln179_fu_310      |    0    |    39   |
|----------|-----------------------------|---------|---------|
|  select  |          j_3_fu_315         |    0    |    32   |
|          |          i_2_fu_346         |    0    |    32   |
|----------|-----------------------------|---------|---------|
|          |    b_col_read_read_fu_110   |    0    |    0    |
|   read   |      b_read_read_fu_116     |    0    |    0    |
|          |    mul12_read_read_fu_122   |    0    |    0    |
|          | gmem1_addr_read_read_fu_128 |    0    |    0    |
|----------|-----------------------------|---------|---------|
|   zext   |      loc_1_cast_fu_287      |    0    |    0    |
|          |      zext_ln183_fu_389      |    0    |    0    |
|----------|-----------------------------|---------|---------|
|   trunc  |      trunc_ln177_fu_323     |    0    |    0    |
|          |      trunc_ln179_fu_353     |    0    |    0    |
|----------|-----------------------------|---------|---------|
|partselect|       lshr_ln2_fu_327       |    0    |    0    |
|----------|-----------------------------|---------|---------|
|bitconcatenate|         tmp_s_fu_357        |    0    |    0    |
|----------|-----------------------------|---------|---------|
|   Total  |                             |    0    |   272   |
|----------|-----------------------------|---------|---------|

Memories:
N/A

* Register list:
+-----------------------+--------+
|                       |   FF   |
+-----------------------+--------+
|   add_ln177_reg_440   |   31   |
|   add_ln183_reg_469   |    7   |
|   b_col_read_reg_421  |   32   |
|     b_read_reg_426    |   64   |
|gmem1_addr_read_reg_474|    8   |
|   gmem1_addr_reg_445  |    8   |
|       i_reg_400       |   32   |
|   icmp_ln177_reg_436  |    1   |
|   icmp_ln179_reg_450  |    1   |
|      j_3_reg_455      |   32   |
|       j_reg_407       |   32   |
|     loc_1_reg_414     |   31   |
|    lshr_ln2_reg_464   |    7   |
|   mul12_read_reg_431  |   32   |
|  trunc_ln177_reg_460  |    3   |
+-----------------------+--------+
|         Total         |   321  |
+-----------------------+--------+

* Multiplexer (MUX) list: 
|--------|------|------|------|--------|
|  Comp  |  Pin | Size |  BW  | S x BW |
|--------|------|------|------|--------|
|  Total |      |      |      |    0   |
|--------|------|------|------|--------|



* Summary:
+-----------+--------+--------+
|           |   FF   |   LUT  |
+-----------+--------+--------+
|  Function |    0   |   272  |
|   Memory  |    -   |    -   |
|Multiplexer|    -   |    -   |
|  Register |   321  |    -   |
+-----------+--------+--------+
|   Total   |   321  |   272  |
+-----------+--------+--------+
