

================================================================
== Vitis HLS Report for 'mmult_Pipeline_writeC_VITIS_LOOP_187_5'
================================================================
* Date:           Fri Jun  5 01:38:50 2026

* Version:        2023.2 (Build 4023990 on Oct 11 2023)
* Project:        hls_prj
* Solution:       s1 (Vivado IP Flow Target)
* Product family: zynquplus
* Target device:  xck26-sfvc784-2LV-c


================================================================
== Performance Estimates
================================================================
+ Timing: 
    * Summary: 
    +--------+---------+----------+------------+
    |  Clock |  Target | Estimated| Uncertainty|
    +--------+---------+----------+------------+
    |ap_clk  |  3.30 ns|  2.867 ns|     0.89 ns|
    +--------+---------+----------+------------+

+ Latency: 
    * Summary: 
    +---------+---------+----------+----------+------+------+---------+
    |  Latency (cycles) |  Latency (absolute) |   Interval  | Pipeline|
    |   min   |   max   |    min   |    max   |  min |  max |   Type  |
    +---------+---------+----------+----------+------+------+---------+
    |     1028|     1028|  3.392 us|  3.392 us|  1028|  1028|       no|
    +---------+---------+----------+----------+------+------+---------+

    + Detail: 
        * Instance: 
        N/A

        * Loop: 
        +---------------------------+---------+---------+----------+-----------+-----------+------+----------+
        |                           |  Latency (cycles) | Iteration|  Initiation Interval  | Trip |          |
        |         Loop Name         |   min   |   max   |  Latency |  achieved |   target  | Count| Pipelined|
        +---------------------------+---------+---------+----------+-----------+-----------+------+----------+
        |- writeC_VITIS_LOOP_187_5  |     1026|     1026|         4|          1|          1|  1024|       yes|
        +---------------------------+---------+---------+----------+-----------+-----------+------+----------+

============================================================
+ Verbose Summary: Synthesis Manager
============================================================
InlineROM: 1
ExposeGlobal: 0
============================================================
+ Verbose Summary: CDFG Model
============================================================
IsTopModel: 0
ResetActiveHigh: 1
IsCombinational: 0
IsDatapathOnly: 0
HasWiredReturn: 1
HasMFsm: 2
HasVarLatency: 1
IsPipeline: 0
IsRtlPipelined: 0
IsInstanceOverlapped: 0
IsDontTouch: 0
HasImplIP: 0
IsGatedGlobalClock: 0

+ Individual pipeline summary: 
  * Pipeline-0: initiation interval (II) = 1, depth = 5


============================================================
+ Verbose Summary: Schedule
============================================================
* Number of FSM states : 5
* Pipeline : 1
  Pipeline-0 : II = 1, D = 5, States = { 1 2 3 4 5 }
* Dataflow Pipeline: 0

* FSM state transitions: 
1 --> 2 
2 --> 3 
3 --> 4 
4 --> 5 
5 --> 

* FSM state operations: 

State 1 <SV = 0> <Delay = 0.42>
ST_1 : Operation 7 [1/1] (0.00ns)   --->   "%j = alloca i32 1" [mmult.cpp:187]   --->   Operation 7 'alloca' 'j' <Predicate = true> <Delay = 0.00>
ST_1 : Operation 8 [1/1] (0.00ns)   --->   "%i = alloca i32 1" [mmult.cpp:185]   --->   Operation 8 'alloca' 'i' <Predicate = true> <Delay = 0.00>
ST_1 : Operation 9 [1/1] (0.00ns)   --->   "%indvar_flatten26 = alloca i32 1"   --->   Operation 9 'alloca' 'indvar_flatten26' <Predicate = true> <Delay = 0.00>
ST_1 : Operation 10 [1/1] (0.00ns)   --->   "%sext_ln185_read = read i63 @_ssdm_op_Read.ap_auto.i63, i63 %sext_ln185"   --->   Operation 10 'read' 'sext_ln185_read' <Predicate = true> <Delay = 0.00>
ST_1 : Operation 11 [1/1] (0.00ns)   --->   "%mul_ln185_1_read = read i64 @_ssdm_op_Read.ap_auto.i64, i64 %mul_ln185_1"   --->   Operation 11 'read' 'mul_ln185_1_read' <Predicate = true> <Delay = 0.00>
ST_1 : Operation 12 [1/1] (0.00ns)   --->   "%b_col_read = read i32 @_ssdm_op_Read.ap_auto.i32, i32 %b_col"   --->   Operation 12 'read' 'b_col_read' <Predicate = true> <Delay = 0.00>
ST_1 : Operation 13 [1/1] (0.00ns)   --->   "%sext_ln185_cast = sext i63 %sext_ln185_read"   --->   Operation 13 'sext' 'sext_ln185_cast' <Predicate = true> <Delay = 0.00>
ST_1 : Operation 14 [1/1] (0.00ns)   --->   "%specinterface_ln0 = specinterface void @_ssdm_op_SpecInterface, i16 %gmem2, void @empty_3, i32 0, i32 0, void @empty_4, i32 0, i32 0, void @empty_16, void @empty_10, void @empty_4, i32 16, i32 16, i32 16, i32 16, void @empty_4, void @empty_4, i32 4294967295, i32 0"   --->   Operation 14 'specinterface' 'specinterface_ln0' <Predicate = true> <Delay = 0.00>
ST_1 : Operation 15 [1/1] (0.42ns)   --->   "%store_ln0 = store i64 0, i64 %indvar_flatten26"   --->   Operation 15 'store' 'store_ln0' <Predicate = true> <Delay = 0.42>
ST_1 : Operation 16 [1/1] (0.42ns)   --->   "%store_ln185 = store i31 0, i31 %i" [mmult.cpp:185]   --->   Operation 16 'store' 'store_ln185' <Predicate = true> <Delay = 0.42>
ST_1 : Operation 17 [1/1] (0.42ns)   --->   "%store_ln187 = store i31 0, i31 %j" [mmult.cpp:187]   --->   Operation 17 'store' 'store_ln187' <Predicate = true> <Delay = 0.42>
ST_1 : Operation 18 [1/1] (0.00ns)   --->   "%br_ln0 = br void %for.inc86"   --->   Operation 18 'br' 'br_ln0' <Predicate = true> <Delay = 0.00>

State 2 <SV = 1> <Delay = 2.86>
ST_2 : Operation 19 [1/1] (0.00ns)   --->   "%j_1 = load i31 %j" [mmult.cpp:187]   --->   Operation 19 'load' 'j_1' <Predicate = true> <Delay = 0.00>
ST_2 : Operation 20 [1/1] (0.00ns)   --->   "%indvar_flatten26_load = load i64 %indvar_flatten26" [mmult.cpp:185]   --->   Operation 20 'load' 'indvar_flatten26_load' <Predicate = true> <Delay = 0.00>
ST_2 : Operation 21 [1/1] (0.00ns)   --->   "%specbitsmap_ln0 = specbitsmap void @_ssdm_op_SpecBitsMap, i16 %gmem2"   --->   Operation 21 'specbitsmap' 'specbitsmap_ln0' <Predicate = true> <Delay = 0.00>
ST_2 : Operation 22 [1/1] (0.00ns)   --->   "%zext_ln187 = zext i31 %j_1" [mmult.cpp:187]   --->   Operation 22 'zext' 'zext_ln187' <Predicate = true> <Delay = 0.00>
ST_2 : Operation 23 [1/1] (1.01ns)   --->   "%icmp_ln187 = icmp_slt  i32 %zext_ln187, i32 %b_col_read" [mmult.cpp:187]   --->   Operation 23 'icmp' 'icmp_ln187' <Predicate = true> <Delay = 1.01> <CoreInst = "Cmp">   --->   Core 9 'Cmp' <Latency = 0> <II = 1> <Delay = 1.01> <FuncUnit> <Opcode : 'icmp'> <InPorts = 2> <OutPorts = 1>
ST_2 : Operation 24 [1/1] (1.08ns)   --->   "%icmp_ln185 = icmp_eq  i64 %indvar_flatten26_load, i64 %mul_ln185_1_read" [mmult.cpp:185]   --->   Operation 24 'icmp' 'icmp_ln185' <Predicate = true> <Delay = 1.08> <CoreInst = "Cmp">   --->   Core 9 'Cmp' <Latency = 0> <II = 1> <Delay = 1.08> <FuncUnit> <Opcode : 'icmp'> <InPorts = 2> <OutPorts = 1>
ST_2 : Operation 25 [1/1] (1.08ns)   --->   "%add_ln185_1 = add i64 %indvar_flatten26_load, i64 1" [mmult.cpp:185]   --->   Operation 25 'add' 'add_ln185_1' <Predicate = true> <Delay = 1.08> <CoreInst = "Adder">   --->   Core 1 'Adder' <Latency = 0> <II = 1> <Delay = 1.08> <FuncUnit> <Opcode : 'add' 'sub'> <InPorts = 2> <OutPorts = 1>
ST_2 : Operation 26 [1/1] (0.00ns)   --->   "%br_ln185 = br i1 %icmp_ln185, void %for.inc89.loopexit, void %for.end91.loopexit.exitStub" [mmult.cpp:185]   --->   Operation 26 'br' 'br_ln185' <Predicate = true> <Delay = 0.00>
ST_2 : Operation 27 [1/1] (0.00ns)   --->   "%i_load = load i31 %i" [mmult.cpp:185]   --->   Operation 27 'load' 'i_load' <Predicate = (!icmp_ln185)> <Delay = 0.00>
ST_2 : Operation 28 [1/1] (1.00ns)   --->   "%add_ln185 = add i31 %i_load, i31 1" [mmult.cpp:185]   --->   Operation 28 'add' 'add_ln185' <Predicate = (!icmp_ln185)> <Delay = 1.00> <CoreInst = "Adder">   --->   Core 1 'Adder' <Latency = 0> <II = 1> <Delay = 1.00> <FuncUnit> <Opcode : 'add' 'sub'> <InPorts = 2> <OutPorts = 1>
ST_2 : Operation 29 [1/1] (0.41ns)   --->   "%select_ln185 = select i1 %icmp_ln187, i31 %j_1, i31 0" [mmult.cpp:185]   --->   Operation 29 'select' 'select_ln185' <Predicate = (!icmp_ln185)> <Delay = 0.41> <CoreInst = "Sel">   --->   Core 73 'Sel' <Latency = 0> <II = 1> <Delay = 0.41> <FuncUnit> <Opcode : 'select'> <InPorts = 3> <OutPorts = 1>
ST_2 : Operation 30 [1/1] (0.41ns)   --->   "%select_ln185_1 = select i1 %icmp_ln187, i31 %i_load, i31 %add_ln185" [mmult.cpp:185]   --->   Operation 30 'select' 'select_ln185_1' <Predicate = (!icmp_ln185)> <Delay = 0.41> <CoreInst = "Sel">   --->   Core 73 'Sel' <Latency = 0> <II = 1> <Delay = 0.41> <FuncUnit> <Opcode : 'select'> <InPorts = 3> <OutPorts = 1>
ST_2 : Operation 31 [1/1] (0.00ns)   --->   "%trunc_ln185 = trunc i31 %select_ln185_1" [mmult.cpp:185]   --->   Operation 31 'trunc' 'trunc_ln185' <Predicate = (!icmp_ln185)> <Delay = 0.00>
ST_2 : Operation 32 [1/1] (0.00ns)   --->   "%lshr_ln3 = partselect i2 @_ssdm_op_PartSelect.i2.i31.i32.i32, i31 %select_ln185_1, i32 3, i32 4" [mmult.cpp:185]   --->   Operation 32 'partselect' 'lshr_ln3' <Predicate = (!icmp_ln185)> <Delay = 0.00>
ST_2 : Operation 33 [1/1] (0.00ns)   --->   "%tmp_s = bitconcatenate i4 @_ssdm_op_BitConcatenate.i4.i2.i2, i2 %lshr_ln3, i2 0" [mmult.cpp:190]   --->   Operation 33 'bitconcatenate' 'tmp_s' <Predicate = (!icmp_ln185)> <Delay = 0.00>
ST_2 : Operation 34 [1/1] (0.00ns)   --->   "%trunc_ln187 = trunc i31 %select_ln185" [mmult.cpp:187]   --->   Operation 34 'trunc' 'trunc_ln187' <Predicate = (!icmp_ln185)> <Delay = 0.00>
ST_2 : Operation 35 [1/1] (0.00ns)   --->   "%lshr_ln4 = partselect i4 @_ssdm_op_PartSelect.i4.i31.i32.i32, i31 %select_ln185, i32 3, i32 6" [mmult.cpp:187]   --->   Operation 35 'partselect' 'lshr_ln4' <Predicate = (!icmp_ln185)> <Delay = 0.00>
ST_2 : Operation 36 [1/1] (0.79ns)   --->   "%add_ln190 = add i4 %tmp_s, i4 %lshr_ln4" [mmult.cpp:190]   --->   Operation 36 'add' 'add_ln190' <Predicate = (!icmp_ln185)> <Delay = 0.79> <CoreInst = "Adder">   --->   Core 1 'Adder' <Latency = 0> <II = 1> <Delay = 0.79> <FuncUnit> <Opcode : 'add' 'sub'> <InPorts = 2> <OutPorts = 1>
ST_2 : Operation 37 [1/1] (1.00ns)   --->   "%add_ln187 = add i31 %select_ln185, i31 1" [mmult.cpp:187]   --->   Operation 37 'add' 'add_ln187' <Predicate = (!icmp_ln185)> <Delay = 1.00> <CoreInst = "Adder">   --->   Core 1 'Adder' <Latency = 0> <II = 1> <Delay = 1.00> <FuncUnit> <Opcode : 'add' 'sub'> <InPorts = 2> <OutPorts = 1>
ST_2 : Operation 38 [1/1] (0.42ns)   --->   "%store_ln185 = store i64 %add_ln185_1, i64 %indvar_flatten26" [mmult.cpp:185]   --->   Operation 38 'store' 'store_ln185' <Predicate = (!icmp_ln185)> <Delay = 0.42>
ST_2 : Operation 39 [1/1] (0.42ns)   --->   "%store_ln185 = store i31 %select_ln185_1, i31 %i" [mmult.cpp:185]   --->   Operation 39 'store' 'store_ln185' <Predicate = (!icmp_ln185)> <Delay = 0.42>
ST_2 : Operation 40 [1/1] (0.42ns)   --->   "%store_ln187 = store i31 %add_ln187, i31 %j" [mmult.cpp:187]   --->   Operation 40 'store' 'store_ln187' <Predicate = (!icmp_ln185)> <Delay = 0.42>

State 3 <SV = 2> <Delay = 0.67>
ST_3 : Operation 41 [1/1] (0.00ns)   --->   "%zext_ln190 = zext i4 %add_ln190" [mmult.cpp:190]   --->   Operation 41 'zext' 'zext_ln190' <Predicate = true> <Delay = 0.00>
ST_3 : Operation 42 [1/1] (0.00ns)   --->   "%localC_addr = getelementptr i16 %localC, i64 0, i64 %zext_ln190" [mmult.cpp:190]   --->   Operation 42 'getelementptr' 'localC_addr' <Predicate = (trunc_ln185 == 0 & trunc_ln187 == 0)> <Delay = 0.00>
ST_3 : Operation 43 [1/1] (0.00ns)   --->   "%localC_1_addr = getelementptr i16 %localC_1, i64 0, i64 %zext_ln190" [mmult.cpp:190]   --->   Operation 43 'getelementptr' 'localC_1_addr' <Predicate = (trunc_ln185 == 0 & trunc_ln187 == 1)> <Delay = 0.00>
ST_3 : Operation 44 [1/1] (0.00ns)   --->   "%localC_2_addr = getelementptr i16 %localC_2, i64 0, i64 %zext_ln190" [mmult.cpp:190]   --->   Operation 44 'getelementptr' 'localC_2_addr' <Predicate = (trunc_ln185 == 0 & trunc_ln187 == 2)> <Delay = 0.00>
ST_3 : Operation 45 [1/1] (0.00ns)   --->   "%localC_3_addr = getelementptr i16 %localC_3, i64 0, i64 %zext_ln190" [mmult.cpp:190]   --->   Operation 45 'getelementptr' 'localC_3_addr' <Predicate = (trunc_ln185 == 0 & trunc_ln187 == 3)> <Delay = 0.00>
ST_3 : Operation 46 [1/1] (0.00ns)   --->   "%localC_4_addr = getelementptr i16 %localC_4, i64 0, i64 %zext_ln190" [mmult.cpp:190]   --->   Operation 46 'getelementptr' 'localC_4_addr' <Predicate = (trunc_ln185 == 0 & trunc_ln187 == 4)> <Delay = 0.00>
ST_3 : Operation 47 [1/1] (0.00ns)   --->   "%localC_5_addr = getelementptr i16 %localC_5, i64 0, i64 %zext_ln190" [mmult.cpp:190]   --->   Operation 47 'getelementptr' 'localC_5_addr' <Predicate = (trunc_ln185 == 0 & trunc_ln187 == 5)> <Delay = 0.00>
ST_3 : Operation 48 [1/1] (0.00ns)   --->   "%localC_6_addr = getelementptr i16 %localC_6, i64 0, i64 %zext_ln190" [mmult.cpp:190]   --->   Operation 48 'getelementptr' 'localC_6_addr' <Predicate = (trunc_ln185 == 0 & trunc_ln187 == 6)> <Delay = 0.00>
ST_3 : Operation 49 [1/1] (0.00ns)   --->   "%localC_7_addr = getelementptr i16 %localC_7, i64 0, i64 %zext_ln190" [mmult.cpp:190]   --->   Operation 49 'getelementptr' 'localC_7_addr' <Predicate = (trunc_ln185 == 0 & trunc_ln187 == 7)> <Delay = 0.00>
ST_3 : Operation 50 [1/1] (0.00ns)   --->   "%localC_8_addr = getelementptr i16 %localC_8, i64 0, i64 %zext_ln190" [mmult.cpp:190]   --->   Operation 50 'getelementptr' 'localC_8_addr' <Predicate = (trunc_ln187 == 0 & trunc_ln185 == 1)> <Delay = 0.00>
ST_3 : Operation 51 [1/1] (0.00ns)   --->   "%localC_9_addr = getelementptr i16 %localC_9, i64 0, i64 %zext_ln190" [mmult.cpp:190]   --->   Operation 51 'getelementptr' 'localC_9_addr' <Predicate = (trunc_ln187 == 1 & trunc_ln185 == 1)> <Delay = 0.00>
ST_3 : Operation 52 [1/1] (0.00ns)   --->   "%localC_10_addr = getelementptr i16 %localC_10, i64 0, i64 %zext_ln190" [mmult.cpp:190]   --->   Operation 52 'getelementptr' 'localC_10_addr' <Predicate = (trunc_ln187 == 2 & trunc_ln185 == 1)> <Delay = 0.00>
ST_3 : Operation 53 [1/1] (0.00ns)   --->   "%localC_11_addr = getelementptr i16 %localC_11, i64 0, i64 %zext_ln190" [mmult.cpp:190]   --->   Operation 53 'getelementptr' 'localC_11_addr' <Predicate = (trunc_ln187 == 3 & trunc_ln185 == 1)> <Delay = 0.00>
ST_3 : Operation 54 [1/1] (0.00ns)   --->   "%localC_12_addr = getelementptr i16 %localC_12, i64 0, i64 %zext_ln190" [mmult.cpp:190]   --->   Operation 54 'getelementptr' 'localC_12_addr' <Predicate = (trunc_ln187 == 4 & trunc_ln185 == 1)> <Delay = 0.00>
ST_3 : Operation 55 [1/1] (0.00ns)   --->   "%localC_13_addr = getelementptr i16 %localC_13, i64 0, i64 %zext_ln190" [mmult.cpp:190]   --->   Operation 55 'getelementptr' 'localC_13_addr' <Predicate = (trunc_ln187 == 5 & trunc_ln185 == 1)> <Delay = 0.00>
ST_3 : Operation 56 [1/1] (0.00ns)   --->   "%localC_14_addr = getelementptr i16 %localC_14, i64 0, i64 %zext_ln190" [mmult.cpp:190]   --->   Operation 56 'getelementptr' 'localC_14_addr' <Predicate = (trunc_ln187 == 6 & trunc_ln185 == 1)> <Delay = 0.00>
ST_3 : Operation 57 [1/1] (0.00ns)   --->   "%localC_15_addr = getelementptr i16 %localC_15, i64 0, i64 %zext_ln190" [mmult.cpp:190]   --->   Operation 57 'getelementptr' 'localC_15_addr' <Predicate = (trunc_ln187 == 7 & trunc_ln185 == 1)> <Delay = 0.00>
ST_3 : Operation 58 [1/1] (0.00ns)   --->   "%localC_16_addr = getelementptr i16 %localC_16, i64 0, i64 %zext_ln190" [mmult.cpp:190]   --->   Operation 58 'getelementptr' 'localC_16_addr' <Predicate = (trunc_ln187 == 0 & trunc_ln185 == 2)> <Delay = 0.00>
ST_3 : Operation 59 [1/1] (0.00ns)   --->   "%localC_17_addr = getelementptr i16 %localC_17, i64 0, i64 %zext_ln190" [mmult.cpp:190]   --->   Operation 59 'getelementptr' 'localC_17_addr' <Predicate = (trunc_ln187 == 1 & trunc_ln185 == 2)> <Delay = 0.00>
ST_3 : Operation 60 [1/1] (0.00ns)   --->   "%localC_18_addr = getelementptr i16 %localC_18, i64 0, i64 %zext_ln190" [mmult.cpp:190]   --->   Operation 60 'getelementptr' 'localC_18_addr' <Predicate = (trunc_ln187 == 2 & trunc_ln185 == 2)> <Delay = 0.00>
ST_3 : Operation 61 [1/1] (0.00ns)   --->   "%localC_19_addr = getelementptr i16 %localC_19, i64 0, i64 %zext_ln190" [mmult.cpp:190]   --->   Operation 61 'getelementptr' 'localC_19_addr' <Predicate = (trunc_ln187 == 3 & trunc_ln185 == 2)> <Delay = 0.00>
ST_3 : Operation 62 [1/1] (0.00ns)   --->   "%localC_20_addr = getelementptr i16 %localC_20, i64 0, i64 %zext_ln190" [mmult.cpp:190]   --->   Operation 62 'getelementptr' 'localC_20_addr' <Predicate = (trunc_ln187 == 4 & trunc_ln185 == 2)> <Delay = 0.00>
ST_3 : Operation 63 [1/1] (0.00ns)   --->   "%localC_21_addr = getelementptr i16 %localC_21, i64 0, i64 %zext_ln190" [mmult.cpp:190]   --->   Operation 63 'getelementptr' 'localC_21_addr' <Predicate = (trunc_ln187 == 5 & trunc_ln185 == 2)> <Delay = 0.00>
ST_3 : Operation 64 [1/1] (0.00ns)   --->   "%localC_22_addr = getelementptr i16 %localC_22, i64 0, i64 %zext_ln190" [mmult.cpp:190]   --->   Operation 64 'getelementptr' 'localC_22_addr' <Predicate = (trunc_ln187 == 6 & trunc_ln185 == 2)> <Delay = 0.00>
ST_3 : Operation 65 [1/1] (0.00ns)   --->   "%localC_23_addr = getelementptr i16 %localC_23, i64 0, i64 %zext_ln190" [mmult.cpp:190]   --->   Operation 65 'getelementptr' 'localC_23_addr' <Predicate = (trunc_ln187 == 7 & trunc_ln185 == 2)> <Delay = 0.00>
ST_3 : Operation 66 [1/1] (0.00ns)   --->   "%localC_24_addr = getelementptr i16 %localC_24, i64 0, i64 %zext_ln190" [mmult.cpp:190]   --->   Operation 66 'getelementptr' 'localC_24_addr' <Predicate = (trunc_ln187 == 0 & trunc_ln185 == 3)> <Delay = 0.00>
ST_3 : Operation 67 [1/1] (0.00ns)   --->   "%localC_25_addr = getelementptr i16 %localC_25, i64 0, i64 %zext_ln190" [mmult.cpp:190]   --->   Operation 67 'getelementptr' 'localC_25_addr' <Predicate = (trunc_ln187 == 1 & trunc_ln185 == 3)> <Delay = 0.00>
ST_3 : Operation 68 [1/1] (0.00ns)   --->   "%localC_26_addr = getelementptr i16 %localC_26, i64 0, i64 %zext_ln190" [mmult.cpp:190]   --->   Operation 68 'getelementptr' 'localC_26_addr' <Predicate = (trunc_ln187 == 2 & trunc_ln185 == 3)> <Delay = 0.00>
ST_3 : Operation 69 [1/1] (0.00ns)   --->   "%localC_27_addr = getelementptr i16 %localC_27, i64 0, i64 %zext_ln190" [mmult.cpp:190]   --->   Operation 69 'getelementptr' 'localC_27_addr' <Predicate = (trunc_ln187 == 3 & trunc_ln185 == 3)> <Delay = 0.00>
ST_3 : Operation 70 [1/1] (0.00ns)   --->   "%localC_28_addr = getelementptr i16 %localC_28, i64 0, i64 %zext_ln190" [mmult.cpp:190]   --->   Operation 70 'getelementptr' 'localC_28_addr' <Predicate = (trunc_ln187 == 4 & trunc_ln185 == 3)> <Delay = 0.00>
ST_3 : Operation 71 [1/1] (0.00ns)   --->   "%localC_29_addr = getelementptr i16 %localC_29, i64 0, i64 %zext_ln190" [mmult.cpp:190]   --->   Operation 71 'getelementptr' 'localC_29_addr' <Predicate = (trunc_ln187 == 5 & trunc_ln185 == 3)> <Delay = 0.00>
ST_3 : Operation 72 [1/1] (0.00ns)   --->   "%localC_30_addr = getelementptr i16 %localC_30, i64 0, i64 %zext_ln190" [mmult.cpp:190]   --->   Operation 72 'getelementptr' 'localC_30_addr' <Predicate = (trunc_ln187 == 6 & trunc_ln185 == 3)> <Delay = 0.00>
ST_3 : Operation 73 [1/1] (0.00ns)   --->   "%localC_31_addr = getelementptr i16 %localC_31, i64 0, i64 %zext_ln190" [mmult.cpp:190]   --->   Operation 73 'getelementptr' 'localC_31_addr' <Predicate = (trunc_ln187 == 7 & trunc_ln185 == 3)> <Delay = 0.00>
ST_3 : Operation 74 [1/1] (0.00ns)   --->   "%localC_32_addr = getelementptr i16 %localC_32, i64 0, i64 %zext_ln190" [mmult.cpp:190]   --->   Operation 74 'getelementptr' 'localC_32_addr' <Predicate = (trunc_ln187 == 0 & trunc_ln185 == 4)> <Delay = 0.00>
ST_3 : Operation 75 [1/1] (0.00ns)   --->   "%localC_33_addr = getelementptr i16 %localC_33, i64 0, i64 %zext_ln190" [mmult.cpp:190]   --->   Operation 75 'getelementptr' 'localC_33_addr' <Predicate = (trunc_ln187 == 1 & trunc_ln185 == 4)> <Delay = 0.00>
ST_3 : Operation 76 [1/1] (0.00ns)   --->   "%localC_34_addr = getelementptr i16 %localC_34, i64 0, i64 %zext_ln190" [mmult.cpp:190]   --->   Operation 76 'getelementptr' 'localC_34_addr' <Predicate = (trunc_ln187 == 2 & trunc_ln185 == 4)> <Delay = 0.00>
ST_3 : Operation 77 [1/1] (0.00ns)   --->   "%localC_35_addr = getelementptr i16 %localC_35, i64 0, i64 %zext_ln190" [mmult.cpp:190]   --->   Operation 77 'getelementptr' 'localC_35_addr' <Predicate = (trunc_ln187 == 3 & trunc_ln185 == 4)> <Delay = 0.00>
ST_3 : Operation 78 [1/1] (0.00ns)   --->   "%localC_36_addr = getelementptr i16 %localC_36, i64 0, i64 %zext_ln190" [mmult.cpp:190]   --->   Operation 78 'getelementptr' 'localC_36_addr' <Predicate = (trunc_ln187 == 4 & trunc_ln185 == 4)> <Delay = 0.00>
ST_3 : Operation 79 [1/1] (0.00ns)   --->   "%localC_37_addr = getelementptr i16 %localC_37, i64 0, i64 %zext_ln190" [mmult.cpp:190]   --->   Operation 79 'getelementptr' 'localC_37_addr' <Predicate = (trunc_ln187 == 5 & trunc_ln185 == 4)> <Delay = 0.00>
ST_3 : Operation 80 [1/1] (0.00ns)   --->   "%localC_38_addr = getelementptr i16 %localC_38, i64 0, i64 %zext_ln190" [mmult.cpp:190]   --->   Operation 80 'getelementptr' 'localC_38_addr' <Predicate = (trunc_ln187 == 6 & trunc_ln185 == 4)> <Delay = 0.00>
ST_3 : Operation 81 [1/1] (0.00ns)   --->   "%localC_39_addr = getelementptr i16 %localC_39, i64 0, i64 %zext_ln190" [mmult.cpp:190]   --->   Operation 81 'getelementptr' 'localC_39_addr' <Predicate = (trunc_ln187 == 7 & trunc_ln185 == 4)> <Delay = 0.00>
ST_3 : Operation 82 [1/1] (0.00ns)   --->   "%localC_40_addr = getelementptr i16 %localC_40, i64 0, i64 %zext_ln190" [mmult.cpp:190]   --->   Operation 82 'getelementptr' 'localC_40_addr' <Predicate = (trunc_ln187 == 0 & trunc_ln185 == 5)> <Delay = 0.00>
ST_3 : Operation 83 [1/1] (0.00ns)   --->   "%localC_41_addr = getelementptr i16 %localC_41, i64 0, i64 %zext_ln190" [mmult.cpp:190]   --->   Operation 83 'getelementptr' 'localC_41_addr' <Predicate = (trunc_ln187 == 1 & trunc_ln185 == 5)> <Delay = 0.00>
ST_3 : Operation 84 [1/1] (0.00ns)   --->   "%localC_42_addr = getelementptr i16 %localC_42, i64 0, i64 %zext_ln190" [mmult.cpp:190]   --->   Operation 84 'getelementptr' 'localC_42_addr' <Predicate = (trunc_ln187 == 2 & trunc_ln185 == 5)> <Delay = 0.00>
ST_3 : Operation 85 [1/1] (0.00ns)   --->   "%localC_43_addr = getelementptr i16 %localC_43, i64 0, i64 %zext_ln190" [mmult.cpp:190]   --->   Operation 85 'getelementptr' 'localC_43_addr' <Predicate = (trunc_ln187 == 3 & trunc_ln185 == 5)> <Delay = 0.00>
ST_3 : Operation 86 [1/1] (0.00ns)   --->   "%localC_44_addr = getelementptr i16 %localC_44, i64 0, i64 %zext_ln190" [mmult.cpp:190]   --->   Operation 86 'getelementptr' 'localC_44_addr' <Predicate = (trunc_ln187 == 4 & trunc_ln185 == 5)> <Delay = 0.00>
ST_3 : Operation 87 [1/1] (0.00ns)   --->   "%localC_45_addr = getelementptr i16 %localC_45, i64 0, i64 %zext_ln190" [mmult.cpp:190]   --->   Operation 87 'getelementptr' 'localC_45_addr' <Predicate = (trunc_ln187 == 5 & trunc_ln185 == 5)> <Delay = 0.00>
ST_3 : Operation 88 [1/1] (0.00ns)   --->   "%localC_46_addr = getelementptr i16 %localC_46, i64 0, i64 %zext_ln190" [mmult.cpp:190]   --->   Operation 88 'getelementptr' 'localC_46_addr' <Predicate = (trunc_ln187 == 6 & trunc_ln185 == 5)> <Delay = 0.00>
ST_3 : Operation 89 [1/1] (0.00ns)   --->   "%localC_47_addr = getelementptr i16 %localC_47, i64 0, i64 %zext_ln190" [mmult.cpp:190]   --->   Operation 89 'getelementptr' 'localC_47_addr' <Predicate = (trunc_ln187 == 7 & trunc_ln185 == 5)> <Delay = 0.00>
ST_3 : Operation 90 [1/1] (0.00ns)   --->   "%localC_48_addr = getelementptr i16 %localC_48, i64 0, i64 %zext_ln190" [mmult.cpp:190]   --->   Operation 90 'getelementptr' 'localC_48_addr' <Predicate = (trunc_ln187 == 0 & trunc_ln185 == 6)> <Delay = 0.00>
ST_3 : Operation 91 [1/1] (0.00ns)   --->   "%localC_49_addr = getelementptr i16 %localC_49, i64 0, i64 %zext_ln190" [mmult.cpp:190]   --->   Operation 91 'getelementptr' 'localC_49_addr' <Predicate = (trunc_ln187 == 1 & trunc_ln185 == 6)> <Delay = 0.00>
ST_3 : Operation 92 [1/1] (0.00ns)   --->   "%localC_50_addr = getelementptr i16 %localC_50, i64 0, i64 %zext_ln190" [mmult.cpp:190]   --->   Operation 92 'getelementptr' 'localC_50_addr' <Predicate = (trunc_ln187 == 2 & trunc_ln185 == 6)> <Delay = 0.00>
ST_3 : Operation 93 [1/1] (0.00ns)   --->   "%localC_51_addr = getelementptr i16 %localC_51, i64 0, i64 %zext_ln190" [mmult.cpp:190]   --->   Operation 93 'getelementptr' 'localC_51_addr' <Predicate = (trunc_ln187 == 3 & trunc_ln185 == 6)> <Delay = 0.00>
ST_3 : Operation 94 [1/1] (0.00ns)   --->   "%localC_52_addr = getelementptr i16 %localC_52, i64 0, i64 %zext_ln190" [mmult.cpp:190]   --->   Operation 94 'getelementptr' 'localC_52_addr' <Predicate = (trunc_ln187 == 4 & trunc_ln185 == 6)> <Delay = 0.00>
ST_3 : Operation 95 [1/1] (0.00ns)   --->   "%localC_53_addr = getelementptr i16 %localC_53, i64 0, i64 %zext_ln190" [mmult.cpp:190]   --->   Operation 95 'getelementptr' 'localC_53_addr' <Predicate = (trunc_ln187 == 5 & trunc_ln185 == 6)> <Delay = 0.00>
ST_3 : Operation 96 [1/1] (0.00ns)   --->   "%localC_54_addr = getelementptr i16 %localC_54, i64 0, i64 %zext_ln190" [mmult.cpp:190]   --->   Operation 96 'getelementptr' 'localC_54_addr' <Predicate = (trunc_ln187 == 6 & trunc_ln185 == 6)> <Delay = 0.00>
ST_3 : Operation 97 [1/1] (0.00ns)   --->   "%localC_55_addr = getelementptr i16 %localC_55, i64 0, i64 %zext_ln190" [mmult.cpp:190]   --->   Operation 97 'getelementptr' 'localC_55_addr' <Predicate = (trunc_ln187 == 7 & trunc_ln185 == 6)> <Delay = 0.00>
ST_3 : Operation 98 [1/1] (0.00ns)   --->   "%localC_56_addr = getelementptr i16 %localC_56, i64 0, i64 %zext_ln190" [mmult.cpp:190]   --->   Operation 98 'getelementptr' 'localC_56_addr' <Predicate = (trunc_ln187 == 0 & trunc_ln185 == 7)> <Delay = 0.00>
ST_3 : Operation 99 [1/1] (0.00ns)   --->   "%localC_57_addr = getelementptr i16 %localC_57, i64 0, i64 %zext_ln190" [mmult.cpp:190]   --->   Operation 99 'getelementptr' 'localC_57_addr' <Predicate = (trunc_ln187 == 1 & trunc_ln185 == 7)> <Delay = 0.00>
ST_3 : Operation 100 [1/1] (0.00ns)   --->   "%localC_58_addr = getelementptr i16 %localC_58, i64 0, i64 %zext_ln190" [mmult.cpp:190]   --->   Operation 100 'getelementptr' 'localC_58_addr' <Predicate = (trunc_ln187 == 2 & trunc_ln185 == 7)> <Delay = 0.00>
ST_3 : Operation 101 [1/1] (0.00ns)   --->   "%localC_59_addr = getelementptr i16 %localC_59, i64 0, i64 %zext_ln190" [mmult.cpp:190]   --->   Operation 101 'getelementptr' 'localC_59_addr' <Predicate = (trunc_ln187 == 3 & trunc_ln185 == 7)> <Delay = 0.00>
ST_3 : Operation 102 [1/1] (0.00ns)   --->   "%localC_60_addr = getelementptr i16 %localC_60, i64 0, i64 %zext_ln190" [mmult.cpp:190]   --->   Operation 102 'getelementptr' 'localC_60_addr' <Predicate = (trunc_ln187 == 4 & trunc_ln185 == 7)> <Delay = 0.00>
ST_3 : Operation 103 [1/1] (0.00ns)   --->   "%localC_61_addr = getelementptr i16 %localC_61, i64 0, i64 %zext_ln190" [mmult.cpp:190]   --->   Operation 103 'getelementptr' 'localC_61_addr' <Predicate = (trunc_ln187 == 5 & trunc_ln185 == 7)> <Delay = 0.00>
ST_3 : Operation 104 [1/1] (0.00ns)   --->   "%localC_62_addr = getelementptr i16 %localC_62, i64 0, i64 %zext_ln190" [mmult.cpp:190]   --->   Operation 104 'getelementptr' 'localC_62_addr' <Predicate = (trunc_ln187 == 6 & trunc_ln185 == 7)> <Delay = 0.00>
ST_3 : Operation 105 [1/1] (0.00ns)   --->   "%localC_63_addr = getelementptr i16 %localC_63, i64 0, i64 %zext_ln190" [mmult.cpp:190]   --->   Operation 105 'getelementptr' 'localC_63_addr' <Predicate = (trunc_ln187 == 7 & trunc_ln185 == 7)> <Delay = 0.00>
ST_3 : Operation 106 [2/2] (0.67ns)   --->   "%localC_load = load i4 %localC_addr" [mmult.cpp:190]   --->   Operation 106 'load' 'localC_load' <Predicate = (trunc_ln185 == 0 & trunc_ln187 == 0)> <Delay = 0.67> <CoreInst = "RAM">   --->   Core 83 'RAM' <Latency = 1> <II = 1> <Delay = 0.67> <Storage> <Opcode : 'load' 'store'> <Ports = 2> <Width = 16> <Depth = 16> <RAM>
ST_3 : Operation 107 [2/2] (0.67ns)   --->   "%localC_1_load = load i4 %localC_1_addr" [mmult.cpp:190]   --->   Operation 107 'load' 'localC_1_load' <Predicate = (trunc_ln185 == 0 & trunc_ln187 == 1)> <Delay = 0.67> <CoreInst = "RAM">   --->   Core 83 'RAM' <Latency = 1> <II = 1> <Delay = 0.67> <Storage> <Opcode : 'load' 'store'> <Ports = 2> <Width = 16> <Depth = 16> <RAM>
ST_3 : Operation 108 [2/2] (0.67ns)   --->   "%localC_2_load = load i4 %localC_2_addr" [mmult.cpp:190]   --->   Operation 108 'load' 'localC_2_load' <Predicate = (trunc_ln185 == 0 & trunc_ln187 == 2)> <Delay = 0.67> <CoreInst = "RAM">   --->   Core 83 'RAM' <Latency = 1> <II = 1> <Delay = 0.67> <Storage> <Opcode : 'load' 'store'> <Ports = 2> <Width = 16> <Depth = 16> <RAM>
ST_3 : Operation 109 [2/2] (0.67ns)   --->   "%localC_3_load = load i4 %localC_3_addr" [mmult.cpp:190]   --->   Operation 109 'load' 'localC_3_load' <Predicate = (trunc_ln185 == 0 & trunc_ln187 == 3)> <Delay = 0.67> <CoreInst = "RAM">   --->   Core 83 'RAM' <Latency = 1> <II = 1> <Delay = 0.67> <Storage> <Opcode : 'load' 'store'> <Ports = 2> <Width = 16> <Depth = 16> <RAM>
ST_3 : Operation 110 [2/2] (0.67ns)   --->   "%localC_4_load = load i4 %localC_4_addr" [mmult.cpp:190]   --->   Operation 110 'load' 'localC_4_load' <Predicate = (trunc_ln185 == 0 & trunc_ln187 == 4)> <Delay = 0.67> <CoreInst = "RAM">   --->   Core 83 'RAM' <Latency = 1> <II = 1> <Delay = 0.67> <Storage> <Opcode : 'load' 'store'> <Ports = 2> <Width = 16> <Depth = 16> <RAM>
ST_3 : Operation 111 [2/2] (0.67ns)   --->   "%localC_5_load = load i4 %localC_5_addr" [mmult.cpp:190]   --->   Operation 111 'load' 'localC_5_load' <Predicate = (trunc_ln185 == 0 & trunc_ln187 == 5)> <Delay = 0.67> <CoreInst = "RAM">   --->   Core 83 'RAM' <Latency = 1> <II = 1> <Delay = 0.67> <Storage> <Opcode : 'load' 'store'> <Ports = 2> <Width = 16> <Depth = 16> <RAM>
ST_3 : Operation 112 [2/2] (0.67ns)   --->   "%localC_6_load = load i4 %localC_6_addr" [mmult.cpp:190]   --->   Operation 112 'load' 'localC_6_load' <Predicate = (trunc_ln185 == 0 & trunc_ln187 == 6)> <Delay = 0.67> <CoreInst = "RAM">   --->   Core 83 'RAM' <Latency = 1> <II = 1> <Delay = 0.67> <Storage> <Opcode : 'load' 'store'> <Ports = 2> <Width = 16> <Depth = 16> <RAM>
ST_3 : Operation 113 [2/2] (0.67ns)   --->   "%localC_7_load = load i4 %localC_7_addr" [mmult.cpp:190]   --->   Operation 113 'load' 'localC_7_load' <Predicate = (trunc_ln185 == 0 & trunc_ln187 == 7)> <Delay = 0.67> <CoreInst = "RAM">   --->   Core 83 'RAM' <Latency = 1> <II = 1> <Delay = 0.67> <Storage> <Opcode : 'load' 'store'> <Ports = 2> <Width = 16> <Depth = 16> <RAM>
ST_3 : Operation 114 [2/2] (0.67ns)   --->   "%localC_8_load = load i4 %localC_8_addr" [mmult.cpp:190]   --->   Operation 114 'load' 'localC_8_load' <Predicate = (trunc_ln187 == 0 & trunc_ln185 == 1)> <Delay = 0.67> <CoreInst = "RAM">   --->   Core 83 'RAM' <Latency = 1> <II = 1> <Delay = 0.67> <Storage> <Opcode : 'load' 'store'> <Ports = 2> <Width = 16> <Depth = 16> <RAM>
ST_3 : Operation 115 [2/2] (0.67ns)   --->   "%localC_9_load = load i4 %localC_9_addr" [mmult.cpp:190]   --->   Operation 115 'load' 'localC_9_load' <Predicate = (trunc_ln187 == 1 & trunc_ln185 == 1)> <Delay = 0.67> <CoreInst = "RAM">   --->   Core 83 'RAM' <Latency = 1> <II = 1> <Delay = 0.67> <Storage> <Opcode : 'load' 'store'> <Ports = 2> <Width = 16> <Depth = 16> <RAM>
ST_3 : Operation 116 [2/2] (0.67ns)   --->   "%localC_10_load = load i4 %localC_10_addr" [mmult.cpp:190]   --->   Operation 116 'load' 'localC_10_load' <Predicate = (trunc_ln187 == 2 & trunc_ln185 == 1)> <Delay = 0.67> <CoreInst = "RAM">   --->   Core 83 'RAM' <Latency = 1> <II = 1> <Delay = 0.67> <Storage> <Opcode : 'load' 'store'> <Ports = 2> <Width = 16> <Depth = 16> <RAM>
ST_3 : Operation 117 [2/2] (0.67ns)   --->   "%localC_11_load = load i4 %localC_11_addr" [mmult.cpp:190]   --->   Operation 117 'load' 'localC_11_load' <Predicate = (trunc_ln187 == 3 & trunc_ln185 == 1)> <Delay = 0.67> <CoreInst = "RAM">   --->   Core 83 'RAM' <Latency = 1> <II = 1> <Delay = 0.67> <Storage> <Opcode : 'load' 'store'> <Ports = 2> <Width = 16> <Depth = 16> <RAM>
ST_3 : Operation 118 [2/2] (0.67ns)   --->   "%localC_12_load = load i4 %localC_12_addr" [mmult.cpp:190]   --->   Operation 118 'load' 'localC_12_load' <Predicate = (trunc_ln187 == 4 & trunc_ln185 == 1)> <Delay = 0.67> <CoreInst = "RAM">   --->   Core 83 'RAM' <Latency = 1> <II = 1> <Delay = 0.67> <Storage> <Opcode : 'load' 'store'> <Ports = 2> <Width = 16> <Depth = 16> <RAM>
ST_3 : Operation 119 [2/2] (0.67ns)   --->   "%localC_13_load = load i4 %localC_13_addr" [mmult.cpp:190]   --->   Operation 119 'load' 'localC_13_load' <Predicate = (trunc_ln187 == 5 & trunc_ln185 == 1)> <Delay = 0.67> <CoreInst = "RAM">   --->   Core 83 'RAM' <Latency = 1> <II = 1> <Delay = 0.67> <Storage> <Opcode : 'load' 'store'> <Ports = 2> <Width = 16> <Depth = 16> <RAM>
ST_3 : Operation 120 [2/2] (0.67ns)   --->   "%localC_14_load = load i4 %localC_14_addr" [mmult.cpp:190]   --->   Operation 120 'load' 'localC_14_load' <Predicate = (trunc_ln187 == 6 & trunc_ln185 == 1)> <Delay = 0.67> <CoreInst = "RAM">   --->   Core 83 'RAM' <Latency = 1> <II = 1> <Delay = 0.67> <Storage> <Opcode : 'load' 'store'> <Ports = 2> <Width = 16> <Depth = 16> <RAM>
ST_3 : Operation 121 [2/2] (0.67ns)   --->   "%localC_15_load = load i4 %localC_15_addr" [mmult.cpp:190]   --->   Operation 121 'load' 'localC_15_load' <Predicate = (trunc_ln187 == 7 & trunc_ln185 == 1)> <Delay = 0.67> <CoreInst = "RAM">   --->   Core 83 'RAM' <Latency = 1> <II = 1> <Delay = 0.67> <Storage> <Opcode : 'load' 'store'> <Ports = 2> <Width = 16> <Depth = 16> <RAM>
ST_3 : Operation 122 [2/2] (0.67ns)   --->   "%localC_16_load = load i4 %localC_16_addr" [mmult.cpp:190]   --->   Operation 122 'load' 'localC_16_load' <Predicate = (trunc_ln187 == 0 & trunc_ln185 == 2)> <Delay = 0.67> <CoreInst = "RAM">   --->   Core 83 'RAM' <Latency = 1> <II = 1> <Delay = 0.67> <Storage> <Opcode : 'load' 'store'> <Ports = 2> <Width = 16> <Depth = 16> <RAM>
ST_3 : Operation 123 [2/2] (0.67ns)   --->   "%localC_17_load = load i4 %localC_17_addr" [mmult.cpp:190]   --->   Operation 123 'load' 'localC_17_load' <Predicate = (trunc_ln187 == 1 & trunc_ln185 == 2)> <Delay = 0.67> <CoreInst = "RAM">   --->   Core 83 'RAM' <Latency = 1> <II = 1> <Delay = 0.67> <Storage> <Opcode : 'load' 'store'> <Ports = 2> <Width = 16> <Depth = 16> <RAM>
ST_3 : Operation 124 [2/2] (0.67ns)   --->   "%localC_18_load = load i4 %localC_18_addr" [mmult.cpp:190]   --->   Operation 124 'load' 'localC_18_load' <Predicate = (trunc_ln187 == 2 & trunc_ln185 == 2)> <Delay = 0.67> <CoreInst = "RAM">   --->   Core 83 'RAM' <Latency = 1> <II = 1> <Delay = 0.67> <Storage> <Opcode : 'load' 'store'> <Ports = 2> <Width = 16> <Depth = 16> <RAM>
ST_3 : Operation 125 [2/2] (0.67ns)   --->   "%localC_19_load = load i4 %localC_19_addr" [mmult.cpp:190]   --->   Operation 125 'load' 'localC_19_load' <Predicate = (trunc_ln187 == 3 & trunc_ln185 == 2)> <Delay = 0.67> <CoreInst = "RAM">   --->   Core 83 'RAM' <Latency = 1> <II = 1> <Delay = 0.67> <Storage> <Opcode : 'load' 'store'> <Ports = 2> <Width = 16> <Depth = 16> <RAM>
ST_3 : Operation 126 [2/2] (0.67ns)   --->   "%localC_20_load = load i4 %localC_20_addr" [mmult.cpp:190]   --->   Operation 126 'load' 'localC_20_load' <Predicate = (trunc_ln187 == 4 & trunc_ln185 == 2)> <Delay = 0.67> <CoreInst = "RAM">   --->   Core 83 'RAM' <Latency = 1> <II = 1> <Delay = 0.67> <Storage> <Opcode : 'load' 'store'> <Ports = 2> <Width = 16> <Depth = 16> <RAM>
ST_3 : Operation 127 [2/2] (0.67ns)   --->   "%localC_21_load = load i4 %localC_21_addr" [mmult.cpp:190]   --->   Operation 127 'load' 'localC_21_load' <Predicate = (trunc_ln187 == 5 & trunc_ln185 == 2)> <Delay = 0.67> <CoreInst = "RAM">   --->   Core 83 'RAM' <Latency = 1> <II = 1> <Delay = 0.67> <Storage> <Opcode : 'load' 'store'> <Ports = 2> <Width = 16> <Depth = 16> <RAM>
ST_3 : Operation 128 [2/2] (0.67ns)   --->   "%localC_22_load = load i4 %localC_22_addr" [mmult.cpp:190]   --->   Operation 128 'load' 'localC_22_load' <Predicate = (trunc_ln187 == 6 & trunc_ln185 == 2)> <Delay = 0.67> <CoreInst = "RAM">   --->   Core 83 'RAM' <Latency = 1> <II = 1> <Delay = 0.67> <Storage> <Opcode : 'load' 'store'> <Ports = 2> <Width = 16> <Depth = 16> <RAM>
ST_3 : Operation 129 [2/2] (0.67ns)   --->   "%localC_23_load = load i4 %localC_23_addr" [mmult.cpp:190]   --->   Operation 129 'load' 'localC_23_load' <Predicate = (trunc_ln187 == 7 & trunc_ln185 == 2)> <Delay = 0.67> <CoreInst = "RAM">   --->   Core 83 'RAM' <Latency = 1> <II = 1> <Delay = 0.67> <Storage> <Opcode : 'load' 'store'> <Ports = 2> <Width = 16> <Depth = 16> <RAM>
ST_3 : Operation 130 [2/2] (0.67ns)   --->   "%localC_24_load = load i4 %localC_24_addr" [mmult.cpp:190]   --->   Operation 130 'load' 'localC_24_load' <Predicate = (trunc_ln187 == 0 & trunc_ln185 == 3)> <Delay = 0.67> <CoreInst = "RAM">   --->   Core 83 'RAM' <Latency = 1> <II = 1> <Delay = 0.67> <Storage> <Opcode : 'load' 'store'> <Ports = 2> <Width = 16> <Depth = 16> <RAM>
ST_3 : Operation 131 [2/2] (0.67ns)   --->   "%localC_25_load = load i4 %localC_25_addr" [mmult.cpp:190]   --->   Operation 131 'load' 'localC_25_load' <Predicate = (trunc_ln187 == 1 & trunc_ln185 == 3)> <Delay = 0.67> <CoreInst = "RAM">   --->   Core 83 'RAM' <Latency = 1> <II = 1> <Delay = 0.67> <Storage> <Opcode : 'load' 'store'> <Ports = 2> <Width = 16> <Depth = 16> <RAM>
ST_3 : Operation 132 [2/2] (0.67ns)   --->   "%localC_26_load = load i4 %localC_26_addr" [mmult.cpp:190]   --->   Operation 132 'load' 'localC_26_load' <Predicate = (trunc_ln187 == 2 & trunc_ln185 == 3)> <Delay = 0.67> <CoreInst = "RAM">   --->   Core 83 'RAM' <Latency = 1> <II = 1> <Delay = 0.67> <Storage> <Opcode : 'load' 'store'> <Ports = 2> <Width = 16> <Depth = 16> <RAM>
ST_3 : Operation 133 [2/2] (0.67ns)   --->   "%localC_27_load = load i4 %localC_27_addr" [mmult.cpp:190]   --->   Operation 133 'load' 'localC_27_load' <Predicate = (trunc_ln187 == 3 & trunc_ln185 == 3)> <Delay = 0.67> <CoreInst = "RAM">   --->   Core 83 'RAM' <Latency = 1> <II = 1> <Delay = 0.67> <Storage> <Opcode : 'load' 'store'> <Ports = 2> <Width = 16> <Depth = 16> <RAM>
ST_3 : Operation 134 [2/2] (0.67ns)   --->   "%localC_28_load = load i4 %localC_28_addr" [mmult.cpp:190]   --->   Operation 134 'load' 'localC_28_load' <Predicate = (trunc_ln187 == 4 & trunc_ln185 == 3)> <Delay = 0.67> <CoreInst = "RAM">   --->   Core 83 'RAM' <Latency = 1> <II = 1> <Delay = 0.67> <Storage> <Opcode : 'load' 'store'> <Ports = 2> <Width = 16> <Depth = 16> <RAM>
ST_3 : Operation 135 [2/2] (0.67ns)   --->   "%localC_29_load = load i4 %localC_29_addr" [mmult.cpp:190]   --->   Operation 135 'load' 'localC_29_load' <Predicate = (trunc_ln187 == 5 & trunc_ln185 == 3)> <Delay = 0.67> <CoreInst = "RAM">   --->   Core 83 'RAM' <Latency = 1> <II = 1> <Delay = 0.67> <Storage> <Opcode : 'load' 'store'> <Ports = 2> <Width = 16> <Depth = 16> <RAM>
ST_3 : Operation 136 [2/2] (0.67ns)   --->   "%localC_30_load = load i4 %localC_30_addr" [mmult.cpp:190]   --->   Operation 136 'load' 'localC_30_load' <Predicate = (trunc_ln187 == 6 & trunc_ln185 == 3)> <Delay = 0.67> <CoreInst = "RAM">   --->   Core 83 'RAM' <Latency = 1> <II = 1> <Delay = 0.67> <Storage> <Opcode : 'load' 'store'> <Ports = 2> <Width = 16> <Depth = 16> <RAM>
ST_3 : Operation 137 [2/2] (0.67ns)   --->   "%localC_31_load = load i4 %localC_31_addr" [mmult.cpp:190]   --->   Operation 137 'load' 'localC_31_load' <Predicate = (trunc_ln187 == 7 & trunc_ln185 == 3)> <Delay = 0.67> <CoreInst = "RAM">   --->   Core 83 'RAM' <Latency = 1> <II = 1> <Delay = 0.67> <Storage> <Opcode : 'load' 'store'> <Ports = 2> <Width = 16> <Depth = 16> <RAM>
ST_3 : Operation 138 [2/2] (0.67ns)   --->   "%localC_32_load = load i4 %localC_32_addr" [mmult.cpp:190]   --->   Operation 138 'load' 'localC_32_load' <Predicate = (trunc_ln187 == 0 & trunc_ln185 == 4)> <Delay = 0.67> <CoreInst = "RAM">   --->   Core 83 'RAM' <Latency = 1> <II = 1> <Delay = 0.67> <Storage> <Opcode : 'load' 'store'> <Ports = 2> <Width = 16> <Depth = 16> <RAM>
ST_3 : Operation 139 [2/2] (0.67ns)   --->   "%localC_33_load = load i4 %localC_33_addr" [mmult.cpp:190]   --->   Operation 139 'load' 'localC_33_load' <Predicate = (trunc_ln187 == 1 & trunc_ln185 == 4)> <Delay = 0.67> <CoreInst = "RAM">   --->   Core 83 'RAM' <Latency = 1> <II = 1> <Delay = 0.67> <Storage> <Opcode : 'load' 'store'> <Ports = 2> <Width = 16> <Depth = 16> <RAM>
ST_3 : Operation 140 [2/2] (0.67ns)   --->   "%localC_34_load = load i4 %localC_34_addr" [mmult.cpp:190]   --->   Operation 140 'load' 'localC_34_load' <Predicate = (trunc_ln187 == 2 & trunc_ln185 == 4)> <Delay = 0.67> <CoreInst = "RAM">   --->   Core 83 'RAM' <Latency = 1> <II = 1> <Delay = 0.67> <Storage> <Opcode : 'load' 'store'> <Ports = 2> <Width = 16> <Depth = 16> <RAM>
ST_3 : Operation 141 [2/2] (0.67ns)   --->   "%localC_35_load = load i4 %localC_35_addr" [mmult.cpp:190]   --->   Operation 141 'load' 'localC_35_load' <Predicate = (trunc_ln187 == 3 & trunc_ln185 == 4)> <Delay = 0.67> <CoreInst = "RAM">   --->   Core 83 'RAM' <Latency = 1> <II = 1> <Delay = 0.67> <Storage> <Opcode : 'load' 'store'> <Ports = 2> <Width = 16> <Depth = 16> <RAM>
ST_3 : Operation 142 [2/2] (0.67ns)   --->   "%localC_36_load = load i4 %localC_36_addr" [mmult.cpp:190]   --->   Operation 142 'load' 'localC_36_load' <Predicate = (trunc_ln187 == 4 & trunc_ln185 == 4)> <Delay = 0.67> <CoreInst = "RAM">   --->   Core 83 'RAM' <Latency = 1> <II = 1> <Delay = 0.67> <Storage> <Opcode : 'load' 'store'> <Ports = 2> <Width = 16> <Depth = 16> <RAM>
ST_3 : Operation 143 [2/2] (0.67ns)   --->   "%localC_37_load = load i4 %localC_37_addr" [mmult.cpp:190]   --->   Operation 143 'load' 'localC_37_load' <Predicate = (trunc_ln187 == 5 & trunc_ln185 == 4)> <Delay = 0.67> <CoreInst = "RAM">   --->   Core 83 'RAM' <Latency = 1> <II = 1> <Delay = 0.67> <Storage> <Opcode : 'load' 'store'> <Ports = 2> <Width = 16> <Depth = 16> <RAM>
ST_3 : Operation 144 [2/2] (0.67ns)   --->   "%localC_38_load = load i4 %localC_38_addr" [mmult.cpp:190]   --->   Operation 144 'load' 'localC_38_load' <Predicate = (trunc_ln187 == 6 & trunc_ln185 == 4)> <Delay = 0.67> <CoreInst = "RAM">   --->   Core 83 'RAM' <Latency = 1> <II = 1> <Delay = 0.67> <Storage> <Opcode : 'load' 'store'> <Ports = 2> <Width = 16> <Depth = 16> <RAM>
ST_3 : Operation 145 [2/2] (0.67ns)   --->   "%localC_39_load = load i4 %localC_39_addr" [mmult.cpp:190]   --->   Operation 145 'load' 'localC_39_load' <Predicate = (trunc_ln187 == 7 & trunc_ln185 == 4)> <Delay = 0.67> <CoreInst = "RAM">   --->   Core 83 'RAM' <Latency = 1> <II = 1> <Delay = 0.67> <Storage> <Opcode : 'load' 'store'> <Ports = 2> <Width = 16> <Depth = 16> <RAM>
ST_3 : Operation 146 [2/2] (0.67ns)   --->   "%localC_40_load = load i4 %localC_40_addr" [mmult.cpp:190]   --->   Operation 146 'load' 'localC_40_load' <Predicate = (trunc_ln187 == 0 & trunc_ln185 == 5)> <Delay = 0.67> <CoreInst = "RAM">   --->   Core 83 'RAM' <Latency = 1> <II = 1> <Delay = 0.67> <Storage> <Opcode : 'load' 'store'> <Ports = 2> <Width = 16> <Depth = 16> <RAM>
ST_3 : Operation 147 [2/2] (0.67ns)   --->   "%localC_41_load = load i4 %localC_41_addr" [mmult.cpp:190]   --->   Operation 147 'load' 'localC_41_load' <Predicate = (trunc_ln187 == 1 & trunc_ln185 == 5)> <Delay = 0.67> <CoreInst = "RAM">   --->   Core 83 'RAM' <Latency = 1> <II = 1> <Delay = 0.67> <Storage> <Opcode : 'load' 'store'> <Ports = 2> <Width = 16> <Depth = 16> <RAM>
ST_3 : Operation 148 [2/2] (0.67ns)   --->   "%localC_42_load = load i4 %localC_42_addr" [mmult.cpp:190]   --->   Operation 148 'load' 'localC_42_load' <Predicate = (trunc_ln187 == 2 & trunc_ln185 == 5)> <Delay = 0.67> <CoreInst = "RAM">   --->   Core 83 'RAM' <Latency = 1> <II = 1> <Delay = 0.67> <Storage> <Opcode : 'load' 'store'> <Ports = 2> <Width = 16> <Depth = 16> <RAM>
ST_3 : Operation 149 [2/2] (0.67ns)   --->   "%localC_43_load = load i4 %localC_43_addr" [mmult.cpp:190]   --->   Operation 149 'load' 'localC_43_load' <Predicate = (trunc_ln187 == 3 & trunc_ln185 == 5)> <Delay = 0.67> <CoreInst = "RAM">   --->   Core 83 'RAM' <Latency = 1> <II = 1> <Delay = 0.67> <Storage> <Opcode : 'load' 'store'> <Ports = 2> <Width = 16> <Depth = 16> <RAM>
ST_3 : Operation 150 [2/2] (0.67ns)   --->   "%localC_44_load = load i4 %localC_44_addr" [mmult.cpp:190]   --->   Operation 150 'load' 'localC_44_load' <Predicate = (trunc_ln187 == 4 & trunc_ln185 == 5)> <Delay = 0.67> <CoreInst = "RAM">   --->   Core 83 'RAM' <Latency = 1> <II = 1> <Delay = 0.67> <Storage> <Opcode : 'load' 'store'> <Ports = 2> <Width = 16> <Depth = 16> <RAM>
ST_3 : Operation 151 [2/2] (0.67ns)   --->   "%localC_45_load = load i4 %localC_45_addr" [mmult.cpp:190]   --->   Operation 151 'load' 'localC_45_load' <Predicate = (trunc_ln187 == 5 & trunc_ln185 == 5)> <Delay = 0.67> <CoreInst = "RAM">   --->   Core 83 'RAM' <Latency = 1> <II = 1> <Delay = 0.67> <Storage> <Opcode : 'load' 'store'> <Ports = 2> <Width = 16> <Depth = 16> <RAM>
ST_3 : Operation 152 [2/2] (0.67ns)   --->   "%localC_46_load = load i4 %localC_46_addr" [mmult.cpp:190]   --->   Operation 152 'load' 'localC_46_load' <Predicate = (trunc_ln187 == 6 & trunc_ln185 == 5)> <Delay = 0.67> <CoreInst = "RAM">   --->   Core 83 'RAM' <Latency = 1> <II = 1> <Delay = 0.67> <Storage> <Opcode : 'load' 'store'> <Ports = 2> <Width = 16> <Depth = 16> <RAM>
ST_3 : Operation 153 [2/2] (0.67ns)   --->   "%localC_47_load = load i4 %localC_47_addr" [mmult.cpp:190]   --->   Operation 153 'load' 'localC_47_load' <Predicate = (trunc_ln187 == 7 & trunc_ln185 == 5)> <Delay = 0.67> <CoreInst = "RAM">   --->   Core 83 'RAM' <Latency = 1> <II = 1> <Delay = 0.67> <Storage> <Opcode : 'load' 'store'> <Ports = 2> <Width = 16> <Depth = 16> <RAM>
ST_3 : Operation 154 [2/2] (0.67ns)   --->   "%localC_48_load = load i4 %localC_48_addr" [mmult.cpp:190]   --->   Operation 154 'load' 'localC_48_load' <Predicate = (trunc_ln187 == 0 & trunc_ln185 == 6)> <Delay = 0.67> <CoreInst = "RAM">   --->   Core 83 'RAM' <Latency = 1> <II = 1> <Delay = 0.67> <Storage> <Opcode : 'load' 'store'> <Ports = 2> <Width = 16> <Depth = 16> <RAM>
ST_3 : Operation 155 [2/2] (0.67ns)   --->   "%localC_49_load = load i4 %localC_49_addr" [mmult.cpp:190]   --->   Operation 155 'load' 'localC_49_load' <Predicate = (trunc_ln187 == 1 & trunc_ln185 == 6)> <Delay = 0.67> <CoreInst = "RAM">   --->   Core 83 'RAM' <Latency = 1> <II = 1> <Delay = 0.67> <Storage> <Opcode : 'load' 'store'> <Ports = 2> <Width = 16> <Depth = 16> <RAM>
ST_3 : Operation 156 [2/2] (0.67ns)   --->   "%localC_50_load = load i4 %localC_50_addr" [mmult.cpp:190]   --->   Operation 156 'load' 'localC_50_load' <Predicate = (trunc_ln187 == 2 & trunc_ln185 == 6)> <Delay = 0.67> <CoreInst = "RAM">   --->   Core 83 'RAM' <Latency = 1> <II = 1> <Delay = 0.67> <Storage> <Opcode : 'load' 'store'> <Ports = 2> <Width = 16> <Depth = 16> <RAM>
ST_3 : Operation 157 [2/2] (0.67ns)   --->   "%localC_51_load = load i4 %localC_51_addr" [mmult.cpp:190]   --->   Operation 157 'load' 'localC_51_load' <Predicate = (trunc_ln187 == 3 & trunc_ln185 == 6)> <Delay = 0.67> <CoreInst = "RAM">   --->   Core 83 'RAM' <Latency = 1> <II = 1> <Delay = 0.67> <Storage> <Opcode : 'load' 'store'> <Ports = 2> <Width = 16> <Depth = 16> <RAM>
ST_3 : Operation 158 [2/2] (0.67ns)   --->   "%localC_52_load = load i4 %localC_52_addr" [mmult.cpp:190]   --->   Operation 158 'load' 'localC_52_load' <Predicate = (trunc_ln187 == 4 & trunc_ln185 == 6)> <Delay = 0.67> <CoreInst = "RAM">   --->   Core 83 'RAM' <Latency = 1> <II = 1> <Delay = 0.67> <Storage> <Opcode : 'load' 'store'> <Ports = 2> <Width = 16> <Depth = 16> <RAM>
ST_3 : Operation 159 [2/2] (0.67ns)   --->   "%localC_53_load = load i4 %localC_53_addr" [mmult.cpp:190]   --->   Operation 159 'load' 'localC_53_load' <Predicate = (trunc_ln187 == 5 & trunc_ln185 == 6)> <Delay = 0.67> <CoreInst = "RAM">   --->   Core 83 'RAM' <Latency = 1> <II = 1> <Delay = 0.67> <Storage> <Opcode : 'load' 'store'> <Ports = 2> <Width = 16> <Depth = 16> <RAM>
ST_3 : Operation 160 [2/2] (0.67ns)   --->   "%localC_54_load = load i4 %localC_54_addr" [mmult.cpp:190]   --->   Operation 160 'load' 'localC_54_load' <Predicate = (trunc_ln187 == 6 & trunc_ln185 == 6)> <Delay = 0.67> <CoreInst = "RAM">   --->   Core 83 'RAM' <Latency = 1> <II = 1> <Delay = 0.67> <Storage> <Opcode : 'load' 'store'> <Ports = 2> <Width = 16> <Depth = 16> <RAM>
ST_3 : Operation 161 [2/2] (0.67ns)   --->   "%localC_55_load = load i4 %localC_55_addr" [mmult.cpp:190]   --->   Operation 161 'load' 'localC_55_load' <Predicate = (trunc_ln187 == 7 & trunc_ln185 == 6)> <Delay = 0.67> <CoreInst = "RAM">   --->   Core 83 'RAM' <Latency = 1> <II = 1> <Delay = 0.67> <Storage> <Opcode : 'load' 'store'> <Ports = 2> <Width = 16> <Depth = 16> <RAM>
ST_3 : Operation 162 [2/2] (0.67ns)   --->   "%localC_56_load = load i4 %localC_56_addr" [mmult.cpp:190]   --->   Operation 162 'load' 'localC_56_load' <Predicate = (trunc_ln187 == 0 & trunc_ln185 == 7)> <Delay = 0.67> <CoreInst = "RAM">   --->   Core 83 'RAM' <Latency = 1> <II = 1> <Delay = 0.67> <Storage> <Opcode : 'load' 'store'> <Ports = 2> <Width = 16> <Depth = 16> <RAM>
ST_3 : Operation 163 [2/2] (0.67ns)   --->   "%localC_57_load = load i4 %localC_57_addr" [mmult.cpp:190]   --->   Operation 163 'load' 'localC_57_load' <Predicate = (trunc_ln187 == 1 & trunc_ln185 == 7)> <Delay = 0.67> <CoreInst = "RAM">   --->   Core 83 'RAM' <Latency = 1> <II = 1> <Delay = 0.67> <Storage> <Opcode : 'load' 'store'> <Ports = 2> <Width = 16> <Depth = 16> <RAM>
ST_3 : Operation 164 [2/2] (0.67ns)   --->   "%localC_58_load = load i4 %localC_58_addr" [mmult.cpp:190]   --->   Operation 164 'load' 'localC_58_load' <Predicate = (trunc_ln187 == 2 & trunc_ln185 == 7)> <Delay = 0.67> <CoreInst = "RAM">   --->   Core 83 'RAM' <Latency = 1> <II = 1> <Delay = 0.67> <Storage> <Opcode : 'load' 'store'> <Ports = 2> <Width = 16> <Depth = 16> <RAM>
ST_3 : Operation 165 [2/2] (0.67ns)   --->   "%localC_59_load = load i4 %localC_59_addr" [mmult.cpp:190]   --->   Operation 165 'load' 'localC_59_load' <Predicate = (trunc_ln187 == 3 & trunc_ln185 == 7)> <Delay = 0.67> <CoreInst = "RAM">   --->   Core 83 'RAM' <Latency = 1> <II = 1> <Delay = 0.67> <Storage> <Opcode : 'load' 'store'> <Ports = 2> <Width = 16> <Depth = 16> <RAM>
ST_3 : Operation 166 [2/2] (0.67ns)   --->   "%localC_60_load = load i4 %localC_60_addr" [mmult.cpp:190]   --->   Operation 166 'load' 'localC_60_load' <Predicate = (trunc_ln187 == 4 & trunc_ln185 == 7)> <Delay = 0.67> <CoreInst = "RAM">   --->   Core 83 'RAM' <Latency = 1> <II = 1> <Delay = 0.67> <Storage> <Opcode : 'load' 'store'> <Ports = 2> <Width = 16> <Depth = 16> <RAM>
ST_3 : Operation 167 [2/2] (0.67ns)   --->   "%localC_61_load = load i4 %localC_61_addr" [mmult.cpp:190]   --->   Operation 167 'load' 'localC_61_load' <Predicate = (trunc_ln187 == 5 & trunc_ln185 == 7)> <Delay = 0.67> <CoreInst = "RAM">   --->   Core 83 'RAM' <Latency = 1> <II = 1> <Delay = 0.67> <Storage> <Opcode : 'load' 'store'> <Ports = 2> <Width = 16> <Depth = 16> <RAM>
ST_3 : Operation 168 [2/2] (0.67ns)   --->   "%localC_62_load = load i4 %localC_62_addr" [mmult.cpp:190]   --->   Operation 168 'load' 'localC_62_load' <Predicate = (trunc_ln187 == 6 & trunc_ln185 == 7)> <Delay = 0.67> <CoreInst = "RAM">   --->   Core 83 'RAM' <Latency = 1> <II = 1> <Delay = 0.67> <Storage> <Opcode : 'load' 'store'> <Ports = 2> <Width = 16> <Depth = 16> <RAM>
ST_3 : Operation 169 [2/2] (0.67ns)   --->   "%localC_63_load = load i4 %localC_63_addr" [mmult.cpp:190]   --->   Operation 169 'load' 'localC_63_load' <Predicate = (trunc_ln187 == 7 & trunc_ln185 == 7)> <Delay = 0.67> <CoreInst = "RAM">   --->   Core 83 'RAM' <Latency = 1> <II = 1> <Delay = 0.67> <Storage> <Opcode : 'load' 'store'> <Ports = 2> <Width = 16> <Depth = 16> <RAM>

State 4 <SV = 3> <Delay = 2.11>
ST_4 : Operation 170 [1/2] (0.67ns)   --->   "%localC_load = load i4 %localC_addr" [mmult.cpp:190]   --->   Operation 170 'load' 'localC_load' <Predicate = (trunc_ln185 == 0 & trunc_ln187 == 0)> <Delay = 0.67> <CoreInst = "RAM">   --->   Core 83 'RAM' <Latency = 1> <II = 1> <Delay = 0.67> <Storage> <Opcode : 'load' 'store'> <Ports = 2> <Width = 16> <Depth = 16> <RAM>
ST_4 : Operation 171 [1/2] (0.67ns)   --->   "%localC_1_load = load i4 %localC_1_addr" [mmult.cpp:190]   --->   Operation 171 'load' 'localC_1_load' <Predicate = (trunc_ln185 == 0 & trunc_ln187 == 1)> <Delay = 0.67> <CoreInst = "RAM">   --->   Core 83 'RAM' <Latency = 1> <II = 1> <Delay = 0.67> <Storage> <Opcode : 'load' 'store'> <Ports = 2> <Width = 16> <Depth = 16> <RAM>
ST_4 : Operation 172 [1/2] (0.67ns)   --->   "%localC_2_load = load i4 %localC_2_addr" [mmult.cpp:190]   --->   Operation 172 'load' 'localC_2_load' <Predicate = (trunc_ln185 == 0 & trunc_ln187 == 2)> <Delay = 0.67> <CoreInst = "RAM">   --->   Core 83 'RAM' <Latency = 1> <II = 1> <Delay = 0.67> <Storage> <Opcode : 'load' 'store'> <Ports = 2> <Width = 16> <Depth = 16> <RAM>
ST_4 : Operation 173 [1/2] (0.67ns)   --->   "%localC_3_load = load i4 %localC_3_addr" [mmult.cpp:190]   --->   Operation 173 'load' 'localC_3_load' <Predicate = (trunc_ln185 == 0 & trunc_ln187 == 3)> <Delay = 0.67> <CoreInst = "RAM">   --->   Core 83 'RAM' <Latency = 1> <II = 1> <Delay = 0.67> <Storage> <Opcode : 'load' 'store'> <Ports = 2> <Width = 16> <Depth = 16> <RAM>
ST_4 : Operation 174 [1/2] (0.67ns)   --->   "%localC_4_load = load i4 %localC_4_addr" [mmult.cpp:190]   --->   Operation 174 'load' 'localC_4_load' <Predicate = (trunc_ln185 == 0 & trunc_ln187 == 4)> <Delay = 0.67> <CoreInst = "RAM">   --->   Core 83 'RAM' <Latency = 1> <II = 1> <Delay = 0.67> <Storage> <Opcode : 'load' 'store'> <Ports = 2> <Width = 16> <Depth = 16> <RAM>
ST_4 : Operation 175 [1/2] (0.67ns)   --->   "%localC_5_load = load i4 %localC_5_addr" [mmult.cpp:190]   --->   Operation 175 'load' 'localC_5_load' <Predicate = (trunc_ln185 == 0 & trunc_ln187 == 5)> <Delay = 0.67> <CoreInst = "RAM">   --->   Core 83 'RAM' <Latency = 1> <II = 1> <Delay = 0.67> <Storage> <Opcode : 'load' 'store'> <Ports = 2> <Width = 16> <Depth = 16> <RAM>
ST_4 : Operation 176 [1/2] (0.67ns)   --->   "%localC_6_load = load i4 %localC_6_addr" [mmult.cpp:190]   --->   Operation 176 'load' 'localC_6_load' <Predicate = (trunc_ln185 == 0 & trunc_ln187 == 6)> <Delay = 0.67> <CoreInst = "RAM">   --->   Core 83 'RAM' <Latency = 1> <II = 1> <Delay = 0.67> <Storage> <Opcode : 'load' 'store'> <Ports = 2> <Width = 16> <Depth = 16> <RAM>
ST_4 : Operation 177 [1/2] (0.67ns)   --->   "%localC_7_load = load i4 %localC_7_addr" [mmult.cpp:190]   --->   Operation 177 'load' 'localC_7_load' <Predicate = (trunc_ln185 == 0 & trunc_ln187 == 7)> <Delay = 0.67> <CoreInst = "RAM">   --->   Core 83 'RAM' <Latency = 1> <II = 1> <Delay = 0.67> <Storage> <Opcode : 'load' 'store'> <Ports = 2> <Width = 16> <Depth = 16> <RAM>
ST_4 : Operation 178 [1/1] (0.72ns)   --->   "%tmp = sparsemux i16 @_ssdm_op_SparseMux.ap_auto.8i16.i16.i3, i3 0, i16 %localC_load, i3 1, i16 %localC_1_load, i3 2, i16 %localC_2_load, i3 3, i16 %localC_3_load, i3 4, i16 %localC_4_load, i3 5, i16 %localC_5_load, i3 6, i16 %localC_6_load, i3 7, i16 %localC_7_load, i16 0, i3 %trunc_ln187" [mmult.cpp:190]   --->   Operation 178 'sparsemux' 'tmp' <Predicate = (trunc_ln185 == 0)> <Delay = 0.72> <CoreInst = "SparseMux">   --->   Core 147 'SparseMux' <Latency = 0> <II = 1> <Delay = 0.72> <FuncUnit> <Opcode : 'sparsemux'> <InPorts = 2> <OutPorts = 1>
ST_4 : Operation 179 [1/2] (0.67ns)   --->   "%localC_8_load = load i4 %localC_8_addr" [mmult.cpp:190]   --->   Operation 179 'load' 'localC_8_load' <Predicate = (trunc_ln187 == 0 & trunc_ln185 == 1)> <Delay = 0.67> <CoreInst = "RAM">   --->   Core 83 'RAM' <Latency = 1> <II = 1> <Delay = 0.67> <Storage> <Opcode : 'load' 'store'> <Ports = 2> <Width = 16> <Depth = 16> <RAM>
ST_4 : Operation 180 [1/2] (0.67ns)   --->   "%localC_9_load = load i4 %localC_9_addr" [mmult.cpp:190]   --->   Operation 180 'load' 'localC_9_load' <Predicate = (trunc_ln187 == 1 & trunc_ln185 == 1)> <Delay = 0.67> <CoreInst = "RAM">   --->   Core 83 'RAM' <Latency = 1> <II = 1> <Delay = 0.67> <Storage> <Opcode : 'load' 'store'> <Ports = 2> <Width = 16> <Depth = 16> <RAM>
ST_4 : Operation 181 [1/2] (0.67ns)   --->   "%localC_10_load = load i4 %localC_10_addr" [mmult.cpp:190]   --->   Operation 181 'load' 'localC_10_load' <Predicate = (trunc_ln187 == 2 & trunc_ln185 == 1)> <Delay = 0.67> <CoreInst = "RAM">   --->   Core 83 'RAM' <Latency = 1> <II = 1> <Delay = 0.67> <Storage> <Opcode : 'load' 'store'> <Ports = 2> <Width = 16> <Depth = 16> <RAM>
ST_4 : Operation 182 [1/2] (0.67ns)   --->   "%localC_11_load = load i4 %localC_11_addr" [mmult.cpp:190]   --->   Operation 182 'load' 'localC_11_load' <Predicate = (trunc_ln187 == 3 & trunc_ln185 == 1)> <Delay = 0.67> <CoreInst = "RAM">   --->   Core 83 'RAM' <Latency = 1> <II = 1> <Delay = 0.67> <Storage> <Opcode : 'load' 'store'> <Ports = 2> <Width = 16> <Depth = 16> <RAM>
ST_4 : Operation 183 [1/2] (0.67ns)   --->   "%localC_12_load = load i4 %localC_12_addr" [mmult.cpp:190]   --->   Operation 183 'load' 'localC_12_load' <Predicate = (trunc_ln187 == 4 & trunc_ln185 == 1)> <Delay = 0.67> <CoreInst = "RAM">   --->   Core 83 'RAM' <Latency = 1> <II = 1> <Delay = 0.67> <Storage> <Opcode : 'load' 'store'> <Ports = 2> <Width = 16> <Depth = 16> <RAM>
ST_4 : Operation 184 [1/2] (0.67ns)   --->   "%localC_13_load = load i4 %localC_13_addr" [mmult.cpp:190]   --->   Operation 184 'load' 'localC_13_load' <Predicate = (trunc_ln187 == 5 & trunc_ln185 == 1)> <Delay = 0.67> <CoreInst = "RAM">   --->   Core 83 'RAM' <Latency = 1> <II = 1> <Delay = 0.67> <Storage> <Opcode : 'load' 'store'> <Ports = 2> <Width = 16> <Depth = 16> <RAM>
ST_4 : Operation 185 [1/2] (0.67ns)   --->   "%localC_14_load = load i4 %localC_14_addr" [mmult.cpp:190]   --->   Operation 185 'load' 'localC_14_load' <Predicate = (trunc_ln187 == 6 & trunc_ln185 == 1)> <Delay = 0.67> <CoreInst = "RAM">   --->   Core 83 'RAM' <Latency = 1> <II = 1> <Delay = 0.67> <Storage> <Opcode : 'load' 'store'> <Ports = 2> <Width = 16> <Depth = 16> <RAM>
ST_4 : Operation 186 [1/2] (0.67ns)   --->   "%localC_15_load = load i4 %localC_15_addr" [mmult.cpp:190]   --->   Operation 186 'load' 'localC_15_load' <Predicate = (trunc_ln187 == 7 & trunc_ln185 == 1)> <Delay = 0.67> <CoreInst = "RAM">   --->   Core 83 'RAM' <Latency = 1> <II = 1> <Delay = 0.67> <Storage> <Opcode : 'load' 'store'> <Ports = 2> <Width = 16> <Depth = 16> <RAM>
ST_4 : Operation 187 [1/1] (0.72ns)   --->   "%tmp_1 = sparsemux i16 @_ssdm_op_SparseMux.ap_auto.8i16.i16.i3, i3 0, i16 %localC_8_load, i3 1, i16 %localC_9_load, i3 2, i16 %localC_10_load, i3 3, i16 %localC_11_load, i3 4, i16 %localC_12_load, i3 5, i16 %localC_13_load, i3 6, i16 %localC_14_load, i3 7, i16 %localC_15_load, i16 0, i3 %trunc_ln187" [mmult.cpp:190]   --->   Operation 187 'sparsemux' 'tmp_1' <Predicate = (trunc_ln185 == 1)> <Delay = 0.72> <CoreInst = "SparseMux">   --->   Core 147 'SparseMux' <Latency = 0> <II = 1> <Delay = 0.72> <FuncUnit> <Opcode : 'sparsemux'> <InPorts = 2> <OutPorts = 1>
ST_4 : Operation 188 [1/2] (0.67ns)   --->   "%localC_16_load = load i4 %localC_16_addr" [mmult.cpp:190]   --->   Operation 188 'load' 'localC_16_load' <Predicate = (trunc_ln187 == 0 & trunc_ln185 == 2)> <Delay = 0.67> <CoreInst = "RAM">   --->   Core 83 'RAM' <Latency = 1> <II = 1> <Delay = 0.67> <Storage> <Opcode : 'load' 'store'> <Ports = 2> <Width = 16> <Depth = 16> <RAM>
ST_4 : Operation 189 [1/2] (0.67ns)   --->   "%localC_17_load = load i4 %localC_17_addr" [mmult.cpp:190]   --->   Operation 189 'load' 'localC_17_load' <Predicate = (trunc_ln187 == 1 & trunc_ln185 == 2)> <Delay = 0.67> <CoreInst = "RAM">   --->   Core 83 'RAM' <Latency = 1> <II = 1> <Delay = 0.67> <Storage> <Opcode : 'load' 'store'> <Ports = 2> <Width = 16> <Depth = 16> <RAM>
ST_4 : Operation 190 [1/2] (0.67ns)   --->   "%localC_18_load = load i4 %localC_18_addr" [mmult.cpp:190]   --->   Operation 190 'load' 'localC_18_load' <Predicate = (trunc_ln187 == 2 & trunc_ln185 == 2)> <Delay = 0.67> <CoreInst = "RAM">   --->   Core 83 'RAM' <Latency = 1> <II = 1> <Delay = 0.67> <Storage> <Opcode : 'load' 'store'> <Ports = 2> <Width = 16> <Depth = 16> <RAM>
ST_4 : Operation 191 [1/2] (0.67ns)   --->   "%localC_19_load = load i4 %localC_19_addr" [mmult.cpp:190]   --->   Operation 191 'load' 'localC_19_load' <Predicate = (trunc_ln187 == 3 & trunc_ln185 == 2)> <Delay = 0.67> <CoreInst = "RAM">   --->   Core 83 'RAM' <Latency = 1> <II = 1> <Delay = 0.67> <Storage> <Opcode : 'load' 'store'> <Ports = 2> <Width = 16> <Depth = 16> <RAM>
ST_4 : Operation 192 [1/2] (0.67ns)   --->   "%localC_20_load = load i4 %localC_20_addr" [mmult.cpp:190]   --->   Operation 192 'load' 'localC_20_load' <Predicate = (trunc_ln187 == 4 & trunc_ln185 == 2)> <Delay = 0.67> <CoreInst = "RAM">   --->   Core 83 'RAM' <Latency = 1> <II = 1> <Delay = 0.67> <Storage> <Opcode : 'load' 'store'> <Ports = 2> <Width = 16> <Depth = 16> <RAM>
ST_4 : Operation 193 [1/2] (0.67ns)   --->   "%localC_21_load = load i4 %localC_21_addr" [mmult.cpp:190]   --->   Operation 193 'load' 'localC_21_load' <Predicate = (trunc_ln187 == 5 & trunc_ln185 == 2)> <Delay = 0.67> <CoreInst = "RAM">   --->   Core 83 'RAM' <Latency = 1> <II = 1> <Delay = 0.67> <Storage> <Opcode : 'load' 'store'> <Ports = 2> <Width = 16> <Depth = 16> <RAM>
ST_4 : Operation 194 [1/2] (0.67ns)   --->   "%localC_22_load = load i4 %localC_22_addr" [mmult.cpp:190]   --->   Operation 194 'load' 'localC_22_load' <Predicate = (trunc_ln187 == 6 & trunc_ln185 == 2)> <Delay = 0.67> <CoreInst = "RAM">   --->   Core 83 'RAM' <Latency = 1> <II = 1> <Delay = 0.67> <Storage> <Opcode : 'load' 'store'> <Ports = 2> <Width = 16> <Depth = 16> <RAM>
ST_4 : Operation 195 [1/2] (0.67ns)   --->   "%localC_23_load = load i4 %localC_23_addr" [mmult.cpp:190]   --->   Operation 195 'load' 'localC_23_load' <Predicate = (trunc_ln187 == 7 & trunc_ln185 == 2)> <Delay = 0.67> <CoreInst = "RAM">   --->   Core 83 'RAM' <Latency = 1> <II = 1> <Delay = 0.67> <Storage> <Opcode : 'load' 'store'> <Ports = 2> <Width = 16> <Depth = 16> <RAM>
ST_4 : Operation 196 [1/1] (0.72ns)   --->   "%tmp_2 = sparsemux i16 @_ssdm_op_SparseMux.ap_auto.8i16.i16.i3, i3 0, i16 %localC_16_load, i3 1, i16 %localC_17_load, i3 2, i16 %localC_18_load, i3 3, i16 %localC_19_load, i3 4, i16 %localC_20_load, i3 5, i16 %localC_21_load, i3 6, i16 %localC_22_load, i3 7, i16 %localC_23_load, i16 0, i3 %trunc_ln187" [mmult.cpp:190]   --->   Operation 196 'sparsemux' 'tmp_2' <Predicate = (trunc_ln185 == 2)> <Delay = 0.72> <CoreInst = "SparseMux">   --->   Core 147 'SparseMux' <Latency = 0> <II = 1> <Delay = 0.72> <FuncUnit> <Opcode : 'sparsemux'> <InPorts = 2> <OutPorts = 1>
ST_4 : Operation 197 [1/2] (0.67ns)   --->   "%localC_24_load = load i4 %localC_24_addr" [mmult.cpp:190]   --->   Operation 197 'load' 'localC_24_load' <Predicate = (trunc_ln187 == 0 & trunc_ln185 == 3)> <Delay = 0.67> <CoreInst = "RAM">   --->   Core 83 'RAM' <Latency = 1> <II = 1> <Delay = 0.67> <Storage> <Opcode : 'load' 'store'> <Ports = 2> <Width = 16> <Depth = 16> <RAM>
ST_4 : Operation 198 [1/2] (0.67ns)   --->   "%localC_25_load = load i4 %localC_25_addr" [mmult.cpp:190]   --->   Operation 198 'load' 'localC_25_load' <Predicate = (trunc_ln187 == 1 & trunc_ln185 == 3)> <Delay = 0.67> <CoreInst = "RAM">   --->   Core 83 'RAM' <Latency = 1> <II = 1> <Delay = 0.67> <Storage> <Opcode : 'load' 'store'> <Ports = 2> <Width = 16> <Depth = 16> <RAM>
ST_4 : Operation 199 [1/2] (0.67ns)   --->   "%localC_26_load = load i4 %localC_26_addr" [mmult.cpp:190]   --->   Operation 199 'load' 'localC_26_load' <Predicate = (trunc_ln187 == 2 & trunc_ln185 == 3)> <Delay = 0.67> <CoreInst = "RAM">   --->   Core 83 'RAM' <Latency = 1> <II = 1> <Delay = 0.67> <Storage> <Opcode : 'load' 'store'> <Ports = 2> <Width = 16> <Depth = 16> <RAM>
ST_4 : Operation 200 [1/2] (0.67ns)   --->   "%localC_27_load = load i4 %localC_27_addr" [mmult.cpp:190]   --->   Operation 200 'load' 'localC_27_load' <Predicate = (trunc_ln187 == 3 & trunc_ln185 == 3)> <Delay = 0.67> <CoreInst = "RAM">   --->   Core 83 'RAM' <Latency = 1> <II = 1> <Delay = 0.67> <Storage> <Opcode : 'load' 'store'> <Ports = 2> <Width = 16> <Depth = 16> <RAM>
ST_4 : Operation 201 [1/2] (0.67ns)   --->   "%localC_28_load = load i4 %localC_28_addr" [mmult.cpp:190]   --->   Operation 201 'load' 'localC_28_load' <Predicate = (trunc_ln187 == 4 & trunc_ln185 == 3)> <Delay = 0.67> <CoreInst = "RAM">   --->   Core 83 'RAM' <Latency = 1> <II = 1> <Delay = 0.67> <Storage> <Opcode : 'load' 'store'> <Ports = 2> <Width = 16> <Depth = 16> <RAM>
ST_4 : Operation 202 [1/2] (0.67ns)   --->   "%localC_29_load = load i4 %localC_29_addr" [mmult.cpp:190]   --->   Operation 202 'load' 'localC_29_load' <Predicate = (trunc_ln187 == 5 & trunc_ln185 == 3)> <Delay = 0.67> <CoreInst = "RAM">   --->   Core 83 'RAM' <Latency = 1> <II = 1> <Delay = 0.67> <Storage> <Opcode : 'load' 'store'> <Ports = 2> <Width = 16> <Depth = 16> <RAM>
ST_4 : Operation 203 [1/2] (0.67ns)   --->   "%localC_30_load = load i4 %localC_30_addr" [mmult.cpp:190]   --->   Operation 203 'load' 'localC_30_load' <Predicate = (trunc_ln187 == 6 & trunc_ln185 == 3)> <Delay = 0.67> <CoreInst = "RAM">   --->   Core 83 'RAM' <Latency = 1> <II = 1> <Delay = 0.67> <Storage> <Opcode : 'load' 'store'> <Ports = 2> <Width = 16> <Depth = 16> <RAM>
ST_4 : Operation 204 [1/2] (0.67ns)   --->   "%localC_31_load = load i4 %localC_31_addr" [mmult.cpp:190]   --->   Operation 204 'load' 'localC_31_load' <Predicate = (trunc_ln187 == 7 & trunc_ln185 == 3)> <Delay = 0.67> <CoreInst = "RAM">   --->   Core 83 'RAM' <Latency = 1> <II = 1> <Delay = 0.67> <Storage> <Opcode : 'load' 'store'> <Ports = 2> <Width = 16> <Depth = 16> <RAM>
ST_4 : Operation 205 [1/1] (0.72ns)   --->   "%tmp_3 = sparsemux i16 @_ssdm_op_SparseMux.ap_auto.8i16.i16.i3, i3 0, i16 %localC_24_load, i3 1, i16 %localC_25_load, i3 2, i16 %localC_26_load, i3 3, i16 %localC_27_load, i3 4, i16 %localC_28_load, i3 5, i16 %localC_29_load, i3 6, i16 %localC_30_load, i3 7, i16 %localC_31_load, i16 0, i3 %trunc_ln187" [mmult.cpp:190]   --->   Operation 205 'sparsemux' 'tmp_3' <Predicate = (trunc_ln185 == 3)> <Delay = 0.72> <CoreInst = "SparseMux">   --->   Core 147 'SparseMux' <Latency = 0> <II = 1> <Delay = 0.72> <FuncUnit> <Opcode : 'sparsemux'> <InPorts = 2> <OutPorts = 1>
ST_4 : Operation 206 [1/2] (0.67ns)   --->   "%localC_32_load = load i4 %localC_32_addr" [mmult.cpp:190]   --->   Operation 206 'load' 'localC_32_load' <Predicate = (trunc_ln187 == 0 & trunc_ln185 == 4)> <Delay = 0.67> <CoreInst = "RAM">   --->   Core 83 'RAM' <Latency = 1> <II = 1> <Delay = 0.67> <Storage> <Opcode : 'load' 'store'> <Ports = 2> <Width = 16> <Depth = 16> <RAM>
ST_4 : Operation 207 [1/2] (0.67ns)   --->   "%localC_33_load = load i4 %localC_33_addr" [mmult.cpp:190]   --->   Operation 207 'load' 'localC_33_load' <Predicate = (trunc_ln187 == 1 & trunc_ln185 == 4)> <Delay = 0.67> <CoreInst = "RAM">   --->   Core 83 'RAM' <Latency = 1> <II = 1> <Delay = 0.67> <Storage> <Opcode : 'load' 'store'> <Ports = 2> <Width = 16> <Depth = 16> <RAM>
ST_4 : Operation 208 [1/2] (0.67ns)   --->   "%localC_34_load = load i4 %localC_34_addr" [mmult.cpp:190]   --->   Operation 208 'load' 'localC_34_load' <Predicate = (trunc_ln187 == 2 & trunc_ln185 == 4)> <Delay = 0.67> <CoreInst = "RAM">   --->   Core 83 'RAM' <Latency = 1> <II = 1> <Delay = 0.67> <Storage> <Opcode : 'load' 'store'> <Ports = 2> <Width = 16> <Depth = 16> <RAM>
ST_4 : Operation 209 [1/2] (0.67ns)   --->   "%localC_35_load = load i4 %localC_35_addr" [mmult.cpp:190]   --->   Operation 209 'load' 'localC_35_load' <Predicate = (trunc_ln187 == 3 & trunc_ln185 == 4)> <Delay = 0.67> <CoreInst = "RAM">   --->   Core 83 'RAM' <Latency = 1> <II = 1> <Delay = 0.67> <Storage> <Opcode : 'load' 'store'> <Ports = 2> <Width = 16> <Depth = 16> <RAM>
ST_4 : Operation 210 [1/2] (0.67ns)   --->   "%localC_36_load = load i4 %localC_36_addr" [mmult.cpp:190]   --->   Operation 210 'load' 'localC_36_load' <Predicate = (trunc_ln187 == 4 & trunc_ln185 == 4)> <Delay = 0.67> <CoreInst = "RAM">   --->   Core 83 'RAM' <Latency = 1> <II = 1> <Delay = 0.67> <Storage> <Opcode : 'load' 'store'> <Ports = 2> <Width = 16> <Depth = 16> <RAM>
ST_4 : Operation 211 [1/2] (0.67ns)   --->   "%localC_37_load = load i4 %localC_37_addr" [mmult.cpp:190]   --->   Operation 211 'load' 'localC_37_load' <Predicate = (trunc_ln187 == 5 & trunc_ln185 == 4)> <Delay = 0.67> <CoreInst = "RAM">   --->   Core 83 'RAM' <Latency = 1> <II = 1> <Delay = 0.67> <Storage> <Opcode : 'load' 'store'> <Ports = 2> <Width = 16> <Depth = 16> <RAM>
ST_4 : Operation 212 [1/2] (0.67ns)   --->   "%localC_38_load = load i4 %localC_38_addr" [mmult.cpp:190]   --->   Operation 212 'load' 'localC_38_load' <Predicate = (trunc_ln187 == 6 & trunc_ln185 == 4)> <Delay = 0.67> <CoreInst = "RAM">   --->   Core 83 'RAM' <Latency = 1> <II = 1> <Delay = 0.67> <Storage> <Opcode : 'load' 'store'> <Ports = 2> <Width = 16> <Depth = 16> <RAM>
ST_4 : Operation 213 [1/2] (0.67ns)   --->   "%localC_39_load = load i4 %localC_39_addr" [mmult.cpp:190]   --->   Operation 213 'load' 'localC_39_load' <Predicate = (trunc_ln187 == 7 & trunc_ln185 == 4)> <Delay = 0.67> <CoreInst = "RAM">   --->   Core 83 'RAM' <Latency = 1> <II = 1> <Delay = 0.67> <Storage> <Opcode : 'load' 'store'> <Ports = 2> <Width = 16> <Depth = 16> <RAM>
ST_4 : Operation 214 [1/1] (0.72ns)   --->   "%tmp_4 = sparsemux i16 @_ssdm_op_SparseMux.ap_auto.8i16.i16.i3, i3 0, i16 %localC_32_load, i3 1, i16 %localC_33_load, i3 2, i16 %localC_34_load, i3 3, i16 %localC_35_load, i3 4, i16 %localC_36_load, i3 5, i16 %localC_37_load, i3 6, i16 %localC_38_load, i3 7, i16 %localC_39_load, i16 0, i3 %trunc_ln187" [mmult.cpp:190]   --->   Operation 214 'sparsemux' 'tmp_4' <Predicate = (trunc_ln185 == 4)> <Delay = 0.72> <CoreInst = "SparseMux">   --->   Core 147 'SparseMux' <Latency = 0> <II = 1> <Delay = 0.72> <FuncUnit> <Opcode : 'sparsemux'> <InPorts = 2> <OutPorts = 1>
ST_4 : Operation 215 [1/2] (0.67ns)   --->   "%localC_40_load = load i4 %localC_40_addr" [mmult.cpp:190]   --->   Operation 215 'load' 'localC_40_load' <Predicate = (trunc_ln187 == 0 & trunc_ln185 == 5)> <Delay = 0.67> <CoreInst = "RAM">   --->   Core 83 'RAM' <Latency = 1> <II = 1> <Delay = 0.67> <Storage> <Opcode : 'load' 'store'> <Ports = 2> <Width = 16> <Depth = 16> <RAM>
ST_4 : Operation 216 [1/2] (0.67ns)   --->   "%localC_41_load = load i4 %localC_41_addr" [mmult.cpp:190]   --->   Operation 216 'load' 'localC_41_load' <Predicate = (trunc_ln187 == 1 & trunc_ln185 == 5)> <Delay = 0.67> <CoreInst = "RAM">   --->   Core 83 'RAM' <Latency = 1> <II = 1> <Delay = 0.67> <Storage> <Opcode : 'load' 'store'> <Ports = 2> <Width = 16> <Depth = 16> <RAM>
ST_4 : Operation 217 [1/2] (0.67ns)   --->   "%localC_42_load = load i4 %localC_42_addr" [mmult.cpp:190]   --->   Operation 217 'load' 'localC_42_load' <Predicate = (trunc_ln187 == 2 & trunc_ln185 == 5)> <Delay = 0.67> <CoreInst = "RAM">   --->   Core 83 'RAM' <Latency = 1> <II = 1> <Delay = 0.67> <Storage> <Opcode : 'load' 'store'> <Ports = 2> <Width = 16> <Depth = 16> <RAM>
ST_4 : Operation 218 [1/2] (0.67ns)   --->   "%localC_43_load = load i4 %localC_43_addr" [mmult.cpp:190]   --->   Operation 218 'load' 'localC_43_load' <Predicate = (trunc_ln187 == 3 & trunc_ln185 == 5)> <Delay = 0.67> <CoreInst = "RAM">   --->   Core 83 'RAM' <Latency = 1> <II = 1> <Delay = 0.67> <Storage> <Opcode : 'load' 'store'> <Ports = 2> <Width = 16> <Depth = 16> <RAM>
ST_4 : Operation 219 [1/2] (0.67ns)   --->   "%localC_44_load = load i4 %localC_44_addr" [mmult.cpp:190]   --->   Operation 219 'load' 'localC_44_load' <Predicate = (trunc_ln187 == 4 & trunc_ln185 == 5)> <Delay = 0.67> <CoreInst = "RAM">   --->   Core 83 'RAM' <Latency = 1> <II = 1> <Delay = 0.67> <Storage> <Opcode : 'load' 'store'> <Ports = 2> <Width = 16> <Depth = 16> <RAM>
ST_4 : Operation 220 [1/2] (0.67ns)   --->   "%localC_45_load = load i4 %localC_45_addr" [mmult.cpp:190]   --->   Operation 220 'load' 'localC_45_load' <Predicate = (trunc_ln187 == 5 & trunc_ln185 == 5)> <Delay = 0.67> <CoreInst = "RAM">   --->   Core 83 'RAM' <Latency = 1> <II = 1> <Delay = 0.67> <Storage> <Opcode : 'load' 'store'> <Ports = 2> <Width = 16> <Depth = 16> <RAM>
ST_4 : Operation 221 [1/2] (0.67ns)   --->   "%localC_46_load = load i4 %localC_46_addr" [mmult.cpp:190]   --->   Operation 221 'load' 'localC_46_load' <Predicate = (trunc_ln187 == 6 & trunc_ln185 == 5)> <Delay = 0.67> <CoreInst = "RAM">   --->   Core 83 'RAM' <Latency = 1> <II = 1> <Delay = 0.67> <Storage> <Opcode : 'load' 'store'> <Ports = 2> <Width = 16> <Depth = 16> <RAM>
ST_4 : Operation 222 [1/2] (0.67ns)   --->   "%localC_47_load = load i4 %localC_47_addr" [mmult.cpp:190]   --->   Operation 222 'load' 'localC_47_load' <Predicate = (trunc_ln187 == 7 & trunc_ln185 == 5)> <Delay = 0.67> <CoreInst = "RAM">   --->   Core 83 'RAM' <Latency = 1> <II = 1> <Delay = 0.67> <Storage> <Opcode : 'load' 'store'> <Ports = 2> <Width = 16> <Depth = 16> <RAM>
ST_4 : Operation 223 [1/1] (0.72ns)   --->   "%tmp_5 = sparsemux i16 @_ssdm_op_SparseMux.ap_auto.8i16.i16.i3, i3 0, i16 %localC_40_load, i3 1, i16 %localC_41_load, i3 2, i16 %localC_42_load, i3 3, i16 %localC_43_load, i3 4, i16 %localC_44_load, i3 5, i16 %localC_45_load, i3 6, i16 %localC_46_load, i3 7, i16 %localC_47_load, i16 0, i3 %trunc_ln187" [mmult.cpp:190]   --->   Operation 223 'sparsemux' 'tmp_5' <Predicate = (trunc_ln185 == 5)> <Delay = 0.72> <CoreInst = "SparseMux">   --->   Core 147 'SparseMux' <Latency = 0> <II = 1> <Delay = 0.72> <FuncUnit> <Opcode : 'sparsemux'> <InPorts = 2> <OutPorts = 1>
ST_4 : Operation 224 [1/2] (0.67ns)   --->   "%localC_48_load = load i4 %localC_48_addr" [mmult.cpp:190]   --->   Operation 224 'load' 'localC_48_load' <Predicate = (trunc_ln187 == 0 & trunc_ln185 == 6)> <Delay = 0.67> <CoreInst = "RAM">   --->   Core 83 'RAM' <Latency = 1> <II = 1> <Delay = 0.67> <Storage> <Opcode : 'load' 'store'> <Ports = 2> <Width = 16> <Depth = 16> <RAM>
ST_4 : Operation 225 [1/2] (0.67ns)   --->   "%localC_49_load = load i4 %localC_49_addr" [mmult.cpp:190]   --->   Operation 225 'load' 'localC_49_load' <Predicate = (trunc_ln187 == 1 & trunc_ln185 == 6)> <Delay = 0.67> <CoreInst = "RAM">   --->   Core 83 'RAM' <Latency = 1> <II = 1> <Delay = 0.67> <Storage> <Opcode : 'load' 'store'> <Ports = 2> <Width = 16> <Depth = 16> <RAM>
ST_4 : Operation 226 [1/2] (0.67ns)   --->   "%localC_50_load = load i4 %localC_50_addr" [mmult.cpp:190]   --->   Operation 226 'load' 'localC_50_load' <Predicate = (trunc_ln187 == 2 & trunc_ln185 == 6)> <Delay = 0.67> <CoreInst = "RAM">   --->   Core 83 'RAM' <Latency = 1> <II = 1> <Delay = 0.67> <Storage> <Opcode : 'load' 'store'> <Ports = 2> <Width = 16> <Depth = 16> <RAM>
ST_4 : Operation 227 [1/2] (0.67ns)   --->   "%localC_51_load = load i4 %localC_51_addr" [mmult.cpp:190]   --->   Operation 227 'load' 'localC_51_load' <Predicate = (trunc_ln187 == 3 & trunc_ln185 == 6)> <Delay = 0.67> <CoreInst = "RAM">   --->   Core 83 'RAM' <Latency = 1> <II = 1> <Delay = 0.67> <Storage> <Opcode : 'load' 'store'> <Ports = 2> <Width = 16> <Depth = 16> <RAM>
ST_4 : Operation 228 [1/2] (0.67ns)   --->   "%localC_52_load = load i4 %localC_52_addr" [mmult.cpp:190]   --->   Operation 228 'load' 'localC_52_load' <Predicate = (trunc_ln187 == 4 & trunc_ln185 == 6)> <Delay = 0.67> <CoreInst = "RAM">   --->   Core 83 'RAM' <Latency = 1> <II = 1> <Delay = 0.67> <Storage> <Opcode : 'load' 'store'> <Ports = 2> <Width = 16> <Depth = 16> <RAM>
ST_4 : Operation 229 [1/2] (0.67ns)   --->   "%localC_53_load = load i4 %localC_53_addr" [mmult.cpp:190]   --->   Operation 229 'load' 'localC_53_load' <Predicate = (trunc_ln187 == 5 & trunc_ln185 == 6)> <Delay = 0.67> <CoreInst = "RAM">   --->   Core 83 'RAM' <Latency = 1> <II = 1> <Delay = 0.67> <Storage> <Opcode : 'load' 'store'> <Ports = 2> <Width = 16> <Depth = 16> <RAM>
ST_4 : Operation 230 [1/2] (0.67ns)   --->   "%localC_54_load = load i4 %localC_54_addr" [mmult.cpp:190]   --->   Operation 230 'load' 'localC_54_load' <Predicate = (trunc_ln187 == 6 & trunc_ln185 == 6)> <Delay = 0.67> <CoreInst = "RAM">   --->   Core 83 'RAM' <Latency = 1> <II = 1> <Delay = 0.67> <Storage> <Opcode : 'load' 'store'> <Ports = 2> <Width = 16> <Depth = 16> <RAM>
ST_4 : Operation 231 [1/2] (0.67ns)   --->   "%localC_55_load = load i4 %localC_55_addr" [mmult.cpp:190]   --->   Operation 231 'load' 'localC_55_load' <Predicate = (trunc_ln187 == 7 & trunc_ln185 == 6)> <Delay = 0.67> <CoreInst = "RAM">   --->   Core 83 'RAM' <Latency = 1> <II = 1> <Delay = 0.67> <Storage> <Opcode : 'load' 'store'> <Ports = 2> <Width = 16> <Depth = 16> <RAM>
ST_4 : Operation 232 [1/1] (0.72ns)   --->   "%tmp_6 = sparsemux i16 @_ssdm_op_SparseMux.ap_auto.8i16.i16.i3, i3 0, i16 %localC_48_load, i3 1, i16 %localC_49_load, i3 2, i16 %localC_50_load, i3 3, i16 %localC_51_load, i3 4, i16 %localC_52_load, i3 5, i16 %localC_53_load, i3 6, i16 %localC_54_load, i3 7, i16 %localC_55_load, i16 0, i3 %trunc_ln187" [mmult.cpp:190]   --->   Operation 232 'sparsemux' 'tmp_6' <Predicate = (trunc_ln185 == 6)> <Delay = 0.72> <CoreInst = "SparseMux">   --->   Core 147 'SparseMux' <Latency = 0> <II = 1> <Delay = 0.72> <FuncUnit> <Opcode : 'sparsemux'> <InPorts = 2> <OutPorts = 1>
ST_4 : Operation 233 [1/2] (0.67ns)   --->   "%localC_56_load = load i4 %localC_56_addr" [mmult.cpp:190]   --->   Operation 233 'load' 'localC_56_load' <Predicate = (trunc_ln187 == 0 & trunc_ln185 == 7)> <Delay = 0.67> <CoreInst = "RAM">   --->   Core 83 'RAM' <Latency = 1> <II = 1> <Delay = 0.67> <Storage> <Opcode : 'load' 'store'> <Ports = 2> <Width = 16> <Depth = 16> <RAM>
ST_4 : Operation 234 [1/2] (0.67ns)   --->   "%localC_57_load = load i4 %localC_57_addr" [mmult.cpp:190]   --->   Operation 234 'load' 'localC_57_load' <Predicate = (trunc_ln187 == 1 & trunc_ln185 == 7)> <Delay = 0.67> <CoreInst = "RAM">   --->   Core 83 'RAM' <Latency = 1> <II = 1> <Delay = 0.67> <Storage> <Opcode : 'load' 'store'> <Ports = 2> <Width = 16> <Depth = 16> <RAM>
ST_4 : Operation 235 [1/2] (0.67ns)   --->   "%localC_58_load = load i4 %localC_58_addr" [mmult.cpp:190]   --->   Operation 235 'load' 'localC_58_load' <Predicate = (trunc_ln187 == 2 & trunc_ln185 == 7)> <Delay = 0.67> <CoreInst = "RAM">   --->   Core 83 'RAM' <Latency = 1> <II = 1> <Delay = 0.67> <Storage> <Opcode : 'load' 'store'> <Ports = 2> <Width = 16> <Depth = 16> <RAM>
ST_4 : Operation 236 [1/2] (0.67ns)   --->   "%localC_59_load = load i4 %localC_59_addr" [mmult.cpp:190]   --->   Operation 236 'load' 'localC_59_load' <Predicate = (trunc_ln187 == 3 & trunc_ln185 == 7)> <Delay = 0.67> <CoreInst = "RAM">   --->   Core 83 'RAM' <Latency = 1> <II = 1> <Delay = 0.67> <Storage> <Opcode : 'load' 'store'> <Ports = 2> <Width = 16> <Depth = 16> <RAM>
ST_4 : Operation 237 [1/2] (0.67ns)   --->   "%localC_60_load = load i4 %localC_60_addr" [mmult.cpp:190]   --->   Operation 237 'load' 'localC_60_load' <Predicate = (trunc_ln187 == 4 & trunc_ln185 == 7)> <Delay = 0.67> <CoreInst = "RAM">   --->   Core 83 'RAM' <Latency = 1> <II = 1> <Delay = 0.67> <Storage> <Opcode : 'load' 'store'> <Ports = 2> <Width = 16> <Depth = 16> <RAM>
ST_4 : Operation 238 [1/2] (0.67ns)   --->   "%localC_61_load = load i4 %localC_61_addr" [mmult.cpp:190]   --->   Operation 238 'load' 'localC_61_load' <Predicate = (trunc_ln187 == 5 & trunc_ln185 == 7)> <Delay = 0.67> <CoreInst = "RAM">   --->   Core 83 'RAM' <Latency = 1> <II = 1> <Delay = 0.67> <Storage> <Opcode : 'load' 'store'> <Ports = 2> <Width = 16> <Depth = 16> <RAM>
ST_4 : Operation 239 [1/2] (0.67ns)   --->   "%localC_62_load = load i4 %localC_62_addr" [mmult.cpp:190]   --->   Operation 239 'load' 'localC_62_load' <Predicate = (trunc_ln187 == 6 & trunc_ln185 == 7)> <Delay = 0.67> <CoreInst = "RAM">   --->   Core 83 'RAM' <Latency = 1> <II = 1> <Delay = 0.67> <Storage> <Opcode : 'load' 'store'> <Ports = 2> <Width = 16> <Depth = 16> <RAM>
ST_4 : Operation 240 [1/2] (0.67ns)   --->   "%localC_63_load = load i4 %localC_63_addr" [mmult.cpp:190]   --->   Operation 240 'load' 'localC_63_load' <Predicate = (trunc_ln187 == 7 & trunc_ln185 == 7)> <Delay = 0.67> <CoreInst = "RAM">   --->   Core 83 'RAM' <Latency = 1> <II = 1> <Delay = 0.67> <Storage> <Opcode : 'load' 'store'> <Ports = 2> <Width = 16> <Depth = 16> <RAM>
ST_4 : Operation 241 [1/1] (0.72ns)   --->   "%tmp_7 = sparsemux i16 @_ssdm_op_SparseMux.ap_auto.8i16.i16.i3, i3 0, i16 %localC_56_load, i3 1, i16 %localC_57_load, i3 2, i16 %localC_58_load, i3 3, i16 %localC_59_load, i3 4, i16 %localC_60_load, i3 5, i16 %localC_61_load, i3 6, i16 %localC_62_load, i3 7, i16 %localC_63_load, i16 0, i3 %trunc_ln187" [mmult.cpp:190]   --->   Operation 241 'sparsemux' 'tmp_7' <Predicate = (trunc_ln185 == 7)> <Delay = 0.72> <CoreInst = "SparseMux">   --->   Core 147 'SparseMux' <Latency = 0> <II = 1> <Delay = 0.72> <FuncUnit> <Opcode : 'sparsemux'> <InPorts = 2> <OutPorts = 1>
ST_4 : Operation 242 [1/1] (0.72ns)   --->   "%tmp_8 = sparsemux i16 @_ssdm_op_SparseMux.ap_auto.8i16.i16.i3, i3 0, i16 %tmp, i3 1, i16 %tmp_1, i3 2, i16 %tmp_2, i3 3, i16 %tmp_3, i3 4, i16 %tmp_4, i3 5, i16 %tmp_5, i3 6, i16 %tmp_6, i3 7, i16 %tmp_7, i16 0, i3 %trunc_ln185" [mmult.cpp:190]   --->   Operation 242 'sparsemux' 'tmp_8' <Predicate = true> <Delay = 0.72> <CoreInst = "SparseMux">   --->   Core 147 'SparseMux' <Latency = 0> <II = 1> <Delay = 0.72> <FuncUnit> <Opcode : 'sparsemux'> <InPorts = 2> <OutPorts = 1>
ST_4 : Operation 249 [1/1] (0.00ns)   --->   "%ret_ln0 = ret"   --->   Operation 249 'ret' 'ret_ln0' <Predicate = (icmp_ln185)> <Delay = 0.00>

State 5 <SV = 4> <Delay = 2.40>
ST_5 : Operation 243 [1/1] (0.00ns)   --->   "%gmem2_addr = getelementptr i16 %gmem2, i64 %sext_ln185_cast" [mmult.cpp:185]   --->   Operation 243 'getelementptr' 'gmem2_addr' <Predicate = true> <Delay = 0.00>
ST_5 : Operation 244 [1/1] (0.00ns)   --->   "%specloopname_ln0 = specloopname void @_ssdm_op_SpecLoopName, void @writeC_VITIS_LOOP_187_5_str"   --->   Operation 244 'specloopname' 'specloopname_ln0' <Predicate = true> <Delay = 0.00>
ST_5 : Operation 245 [1/1] (0.00ns)   --->   "%speclooptripcount_ln0 = speclooptripcount void @_ssdm_op_SpecLoopTripCount, i64 1024, i64 1024, i64 1024"   --->   Operation 245 'speclooptripcount' 'speclooptripcount_ln0' <Predicate = true> <Delay = 0.00>
ST_5 : Operation 246 [1/1] (0.00ns)   --->   "%specpipeline_ln189 = specpipeline void @_ssdm_op_SpecPipeline, i32 1, i32 0, i32 0, i32 0, void @empty_4" [mmult.cpp:189]   --->   Operation 246 'specpipeline' 'specpipeline_ln189' <Predicate = true> <Delay = 0.00>
ST_5 : Operation 247 [1/1] (2.40ns)   --->   "%write_ln190 = write void @_ssdm_op_Write.m_axi.p1i16, i16 %gmem2_addr, i16 %tmp_8, i2 3" [mmult.cpp:190]   --->   Operation 247 'write' 'write_ln190' <Predicate = true> <Delay = 2.40> <CoreInst = "m_axi">   --->   Core 121 'm_axi' <Latency = 0> <II = 1> <Delay = 1.00> <Adapter> <Opcode : 'read' 'write' 'readreq' 'writereq' 'writeresp'>
ST_5 : Operation 248 [1/1] (0.00ns)   --->   "%br_ln187 = br void %for.inc86" [mmult.cpp:187]   --->   Operation 248 'br' 'br_ln187' <Predicate = true> <Delay = 0.00>


============================================================
+ Verbose Summary: Timing violations
============================================================
Target clock period: 3.300ns, clock uncertainty: 0.891ns.

 <State 1>: 0.427ns
The critical path consists of the following:
	'alloca' operation 64 bit ('indvar_flatten26') [71]  (0.000 ns)
	'store' operation 0 bit ('store_ln0') of constant 0 on local variable 'indvar_flatten26' [77]  (0.427 ns)

 <State 2>: 2.867ns
The critical path consists of the following:
	'load' operation 31 bit ('j', mmult.cpp:187) on local variable 'j', mmult.cpp:187 [82]  (0.000 ns)
	'icmp' operation 1 bit ('icmp_ln187', mmult.cpp:187) [86]  (1.016 ns)
	'select' operation 31 bit ('select_ln185', mmult.cpp:185) [96]  (0.418 ns)
	'add' operation 31 bit ('add_ln187', mmult.cpp:187) [244]  (1.006 ns)
	'store' operation 0 bit ('store_ln187', mmult.cpp:187) of variable 'add_ln187', mmult.cpp:187 on local variable 'j', mmult.cpp:187 [247]  (0.427 ns)

 <State 3>: 0.677ns
The critical path consists of the following:
	'getelementptr' operation 4 bit ('localC_addr', mmult.cpp:190) [106]  (0.000 ns)
	'load' operation 16 bit ('localC_load', mmult.cpp:190) on array 'localC' [170]  (0.677 ns)

 <State 4>: 2.119ns
The critical path consists of the following:
	'load' operation 16 bit ('localC_load', mmult.cpp:190) on array 'localC' [170]  (0.677 ns)
	'sparsemux' operation 16 bit ('tmp', mmult.cpp:190) [178]  (0.721 ns)
	'sparsemux' operation 16 bit ('tmp_8', mmult.cpp:190) [242]  (0.721 ns)

 <State 5>: 2.409ns
The critical path consists of the following:
	'getelementptr' operation 16 bit ('gmem2_addr', mmult.cpp:185) [92]  (0.000 ns)
	bus write operation ('write_ln190', mmult.cpp:190) on port 'gmem2' (mmult.cpp:190) [243]  (2.409 ns)


============================================================
+ Verbose Summary: Binding
============================================================
N/A
* FSMD analyzer results:
  - Output states:
 - Input state : 
  - Chain level:
	State 1
	State 2
	State 3
	State 4
	State 5


============================================================
+ Verbose Summary: Datapath Resource usage 
============================================================
N/A
