

================================================================
== Vitis HLS Report for 'mmult_Pipeline_readA_VITIS_LOOP_147_1'
================================================================
* Date:           Sat Jun  6 17:47:13 2026

* Version:        2023.2 (Build 4023990 on Oct 11 2023)
* Project:        hls_prj
* Solution:       s1 (Vivado IP Flow Target)
* Product family: zynquplus
* Target device:  xck26-sfvc784-2LV-c


================================================================
== Performance Estimates
================================================================
+ Timing: 
    * Summary: 
    +--------+---------+----------+------------+
    |  Clock |  Target | Estimated| Uncertainty|
    +--------+---------+----------+------------+
    |ap_clk  |  3.30 ns|  2.631 ns|     0.89 ns|
    +--------+---------+----------+------------+

+ Latency: 
    * Summary: 
    +---------+---------+----------+----------+-----+-----+---------+
    |  Latency (cycles) |  Latency (absolute) |  Interval | Pipeline|
    |   min   |   max   |    min   |    max   | min | max |   Type  |
    +---------+---------+----------+----------+-----+-----+---------+
    |       67|       67|  0.221 us|  0.221 us|   67|   67|       no|
    +---------+---------+----------+----------+-----+-----+---------+

    + Detail: 
        * Instance: 
        N/A

        * Loop: 
        +--------------------------+---------+---------+----------+-----------+-----------+------+----------+
        |                          |  Latency (cycles) | Iteration|  Initiation Interval  | Trip |          |
        |         Loop Name        |   min   |   max   |  Latency |  achieved |   target  | Count| Pipelined|
        +--------------------------+---------+---------+----------+-----------+-----------+------+----------+
        |- readA_VITIS_LOOP_147_1  |       65|       65|         3|          1|          1|    64|       yes|
        +--------------------------+---------+---------+----------+-----------+-----------+------+----------+

============================================================
+ Verbose Summary: Synthesis Manager
============================================================
InlineROM: 1
ExposeGlobal: 0
============================================================
+ Verbose Summary: CDFG Model
============================================================
IsTopModel: 0
ResetActiveHigh: 1
IsCombinational: 0
IsDatapathOnly: 0
HasWiredReturn: 1
HasMFsm: 2
HasVarLatency: 1
IsPipeline: 0
IsRtlPipelined: 0
IsInstanceOverlapped: 0
IsDontTouch: 0
HasImplIP: 0
IsGatedGlobalClock: 0

+ Individual pipeline summary: 
  * Pipeline-0: initiation interval (II) = 1, depth = 4


============================================================
+ Verbose Summary: Schedule
============================================================
* Number of FSM states : 4
* Pipeline : 1
  Pipeline-0 : II = 1, D = 4, States = { 1 2 3 4 }
* Dataflow Pipeline: 0

* FSM state transitions: 
1 --> 2 
2 --> 3 
3 --> 4 
4 --> 

* FSM state operations: 

State 1 <SV = 0> <Delay = 0.42>
ST_1 : Operation 6 [1/1] (0.00ns)   --->   "%j = alloca i32 1" [mmult.cpp:147]   --->   Operation 6 'alloca' 'j' <Predicate = true> <Delay = 0.00>
ST_1 : Operation 7 [1/1] (0.00ns)   --->   "%i = alloca i32 1" [mmult.cpp:145]   --->   Operation 7 'alloca' 'i' <Predicate = true> <Delay = 0.00>
ST_1 : Operation 8 [1/1] (0.00ns)   --->   "%indvar_flatten = alloca i32 1"   --->   Operation 8 'alloca' 'indvar_flatten' <Predicate = true> <Delay = 0.00>
ST_1 : Operation 9 [1/1] (0.00ns)   --->   "%specmemcore_ln0 = specmemcore void @_ssdm_op_SpecMemCore, i8 %localA, i64 666, i64 23, i64 18446744073709551615"   --->   Operation 9 'specmemcore' 'specmemcore_ln0' <Predicate = true> <Delay = 0.00>
ST_1 : Operation 10 [1/1] (0.00ns)   --->   "%specmemcore_ln0 = specmemcore void @_ssdm_op_SpecMemCore, i8 %localA_1, i64 666, i64 23, i64 18446744073709551615"   --->   Operation 10 'specmemcore' 'specmemcore_ln0' <Predicate = true> <Delay = 0.00>
ST_1 : Operation 11 [1/1] (0.00ns)   --->   "%specmemcore_ln0 = specmemcore void @_ssdm_op_SpecMemCore, i8 %localA_2, i64 666, i64 23, i64 18446744073709551615"   --->   Operation 11 'specmemcore' 'specmemcore_ln0' <Predicate = true> <Delay = 0.00>
ST_1 : Operation 12 [1/1] (0.00ns)   --->   "%specmemcore_ln0 = specmemcore void @_ssdm_op_SpecMemCore, i8 %localA_3, i64 666, i64 23, i64 18446744073709551615"   --->   Operation 12 'specmemcore' 'specmemcore_ln0' <Predicate = true> <Delay = 0.00>
ST_1 : Operation 13 [1/1] (0.00ns)   --->   "%specmemcore_ln0 = specmemcore void @_ssdm_op_SpecMemCore, i8 %localA_4, i64 666, i64 23, i64 18446744073709551615"   --->   Operation 13 'specmemcore' 'specmemcore_ln0' <Predicate = true> <Delay = 0.00>
ST_1 : Operation 14 [1/1] (0.00ns)   --->   "%specmemcore_ln0 = specmemcore void @_ssdm_op_SpecMemCore, i8 %localA_5, i64 666, i64 23, i64 18446744073709551615"   --->   Operation 14 'specmemcore' 'specmemcore_ln0' <Predicate = true> <Delay = 0.00>
ST_1 : Operation 15 [1/1] (0.00ns)   --->   "%specmemcore_ln0 = specmemcore void @_ssdm_op_SpecMemCore, i8 %localA_6, i64 666, i64 23, i64 18446744073709551615"   --->   Operation 15 'specmemcore' 'specmemcore_ln0' <Predicate = true> <Delay = 0.00>
ST_1 : Operation 16 [1/1] (0.00ns)   --->   "%specmemcore_ln0 = specmemcore void @_ssdm_op_SpecMemCore, i8 %localA_7, i64 666, i64 23, i64 18446744073709551615"   --->   Operation 16 'specmemcore' 'specmemcore_ln0' <Predicate = true> <Delay = 0.00>
ST_1 : Operation 17 [1/1] (0.00ns)   --->   "%specinterface_ln0 = specinterface void @_ssdm_op_SpecInterface, i8 %gmem0, void @empty_2, i32 0, i32 0, void @empty_3, i32 0, i32 0, void @empty_4, void @empty_10, void @empty_3, i32 16, i32 16, i32 16, i32 16, void @empty_3, void @empty_3, i32 4294967295, i32 0"   --->   Operation 17 'specinterface' 'specinterface_ln0' <Predicate = true> <Delay = 0.00>
ST_1 : Operation 18 [1/1] (0.00ns)   --->   "%a_read = read i64 @_ssdm_op_Read.ap_auto.i64, i64 %a"   --->   Operation 18 'read' 'a_read' <Predicate = true> <Delay = 0.00>
ST_1 : Operation 19 [1/1] (0.00ns)   --->   "%mul_ln107_read = read i64 @_ssdm_op_Read.ap_auto.i64, i64 %mul_ln107"   --->   Operation 19 'read' 'mul_ln107_read' <Predicate = true> <Delay = 0.00>
ST_1 : Operation 20 [1/1] (0.00ns)   --->   "%a_col_read = read i32 @_ssdm_op_Read.ap_auto.i32, i32 %a_col"   --->   Operation 20 'read' 'a_col_read' <Predicate = true> <Delay = 0.00>
ST_1 : Operation 21 [1/1] (0.42ns)   --->   "%store_ln0 = store i64 0, i64 %indvar_flatten"   --->   Operation 21 'store' 'store_ln0' <Predicate = true> <Delay = 0.42>
ST_1 : Operation 22 [1/1] (0.42ns)   --->   "%store_ln145 = store i31 0, i31 %i" [mmult.cpp:145]   --->   Operation 22 'store' 'store_ln145' <Predicate = true> <Delay = 0.42>
ST_1 : Operation 23 [1/1] (0.42ns)   --->   "%store_ln147 = store i4 0, i4 %j" [mmult.cpp:147]   --->   Operation 23 'store' 'store_ln147' <Predicate = true> <Delay = 0.42>
ST_1 : Operation 24 [1/1] (0.00ns)   --->   "%br_ln0 = br void %for.inc"   --->   Operation 24 'br' 'br_ln0' <Predicate = true> <Delay = 0.00>

State 2 <SV = 1> <Delay = 2.63>
ST_2 : Operation 25 [1/1] (0.00ns)   --->   "%j_2 = load i4 %j" [mmult.cpp:147]   --->   Operation 25 'load' 'j_2' <Predicate = true> <Delay = 0.00>
ST_2 : Operation 26 [1/1] (0.00ns)   --->   "%indvar_flatten_load = load i64 %indvar_flatten" [mmult.cpp:145]   --->   Operation 26 'load' 'indvar_flatten_load' <Predicate = true> <Delay = 0.00>
ST_2 : Operation 27 [1/1] (0.00ns)   --->   "%specbitsmap_ln0 = specbitsmap void @_ssdm_op_SpecBitsMap, i8 %gmem0"   --->   Operation 27 'specbitsmap' 'specbitsmap_ln0' <Predicate = true> <Delay = 0.00>
ST_2 : Operation 28 [1/1] (0.00ns)   --->   "%zext_ln147_1 = zext i4 %j_2" [mmult.cpp:147]   --->   Operation 28 'zext' 'zext_ln147_1' <Predicate = true> <Delay = 0.00>
ST_2 : Operation 29 [1/1] (1.01ns)   --->   "%icmp_ln147 = icmp_slt  i32 %zext_ln147_1, i32 %a_col_read" [mmult.cpp:147]   --->   Operation 29 'icmp' 'icmp_ln147' <Predicate = true> <Delay = 1.01> <CoreInst = "Cmp">   --->   Core 9 'Cmp' <Latency = 0> <II = 1> <Delay = 1.01> <FuncUnit> <Opcode : 'icmp'> <InPorts = 2> <OutPorts = 1>
ST_2 : Operation 30 [1/1] (1.08ns)   --->   "%icmp_ln145 = icmp_eq  i64 %indvar_flatten_load, i64 %mul_ln107_read" [mmult.cpp:145]   --->   Operation 30 'icmp' 'icmp_ln145' <Predicate = true> <Delay = 1.08> <CoreInst = "Cmp">   --->   Core 9 'Cmp' <Latency = 0> <II = 1> <Delay = 1.08> <FuncUnit> <Opcode : 'icmp'> <InPorts = 2> <OutPorts = 1>
ST_2 : Operation 31 [1/1] (1.08ns)   --->   "%add_ln145 = add i64 %indvar_flatten_load, i64 1" [mmult.cpp:145]   --->   Operation 31 'add' 'add_ln145' <Predicate = true> <Delay = 1.08> <CoreInst = "Adder">   --->   Core 1 'Adder' <Latency = 0> <II = 1> <Delay = 1.08> <FuncUnit> <Opcode : 'add' 'sub'> <InPorts = 2> <OutPorts = 1>
ST_2 : Operation 32 [1/1] (0.00ns)   --->   "%br_ln145 = br i1 %icmp_ln145, void %for.inc9.loopexit, void %readB.loopexit.exitStub" [mmult.cpp:145]   --->   Operation 32 'br' 'br_ln145' <Predicate = true> <Delay = 0.00>
ST_2 : Operation 33 [1/1] (0.00ns)   --->   "%i_load = load i31 %i" [mmult.cpp:145]   --->   Operation 33 'load' 'i_load' <Predicate = (!icmp_ln145)> <Delay = 0.00>
ST_2 : Operation 34 [1/1] (0.00ns)   --->   "%gmem0_addr = getelementptr i8 %gmem0, i64 %a_read" [mmult.cpp:145]   --->   Operation 34 'getelementptr' 'gmem0_addr' <Predicate = (!icmp_ln145)> <Delay = 0.00>
ST_2 : Operation 35 [1/1] (0.39ns)   --->   "%select_ln145 = select i1 %icmp_ln147, i4 %j_2, i4 0" [mmult.cpp:145]   --->   Operation 35 'select' 'select_ln145' <Predicate = (!icmp_ln145)> <Delay = 0.39> <CoreInst = "Sel">   --->   Core 73 'Sel' <Latency = 0> <II = 1> <Delay = 0.39> <FuncUnit> <Opcode : 'select'> <InPorts = 3> <OutPorts = 1>
ST_2 : Operation 36 [1/1] (1.00ns)   --->   "%add_ln145_1 = add i31 %i_load, i31 1" [mmult.cpp:145]   --->   Operation 36 'add' 'add_ln145_1' <Predicate = (!icmp_ln145)> <Delay = 1.00> <CoreInst = "Adder">   --->   Core 1 'Adder' <Latency = 0> <II = 1> <Delay = 1.00> <FuncUnit> <Opcode : 'add' 'sub'> <InPorts = 2> <OutPorts = 1>
ST_2 : Operation 37 [1/1] (0.41ns)   --->   "%select_ln145_1 = select i1 %icmp_ln147, i31 %i_load, i31 %add_ln145_1" [mmult.cpp:145]   --->   Operation 37 'select' 'select_ln145_1' <Predicate = (!icmp_ln145)> <Delay = 0.41> <CoreInst = "Sel">   --->   Core 73 'Sel' <Latency = 0> <II = 1> <Delay = 0.41> <FuncUnit> <Opcode : 'select'> <InPorts = 3> <OutPorts = 1>
ST_2 : Operation 38 [1/1] (0.00ns)   --->   "%trunc_ln145 = trunc i31 %select_ln145_1" [mmult.cpp:145]   --->   Operation 38 'trunc' 'trunc_ln145' <Predicate = (!icmp_ln145)> <Delay = 0.00>
ST_2 : Operation 39 [1/1] (0.73ns)   --->   "%switch_ln150 = switch i3 %trunc_ln145, void %arrayidx84.case.7, i3 0, void %arrayidx84.case.0, i3 1, void %arrayidx84.case.1, i3 2, void %arrayidx84.case.2, i3 3, void %arrayidx84.case.3, i3 4, void %arrayidx84.case.4, i3 5, void %arrayidx84.case.5, i3 6, void %arrayidx84.case.6" [mmult.cpp:150]   --->   Operation 39 'switch' 'switch_ln150' <Predicate = (!icmp_ln145)> <Delay = 0.73>
ST_2 : Operation 40 [1/1] (0.79ns)   --->   "%add_ln147 = add i4 %select_ln145, i4 1" [mmult.cpp:147]   --->   Operation 40 'add' 'add_ln147' <Predicate = (!icmp_ln145)> <Delay = 0.79> <CoreInst = "Adder">   --->   Core 1 'Adder' <Latency = 0> <II = 1> <Delay = 0.79> <FuncUnit> <Opcode : 'add' 'sub'> <InPorts = 2> <OutPorts = 1>
ST_2 : Operation 41 [1/1] (0.42ns)   --->   "%store_ln145 = store i64 %add_ln145, i64 %indvar_flatten" [mmult.cpp:145]   --->   Operation 41 'store' 'store_ln145' <Predicate = (!icmp_ln145)> <Delay = 0.42>
ST_2 : Operation 42 [1/1] (0.42ns)   --->   "%store_ln145 = store i31 %select_ln145_1, i31 %i" [mmult.cpp:145]   --->   Operation 42 'store' 'store_ln145' <Predicate = (!icmp_ln145)> <Delay = 0.42>
ST_2 : Operation 43 [1/1] (0.42ns)   --->   "%store_ln147 = store i4 %add_ln147, i4 %j" [mmult.cpp:147]   --->   Operation 43 'store' 'store_ln147' <Predicate = (!icmp_ln145)> <Delay = 0.42>
ST_2 : Operation 44 [1/1] (0.00ns)   --->   "%br_ln147 = br void %for.inc" [mmult.cpp:147]   --->   Operation 44 'br' 'br_ln147' <Predicate = (!icmp_ln145)> <Delay = 0.00>

State 3 <SV = 2> <Delay = 2.40>
ST_3 : Operation 45 [1/1] (2.40ns)   --->   "%gmem0_addr_read = read i8 @_ssdm_op_Read.m_axi.p1i8, i8 %gmem0_addr" [mmult.cpp:150]   --->   Operation 45 'read' 'gmem0_addr_read' <Predicate = true> <Delay = 2.40> <CoreInst = "m_axi">   --->   Core 121 'm_axi' <Latency = 0> <II = 1> <Delay = 1.00> <Adapter> <Opcode : 'read' 'write' 'readreq' 'writereq' 'writeresp'>
ST_3 : Operation 74 [1/1] (0.00ns)   --->   "%ret_ln0 = ret"   --->   Operation 74 'ret' 'ret_ln0' <Predicate = (icmp_ln145)> <Delay = 0.00>

State 4 <SV = 3> <Delay = 0.67>
ST_4 : Operation 46 [1/1] (0.00ns)   --->   "%specloopname_ln0 = specloopname void @_ssdm_op_SpecLoopName, void @readA_VITIS_LOOP_147_1_str"   --->   Operation 46 'specloopname' 'specloopname_ln0' <Predicate = true> <Delay = 0.00>
ST_4 : Operation 47 [1/1] (0.00ns)   --->   "%speclooptripcount_ln0 = speclooptripcount void @_ssdm_op_SpecLoopTripCount, i64 64, i64 64, i64 64"   --->   Operation 47 'speclooptripcount' 'speclooptripcount_ln0' <Predicate = true> <Delay = 0.00>
ST_4 : Operation 48 [1/1] (0.00ns)   --->   "%zext_ln147 = zext i4 %select_ln145" [mmult.cpp:147]   --->   Operation 48 'zext' 'zext_ln147' <Predicate = true> <Delay = 0.00>
ST_4 : Operation 49 [1/1] (0.00ns)   --->   "%specpipeline_ln149 = specpipeline void @_ssdm_op_SpecPipeline, i32 1, i32 0, i32 0, i32 0, void @empty_3" [mmult.cpp:149]   --->   Operation 49 'specpipeline' 'specpipeline_ln149' <Predicate = true> <Delay = 0.00>
ST_4 : Operation 50 [1/1] (0.00ns)   --->   "%localA_addr = getelementptr i8 %localA, i64 0, i64 %zext_ln147" [mmult.cpp:150]   --->   Operation 50 'getelementptr' 'localA_addr' <Predicate = true> <Delay = 0.00>
ST_4 : Operation 51 [1/1] (0.00ns)   --->   "%localA_1_addr = getelementptr i8 %localA_1, i64 0, i64 %zext_ln147" [mmult.cpp:150]   --->   Operation 51 'getelementptr' 'localA_1_addr' <Predicate = true> <Delay = 0.00>
ST_4 : Operation 52 [1/1] (0.00ns)   --->   "%localA_2_addr = getelementptr i8 %localA_2, i64 0, i64 %zext_ln147" [mmult.cpp:150]   --->   Operation 52 'getelementptr' 'localA_2_addr' <Predicate = true> <Delay = 0.00>
ST_4 : Operation 53 [1/1] (0.00ns)   --->   "%localA_3_addr = getelementptr i8 %localA_3, i64 0, i64 %zext_ln147" [mmult.cpp:150]   --->   Operation 53 'getelementptr' 'localA_3_addr' <Predicate = true> <Delay = 0.00>
ST_4 : Operation 54 [1/1] (0.00ns)   --->   "%localA_4_addr = getelementptr i8 %localA_4, i64 0, i64 %zext_ln147" [mmult.cpp:150]   --->   Operation 54 'getelementptr' 'localA_4_addr' <Predicate = true> <Delay = 0.00>
ST_4 : Operation 55 [1/1] (0.00ns)   --->   "%localA_5_addr = getelementptr i8 %localA_5, i64 0, i64 %zext_ln147" [mmult.cpp:150]   --->   Operation 55 'getelementptr' 'localA_5_addr' <Predicate = true> <Delay = 0.00>
ST_4 : Operation 56 [1/1] (0.00ns)   --->   "%localA_6_addr = getelementptr i8 %localA_6, i64 0, i64 %zext_ln147" [mmult.cpp:150]   --->   Operation 56 'getelementptr' 'localA_6_addr' <Predicate = true> <Delay = 0.00>
ST_4 : Operation 57 [1/1] (0.00ns)   --->   "%localA_7_addr = getelementptr i8 %localA_7, i64 0, i64 %zext_ln147" [mmult.cpp:150]   --->   Operation 57 'getelementptr' 'localA_7_addr' <Predicate = true> <Delay = 0.00>
ST_4 : Operation 58 [1/1] (0.67ns)   --->   "%store_ln150 = store i8 %gmem0_addr_read, i3 %localA_6_addr" [mmult.cpp:150]   --->   Operation 58 'store' 'store_ln150' <Predicate = (trunc_ln145 == 6)> <Delay = 0.67> <CoreInst = "RAM_2P_LUTRAM">   --->   Core 93 'RAM_2P_LUTRAM' <Latency = 1> <II = 1> <Delay = 0.67> <Storage> <Opcode : 'load' 'store'> <Ports = 2> <Width = 8> <Depth = 8> <RAM>
ST_4 : Operation 59 [1/1] (0.00ns)   --->   "%br_ln150 = br void %arrayidx84.exit" [mmult.cpp:150]   --->   Operation 59 'br' 'br_ln150' <Predicate = (trunc_ln145 == 6)> <Delay = 0.00>
ST_4 : Operation 60 [1/1] (0.67ns)   --->   "%store_ln150 = store i8 %gmem0_addr_read, i3 %localA_5_addr" [mmult.cpp:150]   --->   Operation 60 'store' 'store_ln150' <Predicate = (trunc_ln145 == 5)> <Delay = 0.67> <CoreInst = "RAM_2P_LUTRAM">   --->   Core 93 'RAM_2P_LUTRAM' <Latency = 1> <II = 1> <Delay = 0.67> <Storage> <Opcode : 'load' 'store'> <Ports = 2> <Width = 8> <Depth = 8> <RAM>
ST_4 : Operation 61 [1/1] (0.00ns)   --->   "%br_ln150 = br void %arrayidx84.exit" [mmult.cpp:150]   --->   Operation 61 'br' 'br_ln150' <Predicate = (trunc_ln145 == 5)> <Delay = 0.00>
ST_4 : Operation 62 [1/1] (0.67ns)   --->   "%store_ln150 = store i8 %gmem0_addr_read, i3 %localA_4_addr" [mmult.cpp:150]   --->   Operation 62 'store' 'store_ln150' <Predicate = (trunc_ln145 == 4)> <Delay = 0.67> <CoreInst = "RAM_2P_LUTRAM">   --->   Core 93 'RAM_2P_LUTRAM' <Latency = 1> <II = 1> <Delay = 0.67> <Storage> <Opcode : 'load' 'store'> <Ports = 2> <Width = 8> <Depth = 8> <RAM>
ST_4 : Operation 63 [1/1] (0.00ns)   --->   "%br_ln150 = br void %arrayidx84.exit" [mmult.cpp:150]   --->   Operation 63 'br' 'br_ln150' <Predicate = (trunc_ln145 == 4)> <Delay = 0.00>
ST_4 : Operation 64 [1/1] (0.67ns)   --->   "%store_ln150 = store i8 %gmem0_addr_read, i3 %localA_3_addr" [mmult.cpp:150]   --->   Operation 64 'store' 'store_ln150' <Predicate = (trunc_ln145 == 3)> <Delay = 0.67> <CoreInst = "RAM_2P_LUTRAM">   --->   Core 93 'RAM_2P_LUTRAM' <Latency = 1> <II = 1> <Delay = 0.67> <Storage> <Opcode : 'load' 'store'> <Ports = 2> <Width = 8> <Depth = 8> <RAM>
ST_4 : Operation 65 [1/1] (0.00ns)   --->   "%br_ln150 = br void %arrayidx84.exit" [mmult.cpp:150]   --->   Operation 65 'br' 'br_ln150' <Predicate = (trunc_ln145 == 3)> <Delay = 0.00>
ST_4 : Operation 66 [1/1] (0.67ns)   --->   "%store_ln150 = store i8 %gmem0_addr_read, i3 %localA_2_addr" [mmult.cpp:150]   --->   Operation 66 'store' 'store_ln150' <Predicate = (trunc_ln145 == 2)> <Delay = 0.67> <CoreInst = "RAM_2P_LUTRAM">   --->   Core 93 'RAM_2P_LUTRAM' <Latency = 1> <II = 1> <Delay = 0.67> <Storage> <Opcode : 'load' 'store'> <Ports = 2> <Width = 8> <Depth = 8> <RAM>
ST_4 : Operation 67 [1/1] (0.00ns)   --->   "%br_ln150 = br void %arrayidx84.exit" [mmult.cpp:150]   --->   Operation 67 'br' 'br_ln150' <Predicate = (trunc_ln145 == 2)> <Delay = 0.00>
ST_4 : Operation 68 [1/1] (0.67ns)   --->   "%store_ln150 = store i8 %gmem0_addr_read, i3 %localA_1_addr" [mmult.cpp:150]   --->   Operation 68 'store' 'store_ln150' <Predicate = (trunc_ln145 == 1)> <Delay = 0.67> <CoreInst = "RAM_2P_LUTRAM">   --->   Core 93 'RAM_2P_LUTRAM' <Latency = 1> <II = 1> <Delay = 0.67> <Storage> <Opcode : 'load' 'store'> <Ports = 2> <Width = 8> <Depth = 8> <RAM>
ST_4 : Operation 69 [1/1] (0.00ns)   --->   "%br_ln150 = br void %arrayidx84.exit" [mmult.cpp:150]   --->   Operation 69 'br' 'br_ln150' <Predicate = (trunc_ln145 == 1)> <Delay = 0.00>
ST_4 : Operation 70 [1/1] (0.67ns)   --->   "%store_ln150 = store i8 %gmem0_addr_read, i3 %localA_addr" [mmult.cpp:150]   --->   Operation 70 'store' 'store_ln150' <Predicate = (trunc_ln145 == 0)> <Delay = 0.67> <CoreInst = "RAM_2P_LUTRAM">   --->   Core 93 'RAM_2P_LUTRAM' <Latency = 1> <II = 1> <Delay = 0.67> <Storage> <Opcode : 'load' 'store'> <Ports = 2> <Width = 8> <Depth = 8> <RAM>
ST_4 : Operation 71 [1/1] (0.00ns)   --->   "%br_ln150 = br void %arrayidx84.exit" [mmult.cpp:150]   --->   Operation 71 'br' 'br_ln150' <Predicate = (trunc_ln145 == 0)> <Delay = 0.00>
ST_4 : Operation 72 [1/1] (0.67ns)   --->   "%store_ln150 = store i8 %gmem0_addr_read, i3 %localA_7_addr" [mmult.cpp:150]   --->   Operation 72 'store' 'store_ln150' <Predicate = (trunc_ln145 == 7)> <Delay = 0.67> <CoreInst = "RAM_2P_LUTRAM">   --->   Core 93 'RAM_2P_LUTRAM' <Latency = 1> <II = 1> <Delay = 0.67> <Storage> <Opcode : 'load' 'store'> <Ports = 2> <Width = 8> <Depth = 8> <RAM>
ST_4 : Operation 73 [1/1] (0.00ns)   --->   "%br_ln150 = br void %arrayidx84.exit" [mmult.cpp:150]   --->   Operation 73 'br' 'br_ln150' <Predicate = (trunc_ln145 == 7)> <Delay = 0.00>


============================================================
+ Verbose Summary: Binding
============================================================
STG Binding: 
---------------- STG Properties BEGIN ----------------
- Is combinational: 0
- Is one-state seq: 0
- Is datapath-only: 0
- Is pipelined: 0
- Is top level: 0
Port [ Return ] is wired: 1; IO mode=ap_ctrl_hs:ce=0
Port [ gmem0]:  wired=1; compound=1; hidden=0; nouse=0; global=0; static=0; extern=0; dir=0; type=4; pingpong=0; private_global=0; IO mode=m_axi:ce=0
Port [ a_col]:  wired=1; compound=0; hidden=0; nouse=0; global=0; static=0; extern=0; dir=0; type=0; pingpong=0; private_global=0; IO mode=ap_none:ce=0
Port [ mul_ln107]:  wired=1; compound=0; hidden=0; nouse=0; global=0; static=0; extern=0; dir=0; type=0; pingpong=0; private_global=0; IO mode=ap_none:ce=0
Port [ a]:  wired=1; compound=0; hidden=0; nouse=0; global=0; static=0; extern=0; dir=0; type=0; pingpong=0; private_global=0; IO mode=ap_none:ce=0
Port [ localA_7]:  wired=1; compound=1; hidden=0; nouse=0; global=0; static=0; extern=0; dir=1; type=1; pingpong=0; private_global=0; MemPort=[30]; IO mode=ap_memory:ce=0
Port [ localA_6]:  wired=1; compound=1; hidden=0; nouse=0; global=0; static=0; extern=0; dir=1; type=1; pingpong=0; private_global=0; MemPort=[30]; IO mode=ap_memory:ce=0
Port [ localA_5]:  wired=1; compound=1; hidden=0; nouse=0; global=0; static=0; extern=0; dir=1; type=1; pingpong=0; private_global=0; MemPort=[30]; IO mode=ap_memory:ce=0
Port [ localA_4]:  wired=1; compound=1; hidden=0; nouse=0; global=0; static=0; extern=0; dir=1; type=1; pingpong=0; private_global=0; MemPort=[30]; IO mode=ap_memory:ce=0
Port [ localA_3]:  wired=1; compound=1; hidden=0; nouse=0; global=0; static=0; extern=0; dir=1; type=1; pingpong=0; private_global=0; MemPort=[30]; IO mode=ap_memory:ce=0
Port [ localA_2]:  wired=1; compound=1; hidden=0; nouse=0; global=0; static=0; extern=0; dir=1; type=1; pingpong=0; private_global=0; MemPort=[30]; IO mode=ap_memory:ce=0
Port [ localA_1]:  wired=1; compound=1; hidden=0; nouse=0; global=0; static=0; extern=0; dir=1; type=1; pingpong=0; private_global=0; MemPort=[30]; IO mode=ap_memory:ce=0
Port [ localA]:  wired=1; compound=1; hidden=0; nouse=0; global=0; static=0; extern=0; dir=1; type=1; pingpong=0; private_global=0; MemPort=[30]; IO mode=ap_memory:ce=0
---------------- STG Properties END ------------------

---------------- Datapath Model BEGIN ----------------

<LifeTime>
<method=bitvector/>
j                     (alloca           ) [ 01100]
i                     (alloca           ) [ 01100]
indvar_flatten        (alloca           ) [ 01100]
specmemcore_ln0       (specmemcore      ) [ 00000]
specmemcore_ln0       (specmemcore      ) [ 00000]
specmemcore_ln0       (specmemcore      ) [ 00000]
specmemcore_ln0       (specmemcore      ) [ 00000]
specmemcore_ln0       (specmemcore      ) [ 00000]
specmemcore_ln0       (specmemcore      ) [ 00000]
specmemcore_ln0       (specmemcore      ) [ 00000]
specmemcore_ln0       (specmemcore      ) [ 00000]
specinterface_ln0     (specinterface    ) [ 00000]
a_read                (read             ) [ 01100]
mul_ln107_read        (read             ) [ 01100]
a_col_read            (read             ) [ 01100]
store_ln0             (store            ) [ 00000]
store_ln145           (store            ) [ 00000]
store_ln147           (store            ) [ 00000]
br_ln0                (br               ) [ 00000]
j_2                   (load             ) [ 00000]
indvar_flatten_load   (load             ) [ 00000]
specbitsmap_ln0       (specbitsmap      ) [ 00000]
zext_ln147_1          (zext             ) [ 00000]
icmp_ln147            (icmp             ) [ 00000]
icmp_ln145            (icmp             ) [ 01110]
add_ln145             (add              ) [ 00000]
br_ln145              (br               ) [ 00000]
i_load                (load             ) [ 00000]
gmem0_addr            (getelementptr    ) [ 01010]
select_ln145          (select           ) [ 01011]
add_ln145_1           (add              ) [ 00000]
select_ln145_1        (select           ) [ 00000]
trunc_ln145           (trunc            ) [ 01011]
switch_ln150          (switch           ) [ 00000]
add_ln147             (add              ) [ 00000]
store_ln145           (store            ) [ 00000]
store_ln145           (store            ) [ 00000]
store_ln147           (store            ) [ 00000]
br_ln147              (br               ) [ 00000]
gmem0_addr_read       (read             ) [ 01001]
specloopname_ln0      (specloopname     ) [ 00000]
speclooptripcount_ln0 (speclooptripcount) [ 00000]
zext_ln147            (zext             ) [ 00000]
specpipeline_ln149    (specpipeline     ) [ 00000]
localA_addr           (getelementptr    ) [ 00000]
localA_1_addr         (getelementptr    ) [ 00000]
localA_2_addr         (getelementptr    ) [ 00000]
localA_3_addr         (getelementptr    ) [ 00000]
localA_4_addr         (getelementptr    ) [ 00000]
localA_5_addr         (getelementptr    ) [ 00000]
localA_6_addr         (getelementptr    ) [ 00000]
localA_7_addr         (getelementptr    ) [ 00000]
store_ln150           (store            ) [ 00000]
br_ln150              (br               ) [ 00000]
store_ln150           (store            ) [ 00000]
br_ln150              (br               ) [ 00000]
store_ln150           (store            ) [ 00000]
br_ln150              (br               ) [ 00000]
store_ln150           (store            ) [ 00000]
br_ln150              (br               ) [ 00000]
store_ln150           (store            ) [ 00000]
br_ln150              (br               ) [ 00000]
store_ln150           (store            ) [ 00000]
br_ln150              (br               ) [ 00000]
store_ln150           (store            ) [ 00000]
br_ln150              (br               ) [ 00000]
store_ln150           (store            ) [ 00000]
br_ln150              (br               ) [ 00000]
ret_ln0               (ret              ) [ 00000]
</LifeTime>

<model>

<comp_list>
<comp id="0" class="1000" name="gmem0">
<pin_list>
<pin id="1" dir="1" index="0" bw="1" slack="0"/>
</pin_list>
<bind>
<StgValue><ssdm name="gmem0"/></StgValue>
</bind>
</comp>

<comp id="2" class="1000" name="a_col">
<pin_list>
<pin id="3" dir="1" index="0" bw="1" slack="0"/>
</pin_list>
<bind>
<StgValue><ssdm name="a_col"/></StgValue>
</bind>
</comp>

<comp id="4" class="1000" name="mul_ln107">
<pin_list>
<pin id="5" dir="1" index="0" bw="1" slack="0"/>
</pin_list>
<bind>
<StgValue><ssdm name="mul_ln107"/></StgValue>
</bind>
</comp>

<comp id="6" class="1000" name="a">
<pin_list>
<pin id="7" dir="1" index="0" bw="1" slack="0"/>
</pin_list>
<bind>
<StgValue><ssdm name="a"/></StgValue>
</bind>
</comp>

<comp id="8" class="1000" name="localA_7">
<pin_list>
<pin id="9" dir="1" index="0" bw="1" slack="0"/>
</pin_list>
<bind>
<StgValue><ssdm name="localA_7"/><MemPortTyVec>3 0 </MemPortTyVec>
</StgValue>
</bind>
</comp>

<comp id="10" class="1000" name="localA_6">
<pin_list>
<pin id="11" dir="1" index="0" bw="1" slack="0"/>
</pin_list>
<bind>
<StgValue><ssdm name="localA_6"/><MemPortTyVec>3 0 </MemPortTyVec>
</StgValue>
</bind>
</comp>

<comp id="12" class="1000" name="localA_5">
<pin_list>
<pin id="13" dir="1" index="0" bw="1" slack="0"/>
</pin_list>
<bind>
<StgValue><ssdm name="localA_5"/><MemPortTyVec>3 0 </MemPortTyVec>
</StgValue>
</bind>
</comp>

<comp id="14" class="1000" name="localA_4">
<pin_list>
<pin id="15" dir="1" index="0" bw="1" slack="0"/>
</pin_list>
<bind>
<StgValue><ssdm name="localA_4"/><MemPortTyVec>3 0 </MemPortTyVec>
</StgValue>
</bind>
</comp>

<comp id="16" class="1000" name="localA_3">
<pin_list>
<pin id="17" dir="1" index="0" bw="1" slack="0"/>
</pin_list>
<bind>
<StgValue><ssdm name="localA_3"/><MemPortTyVec>3 0 </MemPortTyVec>
</StgValue>
</bind>
</comp>

<comp id="18" class="1000" name="localA_2">
<pin_list>
<pin id="19" dir="1" index="0" bw="1" slack="0"/>
</pin_list>
<bind>
<StgValue><ssdm name="localA_2"/><MemPortTyVec>3 0 </MemPortTyVec>
</StgValue>
</bind>
</comp>

<comp id="20" class="1000" name="localA_1">
<pin_list>
<pin id="21" dir="1" index="0" bw="1" slack="0"/>
</pin_list>
<bind>
<StgValue><ssdm name="localA_1"/><MemPortTyVec>3 0 </MemPortTyVec>
</StgValue>
</bind>
</comp>

<comp id="22" class="1000" name="localA">
<pin_list>
<pin id="23" dir="1" index="0" bw="1" slack="0"/>
</pin_list>
<bind>
<StgValue><ssdm name="localA"/><MemPortTyVec>3 0 </MemPortTyVec>
</StgValue>
</bind>
</comp>

<comp id="24" class="1001" name="const_24">
<pin_list>
<pin id="25" dir="1" index="0" bw="1" slack="0"/>
</pin_list>
<bind>
<StgValue><ssdm name=""/></StgValue>
</bind>
</comp>

<comp id="26" class="1001" name="const_26">
<pin_list>
<pin id="27" dir="1" index="0" bw="1" slack="2147483647"/>
</pin_list>
<bind>
<StgValue><ssdm name="_ssdm_op_SpecMemCore"/></StgValue>
</bind>
</comp>

<comp id="28" class="1001" name="const_28">
<pin_list>
<pin id="29" dir="1" index="0" bw="1" slack="2147483647"/>
</pin_list>
<bind>
<StgValue><ssdm name=""/></StgValue>
</bind>
</comp>

<comp id="30" class="1001" name="const_30">
<pin_list>
<pin id="31" dir="1" index="0" bw="1" slack="2147483647"/>
</pin_list>
<bind>
<StgValue><ssdm name=""/></StgValue>
</bind>
</comp>

<comp id="32" class="1001" name="const_32">
<pin_list>
<pin id="33" dir="1" index="0" bw="1" slack="2147483647"/>
</pin_list>
<bind>
<StgValue><ssdm name=""/></StgValue>
</bind>
</comp>

<comp id="34" class="1001" name="const_34">
<pin_list>
<pin id="35" dir="1" index="0" bw="1" slack="2147483647"/>
</pin_list>
<bind>
<StgValue><ssdm name="_ssdm_op_SpecInterface"/></StgValue>
</bind>
</comp>

<comp id="36" class="1001" name="const_36">
<pin_list>
<pin id="37" dir="1" index="0" bw="1" slack="2147483647"/>
</pin_list>
<bind>
<StgValue><ssdm name="empty_2"/></StgValue>
</bind>
</comp>

<comp id="38" class="1001" name="const_38">
<pin_list>
<pin id="39" dir="1" index="0" bw="1" slack="2147483647"/>
</pin_list>
<bind>
<StgValue><ssdm name=""/></StgValue>
</bind>
</comp>

<comp id="40" class="1001" name="const_40">
<pin_list>
<pin id="41" dir="1" index="0" bw="1" slack="2147483647"/>
</pin_list>
<bind>
<StgValue><ssdm name="empty_3"/></StgValue>
</bind>
</comp>

<comp id="42" class="1001" name="const_42">
<pin_list>
<pin id="43" dir="1" index="0" bw="1" slack="2147483647"/>
</pin_list>
<bind>
<StgValue><ssdm name="empty_4"/></StgValue>
</bind>
</comp>

<comp id="44" class="1001" name="const_44">
<pin_list>
<pin id="45" dir="1" index="0" bw="1" slack="2147483647"/>
</pin_list>
<bind>
<StgValue><ssdm name="empty_10"/></StgValue>
</bind>
</comp>

<comp id="46" class="1001" name="const_46">
<pin_list>
<pin id="47" dir="1" index="0" bw="1" slack="2147483647"/>
</pin_list>
<bind>
<StgValue><ssdm name=""/></StgValue>
</bind>
</comp>

<comp id="48" class="1001" name="const_48">
<pin_list>
<pin id="49" dir="1" index="0" bw="1" slack="2147483647"/>
</pin_list>
<bind>
<StgValue><ssdm name=""/></StgValue>
</bind>
</comp>

<comp id="50" class="1001" name="const_50">
<pin_list>
<pin id="51" dir="1" index="0" bw="1" slack="0"/>
</pin_list>
<bind>
<StgValue><ssdm name="_ssdm_op_Read.ap_auto.i64"/></StgValue>
</bind>
</comp>

<comp id="52" class="1001" name="const_52">
<pin_list>
<pin id="53" dir="1" index="0" bw="1" slack="0"/>
</pin_list>
<bind>
<StgValue><ssdm name="_ssdm_op_Read.ap_auto.i32"/></StgValue>
</bind>
</comp>

<comp id="54" class="1001" name="const_54">
<pin_list>
<pin id="55" dir="1" index="0" bw="1" slack="0"/>
</pin_list>
<bind>
<StgValue><ssdm name=""/></StgValue>
</bind>
</comp>

<comp id="56" class="1001" name="const_56">
<pin_list>
<pin id="57" dir="1" index="0" bw="1" slack="0"/>
</pin_list>
<bind>
<StgValue><ssdm name=""/></StgValue>
</bind>
</comp>

<comp id="58" class="1001" name="const_58">
<pin_list>
<pin id="59" dir="1" index="0" bw="1" slack="0"/>
</pin_list>
<bind>
<StgValue><ssdm name=""/></StgValue>
</bind>
</comp>

<comp id="60" class="1001" name="const_60">
<pin_list>
<pin id="61" dir="1" index="0" bw="1" slack="2147483647"/>
</pin_list>
<bind>
<StgValue><ssdm name="_ssdm_op_SpecBitsMap"/></StgValue>
</bind>
</comp>

<comp id="62" class="1001" name="const_62">
<pin_list>
<pin id="63" dir="1" index="0" bw="1" slack="0"/>
</pin_list>
<bind>
<StgValue><ssdm name=""/></StgValue>
</bind>
</comp>

<comp id="64" class="1001" name="const_64">
<pin_list>
<pin id="65" dir="1" index="0" bw="1" slack="0"/>
</pin_list>
<bind>
<StgValue><ssdm name=""/></StgValue>
</bind>
</comp>

<comp id="66" class="1001" name="const_66">
<pin_list>
<pin id="67" dir="1" index="0" bw="1" slack="2147483647"/>
</pin_list>
<bind>
<StgValue><ssdm name=""/></StgValue>
</bind>
</comp>

<comp id="68" class="1001" name="const_68">
<pin_list>
<pin id="69" dir="1" index="0" bw="1" slack="2147483647"/>
</pin_list>
<bind>
<StgValue><ssdm name=""/></StgValue>
</bind>
</comp>

<comp id="70" class="1001" name="const_70">
<pin_list>
<pin id="71" dir="1" index="0" bw="1" slack="2147483647"/>
</pin_list>
<bind>
<StgValue><ssdm name=""/></StgValue>
</bind>
</comp>

<comp id="72" class="1001" name="const_72">
<pin_list>
<pin id="73" dir="1" index="0" bw="1" slack="2147483647"/>
</pin_list>
<bind>
<StgValue><ssdm name=""/></StgValue>
</bind>
</comp>

<comp id="74" class="1001" name="const_74">
<pin_list>
<pin id="75" dir="1" index="0" bw="1" slack="2147483647"/>
</pin_list>
<bind>
<StgValue><ssdm name=""/></StgValue>
</bind>
</comp>

<comp id="76" class="1001" name="const_76">
<pin_list>
<pin id="77" dir="1" index="0" bw="1" slack="2147483647"/>
</pin_list>
<bind>
<StgValue><ssdm name=""/></StgValue>
</bind>
</comp>

<comp id="78" class="1001" name="const_78">
<pin_list>
<pin id="79" dir="1" index="0" bw="1" slack="2147483647"/>
</pin_list>
<bind>
<StgValue><ssdm name=""/></StgValue>
</bind>
</comp>

<comp id="80" class="1001" name="const_80">
<pin_list>
<pin id="81" dir="1" index="0" bw="1" slack="0"/>
</pin_list>
<bind>
<StgValue><ssdm name=""/></StgValue>
</bind>
</comp>

<comp id="82" class="1001" name="const_82">
<pin_list>
<pin id="83" dir="1" index="0" bw="1" slack="0"/>
</pin_list>
<bind>
<StgValue><ssdm name="_ssdm_op_Read.m_axi.p1i8"/></StgValue>
</bind>
</comp>

<comp id="84" class="1001" name="const_84">
<pin_list>
<pin id="85" dir="1" index="0" bw="1" slack="2147483647"/>
</pin_list>
<bind>
<StgValue><ssdm name="_ssdm_op_SpecLoopName"/></StgValue>
</bind>
</comp>

<comp id="86" class="1001" name="const_86">
<pin_list>
<pin id="87" dir="1" index="0" bw="1" slack="2147483647"/>
</pin_list>
<bind>
<StgValue><ssdm name="readA_VITIS_LOOP_147_1_str"/></StgValue>
</bind>
</comp>

<comp id="88" class="1001" name="const_88">
<pin_list>
<pin id="89" dir="1" index="0" bw="1" slack="2147483647"/>
</pin_list>
<bind>
<StgValue><ssdm name="_ssdm_op_SpecLoopTripCount"/></StgValue>
</bind>
</comp>

<comp id="90" class="1001" name="const_90">
<pin_list>
<pin id="91" dir="1" index="0" bw="1" slack="2147483647"/>
</pin_list>
<bind>
<StgValue><ssdm name=""/></StgValue>
</bind>
</comp>

<comp id="92" class="1001" name="const_92">
<pin_list>
<pin id="93" dir="1" index="0" bw="1" slack="2147483647"/>
</pin_list>
<bind>
<StgValue><ssdm name="_ssdm_op_SpecPipeline"/></StgValue>
</bind>
</comp>

<comp id="94" class="1004" name="j_fu_94">
<pin_list>
<pin id="95" dir="0" index="0" bw="1" slack="0"/>
<pin id="96" dir="1" index="1" bw="4" slack="0"/>
</pin_list>
<bind>
<opcode="alloca(26) " fcode="alloca"/>
<opset="j/1 "/>
</bind>
</comp>

<comp id="98" class="1004" name="i_fu_98">
<pin_list>
<pin id="99" dir="0" index="0" bw="1" slack="0"/>
<pin id="100" dir="1" index="1" bw="31" slack="0"/>
</pin_list>
<bind>
<opcode="alloca(26) " fcode="alloca"/>
<opset="i/1 "/>
</bind>
</comp>

<comp id="102" class="1004" name="indvar_flatten_fu_102">
<pin_list>
<pin id="103" dir="0" index="0" bw="1" slack="0"/>
<pin id="104" dir="1" index="1" bw="64" slack="0"/>
</pin_list>
<bind>
<opcode="alloca(26) " fcode="alloca"/>
<opset="indvar_flatten/1 "/>
</bind>
</comp>

<comp id="106" class="1004" name="a_read_read_fu_106">
<pin_list>
<pin id="107" dir="0" index="0" bw="64" slack="0"/>
<pin id="108" dir="0" index="1" bw="64" slack="0"/>
<pin id="109" dir="1" index="2" bw="64" slack="1"/>
</pin_list>
<bind>
<opcode="read(1150) " fcode="read"/>
<opset="a_read/1 "/>
</bind>
</comp>

<comp id="112" class="1004" name="mul_ln107_read_read_fu_112">
<pin_list>
<pin id="113" dir="0" index="0" bw="64" slack="0"/>
<pin id="114" dir="0" index="1" bw="64" slack="0"/>
<pin id="115" dir="1" index="2" bw="64" slack="1"/>
</pin_list>
<bind>
<opcode="read(1150) " fcode="read"/>
<opset="mul_ln107_read/1 "/>
</bind>
</comp>

<comp id="118" class="1004" name="a_col_read_read_fu_118">
<pin_list>
<pin id="119" dir="0" index="0" bw="32" slack="0"/>
<pin id="120" dir="0" index="1" bw="32" slack="0"/>
<pin id="121" dir="1" index="2" bw="32" slack="1"/>
</pin_list>
<bind>
<opcode="read(1150) " fcode="read"/>
<opset="a_col_read/1 "/>
</bind>
</comp>

<comp id="124" class="1004" name="gmem0_addr_read_read_fu_124">
<pin_list>
<pin id="125" dir="0" index="0" bw="8" slack="0"/>
<pin id="126" dir="0" index="1" bw="8" slack="1"/>
<pin id="127" dir="1" index="2" bw="8" slack="1"/>
</pin_list>
<bind>
<opcode="read(1150) " fcode="read"/>
<opset="gmem0_addr_read/3 "/>
</bind>
</comp>

<comp id="129" class="1004" name="localA_addr_gep_fu_129">
<pin_list>
<pin id="130" dir="0" index="0" bw="8" slack="0"/>
<pin id="131" dir="0" index="1" bw="1" slack="0"/>
<pin id="132" dir="0" index="2" bw="4" slack="0"/>
<pin id="133" dir="1" index="3" bw="3" slack="0"/>
</pin_list>
<bind>
<opcode="getelementptr(29) " fcode="getelementptr"/>
<opset="localA_addr/4 "/>
</bind>
</comp>

<comp id="136" class="1004" name="localA_1_addr_gep_fu_136">
<pin_list>
<pin id="137" dir="0" index="0" bw="8" slack="0"/>
<pin id="138" dir="0" index="1" bw="1" slack="0"/>
<pin id="139" dir="0" index="2" bw="4" slack="0"/>
<pin id="140" dir="1" index="3" bw="3" slack="0"/>
</pin_list>
<bind>
<opcode="getelementptr(29) " fcode="getelementptr"/>
<opset="localA_1_addr/4 "/>
</bind>
</comp>

<comp id="143" class="1004" name="localA_2_addr_gep_fu_143">
<pin_list>
<pin id="144" dir="0" index="0" bw="8" slack="0"/>
<pin id="145" dir="0" index="1" bw="1" slack="0"/>
<pin id="146" dir="0" index="2" bw="4" slack="0"/>
<pin id="147" dir="1" index="3" bw="3" slack="0"/>
</pin_list>
<bind>
<opcode="getelementptr(29) " fcode="getelementptr"/>
<opset="localA_2_addr/4 "/>
</bind>
</comp>

<comp id="150" class="1004" name="localA_3_addr_gep_fu_150">
<pin_list>
<pin id="151" dir="0" index="0" bw="8" slack="0"/>
<pin id="152" dir="0" index="1" bw="1" slack="0"/>
<pin id="153" dir="0" index="2" bw="4" slack="0"/>
<pin id="154" dir="1" index="3" bw="3" slack="0"/>
</pin_list>
<bind>
<opcode="getelementptr(29) " fcode="getelementptr"/>
<opset="localA_3_addr/4 "/>
</bind>
</comp>

<comp id="157" class="1004" name="localA_4_addr_gep_fu_157">
<pin_list>
<pin id="158" dir="0" index="0" bw="8" slack="0"/>
<pin id="159" dir="0" index="1" bw="1" slack="0"/>
<pin id="160" dir="0" index="2" bw="4" slack="0"/>
<pin id="161" dir="1" index="3" bw="3" slack="0"/>
</pin_list>
<bind>
<opcode="getelementptr(29) " fcode="getelementptr"/>
<opset="localA_4_addr/4 "/>
</bind>
</comp>

<comp id="164" class="1004" name="localA_5_addr_gep_fu_164">
<pin_list>
<pin id="165" dir="0" index="0" bw="8" slack="0"/>
<pin id="166" dir="0" index="1" bw="1" slack="0"/>
<pin id="167" dir="0" index="2" bw="4" slack="0"/>
<pin id="168" dir="1" index="3" bw="3" slack="0"/>
</pin_list>
<bind>
<opcode="getelementptr(29) " fcode="getelementptr"/>
<opset="localA_5_addr/4 "/>
</bind>
</comp>

<comp id="171" class="1004" name="localA_6_addr_gep_fu_171">
<pin_list>
<pin id="172" dir="0" index="0" bw="8" slack="0"/>
<pin id="173" dir="0" index="1" bw="1" slack="0"/>
<pin id="174" dir="0" index="2" bw="4" slack="0"/>
<pin id="175" dir="1" index="3" bw="3" slack="0"/>
</pin_list>
<bind>
<opcode="getelementptr(29) " fcode="getelementptr"/>
<opset="localA_6_addr/4 "/>
</bind>
</comp>

<comp id="178" class="1004" name="localA_7_addr_gep_fu_178">
<pin_list>
<pin id="179" dir="0" index="0" bw="8" slack="0"/>
<pin id="180" dir="0" index="1" bw="1" slack="0"/>
<pin id="181" dir="0" index="2" bw="4" slack="0"/>
<pin id="182" dir="1" index="3" bw="3" slack="0"/>
</pin_list>
<bind>
<opcode="getelementptr(29) " fcode="getelementptr"/>
<opset="localA_7_addr/4 "/>
</bind>
</comp>

<comp id="185" class="1004" name="store_ln150_access_fu_185">
<pin_list>
<pin id="186" dir="0" index="0" bw="3" slack="2147483647"/>
<pin id="187" dir="0" index="1" bw="8" slack="2147483647"/>
<pin id="188" dir="0" index="2" bw="0" slack="0"/>
<pin id="190" dir="0" index="4" bw="3" slack="1"/>
<pin id="191" dir="0" index="5" bw="8" slack="2147483647"/>
<pin id="192" dir="0" index="6" bw="0" slack="2147483647"/>
<pin id="189" dir="1" index="3" bw="8" slack="2147483647"/>
<pin id="193" dir="1" index="7" bw="8" slack="2147483647"/>
</pin_list>
<bind>
<opcode="store(28) " fcode="store"/>
<opset="store_ln150/4 "/>
</bind>
</comp>

<comp id="195" class="1004" name="store_ln150_access_fu_195">
<pin_list>
<pin id="196" dir="0" index="0" bw="3" slack="2147483647"/>
<pin id="197" dir="0" index="1" bw="8" slack="2147483647"/>
<pin id="198" dir="0" index="2" bw="0" slack="0"/>
<pin id="200" dir="0" index="4" bw="3" slack="1"/>
<pin id="201" dir="0" index="5" bw="8" slack="2147483647"/>
<pin id="202" dir="0" index="6" bw="0" slack="2147483647"/>
<pin id="199" dir="1" index="3" bw="8" slack="2147483647"/>
<pin id="203" dir="1" index="7" bw="8" slack="2147483647"/>
</pin_list>
<bind>
<opcode="store(28) " fcode="store"/>
<opset="store_ln150/4 "/>
</bind>
</comp>

<comp id="205" class="1004" name="store_ln150_access_fu_205">
<pin_list>
<pin id="206" dir="0" index="0" bw="3" slack="2147483647"/>
<pin id="207" dir="0" index="1" bw="8" slack="2147483647"/>
<pin id="208" dir="0" index="2" bw="0" slack="0"/>
<pin id="210" dir="0" index="4" bw="3" slack="1"/>
<pin id="211" dir="0" index="5" bw="8" slack="2147483647"/>
<pin id="212" dir="0" index="6" bw="0" slack="2147483647"/>
<pin id="209" dir="1" index="3" bw="8" slack="2147483647"/>
<pin id="213" dir="1" index="7" bw="8" slack="2147483647"/>
</pin_list>
<bind>
<opcode="store(28) " fcode="store"/>
<opset="store_ln150/4 "/>
</bind>
</comp>

<comp id="215" class="1004" name="store_ln150_access_fu_215">
<pin_list>
<pin id="216" dir="0" index="0" bw="3" slack="2147483647"/>
<pin id="217" dir="0" index="1" bw="8" slack="2147483647"/>
<pin id="218" dir="0" index="2" bw="0" slack="0"/>
<pin id="220" dir="0" index="4" bw="3" slack="1"/>
<pin id="221" dir="0" index="5" bw="8" slack="2147483647"/>
<pin id="222" dir="0" index="6" bw="0" slack="2147483647"/>
<pin id="219" dir="1" index="3" bw="8" slack="2147483647"/>
<pin id="223" dir="1" index="7" bw="8" slack="2147483647"/>
</pin_list>
<bind>
<opcode="store(28) " fcode="store"/>
<opset="store_ln150/4 "/>
</bind>
</comp>

<comp id="225" class="1004" name="store_ln150_access_fu_225">
<pin_list>
<pin id="226" dir="0" index="0" bw="3" slack="2147483647"/>
<pin id="227" dir="0" index="1" bw="8" slack="2147483647"/>
<pin id="228" dir="0" index="2" bw="0" slack="0"/>
<pin id="230" dir="0" index="4" bw="3" slack="1"/>
<pin id="231" dir="0" index="5" bw="8" slack="2147483647"/>
<pin id="232" dir="0" index="6" bw="0" slack="2147483647"/>
<pin id="229" dir="1" index="3" bw="8" slack="2147483647"/>
<pin id="233" dir="1" index="7" bw="8" slack="2147483647"/>
</pin_list>
<bind>
<opcode="store(28) " fcode="store"/>
<opset="store_ln150/4 "/>
</bind>
</comp>

<comp id="235" class="1004" name="store_ln150_access_fu_235">
<pin_list>
<pin id="236" dir="0" index="0" bw="3" slack="2147483647"/>
<pin id="237" dir="0" index="1" bw="8" slack="2147483647"/>
<pin id="238" dir="0" index="2" bw="0" slack="0"/>
<pin id="240" dir="0" index="4" bw="3" slack="1"/>
<pin id="241" dir="0" index="5" bw="8" slack="2147483647"/>
<pin id="242" dir="0" index="6" bw="0" slack="2147483647"/>
<pin id="239" dir="1" index="3" bw="8" slack="2147483647"/>
<pin id="243" dir="1" index="7" bw="8" slack="2147483647"/>
</pin_list>
<bind>
<opcode="store(28) " fcode="store"/>
<opset="store_ln150/4 "/>
</bind>
</comp>

<comp id="245" class="1004" name="store_ln150_access_fu_245">
<pin_list>
<pin id="246" dir="0" index="0" bw="3" slack="2147483647"/>
<pin id="247" dir="0" index="1" bw="8" slack="2147483647"/>
<pin id="248" dir="0" index="2" bw="0" slack="0"/>
<pin id="250" dir="0" index="4" bw="3" slack="1"/>
<pin id="251" dir="0" index="5" bw="8" slack="2147483647"/>
<pin id="252" dir="0" index="6" bw="0" slack="2147483647"/>
<pin id="249" dir="1" index="3" bw="8" slack="2147483647"/>
<pin id="253" dir="1" index="7" bw="8" slack="2147483647"/>
</pin_list>
<bind>
<opcode="store(28) " fcode="store"/>
<opset="store_ln150/4 "/>
</bind>
</comp>

<comp id="255" class="1004" name="store_ln150_access_fu_255">
<pin_list>
<pin id="256" dir="0" index="0" bw="3" slack="2147483647"/>
<pin id="257" dir="0" index="1" bw="8" slack="2147483647"/>
<pin id="258" dir="0" index="2" bw="0" slack="0"/>
<pin id="260" dir="0" index="4" bw="3" slack="1"/>
<pin id="261" dir="0" index="5" bw="8" slack="2147483647"/>
<pin id="262" dir="0" index="6" bw="0" slack="2147483647"/>
<pin id="259" dir="1" index="3" bw="8" slack="2147483647"/>
<pin id="263" dir="1" index="7" bw="8" slack="2147483647"/>
</pin_list>
<bind>
<opcode="store(28) " fcode="store"/>
<opset="store_ln150/4 "/>
</bind>
</comp>

<comp id="265" class="1004" name="store_ln0_store_fu_265">
<pin_list>
<pin id="266" dir="0" index="0" bw="1" slack="0"/>
<pin id="267" dir="0" index="1" bw="64" slack="0"/>
<pin id="268" dir="1" index="2" bw="0" slack="2147483647"/>
</pin_list>
<bind>
<opcode="store(28) " fcode="store"/>
<opset="store_ln0/1 "/>
</bind>
</comp>

<comp id="270" class="1004" name="store_ln145_store_fu_270">
<pin_list>
<pin id="271" dir="0" index="0" bw="1" slack="0"/>
<pin id="272" dir="0" index="1" bw="31" slack="0"/>
<pin id="273" dir="1" index="2" bw="0" slack="2147483647"/>
</pin_list>
<bind>
<opcode="store(28) " fcode="store"/>
<opset="store_ln145/1 "/>
</bind>
</comp>

<comp id="275" class="1004" name="store_ln147_store_fu_275">
<pin_list>
<pin id="276" dir="0" index="0" bw="1" slack="0"/>
<pin id="277" dir="0" index="1" bw="4" slack="0"/>
<pin id="278" dir="1" index="2" bw="0" slack="2147483647"/>
</pin_list>
<bind>
<opcode="store(28) " fcode="store"/>
<opset="store_ln147/1 "/>
</bind>
</comp>

<comp id="280" class="1004" name="j_2_load_fu_280">
<pin_list>
<pin id="281" dir="0" index="0" bw="4" slack="1"/>
<pin id="282" dir="1" index="1" bw="4" slack="0"/>
</pin_list>
<bind>
<opcode="load(27) " fcode="load"/>
<opset="j_2/2 "/>
</bind>
</comp>

<comp id="283" class="1004" name="indvar_flatten_load_load_fu_283">
<pin_list>
<pin id="284" dir="0" index="0" bw="64" slack="1"/>
<pin id="285" dir="1" index="1" bw="64" slack="0"/>
</pin_list>
<bind>
<opcode="load(27) " fcode="load"/>
<opset="indvar_flatten_load/2 "/>
</bind>
</comp>

<comp id="286" class="1004" name="zext_ln147_1_fu_286">
<pin_list>
<pin id="287" dir="0" index="0" bw="4" slack="0"/>
<pin id="288" dir="1" index="1" bw="32" slack="0"/>
</pin_list>
<bind>
<opcode="zext(34) " fcode="zext"/>
<opset="zext_ln147_1/2 "/>
</bind>
</comp>

<comp id="290" class="1004" name="icmp_ln147_fu_290">
<pin_list>
<pin id="291" dir="0" index="0" bw="4" slack="0"/>
<pin id="292" dir="0" index="1" bw="32" slack="1"/>
<pin id="293" dir="1" index="2" bw="1" slack="0"/>
</pin_list>
<bind>
<opcode="icmp(45) " fcode="icmp"/>
<opset="icmp_ln147/2 "/>
</bind>
</comp>

<comp id="295" class="1004" name="icmp_ln145_fu_295">
<pin_list>
<pin id="296" dir="0" index="0" bw="64" slack="0"/>
<pin id="297" dir="0" index="1" bw="64" slack="1"/>
<pin id="298" dir="1" index="2" bw="1" slack="1"/>
</pin_list>
<bind>
<opcode="icmp(45) " fcode="icmp"/>
<opset="icmp_ln145/2 "/>
</bind>
</comp>

<comp id="300" class="1004" name="add_ln145_fu_300">
<pin_list>
<pin id="301" dir="0" index="0" bw="64" slack="0"/>
<pin id="302" dir="0" index="1" bw="1" slack="0"/>
<pin id="303" dir="1" index="2" bw="64" slack="0"/>
</pin_list>
<bind>
<opcode="add(8) " fcode="add"/>
<opset="add_ln145/2 "/>
</bind>
</comp>

<comp id="306" class="1004" name="i_load_load_fu_306">
<pin_list>
<pin id="307" dir="0" index="0" bw="31" slack="1"/>
<pin id="308" dir="1" index="1" bw="31" slack="0"/>
</pin_list>
<bind>
<opcode="load(27) " fcode="load"/>
<opset="i_load/2 "/>
</bind>
</comp>

<comp id="309" class="1004" name="gmem0_addr_fu_309">
<pin_list>
<pin id="310" dir="0" index="0" bw="8" slack="0"/>
<pin id="311" dir="0" index="1" bw="64" slack="1"/>
<pin id="312" dir="1" index="2" bw="8" slack="1"/>
</pin_list>
<bind>
<opcode="getelementptr(29) " fcode="getelementptr"/>
<opset="gmem0_addr/2 "/>
</bind>
</comp>

<comp id="314" class="1004" name="select_ln145_fu_314">
<pin_list>
<pin id="315" dir="0" index="0" bw="1" slack="0"/>
<pin id="316" dir="0" index="1" bw="4" slack="0"/>
<pin id="317" dir="0" index="2" bw="1" slack="0"/>
<pin id="318" dir="1" index="3" bw="4" slack="0"/>
</pin_list>
<bind>
<opcode="select(49) " fcode="select"/>
<opset="select_ln145/2 "/>
</bind>
</comp>

<comp id="322" class="1004" name="add_ln145_1_fu_322">
<pin_list>
<pin id="323" dir="0" index="0" bw="31" slack="0"/>
<pin id="324" dir="0" index="1" bw="1" slack="0"/>
<pin id="325" dir="1" index="2" bw="31" slack="0"/>
</pin_list>
<bind>
<opcode="add(8) " fcode="add"/>
<opset="add_ln145_1/2 "/>
</bind>
</comp>

<comp id="328" class="1004" name="select_ln145_1_fu_328">
<pin_list>
<pin id="329" dir="0" index="0" bw="1" slack="0"/>
<pin id="330" dir="0" index="1" bw="31" slack="0"/>
<pin id="331" dir="0" index="2" bw="31" slack="0"/>
<pin id="332" dir="1" index="3" bw="31" slack="0"/>
</pin_list>
<bind>
<opcode="select(49) " fcode="select"/>
<opset="select_ln145_1/2 "/>
</bind>
</comp>

<comp id="336" class="1004" name="trunc_ln145_fu_336">
<pin_list>
<pin id="337" dir="0" index="0" bw="31" slack="0"/>
<pin id="338" dir="1" index="1" bw="3" slack="2"/>
</pin_list>
<bind>
<opcode="trunc(33) " fcode="trunc"/>
<opset="trunc_ln145/2 "/>
</bind>
</comp>

<comp id="340" class="1004" name="add_ln147_fu_340">
<pin_list>
<pin id="341" dir="0" index="0" bw="4" slack="0"/>
<pin id="342" dir="0" index="1" bw="1" slack="0"/>
<pin id="343" dir="1" index="2" bw="4" slack="0"/>
</pin_list>
<bind>
<opcode="add(8) " fcode="add"/>
<opset="add_ln147/2 "/>
</bind>
</comp>

<comp id="346" class="1004" name="store_ln145_store_fu_346">
<pin_list>
<pin id="347" dir="0" index="0" bw="64" slack="0"/>
<pin id="348" dir="0" index="1" bw="64" slack="1"/>
<pin id="349" dir="1" index="2" bw="0" slack="2147483647"/>
</pin_list>
<bind>
<opcode="store(28) " fcode="store"/>
<opset="store_ln145/2 "/>
</bind>
</comp>

<comp id="351" class="1004" name="store_ln145_store_fu_351">
<pin_list>
<pin id="352" dir="0" index="0" bw="31" slack="0"/>
<pin id="353" dir="0" index="1" bw="31" slack="1"/>
<pin id="354" dir="1" index="2" bw="0" slack="2147483647"/>
</pin_list>
<bind>
<opcode="store(28) " fcode="store"/>
<opset="store_ln145/2 "/>
</bind>
</comp>

<comp id="356" class="1004" name="store_ln147_store_fu_356">
<pin_list>
<pin id="357" dir="0" index="0" bw="4" slack="0"/>
<pin id="358" dir="0" index="1" bw="4" slack="1"/>
<pin id="359" dir="1" index="2" bw="0" slack="2147483647"/>
</pin_list>
<bind>
<opcode="store(28) " fcode="store"/>
<opset="store_ln147/2 "/>
</bind>
</comp>

<comp id="361" class="1004" name="zext_ln147_fu_361">
<pin_list>
<pin id="362" dir="0" index="0" bw="4" slack="2"/>
<pin id="363" dir="1" index="1" bw="64" slack="0"/>
</pin_list>
<bind>
<opcode="zext(34) " fcode="zext"/>
<opset="zext_ln147/4 "/>
</bind>
</comp>

<comp id="372" class="1005" name="j_reg_372">
<pin_list>
<pin id="373" dir="0" index="0" bw="4" slack="0"/>
<pin id="374" dir="1" index="1" bw="4" slack="0"/>
</pin_list>
<bind>
<opset="j "/>
</bind>
</comp>

<comp id="379" class="1005" name="i_reg_379">
<pin_list>
<pin id="380" dir="0" index="0" bw="31" slack="0"/>
<pin id="381" dir="1" index="1" bw="31" slack="0"/>
</pin_list>
<bind>
<opset="i "/>
</bind>
</comp>

<comp id="386" class="1005" name="indvar_flatten_reg_386">
<pin_list>
<pin id="387" dir="0" index="0" bw="64" slack="0"/>
<pin id="388" dir="1" index="1" bw="64" slack="0"/>
</pin_list>
<bind>
<opset="indvar_flatten "/>
</bind>
</comp>

<comp id="393" class="1005" name="a_read_reg_393">
<pin_list>
<pin id="394" dir="0" index="0" bw="64" slack="1"/>
<pin id="395" dir="1" index="1" bw="64" slack="1"/>
</pin_list>
<bind>
<opset="a_read "/>
</bind>
</comp>

<comp id="398" class="1005" name="mul_ln107_read_reg_398">
<pin_list>
<pin id="399" dir="0" index="0" bw="64" slack="1"/>
<pin id="400" dir="1" index="1" bw="64" slack="1"/>
</pin_list>
<bind>
<opset="mul_ln107_read "/>
</bind>
</comp>

<comp id="403" class="1005" name="a_col_read_reg_403">
<pin_list>
<pin id="404" dir="0" index="0" bw="32" slack="1"/>
<pin id="405" dir="1" index="1" bw="32" slack="1"/>
</pin_list>
<bind>
<opset="a_col_read "/>
</bind>
</comp>

<comp id="408" class="1005" name="icmp_ln145_reg_408">
<pin_list>
<pin id="409" dir="0" index="0" bw="1" slack="1"/>
<pin id="410" dir="1" index="1" bw="1" slack="2147483647"/>
</pin_list>
<bind>
<opset="icmp_ln145 "/>
</bind>
</comp>

<comp id="412" class="1005" name="gmem0_addr_reg_412">
<pin_list>
<pin id="413" dir="0" index="0" bw="8" slack="1"/>
<pin id="414" dir="1" index="1" bw="8" slack="1"/>
</pin_list>
<bind>
<opset="gmem0_addr "/>
</bind>
</comp>

<comp id="417" class="1005" name="select_ln145_reg_417">
<pin_list>
<pin id="418" dir="0" index="0" bw="4" slack="2"/>
<pin id="419" dir="1" index="1" bw="4" slack="2"/>
</pin_list>
<bind>
<opset="select_ln145 "/>
</bind>
</comp>

<comp id="422" class="1005" name="trunc_ln145_reg_422">
<pin_list>
<pin id="423" dir="0" index="0" bw="3" slack="2"/>
<pin id="424" dir="1" index="1" bw="3" slack="2147483647"/>
</pin_list>
<bind>
<opset="trunc_ln145 "/>
</bind>
</comp>

<comp id="426" class="1005" name="gmem0_addr_read_reg_426">
<pin_list>
<pin id="427" dir="0" index="0" bw="8" slack="1"/>
<pin id="428" dir="1" index="1" bw="8" slack="1"/>
</pin_list>
<bind>
<opset="gmem0_addr_read "/>
</bind>
</comp>

</comp_list>

<net_list>
<net id="97"><net_src comp="24" pin="0"/><net_sink comp="94" pin=0"/></net>

<net id="101"><net_src comp="24" pin="0"/><net_sink comp="98" pin=0"/></net>

<net id="105"><net_src comp="24" pin="0"/><net_sink comp="102" pin=0"/></net>

<net id="110"><net_src comp="50" pin="0"/><net_sink comp="106" pin=0"/></net>

<net id="111"><net_src comp="6" pin="0"/><net_sink comp="106" pin=1"/></net>

<net id="116"><net_src comp="50" pin="0"/><net_sink comp="112" pin=0"/></net>

<net id="117"><net_src comp="4" pin="0"/><net_sink comp="112" pin=1"/></net>

<net id="122"><net_src comp="52" pin="0"/><net_sink comp="118" pin=0"/></net>

<net id="123"><net_src comp="2" pin="0"/><net_sink comp="118" pin=1"/></net>

<net id="128"><net_src comp="82" pin="0"/><net_sink comp="124" pin=0"/></net>

<net id="134"><net_src comp="22" pin="0"/><net_sink comp="129" pin=0"/></net>

<net id="135"><net_src comp="54" pin="0"/><net_sink comp="129" pin=1"/></net>

<net id="141"><net_src comp="20" pin="0"/><net_sink comp="136" pin=0"/></net>

<net id="142"><net_src comp="54" pin="0"/><net_sink comp="136" pin=1"/></net>

<net id="148"><net_src comp="18" pin="0"/><net_sink comp="143" pin=0"/></net>

<net id="149"><net_src comp="54" pin="0"/><net_sink comp="143" pin=1"/></net>

<net id="155"><net_src comp="16" pin="0"/><net_sink comp="150" pin=0"/></net>

<net id="156"><net_src comp="54" pin="0"/><net_sink comp="150" pin=1"/></net>

<net id="162"><net_src comp="14" pin="0"/><net_sink comp="157" pin=0"/></net>

<net id="163"><net_src comp="54" pin="0"/><net_sink comp="157" pin=1"/></net>

<net id="169"><net_src comp="12" pin="0"/><net_sink comp="164" pin=0"/></net>

<net id="170"><net_src comp="54" pin="0"/><net_sink comp="164" pin=1"/></net>

<net id="176"><net_src comp="10" pin="0"/><net_sink comp="171" pin=0"/></net>

<net id="177"><net_src comp="54" pin="0"/><net_sink comp="171" pin=1"/></net>

<net id="183"><net_src comp="8" pin="0"/><net_sink comp="178" pin=0"/></net>

<net id="184"><net_src comp="54" pin="0"/><net_sink comp="178" pin=1"/></net>

<net id="194"><net_src comp="171" pin="3"/><net_sink comp="185" pin=2"/></net>

<net id="204"><net_src comp="164" pin="3"/><net_sink comp="195" pin=2"/></net>

<net id="214"><net_src comp="157" pin="3"/><net_sink comp="205" pin=2"/></net>

<net id="224"><net_src comp="150" pin="3"/><net_sink comp="215" pin=2"/></net>

<net id="234"><net_src comp="143" pin="3"/><net_sink comp="225" pin=2"/></net>

<net id="244"><net_src comp="136" pin="3"/><net_sink comp="235" pin=2"/></net>

<net id="254"><net_src comp="129" pin="3"/><net_sink comp="245" pin=2"/></net>

<net id="264"><net_src comp="178" pin="3"/><net_sink comp="255" pin=2"/></net>

<net id="269"><net_src comp="54" pin="0"/><net_sink comp="265" pin=0"/></net>

<net id="274"><net_src comp="56" pin="0"/><net_sink comp="270" pin=0"/></net>

<net id="279"><net_src comp="58" pin="0"/><net_sink comp="275" pin=0"/></net>

<net id="289"><net_src comp="280" pin="1"/><net_sink comp="286" pin=0"/></net>

<net id="294"><net_src comp="286" pin="1"/><net_sink comp="290" pin=0"/></net>

<net id="299"><net_src comp="283" pin="1"/><net_sink comp="295" pin=0"/></net>

<net id="304"><net_src comp="283" pin="1"/><net_sink comp="300" pin=0"/></net>

<net id="305"><net_src comp="62" pin="0"/><net_sink comp="300" pin=1"/></net>

<net id="313"><net_src comp="0" pin="0"/><net_sink comp="309" pin=0"/></net>

<net id="319"><net_src comp="290" pin="2"/><net_sink comp="314" pin=0"/></net>

<net id="320"><net_src comp="280" pin="1"/><net_sink comp="314" pin=1"/></net>

<net id="321"><net_src comp="58" pin="0"/><net_sink comp="314" pin=2"/></net>

<net id="326"><net_src comp="306" pin="1"/><net_sink comp="322" pin=0"/></net>

<net id="327"><net_src comp="64" pin="0"/><net_sink comp="322" pin=1"/></net>

<net id="333"><net_src comp="290" pin="2"/><net_sink comp="328" pin=0"/></net>

<net id="334"><net_src comp="306" pin="1"/><net_sink comp="328" pin=1"/></net>

<net id="335"><net_src comp="322" pin="2"/><net_sink comp="328" pin=2"/></net>

<net id="339"><net_src comp="328" pin="3"/><net_sink comp="336" pin=0"/></net>

<net id="344"><net_src comp="314" pin="3"/><net_sink comp="340" pin=0"/></net>

<net id="345"><net_src comp="80" pin="0"/><net_sink comp="340" pin=1"/></net>

<net id="350"><net_src comp="300" pin="2"/><net_sink comp="346" pin=0"/></net>

<net id="355"><net_src comp="328" pin="3"/><net_sink comp="351" pin=0"/></net>

<net id="360"><net_src comp="340" pin="2"/><net_sink comp="356" pin=0"/></net>

<net id="364"><net_src comp="361" pin="1"/><net_sink comp="129" pin=2"/></net>

<net id="365"><net_src comp="361" pin="1"/><net_sink comp="136" pin=2"/></net>

<net id="366"><net_src comp="361" pin="1"/><net_sink comp="143" pin=2"/></net>

<net id="367"><net_src comp="361" pin="1"/><net_sink comp="150" pin=2"/></net>

<net id="368"><net_src comp="361" pin="1"/><net_sink comp="157" pin=2"/></net>

<net id="369"><net_src comp="361" pin="1"/><net_sink comp="164" pin=2"/></net>

<net id="370"><net_src comp="361" pin="1"/><net_sink comp="171" pin=2"/></net>

<net id="371"><net_src comp="361" pin="1"/><net_sink comp="178" pin=2"/></net>

<net id="375"><net_src comp="94" pin="1"/><net_sink comp="372" pin=0"/></net>

<net id="376"><net_src comp="372" pin="1"/><net_sink comp="275" pin=1"/></net>

<net id="377"><net_src comp="372" pin="1"/><net_sink comp="280" pin=0"/></net>

<net id="378"><net_src comp="372" pin="1"/><net_sink comp="356" pin=1"/></net>

<net id="382"><net_src comp="98" pin="1"/><net_sink comp="379" pin=0"/></net>

<net id="383"><net_src comp="379" pin="1"/><net_sink comp="270" pin=1"/></net>

<net id="384"><net_src comp="379" pin="1"/><net_sink comp="306" pin=0"/></net>

<net id="385"><net_src comp="379" pin="1"/><net_sink comp="351" pin=1"/></net>

<net id="389"><net_src comp="102" pin="1"/><net_sink comp="386" pin=0"/></net>

<net id="390"><net_src comp="386" pin="1"/><net_sink comp="265" pin=1"/></net>

<net id="391"><net_src comp="386" pin="1"/><net_sink comp="283" pin=0"/></net>

<net id="392"><net_src comp="386" pin="1"/><net_sink comp="346" pin=1"/></net>

<net id="396"><net_src comp="106" pin="2"/><net_sink comp="393" pin=0"/></net>

<net id="397"><net_src comp="393" pin="1"/><net_sink comp="309" pin=1"/></net>

<net id="401"><net_src comp="112" pin="2"/><net_sink comp="398" pin=0"/></net>

<net id="402"><net_src comp="398" pin="1"/><net_sink comp="295" pin=1"/></net>

<net id="406"><net_src comp="118" pin="2"/><net_sink comp="403" pin=0"/></net>

<net id="407"><net_src comp="403" pin="1"/><net_sink comp="290" pin=1"/></net>

<net id="411"><net_src comp="295" pin="2"/><net_sink comp="408" pin=0"/></net>

<net id="415"><net_src comp="309" pin="2"/><net_sink comp="412" pin=0"/></net>

<net id="416"><net_src comp="412" pin="1"/><net_sink comp="124" pin=1"/></net>

<net id="420"><net_src comp="314" pin="3"/><net_sink comp="417" pin=0"/></net>

<net id="421"><net_src comp="417" pin="1"/><net_sink comp="361" pin=0"/></net>

<net id="425"><net_src comp="336" pin="1"/><net_sink comp="422" pin=0"/></net>

<net id="429"><net_src comp="124" pin="2"/><net_sink comp="426" pin=0"/></net>

<net id="430"><net_src comp="426" pin="1"/><net_sink comp="185" pin=4"/></net>

<net id="431"><net_src comp="426" pin="1"/><net_sink comp="195" pin=4"/></net>

<net id="432"><net_src comp="426" pin="1"/><net_sink comp="205" pin=4"/></net>

<net id="433"><net_src comp="426" pin="1"/><net_sink comp="215" pin=4"/></net>

<net id="434"><net_src comp="426" pin="1"/><net_sink comp="225" pin=4"/></net>

<net id="435"><net_src comp="426" pin="1"/><net_sink comp="235" pin=4"/></net>

<net id="436"><net_src comp="426" pin="1"/><net_sink comp="245" pin=4"/></net>

<net id="437"><net_src comp="426" pin="1"/><net_sink comp="255" pin=4"/></net>

</net_list>

</model> 
---------------- Datapath Model END ------------------

* FSMD analyzer results:
  - Output states:
	Port: localA_7 | {4 }
	Port: localA_6 | {4 }
	Port: localA_5 | {4 }
	Port: localA_4 | {4 }
	Port: localA_3 | {4 }
	Port: localA_2 | {4 }
	Port: localA_1 | {4 }
	Port: localA | {4 }
 - Input state : 
	Port: mmult_Pipeline_readA_VITIS_LOOP_147_1 : gmem0 | {3 }
	Port: mmult_Pipeline_readA_VITIS_LOOP_147_1 : a_col | {1 }
	Port: mmult_Pipeline_readA_VITIS_LOOP_147_1 : mul_ln107 | {1 }
	Port: mmult_Pipeline_readA_VITIS_LOOP_147_1 : a | {1 }
  - Chain level:
	State 1
		store_ln0 : 1
		store_ln145 : 1
		store_ln147 : 1
	State 2
		zext_ln147_1 : 1
		icmp_ln147 : 2
		icmp_ln145 : 1
		add_ln145 : 1
		br_ln145 : 2
		select_ln145 : 3
		add_ln145_1 : 1
		select_ln145_1 : 3
		trunc_ln145 : 4
		switch_ln150 : 5
		add_ln147 : 4
		store_ln145 : 2
		store_ln145 : 4
		store_ln147 : 5
	State 3
	State 4
		localA_addr : 1
		localA_1_addr : 1
		localA_2_addr : 1
		localA_3_addr : 1
		localA_4_addr : 1
		localA_5_addr : 1
		localA_6_addr : 1
		localA_7_addr : 1
		store_ln150 : 2
		store_ln150 : 2
		store_ln150 : 2
		store_ln150 : 2
		store_ln150 : 2
		store_ln150 : 2
		store_ln150 : 2
		store_ln150 : 2


============================================================
+ Verbose Summary: Datapath Resource usage 
============================================================

* Functional unit list:
|----------|-----------------------------|---------|---------|
| Operation|       Functional Unit       |    FF   |   LUT   |
|----------|-----------------------------|---------|---------|
|          |       add_ln145_fu_300      |    0    |    71   |
|    add   |      add_ln145_1_fu_322     |    0    |    38   |
|          |       add_ln147_fu_340      |    0    |    12   |
|----------|-----------------------------|---------|---------|
|   icmp   |      icmp_ln147_fu_290      |    0    |    39   |
|          |      icmp_ln145_fu_295      |    0    |    71   |
|----------|-----------------------------|---------|---------|
|  select  |     select_ln145_fu_314     |    0    |    4    |
|          |    select_ln145_1_fu_328    |    0    |    31   |
|----------|-----------------------------|---------|---------|
|          |      a_read_read_fu_106     |    0    |    0    |
|   read   |  mul_ln107_read_read_fu_112 |    0    |    0    |
|          |    a_col_read_read_fu_118   |    0    |    0    |
|          | gmem0_addr_read_read_fu_124 |    0    |    0    |
|----------|-----------------------------|---------|---------|
|   zext   |     zext_ln147_1_fu_286     |    0    |    0    |
|          |      zext_ln147_fu_361      |    0    |    0    |
|----------|-----------------------------|---------|---------|
|   trunc  |      trunc_ln145_fu_336     |    0    |    0    |
|----------|-----------------------------|---------|---------|
|   Total  |                             |    0    |   266   |
|----------|-----------------------------|---------|---------|

Memories:
N/A

* Register list:
+-----------------------+--------+
|                       |   FF   |
+-----------------------+--------+
|   a_col_read_reg_403  |   32   |
|     a_read_reg_393    |   64   |
|gmem0_addr_read_reg_426|    8   |
|   gmem0_addr_reg_412  |    8   |
|       i_reg_379       |   31   |
|   icmp_ln145_reg_408  |    1   |
| indvar_flatten_reg_386|   64   |
|       j_reg_372       |    4   |
| mul_ln107_read_reg_398|   64   |
|  select_ln145_reg_417 |    4   |
|  trunc_ln145_reg_422  |    3   |
+-----------------------+--------+
|         Total         |   283  |
+-----------------------+--------+

* Multiplexer (MUX) list: 
|--------|------|------|------|--------|
|  Comp  |  Pin | Size |  BW  | S x BW |
|--------|------|------|------|--------|
|  Total |      |      |      |    0   |
|--------|------|------|------|--------|



* Summary:
+-----------+--------+--------+
|           |   FF   |   LUT  |
+-----------+--------+--------+
|  Function |    0   |   266  |
|   Memory  |    -   |    -   |
|Multiplexer|    -   |    -   |
|  Register |   283  |    -   |
+-----------+--------+--------+
|   Total   |   283  |   266  |
+-----------+--------+--------+
