

================================================================
== Vitis HLS Report for 'mmult_Pipeline_readB_VITIS_LOOP_158_2'
================================================================
* Date:           Sat Jun  6 17:47:13 2026

* Version:        2023.2 (Build 4023990 on Oct 11 2023)
* Project:        hls_prj
* Solution:       s1 (Vivado IP Flow Target)
* Product family: zynquplus
* Target device:  xck26-sfvc784-2LV-c


================================================================
== Performance Estimates
================================================================
+ Timing: 
    * Summary: 
    +--------+---------+----------+------------+
    |  Clock |  Target | Estimated| Uncertainty|
    +--------+---------+----------+------------+
    |ap_clk  |  3.30 ns|  2.867 ns|     0.89 ns|
    +--------+---------+----------+------------+

+ Latency: 
    * Summary: 
    +---------+---------+----------+----------+-----+-----+---------+
    |  Latency (cycles) |  Latency (absolute) |  Interval | Pipeline|
    |   min   |   max   |    min   |    max   | min | max |   Type  |
    +---------+---------+----------+----------+-----+-----+---------+
    |       67|       67|  0.221 us|  0.221 us|   67|   67|       no|
    +---------+---------+----------+----------+-----+-----+---------+

    + Detail: 
        * Instance: 
        N/A

        * Loop: 
        +--------------------------+---------+---------+----------+-----------+-----------+------+----------+
        |                          |  Latency (cycles) | Iteration|  Initiation Interval  | Trip |          |
        |         Loop Name        |   min   |   max   |  Latency |  achieved |   target  | Count| Pipelined|
        +--------------------------+---------+---------+----------+-----------+-----------+------+----------+
        |- readB_VITIS_LOOP_158_2  |       65|       65|         3|          1|          1|    64|       yes|
        +--------------------------+---------+---------+----------+-----------+-----------+------+----------+

============================================================
+ Verbose Summary: Synthesis Manager
============================================================
InlineROM: 1
ExposeGlobal: 0
============================================================
+ Verbose Summary: CDFG Model
============================================================
IsTopModel: 0
ResetActiveHigh: 1
IsCombinational: 0
IsDatapathOnly: 0
HasWiredReturn: 1
HasMFsm: 2
HasVarLatency: 1
IsPipeline: 0
IsRtlPipelined: 0
IsInstanceOverlapped: 0
IsDontTouch: 0
HasImplIP: 0
IsGatedGlobalClock: 0

+ Individual pipeline summary: 
  * Pipeline-0: initiation interval (II) = 1, depth = 4


============================================================
+ Verbose Summary: Schedule
============================================================
* Number of FSM states : 4
* Pipeline : 1
  Pipeline-0 : II = 1, D = 4, States = { 1 2 3 4 }
* Dataflow Pipeline: 0

* FSM state transitions: 
1 --> 2 
2 --> 3 
3 --> 4 
4 --> 

* FSM state operations: 

State 1 <SV = 0> <Delay = 0.42>
ST_1 : Operation 6 [1/1] (0.00ns)   --->   "%j_1 = alloca i32 1" [mmult.cpp:158]   --->   Operation 6 'alloca' 'j_1' <Predicate = true> <Delay = 0.00>
ST_1 : Operation 7 [1/1] (0.00ns)   --->   "%i = alloca i32 1" [mmult.cpp:156]   --->   Operation 7 'alloca' 'i' <Predicate = true> <Delay = 0.00>
ST_1 : Operation 8 [1/1] (0.00ns)   --->   "%indvar_flatten9 = alloca i32 1"   --->   Operation 8 'alloca' 'indvar_flatten9' <Predicate = true> <Delay = 0.00>
ST_1 : Operation 9 [1/1] (0.00ns)   --->   "%specmemcore_ln0 = specmemcore void @_ssdm_op_SpecMemCore, i8 %localB, i64 666, i64 23, i64 18446744073709551615"   --->   Operation 9 'specmemcore' 'specmemcore_ln0' <Predicate = true> <Delay = 0.00>
ST_1 : Operation 10 [1/1] (0.00ns)   --->   "%specmemcore_ln0 = specmemcore void @_ssdm_op_SpecMemCore, i8 %localB_1, i64 666, i64 23, i64 18446744073709551615"   --->   Operation 10 'specmemcore' 'specmemcore_ln0' <Predicate = true> <Delay = 0.00>
ST_1 : Operation 11 [1/1] (0.00ns)   --->   "%specmemcore_ln0 = specmemcore void @_ssdm_op_SpecMemCore, i8 %localB_2, i64 666, i64 23, i64 18446744073709551615"   --->   Operation 11 'specmemcore' 'specmemcore_ln0' <Predicate = true> <Delay = 0.00>
ST_1 : Operation 12 [1/1] (0.00ns)   --->   "%specmemcore_ln0 = specmemcore void @_ssdm_op_SpecMemCore, i8 %localB_3, i64 666, i64 23, i64 18446744073709551615"   --->   Operation 12 'specmemcore' 'specmemcore_ln0' <Predicate = true> <Delay = 0.00>
ST_1 : Operation 13 [1/1] (0.00ns)   --->   "%specmemcore_ln0 = specmemcore void @_ssdm_op_SpecMemCore, i8 %localB_4, i64 666, i64 23, i64 18446744073709551615"   --->   Operation 13 'specmemcore' 'specmemcore_ln0' <Predicate = true> <Delay = 0.00>
ST_1 : Operation 14 [1/1] (0.00ns)   --->   "%specmemcore_ln0 = specmemcore void @_ssdm_op_SpecMemCore, i8 %localB_5, i64 666, i64 23, i64 18446744073709551615"   --->   Operation 14 'specmemcore' 'specmemcore_ln0' <Predicate = true> <Delay = 0.00>
ST_1 : Operation 15 [1/1] (0.00ns)   --->   "%specmemcore_ln0 = specmemcore void @_ssdm_op_SpecMemCore, i8 %localB_6, i64 666, i64 23, i64 18446744073709551615"   --->   Operation 15 'specmemcore' 'specmemcore_ln0' <Predicate = true> <Delay = 0.00>
ST_1 : Operation 16 [1/1] (0.00ns)   --->   "%specmemcore_ln0 = specmemcore void @_ssdm_op_SpecMemCore, i8 %localB_7, i64 666, i64 23, i64 18446744073709551615"   --->   Operation 16 'specmemcore' 'specmemcore_ln0' <Predicate = true> <Delay = 0.00>
ST_1 : Operation 17 [1/1] (0.00ns)   --->   "%specinterface_ln0 = specinterface void @_ssdm_op_SpecInterface, i8 %gmem1, void @empty_2, i32 0, i32 0, void @empty_3, i32 0, i32 0, void @empty_5, void @empty_10, void @empty_3, i32 16, i32 16, i32 16, i32 16, void @empty_3, void @empty_3, i32 4294967295, i32 0"   --->   Operation 17 'specinterface' 'specinterface_ln0' <Predicate = true> <Delay = 0.00>
ST_1 : Operation 18 [1/1] (0.00ns)   --->   "%b_read = read i64 @_ssdm_op_Read.ap_auto.i64, i64 %b"   --->   Operation 18 'read' 'b_read' <Predicate = true> <Delay = 0.00>
ST_1 : Operation 19 [1/1] (0.00ns)   --->   "%mul_ln145_1_read = read i64 @_ssdm_op_Read.ap_auto.i64, i64 %mul_ln145_1"   --->   Operation 19 'read' 'mul_ln145_1_read' <Predicate = true> <Delay = 0.00>
ST_1 : Operation 20 [1/1] (0.00ns)   --->   "%b_col_read = read i32 @_ssdm_op_Read.ap_auto.i32, i32 %b_col"   --->   Operation 20 'read' 'b_col_read' <Predicate = true> <Delay = 0.00>
ST_1 : Operation 21 [1/1] (0.42ns)   --->   "%store_ln0 = store i64 0, i64 %indvar_flatten9"   --->   Operation 21 'store' 'store_ln0' <Predicate = true> <Delay = 0.42>
ST_1 : Operation 22 [1/1] (0.42ns)   --->   "%store_ln156 = store i31 0, i31 %i" [mmult.cpp:156]   --->   Operation 22 'store' 'store_ln156' <Predicate = true> <Delay = 0.42>
ST_1 : Operation 23 [1/1] (0.42ns)   --->   "%store_ln158 = store i31 0, i31 %j_1" [mmult.cpp:158]   --->   Operation 23 'store' 'store_ln158' <Predicate = true> <Delay = 0.42>
ST_1 : Operation 24 [1/1] (0.00ns)   --->   "%br_ln0 = br void %for.inc30"   --->   Operation 24 'br' 'br_ln0' <Predicate = true> <Delay = 0.00>

State 2 <SV = 1> <Delay = 2.86>
ST_2 : Operation 25 [1/1] (0.00ns)   --->   "%j = load i31 %j_1" [mmult.cpp:158]   --->   Operation 25 'load' 'j' <Predicate = true> <Delay = 0.00>
ST_2 : Operation 26 [1/1] (0.00ns)   --->   "%indvar_flatten9_load = load i64 %indvar_flatten9" [mmult.cpp:156]   --->   Operation 26 'load' 'indvar_flatten9_load' <Predicate = true> <Delay = 0.00>
ST_2 : Operation 27 [1/1] (0.00ns)   --->   "%specbitsmap_ln0 = specbitsmap void @_ssdm_op_SpecBitsMap, i8 %gmem1"   --->   Operation 27 'specbitsmap' 'specbitsmap_ln0' <Predicate = true> <Delay = 0.00>
ST_2 : Operation 28 [1/1] (0.00ns)   --->   "%zext_ln158 = zext i31 %j" [mmult.cpp:158]   --->   Operation 28 'zext' 'zext_ln158' <Predicate = true> <Delay = 0.00>
ST_2 : Operation 29 [1/1] (1.01ns)   --->   "%icmp_ln158 = icmp_slt  i32 %zext_ln158, i32 %b_col_read" [mmult.cpp:158]   --->   Operation 29 'icmp' 'icmp_ln158' <Predicate = true> <Delay = 1.01> <CoreInst = "Cmp">   --->   Core 9 'Cmp' <Latency = 0> <II = 1> <Delay = 1.01> <FuncUnit> <Opcode : 'icmp'> <InPorts = 2> <OutPorts = 1>
ST_2 : Operation 30 [1/1] (1.08ns)   --->   "%icmp_ln156 = icmp_eq  i64 %indvar_flatten9_load, i64 %mul_ln145_1_read" [mmult.cpp:156]   --->   Operation 30 'icmp' 'icmp_ln156' <Predicate = true> <Delay = 1.08> <CoreInst = "Cmp">   --->   Core 9 'Cmp' <Latency = 0> <II = 1> <Delay = 1.08> <FuncUnit> <Opcode : 'icmp'> <InPorts = 2> <OutPorts = 1>
ST_2 : Operation 31 [1/1] (1.08ns)   --->   "%add_ln156 = add i64 %indvar_flatten9_load, i64 1" [mmult.cpp:156]   --->   Operation 31 'add' 'add_ln156' <Predicate = true> <Delay = 1.08> <CoreInst = "Adder">   --->   Core 1 'Adder' <Latency = 0> <II = 1> <Delay = 1.08> <FuncUnit> <Opcode : 'add' 'sub'> <InPorts = 2> <OutPorts = 1>
ST_2 : Operation 32 [1/1] (0.00ns)   --->   "%br_ln156 = br i1 %icmp_ln156, void %for.inc33.loopexit, void %for.inc65.preheader.exitStub" [mmult.cpp:156]   --->   Operation 32 'br' 'br_ln156' <Predicate = true> <Delay = 0.00>
ST_2 : Operation 33 [1/1] (0.00ns)   --->   "%gmem1_addr = getelementptr i8 %gmem1, i64 %b_read" [mmult.cpp:156]   --->   Operation 33 'getelementptr' 'gmem1_addr' <Predicate = (!icmp_ln156)> <Delay = 0.00>
ST_2 : Operation 34 [1/1] (0.41ns)   --->   "%select_ln156 = select i1 %icmp_ln158, i31 %j, i31 0" [mmult.cpp:156]   --->   Operation 34 'select' 'select_ln156' <Predicate = (!icmp_ln156)> <Delay = 0.41> <CoreInst = "Sel">   --->   Core 73 'Sel' <Latency = 0> <II = 1> <Delay = 0.41> <FuncUnit> <Opcode : 'select'> <InPorts = 3> <OutPorts = 1>
ST_2 : Operation 35 [1/1] (0.00ns)   --->   "%trunc_ln158 = trunc i31 %select_ln156" [mmult.cpp:158]   --->   Operation 35 'trunc' 'trunc_ln158' <Predicate = (!icmp_ln156)> <Delay = 0.00>
ST_2 : Operation 36 [1/1] (0.73ns)   --->   "%switch_ln161 = switch i3 %trunc_ln158, void %arrayidx293.case.7, i3 0, void %arrayidx293.case.0, i3 1, void %arrayidx293.case.1, i3 2, void %arrayidx293.case.2, i3 3, void %arrayidx293.case.3, i3 4, void %arrayidx293.case.4, i3 5, void %arrayidx293.case.5, i3 6, void %arrayidx293.case.6" [mmult.cpp:161]   --->   Operation 36 'switch' 'switch_ln161' <Predicate = (!icmp_ln156)> <Delay = 0.73>
ST_2 : Operation 37 [1/1] (1.00ns)   --->   "%add_ln158 = add i31 %select_ln156, i31 1" [mmult.cpp:158]   --->   Operation 37 'add' 'add_ln158' <Predicate = (!icmp_ln156)> <Delay = 1.00> <CoreInst = "Adder">   --->   Core 1 'Adder' <Latency = 0> <II = 1> <Delay = 1.00> <FuncUnit> <Opcode : 'add' 'sub'> <InPorts = 2> <OutPorts = 1>
ST_2 : Operation 38 [1/1] (0.42ns)   --->   "%store_ln156 = store i64 %add_ln156, i64 %indvar_flatten9" [mmult.cpp:156]   --->   Operation 38 'store' 'store_ln156' <Predicate = (!icmp_ln156)> <Delay = 0.42>
ST_2 : Operation 39 [1/1] (0.42ns)   --->   "%store_ln158 = store i31 %add_ln158, i31 %j_1" [mmult.cpp:158]   --->   Operation 39 'store' 'store_ln158' <Predicate = (!icmp_ln156)> <Delay = 0.42>

State 3 <SV = 2> <Delay = 2.40>
ST_3 : Operation 40 [1/1] (2.40ns)   --->   "%gmem1_addr_read = read i8 @_ssdm_op_Read.m_axi.p1i8, i8 %gmem1_addr" [mmult.cpp:161]   --->   Operation 40 'read' 'gmem1_addr_read' <Predicate = true> <Delay = 2.40> <CoreInst = "m_axi">   --->   Core 121 'm_axi' <Latency = 0> <II = 1> <Delay = 1.00> <Adapter> <Opcode : 'read' 'write' 'readreq' 'writereq' 'writeresp'>
ST_3 : Operation 74 [1/1] (0.00ns)   --->   "%ret_ln0 = ret"   --->   Operation 74 'ret' 'ret_ln0' <Predicate = (icmp_ln156)> <Delay = 0.00>

State 4 <SV = 3> <Delay = 2.10>
ST_4 : Operation 41 [1/1] (0.00ns)   --->   "%i_load = load i31 %i" [mmult.cpp:156]   --->   Operation 41 'load' 'i_load' <Predicate = true> <Delay = 0.00>
ST_4 : Operation 42 [1/1] (0.00ns)   --->   "%specloopname_ln0 = specloopname void @_ssdm_op_SpecLoopName, void @readB_VITIS_LOOP_158_2_str"   --->   Operation 42 'specloopname' 'specloopname_ln0' <Predicate = true> <Delay = 0.00>
ST_4 : Operation 43 [1/1] (0.00ns)   --->   "%speclooptripcount_ln0 = speclooptripcount void @_ssdm_op_SpecLoopTripCount, i64 64, i64 64, i64 64"   --->   Operation 43 'speclooptripcount' 'speclooptripcount_ln0' <Predicate = true> <Delay = 0.00>
ST_4 : Operation 44 [1/1] (1.00ns)   --->   "%add_ln156_1 = add i31 %i_load, i31 1" [mmult.cpp:156]   --->   Operation 44 'add' 'add_ln156_1' <Predicate = (!icmp_ln158)> <Delay = 1.00> <CoreInst = "Adder">   --->   Core 1 'Adder' <Latency = 0> <II = 1> <Delay = 1.00> <FuncUnit> <Opcode : 'add' 'sub'> <InPorts = 2> <OutPorts = 1>
ST_4 : Operation 45 [1/1] (0.41ns)   --->   "%select_ln156_1 = select i1 %icmp_ln158, i31 %i_load, i31 %add_ln156_1" [mmult.cpp:156]   --->   Operation 45 'select' 'select_ln156_1' <Predicate = true> <Delay = 0.41> <CoreInst = "Sel">   --->   Core 73 'Sel' <Latency = 0> <II = 1> <Delay = 0.41> <FuncUnit> <Opcode : 'select'> <InPorts = 3> <OutPorts = 1>
ST_4 : Operation 46 [1/1] (0.00ns)   --->   "%zext_ln156 = zext i31 %select_ln156_1" [mmult.cpp:156]   --->   Operation 46 'zext' 'zext_ln156' <Predicate = true> <Delay = 0.00>
ST_4 : Operation 47 [1/1] (0.00ns)   --->   "%localB_addr = getelementptr i8 %localB, i64 0, i64 %zext_ln156" [mmult.cpp:156]   --->   Operation 47 'getelementptr' 'localB_addr' <Predicate = true> <Delay = 0.00>
ST_4 : Operation 48 [1/1] (0.00ns)   --->   "%localB_1_addr = getelementptr i8 %localB_1, i64 0, i64 %zext_ln156" [mmult.cpp:156]   --->   Operation 48 'getelementptr' 'localB_1_addr' <Predicate = true> <Delay = 0.00>
ST_4 : Operation 49 [1/1] (0.00ns)   --->   "%localB_2_addr = getelementptr i8 %localB_2, i64 0, i64 %zext_ln156" [mmult.cpp:156]   --->   Operation 49 'getelementptr' 'localB_2_addr' <Predicate = true> <Delay = 0.00>
ST_4 : Operation 50 [1/1] (0.00ns)   --->   "%localB_3_addr = getelementptr i8 %localB_3, i64 0, i64 %zext_ln156" [mmult.cpp:156]   --->   Operation 50 'getelementptr' 'localB_3_addr' <Predicate = true> <Delay = 0.00>
ST_4 : Operation 51 [1/1] (0.00ns)   --->   "%localB_4_addr = getelementptr i8 %localB_4, i64 0, i64 %zext_ln156" [mmult.cpp:156]   --->   Operation 51 'getelementptr' 'localB_4_addr' <Predicate = true> <Delay = 0.00>
ST_4 : Operation 52 [1/1] (0.00ns)   --->   "%localB_5_addr = getelementptr i8 %localB_5, i64 0, i64 %zext_ln156" [mmult.cpp:156]   --->   Operation 52 'getelementptr' 'localB_5_addr' <Predicate = true> <Delay = 0.00>
ST_4 : Operation 53 [1/1] (0.00ns)   --->   "%localB_6_addr = getelementptr i8 %localB_6, i64 0, i64 %zext_ln156" [mmult.cpp:156]   --->   Operation 53 'getelementptr' 'localB_6_addr' <Predicate = true> <Delay = 0.00>
ST_4 : Operation 54 [1/1] (0.00ns)   --->   "%localB_7_addr = getelementptr i8 %localB_7, i64 0, i64 %zext_ln156" [mmult.cpp:156]   --->   Operation 54 'getelementptr' 'localB_7_addr' <Predicate = true> <Delay = 0.00>
ST_4 : Operation 55 [1/1] (0.00ns)   --->   "%specpipeline_ln160 = specpipeline void @_ssdm_op_SpecPipeline, i32 1, i32 0, i32 0, i32 0, void @empty_3" [mmult.cpp:160]   --->   Operation 55 'specpipeline' 'specpipeline_ln160' <Predicate = true> <Delay = 0.00>
ST_4 : Operation 56 [1/1] (0.67ns)   --->   "%store_ln161 = store i8 %gmem1_addr_read, i3 %localB_6_addr" [mmult.cpp:161]   --->   Operation 56 'store' 'store_ln161' <Predicate = (trunc_ln158 == 6)> <Delay = 0.67> <CoreInst = "RAM_2P_LUTRAM">   --->   Core 93 'RAM_2P_LUTRAM' <Latency = 1> <II = 1> <Delay = 0.67> <Storage> <Opcode : 'load' 'store'> <Ports = 2> <Width = 8> <Depth = 8> <RAM>
ST_4 : Operation 57 [1/1] (0.00ns)   --->   "%br_ln161 = br void %arrayidx293.exit" [mmult.cpp:161]   --->   Operation 57 'br' 'br_ln161' <Predicate = (trunc_ln158 == 6)> <Delay = 0.00>
ST_4 : Operation 58 [1/1] (0.67ns)   --->   "%store_ln161 = store i8 %gmem1_addr_read, i3 %localB_5_addr" [mmult.cpp:161]   --->   Operation 58 'store' 'store_ln161' <Predicate = (trunc_ln158 == 5)> <Delay = 0.67> <CoreInst = "RAM_2P_LUTRAM">   --->   Core 93 'RAM_2P_LUTRAM' <Latency = 1> <II = 1> <Delay = 0.67> <Storage> <Opcode : 'load' 'store'> <Ports = 2> <Width = 8> <Depth = 8> <RAM>
ST_4 : Operation 59 [1/1] (0.00ns)   --->   "%br_ln161 = br void %arrayidx293.exit" [mmult.cpp:161]   --->   Operation 59 'br' 'br_ln161' <Predicate = (trunc_ln158 == 5)> <Delay = 0.00>
ST_4 : Operation 60 [1/1] (0.67ns)   --->   "%store_ln161 = store i8 %gmem1_addr_read, i3 %localB_4_addr" [mmult.cpp:161]   --->   Operation 60 'store' 'store_ln161' <Predicate = (trunc_ln158 == 4)> <Delay = 0.67> <CoreInst = "RAM_2P_LUTRAM">   --->   Core 93 'RAM_2P_LUTRAM' <Latency = 1> <II = 1> <Delay = 0.67> <Storage> <Opcode : 'load' 'store'> <Ports = 2> <Width = 8> <Depth = 8> <RAM>
ST_4 : Operation 61 [1/1] (0.00ns)   --->   "%br_ln161 = br void %arrayidx293.exit" [mmult.cpp:161]   --->   Operation 61 'br' 'br_ln161' <Predicate = (trunc_ln158 == 4)> <Delay = 0.00>
ST_4 : Operation 62 [1/1] (0.67ns)   --->   "%store_ln161 = store i8 %gmem1_addr_read, i3 %localB_3_addr" [mmult.cpp:161]   --->   Operation 62 'store' 'store_ln161' <Predicate = (trunc_ln158 == 3)> <Delay = 0.67> <CoreInst = "RAM_2P_LUTRAM">   --->   Core 93 'RAM_2P_LUTRAM' <Latency = 1> <II = 1> <Delay = 0.67> <Storage> <Opcode : 'load' 'store'> <Ports = 2> <Width = 8> <Depth = 8> <RAM>
ST_4 : Operation 63 [1/1] (0.00ns)   --->   "%br_ln161 = br void %arrayidx293.exit" [mmult.cpp:161]   --->   Operation 63 'br' 'br_ln161' <Predicate = (trunc_ln158 == 3)> <Delay = 0.00>
ST_4 : Operation 64 [1/1] (0.67ns)   --->   "%store_ln161 = store i8 %gmem1_addr_read, i3 %localB_2_addr" [mmult.cpp:161]   --->   Operation 64 'store' 'store_ln161' <Predicate = (trunc_ln158 == 2)> <Delay = 0.67> <CoreInst = "RAM_2P_LUTRAM">   --->   Core 93 'RAM_2P_LUTRAM' <Latency = 1> <II = 1> <Delay = 0.67> <Storage> <Opcode : 'load' 'store'> <Ports = 2> <Width = 8> <Depth = 8> <RAM>
ST_4 : Operation 65 [1/1] (0.00ns)   --->   "%br_ln161 = br void %arrayidx293.exit" [mmult.cpp:161]   --->   Operation 65 'br' 'br_ln161' <Predicate = (trunc_ln158 == 2)> <Delay = 0.00>
ST_4 : Operation 66 [1/1] (0.67ns)   --->   "%store_ln161 = store i8 %gmem1_addr_read, i3 %localB_1_addr" [mmult.cpp:161]   --->   Operation 66 'store' 'store_ln161' <Predicate = (trunc_ln158 == 1)> <Delay = 0.67> <CoreInst = "RAM_2P_LUTRAM">   --->   Core 93 'RAM_2P_LUTRAM' <Latency = 1> <II = 1> <Delay = 0.67> <Storage> <Opcode : 'load' 'store'> <Ports = 2> <Width = 8> <Depth = 8> <RAM>
ST_4 : Operation 67 [1/1] (0.00ns)   --->   "%br_ln161 = br void %arrayidx293.exit" [mmult.cpp:161]   --->   Operation 67 'br' 'br_ln161' <Predicate = (trunc_ln158 == 1)> <Delay = 0.00>
ST_4 : Operation 68 [1/1] (0.67ns)   --->   "%store_ln161 = store i8 %gmem1_addr_read, i3 %localB_addr" [mmult.cpp:161]   --->   Operation 68 'store' 'store_ln161' <Predicate = (trunc_ln158 == 0)> <Delay = 0.67> <CoreInst = "RAM_2P_LUTRAM">   --->   Core 93 'RAM_2P_LUTRAM' <Latency = 1> <II = 1> <Delay = 0.67> <Storage> <Opcode : 'load' 'store'> <Ports = 2> <Width = 8> <Depth = 8> <RAM>
ST_4 : Operation 69 [1/1] (0.00ns)   --->   "%br_ln161 = br void %arrayidx293.exit" [mmult.cpp:161]   --->   Operation 69 'br' 'br_ln161' <Predicate = (trunc_ln158 == 0)> <Delay = 0.00>
ST_4 : Operation 70 [1/1] (0.67ns)   --->   "%store_ln161 = store i8 %gmem1_addr_read, i3 %localB_7_addr" [mmult.cpp:161]   --->   Operation 70 'store' 'store_ln161' <Predicate = (trunc_ln158 == 7)> <Delay = 0.67> <CoreInst = "RAM_2P_LUTRAM">   --->   Core 93 'RAM_2P_LUTRAM' <Latency = 1> <II = 1> <Delay = 0.67> <Storage> <Opcode : 'load' 'store'> <Ports = 2> <Width = 8> <Depth = 8> <RAM>
ST_4 : Operation 71 [1/1] (0.00ns)   --->   "%br_ln161 = br void %arrayidx293.exit" [mmult.cpp:161]   --->   Operation 71 'br' 'br_ln161' <Predicate = (trunc_ln158 == 7)> <Delay = 0.00>
ST_4 : Operation 72 [1/1] (0.42ns)   --->   "%store_ln156 = store i31 %select_ln156_1, i31 %i" [mmult.cpp:156]   --->   Operation 72 'store' 'store_ln156' <Predicate = true> <Delay = 0.42>
ST_4 : Operation 73 [1/1] (0.00ns)   --->   "%br_ln158 = br void %for.inc30" [mmult.cpp:158]   --->   Operation 73 'br' 'br_ln158' <Predicate = true> <Delay = 0.00>


============================================================
+ Verbose Summary: Binding
============================================================
STG Binding: 
---------------- STG Properties BEGIN ----------------
- Is combinational: 0
- Is one-state seq: 0
- Is datapath-only: 0
- Is pipelined: 0
- Is top level: 0
Port [ Return ] is wired: 1; IO mode=ap_ctrl_hs:ce=0
Port [ gmem1]:  wired=1; compound=1; hidden=0; nouse=0; global=0; static=0; extern=0; dir=0; type=4; pingpong=0; private_global=0; IO mode=m_axi:ce=0
Port [ b_col]:  wired=1; compound=0; hidden=0; nouse=0; global=0; static=0; extern=0; dir=0; type=0; pingpong=0; private_global=0; IO mode=ap_none:ce=0
Port [ mul_ln145_1]:  wired=1; compound=0; hidden=0; nouse=0; global=0; static=0; extern=0; dir=0; type=0; pingpong=0; private_global=0; IO mode=ap_none:ce=0
Port [ b]:  wired=1; compound=0; hidden=0; nouse=0; global=0; static=0; extern=0; dir=0; type=0; pingpong=0; private_global=0; IO mode=ap_none:ce=0
Port [ localB]:  wired=1; compound=1; hidden=0; nouse=0; global=0; static=0; extern=0; dir=1; type=1; pingpong=0; private_global=0; MemPort=[30]; IO mode=ap_memory:ce=0
Port [ localB_1]:  wired=1; compound=1; hidden=0; nouse=0; global=0; static=0; extern=0; dir=1; type=1; pingpong=0; private_global=0; MemPort=[30]; IO mode=ap_memory:ce=0
Port [ localB_2]:  wired=1; compound=1; hidden=0; nouse=0; global=0; static=0; extern=0; dir=1; type=1; pingpong=0; private_global=0; MemPort=[30]; IO mode=ap_memory:ce=0
Port [ localB_3]:  wired=1; compound=1; hidden=0; nouse=0; global=0; static=0; extern=0; dir=1; type=1; pingpong=0; private_global=0; MemPort=[30]; IO mode=ap_memory:ce=0
Port [ localB_4]:  wired=1; compound=1; hidden=0; nouse=0; global=0; static=0; extern=0; dir=1; type=1; pingpong=0; private_global=0; MemPort=[30]; IO mode=ap_memory:ce=0
Port [ localB_5]:  wired=1; compound=1; hidden=0; nouse=0; global=0; static=0; extern=0; dir=1; type=1; pingpong=0; private_global=0; MemPort=[30]; IO mode=ap_memory:ce=0
Port [ localB_6]:  wired=1; compound=1; hidden=0; nouse=0; global=0; static=0; extern=0; dir=1; type=1; pingpong=0; private_global=0; MemPort=[30]; IO mode=ap_memory:ce=0
Port [ localB_7]:  wired=1; compound=1; hidden=0; nouse=0; global=0; static=0; extern=0; dir=1; type=1; pingpong=0; private_global=0; MemPort=[30]; IO mode=ap_memory:ce=0
---------------- STG Properties END ------------------

---------------- Datapath Model BEGIN ----------------

<LifeTime>
<method=bitvector/>
j_1                   (alloca           ) [ 01100]
i                     (alloca           ) [ 01111]
indvar_flatten9       (alloca           ) [ 01100]
specmemcore_ln0       (specmemcore      ) [ 00000]
specmemcore_ln0       (specmemcore      ) [ 00000]
specmemcore_ln0       (specmemcore      ) [ 00000]
specmemcore_ln0       (specmemcore      ) [ 00000]
specmemcore_ln0       (specmemcore      ) [ 00000]
specmemcore_ln0       (specmemcore      ) [ 00000]
specmemcore_ln0       (specmemcore      ) [ 00000]
specmemcore_ln0       (specmemcore      ) [ 00000]
specinterface_ln0     (specinterface    ) [ 00000]
b_read                (read             ) [ 01100]
mul_ln145_1_read      (read             ) [ 01100]
b_col_read            (read             ) [ 01100]
store_ln0             (store            ) [ 00000]
store_ln156           (store            ) [ 00000]
store_ln158           (store            ) [ 00000]
br_ln0                (br               ) [ 00000]
j                     (load             ) [ 00000]
indvar_flatten9_load  (load             ) [ 00000]
specbitsmap_ln0       (specbitsmap      ) [ 00000]
zext_ln158            (zext             ) [ 00000]
icmp_ln158            (icmp             ) [ 01011]
icmp_ln156            (icmp             ) [ 01110]
add_ln156             (add              ) [ 00000]
br_ln156              (br               ) [ 00000]
gmem1_addr            (getelementptr    ) [ 01010]
select_ln156          (select           ) [ 00000]
trunc_ln158           (trunc            ) [ 01011]
switch_ln161          (switch           ) [ 00000]
add_ln158             (add              ) [ 00000]
store_ln156           (store            ) [ 00000]
store_ln158           (store            ) [ 00000]
gmem1_addr_read       (read             ) [ 01001]
i_load                (load             ) [ 00000]
specloopname_ln0      (specloopname     ) [ 00000]
speclooptripcount_ln0 (speclooptripcount) [ 00000]
add_ln156_1           (add              ) [ 00000]
select_ln156_1        (select           ) [ 00000]
zext_ln156            (zext             ) [ 00000]
localB_addr           (getelementptr    ) [ 00000]
localB_1_addr         (getelementptr    ) [ 00000]
localB_2_addr         (getelementptr    ) [ 00000]
localB_3_addr         (getelementptr    ) [ 00000]
localB_4_addr         (getelementptr    ) [ 00000]
localB_5_addr         (getelementptr    ) [ 00000]
localB_6_addr         (getelementptr    ) [ 00000]
localB_7_addr         (getelementptr    ) [ 00000]
specpipeline_ln160    (specpipeline     ) [ 00000]
store_ln161           (store            ) [ 00000]
br_ln161              (br               ) [ 00000]
store_ln161           (store            ) [ 00000]
br_ln161              (br               ) [ 00000]
store_ln161           (store            ) [ 00000]
br_ln161              (br               ) [ 00000]
store_ln161           (store            ) [ 00000]
br_ln161              (br               ) [ 00000]
store_ln161           (store            ) [ 00000]
br_ln161              (br               ) [ 00000]
store_ln161           (store            ) [ 00000]
br_ln161              (br               ) [ 00000]
store_ln161           (store            ) [ 00000]
br_ln161              (br               ) [ 00000]
store_ln161           (store            ) [ 00000]
br_ln161              (br               ) [ 00000]
store_ln156           (store            ) [ 00000]
br_ln158              (br               ) [ 00000]
ret_ln0               (ret              ) [ 00000]
</LifeTime>

<model>

<comp_list>
<comp id="0" class="1000" name="gmem1">
<pin_list>
<pin id="1" dir="1" index="0" bw="1" slack="0"/>
</pin_list>
<bind>
<StgValue><ssdm name="gmem1"/></StgValue>
</bind>
</comp>

<comp id="2" class="1000" name="b_col">
<pin_list>
<pin id="3" dir="1" index="0" bw="1" slack="0"/>
</pin_list>
<bind>
<StgValue><ssdm name="b_col"/></StgValue>
</bind>
</comp>

<comp id="4" class="1000" name="mul_ln145_1">
<pin_list>
<pin id="5" dir="1" index="0" bw="1" slack="0"/>
</pin_list>
<bind>
<StgValue><ssdm name="mul_ln145_1"/></StgValue>
</bind>
</comp>

<comp id="6" class="1000" name="b">
<pin_list>
<pin id="7" dir="1" index="0" bw="1" slack="0"/>
</pin_list>
<bind>
<StgValue><ssdm name="b"/></StgValue>
</bind>
</comp>

<comp id="8" class="1000" name="localB">
<pin_list>
<pin id="9" dir="1" index="0" bw="1" slack="0"/>
</pin_list>
<bind>
<StgValue><ssdm name="localB"/><MemPortTyVec>3 0 </MemPortTyVec>
</StgValue>
</bind>
</comp>

<comp id="10" class="1000" name="localB_1">
<pin_list>
<pin id="11" dir="1" index="0" bw="1" slack="0"/>
</pin_list>
<bind>
<StgValue><ssdm name="localB_1"/><MemPortTyVec>3 0 </MemPortTyVec>
</StgValue>
</bind>
</comp>

<comp id="12" class="1000" name="localB_2">
<pin_list>
<pin id="13" dir="1" index="0" bw="1" slack="0"/>
</pin_list>
<bind>
<StgValue><ssdm name="localB_2"/><MemPortTyVec>3 0 </MemPortTyVec>
</StgValue>
</bind>
</comp>

<comp id="14" class="1000" name="localB_3">
<pin_list>
<pin id="15" dir="1" index="0" bw="1" slack="0"/>
</pin_list>
<bind>
<StgValue><ssdm name="localB_3"/><MemPortTyVec>3 0 </MemPortTyVec>
</StgValue>
</bind>
</comp>

<comp id="16" class="1000" name="localB_4">
<pin_list>
<pin id="17" dir="1" index="0" bw="1" slack="0"/>
</pin_list>
<bind>
<StgValue><ssdm name="localB_4"/><MemPortTyVec>3 0 </MemPortTyVec>
</StgValue>
</bind>
</comp>

<comp id="18" class="1000" name="localB_5">
<pin_list>
<pin id="19" dir="1" index="0" bw="1" slack="0"/>
</pin_list>
<bind>
<StgValue><ssdm name="localB_5"/><MemPortTyVec>3 0 </MemPortTyVec>
</StgValue>
</bind>
</comp>

<comp id="20" class="1000" name="localB_6">
<pin_list>
<pin id="21" dir="1" index="0" bw="1" slack="0"/>
</pin_list>
<bind>
<StgValue><ssdm name="localB_6"/><MemPortTyVec>3 0 </MemPortTyVec>
</StgValue>
</bind>
</comp>

<comp id="22" class="1000" name="localB_7">
<pin_list>
<pin id="23" dir="1" index="0" bw="1" slack="0"/>
</pin_list>
<bind>
<StgValue><ssdm name="localB_7"/><MemPortTyVec>3 0 </MemPortTyVec>
</StgValue>
</bind>
</comp>

<comp id="24" class="1001" name="const_24">
<pin_list>
<pin id="25" dir="1" index="0" bw="1" slack="0"/>
</pin_list>
<bind>
<StgValue><ssdm name=""/></StgValue>
</bind>
</comp>

<comp id="26" class="1001" name="const_26">
<pin_list>
<pin id="27" dir="1" index="0" bw="1" slack="2147483647"/>
</pin_list>
<bind>
<StgValue><ssdm name="_ssdm_op_SpecMemCore"/></StgValue>
</bind>
</comp>

<comp id="28" class="1001" name="const_28">
<pin_list>
<pin id="29" dir="1" index="0" bw="1" slack="2147483647"/>
</pin_list>
<bind>
<StgValue><ssdm name=""/></StgValue>
</bind>
</comp>

<comp id="30" class="1001" name="const_30">
<pin_list>
<pin id="31" dir="1" index="0" bw="1" slack="2147483647"/>
</pin_list>
<bind>
<StgValue><ssdm name=""/></StgValue>
</bind>
</comp>

<comp id="32" class="1001" name="const_32">
<pin_list>
<pin id="33" dir="1" index="0" bw="1" slack="2147483647"/>
</pin_list>
<bind>
<StgValue><ssdm name=""/></StgValue>
</bind>
</comp>

<comp id="34" class="1001" name="const_34">
<pin_list>
<pin id="35" dir="1" index="0" bw="1" slack="2147483647"/>
</pin_list>
<bind>
<StgValue><ssdm name="_ssdm_op_SpecInterface"/></StgValue>
</bind>
</comp>

<comp id="36" class="1001" name="const_36">
<pin_list>
<pin id="37" dir="1" index="0" bw="1" slack="2147483647"/>
</pin_list>
<bind>
<StgValue><ssdm name="empty_2"/></StgValue>
</bind>
</comp>

<comp id="38" class="1001" name="const_38">
<pin_list>
<pin id="39" dir="1" index="0" bw="1" slack="2147483647"/>
</pin_list>
<bind>
<StgValue><ssdm name=""/></StgValue>
</bind>
</comp>

<comp id="40" class="1001" name="const_40">
<pin_list>
<pin id="41" dir="1" index="0" bw="1" slack="2147483647"/>
</pin_list>
<bind>
<StgValue><ssdm name="empty_3"/></StgValue>
</bind>
</comp>

<comp id="42" class="1001" name="const_42">
<pin_list>
<pin id="43" dir="1" index="0" bw="1" slack="2147483647"/>
</pin_list>
<bind>
<StgValue><ssdm name="empty_5"/></StgValue>
</bind>
</comp>

<comp id="44" class="1001" name="const_44">
<pin_list>
<pin id="45" dir="1" index="0" bw="1" slack="2147483647"/>
</pin_list>
<bind>
<StgValue><ssdm name="empty_10"/></StgValue>
</bind>
</comp>

<comp id="46" class="1001" name="const_46">
<pin_list>
<pin id="47" dir="1" index="0" bw="1" slack="2147483647"/>
</pin_list>
<bind>
<StgValue><ssdm name=""/></StgValue>
</bind>
</comp>

<comp id="48" class="1001" name="const_48">
<pin_list>
<pin id="49" dir="1" index="0" bw="1" slack="2147483647"/>
</pin_list>
<bind>
<StgValue><ssdm name=""/></StgValue>
</bind>
</comp>

<comp id="50" class="1001" name="const_50">
<pin_list>
<pin id="51" dir="1" index="0" bw="1" slack="0"/>
</pin_list>
<bind>
<StgValue><ssdm name="_ssdm_op_Read.ap_auto.i64"/></StgValue>
</bind>
</comp>

<comp id="52" class="1001" name="const_52">
<pin_list>
<pin id="53" dir="1" index="0" bw="1" slack="0"/>
</pin_list>
<bind>
<StgValue><ssdm name="_ssdm_op_Read.ap_auto.i32"/></StgValue>
</bind>
</comp>

<comp id="54" class="1001" name="const_54">
<pin_list>
<pin id="55" dir="1" index="0" bw="1" slack="0"/>
</pin_list>
<bind>
<StgValue><ssdm name=""/></StgValue>
</bind>
</comp>

<comp id="56" class="1001" name="const_56">
<pin_list>
<pin id="57" dir="1" index="0" bw="1" slack="0"/>
</pin_list>
<bind>
<StgValue><ssdm name=""/></StgValue>
</bind>
</comp>

<comp id="58" class="1001" name="const_58">
<pin_list>
<pin id="59" dir="1" index="0" bw="1" slack="2147483647"/>
</pin_list>
<bind>
<StgValue><ssdm name="_ssdm_op_SpecBitsMap"/></StgValue>
</bind>
</comp>

<comp id="60" class="1001" name="const_60">
<pin_list>
<pin id="61" dir="1" index="0" bw="1" slack="0"/>
</pin_list>
<bind>
<StgValue><ssdm name=""/></StgValue>
</bind>
</comp>

<comp id="62" class="1001" name="const_62">
<pin_list>
<pin id="63" dir="1" index="0" bw="1" slack="2147483647"/>
</pin_list>
<bind>
<StgValue><ssdm name=""/></StgValue>
</bind>
</comp>

<comp id="64" class="1001" name="const_64">
<pin_list>
<pin id="65" dir="1" index="0" bw="1" slack="2147483647"/>
</pin_list>
<bind>
<StgValue><ssdm name=""/></StgValue>
</bind>
</comp>

<comp id="66" class="1001" name="const_66">
<pin_list>
<pin id="67" dir="1" index="0" bw="1" slack="2147483647"/>
</pin_list>
<bind>
<StgValue><ssdm name=""/></StgValue>
</bind>
</comp>

<comp id="68" class="1001" name="const_68">
<pin_list>
<pin id="69" dir="1" index="0" bw="1" slack="2147483647"/>
</pin_list>
<bind>
<StgValue><ssdm name=""/></StgValue>
</bind>
</comp>

<comp id="70" class="1001" name="const_70">
<pin_list>
<pin id="71" dir="1" index="0" bw="1" slack="2147483647"/>
</pin_list>
<bind>
<StgValue><ssdm name=""/></StgValue>
</bind>
</comp>

<comp id="72" class="1001" name="const_72">
<pin_list>
<pin id="73" dir="1" index="0" bw="1" slack="2147483647"/>
</pin_list>
<bind>
<StgValue><ssdm name=""/></StgValue>
</bind>
</comp>

<comp id="74" class="1001" name="const_74">
<pin_list>
<pin id="75" dir="1" index="0" bw="1" slack="2147483647"/>
</pin_list>
<bind>
<StgValue><ssdm name=""/></StgValue>
</bind>
</comp>

<comp id="76" class="1001" name="const_76">
<pin_list>
<pin id="77" dir="1" index="0" bw="1" slack="0"/>
</pin_list>
<bind>
<StgValue><ssdm name=""/></StgValue>
</bind>
</comp>

<comp id="78" class="1001" name="const_78">
<pin_list>
<pin id="79" dir="1" index="0" bw="1" slack="0"/>
</pin_list>
<bind>
<StgValue><ssdm name="_ssdm_op_Read.m_axi.p1i8"/></StgValue>
</bind>
</comp>

<comp id="80" class="1001" name="const_80">
<pin_list>
<pin id="81" dir="1" index="0" bw="1" slack="2147483647"/>
</pin_list>
<bind>
<StgValue><ssdm name="_ssdm_op_SpecLoopName"/></StgValue>
</bind>
</comp>

<comp id="82" class="1001" name="const_82">
<pin_list>
<pin id="83" dir="1" index="0" bw="1" slack="2147483647"/>
</pin_list>
<bind>
<StgValue><ssdm name="readB_VITIS_LOOP_158_2_str"/></StgValue>
</bind>
</comp>

<comp id="84" class="1001" name="const_84">
<pin_list>
<pin id="85" dir="1" index="0" bw="1" slack="2147483647"/>
</pin_list>
<bind>
<StgValue><ssdm name="_ssdm_op_SpecLoopTripCount"/></StgValue>
</bind>
</comp>

<comp id="86" class="1001" name="const_86">
<pin_list>
<pin id="87" dir="1" index="0" bw="1" slack="2147483647"/>
</pin_list>
<bind>
<StgValue><ssdm name=""/></StgValue>
</bind>
</comp>

<comp id="88" class="1001" name="const_88">
<pin_list>
<pin id="89" dir="1" index="0" bw="1" slack="2147483647"/>
</pin_list>
<bind>
<StgValue><ssdm name="_ssdm_op_SpecPipeline"/></StgValue>
</bind>
</comp>

<comp id="90" class="1004" name="j_1_fu_90">
<pin_list>
<pin id="91" dir="0" index="0" bw="1" slack="0"/>
<pin id="92" dir="1" index="1" bw="31" slack="0"/>
</pin_list>
<bind>
<opcode="alloca(26) " fcode="alloca"/>
<opset="j_1/1 "/>
</bind>
</comp>

<comp id="94" class="1004" name="i_fu_94">
<pin_list>
<pin id="95" dir="0" index="0" bw="1" slack="0"/>
<pin id="96" dir="1" index="1" bw="31" slack="0"/>
</pin_list>
<bind>
<opcode="alloca(26) " fcode="alloca"/>
<opset="i/1 "/>
</bind>
</comp>

<comp id="98" class="1004" name="indvar_flatten9_fu_98">
<pin_list>
<pin id="99" dir="0" index="0" bw="1" slack="0"/>
<pin id="100" dir="1" index="1" bw="64" slack="0"/>
</pin_list>
<bind>
<opcode="alloca(26) " fcode="alloca"/>
<opset="indvar_flatten9/1 "/>
</bind>
</comp>

<comp id="102" class="1004" name="b_read_read_fu_102">
<pin_list>
<pin id="103" dir="0" index="0" bw="64" slack="0"/>
<pin id="104" dir="0" index="1" bw="64" slack="0"/>
<pin id="105" dir="1" index="2" bw="64" slack="1"/>
</pin_list>
<bind>
<opcode="read(1150) " fcode="read"/>
<opset="b_read/1 "/>
</bind>
</comp>

<comp id="108" class="1004" name="mul_ln145_1_read_read_fu_108">
<pin_list>
<pin id="109" dir="0" index="0" bw="64" slack="0"/>
<pin id="110" dir="0" index="1" bw="64" slack="0"/>
<pin id="111" dir="1" index="2" bw="64" slack="1"/>
</pin_list>
<bind>
<opcode="read(1150) " fcode="read"/>
<opset="mul_ln145_1_read/1 "/>
</bind>
</comp>

<comp id="114" class="1004" name="b_col_read_read_fu_114">
<pin_list>
<pin id="115" dir="0" index="0" bw="32" slack="0"/>
<pin id="116" dir="0" index="1" bw="32" slack="0"/>
<pin id="117" dir="1" index="2" bw="32" slack="1"/>
</pin_list>
<bind>
<opcode="read(1150) " fcode="read"/>
<opset="b_col_read/1 "/>
</bind>
</comp>

<comp id="120" class="1004" name="gmem1_addr_read_read_fu_120">
<pin_list>
<pin id="121" dir="0" index="0" bw="8" slack="0"/>
<pin id="122" dir="0" index="1" bw="8" slack="1"/>
<pin id="123" dir="1" index="2" bw="8" slack="1"/>
</pin_list>
<bind>
<opcode="read(1150) " fcode="read"/>
<opset="gmem1_addr_read/3 "/>
</bind>
</comp>

<comp id="125" class="1004" name="localB_addr_gep_fu_125">
<pin_list>
<pin id="126" dir="0" index="0" bw="8" slack="0"/>
<pin id="127" dir="0" index="1" bw="1" slack="0"/>
<pin id="128" dir="0" index="2" bw="31" slack="0"/>
<pin id="129" dir="1" index="3" bw="3" slack="0"/>
</pin_list>
<bind>
<opcode="getelementptr(29) " fcode="getelementptr"/>
<opset="localB_addr/4 "/>
</bind>
</comp>

<comp id="132" class="1004" name="localB_1_addr_gep_fu_132">
<pin_list>
<pin id="133" dir="0" index="0" bw="8" slack="0"/>
<pin id="134" dir="0" index="1" bw="1" slack="0"/>
<pin id="135" dir="0" index="2" bw="31" slack="0"/>
<pin id="136" dir="1" index="3" bw="3" slack="0"/>
</pin_list>
<bind>
<opcode="getelementptr(29) " fcode="getelementptr"/>
<opset="localB_1_addr/4 "/>
</bind>
</comp>

<comp id="139" class="1004" name="localB_2_addr_gep_fu_139">
<pin_list>
<pin id="140" dir="0" index="0" bw="8" slack="0"/>
<pin id="141" dir="0" index="1" bw="1" slack="0"/>
<pin id="142" dir="0" index="2" bw="31" slack="0"/>
<pin id="143" dir="1" index="3" bw="3" slack="0"/>
</pin_list>
<bind>
<opcode="getelementptr(29) " fcode="getelementptr"/>
<opset="localB_2_addr/4 "/>
</bind>
</comp>

<comp id="146" class="1004" name="localB_3_addr_gep_fu_146">
<pin_list>
<pin id="147" dir="0" index="0" bw="8" slack="0"/>
<pin id="148" dir="0" index="1" bw="1" slack="0"/>
<pin id="149" dir="0" index="2" bw="31" slack="0"/>
<pin id="150" dir="1" index="3" bw="3" slack="0"/>
</pin_list>
<bind>
<opcode="getelementptr(29) " fcode="getelementptr"/>
<opset="localB_3_addr/4 "/>
</bind>
</comp>

<comp id="153" class="1004" name="localB_4_addr_gep_fu_153">
<pin_list>
<pin id="154" dir="0" index="0" bw="8" slack="0"/>
<pin id="155" dir="0" index="1" bw="1" slack="0"/>
<pin id="156" dir="0" index="2" bw="31" slack="0"/>
<pin id="157" dir="1" index="3" bw="3" slack="0"/>
</pin_list>
<bind>
<opcode="getelementptr(29) " fcode="getelementptr"/>
<opset="localB_4_addr/4 "/>
</bind>
</comp>

<comp id="160" class="1004" name="localB_5_addr_gep_fu_160">
<pin_list>
<pin id="161" dir="0" index="0" bw="8" slack="0"/>
<pin id="162" dir="0" index="1" bw="1" slack="0"/>
<pin id="163" dir="0" index="2" bw="31" slack="0"/>
<pin id="164" dir="1" index="3" bw="3" slack="0"/>
</pin_list>
<bind>
<opcode="getelementptr(29) " fcode="getelementptr"/>
<opset="localB_5_addr/4 "/>
</bind>
</comp>

<comp id="167" class="1004" name="localB_6_addr_gep_fu_167">
<pin_list>
<pin id="168" dir="0" index="0" bw="8" slack="0"/>
<pin id="169" dir="0" index="1" bw="1" slack="0"/>
<pin id="170" dir="0" index="2" bw="31" slack="0"/>
<pin id="171" dir="1" index="3" bw="3" slack="0"/>
</pin_list>
<bind>
<opcode="getelementptr(29) " fcode="getelementptr"/>
<opset="localB_6_addr/4 "/>
</bind>
</comp>

<comp id="174" class="1004" name="localB_7_addr_gep_fu_174">
<pin_list>
<pin id="175" dir="0" index="0" bw="8" slack="0"/>
<pin id="176" dir="0" index="1" bw="1" slack="0"/>
<pin id="177" dir="0" index="2" bw="31" slack="0"/>
<pin id="178" dir="1" index="3" bw="3" slack="0"/>
</pin_list>
<bind>
<opcode="getelementptr(29) " fcode="getelementptr"/>
<opset="localB_7_addr/4 "/>
</bind>
</comp>

<comp id="181" class="1004" name="store_ln161_access_fu_181">
<pin_list>
<pin id="182" dir="0" index="0" bw="3" slack="2147483647"/>
<pin id="183" dir="0" index="1" bw="8" slack="2147483647"/>
<pin id="184" dir="0" index="2" bw="0" slack="0"/>
<pin id="186" dir="0" index="4" bw="3" slack="1"/>
<pin id="187" dir="0" index="5" bw="8" slack="2147483647"/>
<pin id="188" dir="0" index="6" bw="0" slack="2147483647"/>
<pin id="185" dir="1" index="3" bw="8" slack="2147483647"/>
<pin id="189" dir="1" index="7" bw="8" slack="2147483647"/>
</pin_list>
<bind>
<opcode="store(28) " fcode="store"/>
<opset="store_ln161/4 "/>
</bind>
</comp>

<comp id="191" class="1004" name="store_ln161_access_fu_191">
<pin_list>
<pin id="192" dir="0" index="0" bw="3" slack="2147483647"/>
<pin id="193" dir="0" index="1" bw="8" slack="2147483647"/>
<pin id="194" dir="0" index="2" bw="0" slack="0"/>
<pin id="196" dir="0" index="4" bw="3" slack="1"/>
<pin id="197" dir="0" index="5" bw="8" slack="2147483647"/>
<pin id="198" dir="0" index="6" bw="0" slack="2147483647"/>
<pin id="195" dir="1" index="3" bw="8" slack="2147483647"/>
<pin id="199" dir="1" index="7" bw="8" slack="2147483647"/>
</pin_list>
<bind>
<opcode="store(28) " fcode="store"/>
<opset="store_ln161/4 "/>
</bind>
</comp>

<comp id="201" class="1004" name="store_ln161_access_fu_201">
<pin_list>
<pin id="202" dir="0" index="0" bw="3" slack="2147483647"/>
<pin id="203" dir="0" index="1" bw="8" slack="2147483647"/>
<pin id="204" dir="0" index="2" bw="0" slack="0"/>
<pin id="206" dir="0" index="4" bw="3" slack="1"/>
<pin id="207" dir="0" index="5" bw="8" slack="2147483647"/>
<pin id="208" dir="0" index="6" bw="0" slack="2147483647"/>
<pin id="205" dir="1" index="3" bw="8" slack="2147483647"/>
<pin id="209" dir="1" index="7" bw="8" slack="2147483647"/>
</pin_list>
<bind>
<opcode="store(28) " fcode="store"/>
<opset="store_ln161/4 "/>
</bind>
</comp>

<comp id="211" class="1004" name="store_ln161_access_fu_211">
<pin_list>
<pin id="212" dir="0" index="0" bw="3" slack="2147483647"/>
<pin id="213" dir="0" index="1" bw="8" slack="2147483647"/>
<pin id="214" dir="0" index="2" bw="0" slack="0"/>
<pin id="216" dir="0" index="4" bw="3" slack="1"/>
<pin id="217" dir="0" index="5" bw="8" slack="2147483647"/>
<pin id="218" dir="0" index="6" bw="0" slack="2147483647"/>
<pin id="215" dir="1" index="3" bw="8" slack="2147483647"/>
<pin id="219" dir="1" index="7" bw="8" slack="2147483647"/>
</pin_list>
<bind>
<opcode="store(28) " fcode="store"/>
<opset="store_ln161/4 "/>
</bind>
</comp>

<comp id="221" class="1004" name="store_ln161_access_fu_221">
<pin_list>
<pin id="222" dir="0" index="0" bw="3" slack="2147483647"/>
<pin id="223" dir="0" index="1" bw="8" slack="2147483647"/>
<pin id="224" dir="0" index="2" bw="0" slack="0"/>
<pin id="226" dir="0" index="4" bw="3" slack="1"/>
<pin id="227" dir="0" index="5" bw="8" slack="2147483647"/>
<pin id="228" dir="0" index="6" bw="0" slack="2147483647"/>
<pin id="225" dir="1" index="3" bw="8" slack="2147483647"/>
<pin id="229" dir="1" index="7" bw="8" slack="2147483647"/>
</pin_list>
<bind>
<opcode="store(28) " fcode="store"/>
<opset="store_ln161/4 "/>
</bind>
</comp>

<comp id="231" class="1004" name="store_ln161_access_fu_231">
<pin_list>
<pin id="232" dir="0" index="0" bw="3" slack="2147483647"/>
<pin id="233" dir="0" index="1" bw="8" slack="2147483647"/>
<pin id="234" dir="0" index="2" bw="0" slack="0"/>
<pin id="236" dir="0" index="4" bw="3" slack="1"/>
<pin id="237" dir="0" index="5" bw="8" slack="2147483647"/>
<pin id="238" dir="0" index="6" bw="0" slack="2147483647"/>
<pin id="235" dir="1" index="3" bw="8" slack="2147483647"/>
<pin id="239" dir="1" index="7" bw="8" slack="2147483647"/>
</pin_list>
<bind>
<opcode="store(28) " fcode="store"/>
<opset="store_ln161/4 "/>
</bind>
</comp>

<comp id="241" class="1004" name="store_ln161_access_fu_241">
<pin_list>
<pin id="242" dir="0" index="0" bw="3" slack="2147483647"/>
<pin id="243" dir="0" index="1" bw="8" slack="2147483647"/>
<pin id="244" dir="0" index="2" bw="0" slack="0"/>
<pin id="246" dir="0" index="4" bw="3" slack="1"/>
<pin id="247" dir="0" index="5" bw="8" slack="2147483647"/>
<pin id="248" dir="0" index="6" bw="0" slack="2147483647"/>
<pin id="245" dir="1" index="3" bw="8" slack="2147483647"/>
<pin id="249" dir="1" index="7" bw="8" slack="2147483647"/>
</pin_list>
<bind>
<opcode="store(28) " fcode="store"/>
<opset="store_ln161/4 "/>
</bind>
</comp>

<comp id="251" class="1004" name="store_ln161_access_fu_251">
<pin_list>
<pin id="252" dir="0" index="0" bw="3" slack="2147483647"/>
<pin id="253" dir="0" index="1" bw="8" slack="2147483647"/>
<pin id="254" dir="0" index="2" bw="0" slack="0"/>
<pin id="256" dir="0" index="4" bw="3" slack="1"/>
<pin id="257" dir="0" index="5" bw="8" slack="2147483647"/>
<pin id="258" dir="0" index="6" bw="0" slack="2147483647"/>
<pin id="255" dir="1" index="3" bw="8" slack="2147483647"/>
<pin id="259" dir="1" index="7" bw="8" slack="2147483647"/>
</pin_list>
<bind>
<opcode="store(28) " fcode="store"/>
<opset="store_ln161/4 "/>
</bind>
</comp>

<comp id="261" class="1004" name="store_ln0_store_fu_261">
<pin_list>
<pin id="262" dir="0" index="0" bw="1" slack="0"/>
<pin id="263" dir="0" index="1" bw="64" slack="0"/>
<pin id="264" dir="1" index="2" bw="0" slack="2147483647"/>
</pin_list>
<bind>
<opcode="store(28) " fcode="store"/>
<opset="store_ln0/1 "/>
</bind>
</comp>

<comp id="266" class="1004" name="store_ln156_store_fu_266">
<pin_list>
<pin id="267" dir="0" index="0" bw="1" slack="0"/>
<pin id="268" dir="0" index="1" bw="31" slack="0"/>
<pin id="269" dir="1" index="2" bw="0" slack="2147483647"/>
</pin_list>
<bind>
<opcode="store(28) " fcode="store"/>
<opset="store_ln156/1 "/>
</bind>
</comp>

<comp id="271" class="1004" name="store_ln158_store_fu_271">
<pin_list>
<pin id="272" dir="0" index="0" bw="1" slack="0"/>
<pin id="273" dir="0" index="1" bw="31" slack="0"/>
<pin id="274" dir="1" index="2" bw="0" slack="2147483647"/>
</pin_list>
<bind>
<opcode="store(28) " fcode="store"/>
<opset="store_ln158/1 "/>
</bind>
</comp>

<comp id="276" class="1004" name="j_load_fu_276">
<pin_list>
<pin id="277" dir="0" index="0" bw="31" slack="1"/>
<pin id="278" dir="1" index="1" bw="31" slack="0"/>
</pin_list>
<bind>
<opcode="load(27) " fcode="load"/>
<opset="j/2 "/>
</bind>
</comp>

<comp id="279" class="1004" name="indvar_flatten9_load_load_fu_279">
<pin_list>
<pin id="280" dir="0" index="0" bw="64" slack="1"/>
<pin id="281" dir="1" index="1" bw="64" slack="0"/>
</pin_list>
<bind>
<opcode="load(27) " fcode="load"/>
<opset="indvar_flatten9_load/2 "/>
</bind>
</comp>

<comp id="282" class="1004" name="zext_ln158_fu_282">
<pin_list>
<pin id="283" dir="0" index="0" bw="31" slack="0"/>
<pin id="284" dir="1" index="1" bw="32" slack="0"/>
</pin_list>
<bind>
<opcode="zext(34) " fcode="zext"/>
<opset="zext_ln158/2 "/>
</bind>
</comp>

<comp id="286" class="1004" name="icmp_ln158_fu_286">
<pin_list>
<pin id="287" dir="0" index="0" bw="31" slack="0"/>
<pin id="288" dir="0" index="1" bw="32" slack="1"/>
<pin id="289" dir="1" index="2" bw="1" slack="0"/>
</pin_list>
<bind>
<opcode="icmp(45) " fcode="icmp"/>
<opset="icmp_ln158/2 "/>
</bind>
</comp>

<comp id="291" class="1004" name="icmp_ln156_fu_291">
<pin_list>
<pin id="292" dir="0" index="0" bw="64" slack="0"/>
<pin id="293" dir="0" index="1" bw="64" slack="1"/>
<pin id="294" dir="1" index="2" bw="1" slack="1"/>
</pin_list>
<bind>
<opcode="icmp(45) " fcode="icmp"/>
<opset="icmp_ln156/2 "/>
</bind>
</comp>

<comp id="296" class="1004" name="add_ln156_fu_296">
<pin_list>
<pin id="297" dir="0" index="0" bw="64" slack="0"/>
<pin id="298" dir="0" index="1" bw="1" slack="0"/>
<pin id="299" dir="1" index="2" bw="64" slack="0"/>
</pin_list>
<bind>
<opcode="add(8) " fcode="add"/>
<opset="add_ln156/2 "/>
</bind>
</comp>

<comp id="302" class="1004" name="gmem1_addr_fu_302">
<pin_list>
<pin id="303" dir="0" index="0" bw="8" slack="0"/>
<pin id="304" dir="0" index="1" bw="64" slack="1"/>
<pin id="305" dir="1" index="2" bw="8" slack="1"/>
</pin_list>
<bind>
<opcode="getelementptr(29) " fcode="getelementptr"/>
<opset="gmem1_addr/2 "/>
</bind>
</comp>

<comp id="307" class="1004" name="select_ln156_fu_307">
<pin_list>
<pin id="308" dir="0" index="0" bw="1" slack="0"/>
<pin id="309" dir="0" index="1" bw="31" slack="0"/>
<pin id="310" dir="0" index="2" bw="1" slack="0"/>
<pin id="311" dir="1" index="3" bw="31" slack="0"/>
</pin_list>
<bind>
<opcode="select(49) " fcode="select"/>
<opset="select_ln156/2 "/>
</bind>
</comp>

<comp id="315" class="1004" name="trunc_ln158_fu_315">
<pin_list>
<pin id="316" dir="0" index="0" bw="31" slack="0"/>
<pin id="317" dir="1" index="1" bw="3" slack="2"/>
</pin_list>
<bind>
<opcode="trunc(33) " fcode="trunc"/>
<opset="trunc_ln158/2 "/>
</bind>
</comp>

<comp id="319" class="1004" name="add_ln158_fu_319">
<pin_list>
<pin id="320" dir="0" index="0" bw="31" slack="0"/>
<pin id="321" dir="0" index="1" bw="1" slack="0"/>
<pin id="322" dir="1" index="2" bw="31" slack="0"/>
</pin_list>
<bind>
<opcode="add(8) " fcode="add"/>
<opset="add_ln158/2 "/>
</bind>
</comp>

<comp id="325" class="1004" name="store_ln156_store_fu_325">
<pin_list>
<pin id="326" dir="0" index="0" bw="64" slack="0"/>
<pin id="327" dir="0" index="1" bw="64" slack="1"/>
<pin id="328" dir="1" index="2" bw="0" slack="2147483647"/>
</pin_list>
<bind>
<opcode="store(28) " fcode="store"/>
<opset="store_ln156/2 "/>
</bind>
</comp>

<comp id="330" class="1004" name="store_ln158_store_fu_330">
<pin_list>
<pin id="331" dir="0" index="0" bw="31" slack="0"/>
<pin id="332" dir="0" index="1" bw="31" slack="1"/>
<pin id="333" dir="1" index="2" bw="0" slack="2147483647"/>
</pin_list>
<bind>
<opcode="store(28) " fcode="store"/>
<opset="store_ln158/2 "/>
</bind>
</comp>

<comp id="335" class="1004" name="i_load_load_fu_335">
<pin_list>
<pin id="336" dir="0" index="0" bw="31" slack="3"/>
<pin id="337" dir="1" index="1" bw="31" slack="0"/>
</pin_list>
<bind>
<opcode="load(27) " fcode="load"/>
<opset="i_load/4 "/>
</bind>
</comp>

<comp id="338" class="1004" name="add_ln156_1_fu_338">
<pin_list>
<pin id="339" dir="0" index="0" bw="31" slack="0"/>
<pin id="340" dir="0" index="1" bw="1" slack="0"/>
<pin id="341" dir="1" index="2" bw="31" slack="0"/>
</pin_list>
<bind>
<opcode="add(8) " fcode="add"/>
<opset="add_ln156_1/4 "/>
</bind>
</comp>

<comp id="344" class="1004" name="select_ln156_1_fu_344">
<pin_list>
<pin id="345" dir="0" index="0" bw="1" slack="2"/>
<pin id="346" dir="0" index="1" bw="31" slack="0"/>
<pin id="347" dir="0" index="2" bw="31" slack="0"/>
<pin id="348" dir="1" index="3" bw="31" slack="0"/>
</pin_list>
<bind>
<opcode="select(49) " fcode="select"/>
<opset="select_ln156_1/4 "/>
</bind>
</comp>

<comp id="351" class="1004" name="zext_ln156_fu_351">
<pin_list>
<pin id="352" dir="0" index="0" bw="31" slack="0"/>
<pin id="353" dir="1" index="1" bw="64" slack="0"/>
</pin_list>
<bind>
<opcode="zext(34) " fcode="zext"/>
<opset="zext_ln156/4 "/>
</bind>
</comp>

<comp id="363" class="1004" name="store_ln156_store_fu_363">
<pin_list>
<pin id="364" dir="0" index="0" bw="31" slack="0"/>
<pin id="365" dir="0" index="1" bw="31" slack="3"/>
<pin id="366" dir="1" index="2" bw="0" slack="2147483647"/>
</pin_list>
<bind>
<opcode="store(28) " fcode="store"/>
<opset="store_ln156/4 "/>
</bind>
</comp>

<comp id="368" class="1005" name="j_1_reg_368">
<pin_list>
<pin id="369" dir="0" index="0" bw="31" slack="0"/>
<pin id="370" dir="1" index="1" bw="31" slack="0"/>
</pin_list>
<bind>
<opset="j_1 "/>
</bind>
</comp>

<comp id="375" class="1005" name="i_reg_375">
<pin_list>
<pin id="376" dir="0" index="0" bw="31" slack="0"/>
<pin id="377" dir="1" index="1" bw="31" slack="0"/>
</pin_list>
<bind>
<opset="i "/>
</bind>
</comp>

<comp id="382" class="1005" name="indvar_flatten9_reg_382">
<pin_list>
<pin id="383" dir="0" index="0" bw="64" slack="0"/>
<pin id="384" dir="1" index="1" bw="64" slack="0"/>
</pin_list>
<bind>
<opset="indvar_flatten9 "/>
</bind>
</comp>

<comp id="389" class="1005" name="b_read_reg_389">
<pin_list>
<pin id="390" dir="0" index="0" bw="64" slack="1"/>
<pin id="391" dir="1" index="1" bw="64" slack="1"/>
</pin_list>
<bind>
<opset="b_read "/>
</bind>
</comp>

<comp id="394" class="1005" name="mul_ln145_1_read_reg_394">
<pin_list>
<pin id="395" dir="0" index="0" bw="64" slack="1"/>
<pin id="396" dir="1" index="1" bw="64" slack="1"/>
</pin_list>
<bind>
<opset="mul_ln145_1_read "/>
</bind>
</comp>

<comp id="399" class="1005" name="b_col_read_reg_399">
<pin_list>
<pin id="400" dir="0" index="0" bw="32" slack="1"/>
<pin id="401" dir="1" index="1" bw="32" slack="1"/>
</pin_list>
<bind>
<opset="b_col_read "/>
</bind>
</comp>

<comp id="404" class="1005" name="icmp_ln158_reg_404">
<pin_list>
<pin id="405" dir="0" index="0" bw="1" slack="2"/>
<pin id="406" dir="1" index="1" bw="1" slack="2"/>
</pin_list>
<bind>
<opset="icmp_ln158 "/>
</bind>
</comp>

<comp id="409" class="1005" name="icmp_ln156_reg_409">
<pin_list>
<pin id="410" dir="0" index="0" bw="1" slack="1"/>
<pin id="411" dir="1" index="1" bw="1" slack="2147483647"/>
</pin_list>
<bind>
<opset="icmp_ln156 "/>
</bind>
</comp>

<comp id="413" class="1005" name="gmem1_addr_reg_413">
<pin_list>
<pin id="414" dir="0" index="0" bw="8" slack="1"/>
<pin id="415" dir="1" index="1" bw="8" slack="1"/>
</pin_list>
<bind>
<opset="gmem1_addr "/>
</bind>
</comp>

<comp id="418" class="1005" name="trunc_ln158_reg_418">
<pin_list>
<pin id="419" dir="0" index="0" bw="3" slack="2"/>
<pin id="420" dir="1" index="1" bw="3" slack="2147483647"/>
</pin_list>
<bind>
<opset="trunc_ln158 "/>
</bind>
</comp>

<comp id="422" class="1005" name="gmem1_addr_read_reg_422">
<pin_list>
<pin id="423" dir="0" index="0" bw="8" slack="1"/>
<pin id="424" dir="1" index="1" bw="8" slack="1"/>
</pin_list>
<bind>
<opset="gmem1_addr_read "/>
</bind>
</comp>

</comp_list>

<net_list>
<net id="93"><net_src comp="24" pin="0"/><net_sink comp="90" pin=0"/></net>

<net id="97"><net_src comp="24" pin="0"/><net_sink comp="94" pin=0"/></net>

<net id="101"><net_src comp="24" pin="0"/><net_sink comp="98" pin=0"/></net>

<net id="106"><net_src comp="50" pin="0"/><net_sink comp="102" pin=0"/></net>

<net id="107"><net_src comp="6" pin="0"/><net_sink comp="102" pin=1"/></net>

<net id="112"><net_src comp="50" pin="0"/><net_sink comp="108" pin=0"/></net>

<net id="113"><net_src comp="4" pin="0"/><net_sink comp="108" pin=1"/></net>

<net id="118"><net_src comp="52" pin="0"/><net_sink comp="114" pin=0"/></net>

<net id="119"><net_src comp="2" pin="0"/><net_sink comp="114" pin=1"/></net>

<net id="124"><net_src comp="78" pin="0"/><net_sink comp="120" pin=0"/></net>

<net id="130"><net_src comp="8" pin="0"/><net_sink comp="125" pin=0"/></net>

<net id="131"><net_src comp="54" pin="0"/><net_sink comp="125" pin=1"/></net>

<net id="137"><net_src comp="10" pin="0"/><net_sink comp="132" pin=0"/></net>

<net id="138"><net_src comp="54" pin="0"/><net_sink comp="132" pin=1"/></net>

<net id="144"><net_src comp="12" pin="0"/><net_sink comp="139" pin=0"/></net>

<net id="145"><net_src comp="54" pin="0"/><net_sink comp="139" pin=1"/></net>

<net id="151"><net_src comp="14" pin="0"/><net_sink comp="146" pin=0"/></net>

<net id="152"><net_src comp="54" pin="0"/><net_sink comp="146" pin=1"/></net>

<net id="158"><net_src comp="16" pin="0"/><net_sink comp="153" pin=0"/></net>

<net id="159"><net_src comp="54" pin="0"/><net_sink comp="153" pin=1"/></net>

<net id="165"><net_src comp="18" pin="0"/><net_sink comp="160" pin=0"/></net>

<net id="166"><net_src comp="54" pin="0"/><net_sink comp="160" pin=1"/></net>

<net id="172"><net_src comp="20" pin="0"/><net_sink comp="167" pin=0"/></net>

<net id="173"><net_src comp="54" pin="0"/><net_sink comp="167" pin=1"/></net>

<net id="179"><net_src comp="22" pin="0"/><net_sink comp="174" pin=0"/></net>

<net id="180"><net_src comp="54" pin="0"/><net_sink comp="174" pin=1"/></net>

<net id="190"><net_src comp="167" pin="3"/><net_sink comp="181" pin=2"/></net>

<net id="200"><net_src comp="160" pin="3"/><net_sink comp="191" pin=2"/></net>

<net id="210"><net_src comp="153" pin="3"/><net_sink comp="201" pin=2"/></net>

<net id="220"><net_src comp="146" pin="3"/><net_sink comp="211" pin=2"/></net>

<net id="230"><net_src comp="139" pin="3"/><net_sink comp="221" pin=2"/></net>

<net id="240"><net_src comp="132" pin="3"/><net_sink comp="231" pin=2"/></net>

<net id="250"><net_src comp="125" pin="3"/><net_sink comp="241" pin=2"/></net>

<net id="260"><net_src comp="174" pin="3"/><net_sink comp="251" pin=2"/></net>

<net id="265"><net_src comp="54" pin="0"/><net_sink comp="261" pin=0"/></net>

<net id="270"><net_src comp="56" pin="0"/><net_sink comp="266" pin=0"/></net>

<net id="275"><net_src comp="56" pin="0"/><net_sink comp="271" pin=0"/></net>

<net id="285"><net_src comp="276" pin="1"/><net_sink comp="282" pin=0"/></net>

<net id="290"><net_src comp="282" pin="1"/><net_sink comp="286" pin=0"/></net>

<net id="295"><net_src comp="279" pin="1"/><net_sink comp="291" pin=0"/></net>

<net id="300"><net_src comp="279" pin="1"/><net_sink comp="296" pin=0"/></net>

<net id="301"><net_src comp="60" pin="0"/><net_sink comp="296" pin=1"/></net>

<net id="306"><net_src comp="0" pin="0"/><net_sink comp="302" pin=0"/></net>

<net id="312"><net_src comp="286" pin="2"/><net_sink comp="307" pin=0"/></net>

<net id="313"><net_src comp="276" pin="1"/><net_sink comp="307" pin=1"/></net>

<net id="314"><net_src comp="56" pin="0"/><net_sink comp="307" pin=2"/></net>

<net id="318"><net_src comp="307" pin="3"/><net_sink comp="315" pin=0"/></net>

<net id="323"><net_src comp="307" pin="3"/><net_sink comp="319" pin=0"/></net>

<net id="324"><net_src comp="76" pin="0"/><net_sink comp="319" pin=1"/></net>

<net id="329"><net_src comp="296" pin="2"/><net_sink comp="325" pin=0"/></net>

<net id="334"><net_src comp="319" pin="2"/><net_sink comp="330" pin=0"/></net>

<net id="342"><net_src comp="335" pin="1"/><net_sink comp="338" pin=0"/></net>

<net id="343"><net_src comp="76" pin="0"/><net_sink comp="338" pin=1"/></net>

<net id="349"><net_src comp="335" pin="1"/><net_sink comp="344" pin=1"/></net>

<net id="350"><net_src comp="338" pin="2"/><net_sink comp="344" pin=2"/></net>

<net id="354"><net_src comp="344" pin="3"/><net_sink comp="351" pin=0"/></net>

<net id="355"><net_src comp="351" pin="1"/><net_sink comp="125" pin=2"/></net>

<net id="356"><net_src comp="351" pin="1"/><net_sink comp="132" pin=2"/></net>

<net id="357"><net_src comp="351" pin="1"/><net_sink comp="139" pin=2"/></net>

<net id="358"><net_src comp="351" pin="1"/><net_sink comp="146" pin=2"/></net>

<net id="359"><net_src comp="351" pin="1"/><net_sink comp="153" pin=2"/></net>

<net id="360"><net_src comp="351" pin="1"/><net_sink comp="160" pin=2"/></net>

<net id="361"><net_src comp="351" pin="1"/><net_sink comp="167" pin=2"/></net>

<net id="362"><net_src comp="351" pin="1"/><net_sink comp="174" pin=2"/></net>

<net id="367"><net_src comp="344" pin="3"/><net_sink comp="363" pin=0"/></net>

<net id="371"><net_src comp="90" pin="1"/><net_sink comp="368" pin=0"/></net>

<net id="372"><net_src comp="368" pin="1"/><net_sink comp="271" pin=1"/></net>

<net id="373"><net_src comp="368" pin="1"/><net_sink comp="276" pin=0"/></net>

<net id="374"><net_src comp="368" pin="1"/><net_sink comp="330" pin=1"/></net>

<net id="378"><net_src comp="94" pin="1"/><net_sink comp="375" pin=0"/></net>

<net id="379"><net_src comp="375" pin="1"/><net_sink comp="266" pin=1"/></net>

<net id="380"><net_src comp="375" pin="1"/><net_sink comp="335" pin=0"/></net>

<net id="381"><net_src comp="375" pin="1"/><net_sink comp="363" pin=1"/></net>

<net id="385"><net_src comp="98" pin="1"/><net_sink comp="382" pin=0"/></net>

<net id="386"><net_src comp="382" pin="1"/><net_sink comp="261" pin=1"/></net>

<net id="387"><net_src comp="382" pin="1"/><net_sink comp="279" pin=0"/></net>

<net id="388"><net_src comp="382" pin="1"/><net_sink comp="325" pin=1"/></net>

<net id="392"><net_src comp="102" pin="2"/><net_sink comp="389" pin=0"/></net>

<net id="393"><net_src comp="389" pin="1"/><net_sink comp="302" pin=1"/></net>

<net id="397"><net_src comp="108" pin="2"/><net_sink comp="394" pin=0"/></net>

<net id="398"><net_src comp="394" pin="1"/><net_sink comp="291" pin=1"/></net>

<net id="402"><net_src comp="114" pin="2"/><net_sink comp="399" pin=0"/></net>

<net id="403"><net_src comp="399" pin="1"/><net_sink comp="286" pin=1"/></net>

<net id="407"><net_src comp="286" pin="2"/><net_sink comp="404" pin=0"/></net>

<net id="408"><net_src comp="404" pin="1"/><net_sink comp="344" pin=0"/></net>

<net id="412"><net_src comp="291" pin="2"/><net_sink comp="409" pin=0"/></net>

<net id="416"><net_src comp="302" pin="2"/><net_sink comp="413" pin=0"/></net>

<net id="417"><net_src comp="413" pin="1"/><net_sink comp="120" pin=1"/></net>

<net id="421"><net_src comp="315" pin="1"/><net_sink comp="418" pin=0"/></net>

<net id="425"><net_src comp="120" pin="2"/><net_sink comp="422" pin=0"/></net>

<net id="426"><net_src comp="422" pin="1"/><net_sink comp="181" pin=4"/></net>

<net id="427"><net_src comp="422" pin="1"/><net_sink comp="191" pin=4"/></net>

<net id="428"><net_src comp="422" pin="1"/><net_sink comp="201" pin=4"/></net>

<net id="429"><net_src comp="422" pin="1"/><net_sink comp="211" pin=4"/></net>

<net id="430"><net_src comp="422" pin="1"/><net_sink comp="221" pin=4"/></net>

<net id="431"><net_src comp="422" pin="1"/><net_sink comp="231" pin=4"/></net>

<net id="432"><net_src comp="422" pin="1"/><net_sink comp="241" pin=4"/></net>

<net id="433"><net_src comp="422" pin="1"/><net_sink comp="251" pin=4"/></net>

</net_list>

</model> 
---------------- Datapath Model END ------------------

* FSMD analyzer results:
  - Output states:
	Port: localB | {4 }
	Port: localB_1 | {4 }
	Port: localB_2 | {4 }
	Port: localB_3 | {4 }
	Port: localB_4 | {4 }
	Port: localB_5 | {4 }
	Port: localB_6 | {4 }
	Port: localB_7 | {4 }
 - Input state : 
	Port: mmult_Pipeline_readB_VITIS_LOOP_158_2 : gmem1 | {3 }
	Port: mmult_Pipeline_readB_VITIS_LOOP_158_2 : b_col | {1 }
	Port: mmult_Pipeline_readB_VITIS_LOOP_158_2 : mul_ln145_1 | {1 }
	Port: mmult_Pipeline_readB_VITIS_LOOP_158_2 : b | {1 }
  - Chain level:
	State 1
		store_ln0 : 1
		store_ln156 : 1
		store_ln158 : 1
	State 2
		zext_ln158 : 1
		icmp_ln158 : 2
		icmp_ln156 : 1
		add_ln156 : 1
		br_ln156 : 2
		select_ln156 : 3
		trunc_ln158 : 4
		switch_ln161 : 5
		add_ln158 : 4
		store_ln156 : 2
		store_ln158 : 5
	State 3
	State 4
		add_ln156_1 : 1
		select_ln156_1 : 2
		zext_ln156 : 3
		localB_addr : 4
		localB_1_addr : 4
		localB_2_addr : 4
		localB_3_addr : 4
		localB_4_addr : 4
		localB_5_addr : 4
		localB_6_addr : 4
		localB_7_addr : 4
		store_ln161 : 5
		store_ln161 : 5
		store_ln161 : 5
		store_ln161 : 5
		store_ln161 : 5
		store_ln161 : 5
		store_ln161 : 5
		store_ln161 : 5
		store_ln156 : 3


============================================================
+ Verbose Summary: Datapath Resource usage 
============================================================

* Functional unit list:
|----------|------------------------------|---------|---------|
| Operation|        Functional Unit       |    FF   |   LUT   |
|----------|------------------------------|---------|---------|
|          |       add_ln156_fu_296       |    0    |    71   |
|    add   |       add_ln158_fu_319       |    0    |    38   |
|          |      add_ln156_1_fu_338      |    0    |    38   |
|----------|------------------------------|---------|---------|
|   icmp   |       icmp_ln158_fu_286      |    0    |    39   |
|          |       icmp_ln156_fu_291      |    0    |    71   |
|----------|------------------------------|---------|---------|
|  select  |      select_ln156_fu_307     |    0    |    31   |
|          |     select_ln156_1_fu_344    |    0    |    31   |
|----------|------------------------------|---------|---------|
|          |      b_read_read_fu_102      |    0    |    0    |
|   read   | mul_ln145_1_read_read_fu_108 |    0    |    0    |
|          |    b_col_read_read_fu_114    |    0    |    0    |
|          |  gmem1_addr_read_read_fu_120 |    0    |    0    |
|----------|------------------------------|---------|---------|
|   zext   |       zext_ln158_fu_282      |    0    |    0    |
|          |       zext_ln156_fu_351      |    0    |    0    |
|----------|------------------------------|---------|---------|
|   trunc  |      trunc_ln158_fu_315      |    0    |    0    |
|----------|------------------------------|---------|---------|
|   Total  |                              |    0    |   319   |
|----------|------------------------------|---------|---------|

Memories:
N/A

* Register list:
+------------------------+--------+
|                        |   FF   |
+------------------------+--------+
|   b_col_read_reg_399   |   32   |
|     b_read_reg_389     |   64   |
| gmem1_addr_read_reg_422|    8   |
|   gmem1_addr_reg_413   |    8   |
|        i_reg_375       |   31   |
|   icmp_ln156_reg_409   |    1   |
|   icmp_ln158_reg_404   |    1   |
| indvar_flatten9_reg_382|   64   |
|       j_1_reg_368      |   31   |
|mul_ln145_1_read_reg_394|   64   |
|   trunc_ln158_reg_418  |    3   |
+------------------------+--------+
|          Total         |   307  |
+------------------------+--------+

* Multiplexer (MUX) list: 
|--------|------|------|------|--------|
|  Comp  |  Pin | Size |  BW  | S x BW |
|--------|------|------|------|--------|
|  Total |      |      |      |    0   |
|--------|------|------|------|--------|



* Summary:
+-----------+--------+--------+
|           |   FF   |   LUT  |
+-----------+--------+--------+
|  Function |    0   |   319  |
|   Memory  |    -   |    -   |
|Multiplexer|    -   |    -   |
|  Register |   307  |    -   |
+-----------+--------+--------+
|   Total   |   307  |   319  |
+-----------+--------+--------+
