

================================================================
== Vitis HLS Report for 'mmult_Pipeline_readA'
================================================================
* Date:           Thu Apr 23 02:44:03 2026

* Version:        2023.2 (Build 4023990 on Oct 11 2023)
* Project:        hls_prj
* Solution:       s1 (Vivado IP Flow Target)
* Product family: zynquplus
* Target device:  xck26-sfvc784-2LV-c


================================================================
== Performance Estimates
================================================================
+ Timing: 
    * Summary: 
    +--------+---------+----------+------------+
    |  Clock |  Target | Estimated| Uncertainty|
    +--------+---------+----------+------------+
    |ap_clk  |  3.30 ns|  2.409 ns|     0.89 ns|
    +--------+---------+----------+------------+

+ Latency: 
    * Summary: 
    +---------+---------+----------+----------+------+------+---------+
    |  Latency (cycles) |  Latency (absolute) |   Interval  | Pipeline|
    |   min   |   max   |    min   |    max   |  min |  max |   Type  |
    +---------+---------+----------+----------+------+------+---------+
    |     2050|     2050|  6.765 us|  6.765 us|  2050|  2050|       no|
    +---------+---------+----------+----------+------+------+---------+

    + Detail: 
        * Instance: 
        N/A

        * Loop: 
        +----------+---------+---------+----------+-----------+-----------+------+----------+
        |          |  Latency (cycles) | Iteration|  Initiation Interval  | Trip |          |
        | Loop Name|   min   |   max   |  Latency |  achieved |   target  | Count| Pipelined|
        +----------+---------+---------+----------+-----------+-----------+------+----------+
        |- readA   |     2048|     2048|         3|          2|          1|  1024|       yes|
        +----------+---------+---------+----------+-----------+-----------+------+----------+

============================================================
+ Verbose Summary: Synthesis Manager
============================================================
InlineROM: 1
ExposeGlobal: 0
============================================================
+ Verbose Summary: CDFG Model
============================================================
IsTopModel: 0
ResetActiveHigh: 1
IsCombinational: 0
IsDatapathOnly: 0
HasWiredReturn: 1
HasMFsm: 2
HasVarLatency: 1
IsPipeline: 0
IsRtlPipelined: 0
IsInstanceOverlapped: 0
IsDontTouch: 0
HasImplIP: 0
IsGatedGlobalClock: 0

+ Individual pipeline summary: 
  * Pipeline-0: initiation interval (II) = 2, depth = 4


============================================================
+ Verbose Summary: Schedule
============================================================
* Number of FSM states : 4
* Pipeline : 1
  Pipeline-0 : II = 2, D = 4, States = { 1 2 3 4 }
* Dataflow Pipeline: 0

* FSM state transitions: 
1 --> 2 
2 --> 3 
3 --> 4 
4 --> 

* FSM state operations: 

State 1 <SV = 0> <Delay = 0.42>
ST_1 : Operation 6 [1/1] (0.00ns)   --->   "%j = alloca i32 1" [mmult.cpp:166]   --->   Operation 6 'alloca' 'j' <Predicate = true> <Delay = 0.00>
ST_1 : Operation 7 [1/1] (0.00ns)   --->   "%i = alloca i32 1" [mmult.cpp:166]   --->   Operation 7 'alloca' 'i' <Predicate = true> <Delay = 0.00>
ST_1 : Operation 8 [1/1] (0.00ns)   --->   "%loc = alloca i32 1"   --->   Operation 8 'alloca' 'loc' <Predicate = true> <Delay = 0.00>
ST_1 : Operation 9 [1/1] (0.00ns)   --->   "%specmemcore_ln0 = specmemcore void @_ssdm_op_SpecMemCore, i8 %localA, i64 666, i64 23, i64 18446744073709551615"   --->   Operation 9 'specmemcore' 'specmemcore_ln0' <Predicate = true> <Delay = 0.00>
ST_1 : Operation 10 [1/1] (0.00ns)   --->   "%specmemcore_ln0 = specmemcore void @_ssdm_op_SpecMemCore, i8 %localA_1, i64 666, i64 23, i64 18446744073709551615"   --->   Operation 10 'specmemcore' 'specmemcore_ln0' <Predicate = true> <Delay = 0.00>
ST_1 : Operation 11 [1/1] (0.00ns)   --->   "%specmemcore_ln0 = specmemcore void @_ssdm_op_SpecMemCore, i8 %localA_2, i64 666, i64 23, i64 18446744073709551615"   --->   Operation 11 'specmemcore' 'specmemcore_ln0' <Predicate = true> <Delay = 0.00>
ST_1 : Operation 12 [1/1] (0.00ns)   --->   "%specmemcore_ln0 = specmemcore void @_ssdm_op_SpecMemCore, i8 %localA_3, i64 666, i64 23, i64 18446744073709551615"   --->   Operation 12 'specmemcore' 'specmemcore_ln0' <Predicate = true> <Delay = 0.00>
ST_1 : Operation 13 [1/1] (0.00ns)   --->   "%specmemcore_ln0 = specmemcore void @_ssdm_op_SpecMemCore, i8 %localA_4, i64 666, i64 23, i64 18446744073709551615"   --->   Operation 13 'specmemcore' 'specmemcore_ln0' <Predicate = true> <Delay = 0.00>
ST_1 : Operation 14 [1/1] (0.00ns)   --->   "%specmemcore_ln0 = specmemcore void @_ssdm_op_SpecMemCore, i8 %localA_5, i64 666, i64 23, i64 18446744073709551615"   --->   Operation 14 'specmemcore' 'specmemcore_ln0' <Predicate = true> <Delay = 0.00>
ST_1 : Operation 15 [1/1] (0.00ns)   --->   "%specmemcore_ln0 = specmemcore void @_ssdm_op_SpecMemCore, i8 %localA_6, i64 666, i64 23, i64 18446744073709551615"   --->   Operation 15 'specmemcore' 'specmemcore_ln0' <Predicate = true> <Delay = 0.00>
ST_1 : Operation 16 [1/1] (0.00ns)   --->   "%specmemcore_ln0 = specmemcore void @_ssdm_op_SpecMemCore, i8 %localA_7, i64 666, i64 23, i64 18446744073709551615"   --->   Operation 16 'specmemcore' 'specmemcore_ln0' <Predicate = true> <Delay = 0.00>
ST_1 : Operation 17 [1/1] (0.00ns)   --->   "%specinterface_ln0 = specinterface void @_ssdm_op_SpecInterface, i8 %gmem0, void @empty_3, i32 0, i32 0, void @empty_4, i32 0, i32 0, void @empty_5, void @empty_11, void @empty_4, i32 16, i32 16, i32 16, i32 16, void @empty_4, void @empty_4, i32 4294967295, i32 0"   --->   Operation 17 'specinterface' 'specinterface_ln0' <Predicate = true> <Delay = 0.00>
ST_1 : Operation 18 [1/1] (0.00ns)   --->   "%a_col_read = read i32 @_ssdm_op_Read.ap_auto.i32, i32 %a_col"   --->   Operation 18 'read' 'a_col_read' <Predicate = true> <Delay = 0.00>
ST_1 : Operation 19 [1/1] (0.00ns)   --->   "%a_read = read i64 @_ssdm_op_Read.ap_auto.i64, i64 %a"   --->   Operation 19 'read' 'a_read' <Predicate = true> <Delay = 0.00>
ST_1 : Operation 20 [1/1] (0.00ns)   --->   "%mul_read = read i32 @_ssdm_op_Read.ap_auto.i32, i32 %mul"   --->   Operation 20 'read' 'mul_read' <Predicate = true> <Delay = 0.00>
ST_1 : Operation 21 [1/1] (0.42ns)   --->   "%store_ln0 = store i31 0, i31 %loc"   --->   Operation 21 'store' 'store_ln0' <Predicate = true> <Delay = 0.42>
ST_1 : Operation 22 [1/1] (0.42ns)   --->   "%store_ln166 = store i32 0, i32 %i" [mmult.cpp:166]   --->   Operation 22 'store' 'store_ln166' <Predicate = true> <Delay = 0.42>
ST_1 : Operation 23 [1/1] (0.42ns)   --->   "%store_ln166 = store i32 0, i32 %j" [mmult.cpp:166]   --->   Operation 23 'store' 'store_ln166' <Predicate = true> <Delay = 0.42>
ST_1 : Operation 24 [1/1] (0.00ns)   --->   "%br_ln0 = br void %for.body"   --->   Operation 24 'br' 'br_ln0' <Predicate = true> <Delay = 0.00>

State 2 <SV = 1> <Delay = 2.20>
ST_2 : Operation 25 [1/1] (0.00ns)   --->   "%loc_load = load i31 %loc" [mmult.cpp:166]   --->   Operation 25 'load' 'loc_load' <Predicate = true> <Delay = 0.00>
ST_2 : Operation 26 [1/1] (0.00ns)   --->   "%loc_cast = zext i31 %loc_load" [mmult.cpp:166]   --->   Operation 26 'zext' 'loc_cast' <Predicate = true> <Delay = 0.00>
ST_2 : Operation 27 [1/1] (0.00ns)   --->   "%specbitsmap_ln0 = specbitsmap void @_ssdm_op_SpecBitsMap, i8 %gmem0"   --->   Operation 27 'specbitsmap' 'specbitsmap_ln0' <Predicate = true> <Delay = 0.00>
ST_2 : Operation 28 [1/1] (1.01ns)   --->   "%icmp_ln166 = icmp_slt  i32 %loc_cast, i32 %mul_read" [mmult.cpp:166]   --->   Operation 28 'icmp' 'icmp_ln166' <Predicate = true> <Delay = 1.01> <CoreInst = "Cmp">   --->   Core 9 'Cmp' <Latency = 0> <II = 1> <Delay = 1.01> <FuncUnit> <Opcode : 'icmp'> <InPorts = 2> <OutPorts = 1>
ST_2 : Operation 29 [1/1] (1.00ns)   --->   "%add_ln166 = add i31 %loc_load, i31 1" [mmult.cpp:166]   --->   Operation 29 'add' 'add_ln166' <Predicate = true> <Delay = 1.00> <CoreInst = "Adder">   --->   Core 1 'Adder' <Latency = 0> <II = 1> <Delay = 1.00> <FuncUnit> <Opcode : 'add' 'sub'> <InPorts = 2> <OutPorts = 1>
ST_2 : Operation 30 [1/1] (0.00ns)   --->   "%br_ln166 = br i1 %icmp_ln166, void %readB.loopexit.exitStub, void %for.body.split" [mmult.cpp:166]   --->   Operation 30 'br' 'br_ln166' <Predicate = true> <Delay = 0.00>
ST_2 : Operation 31 [1/1] (0.00ns)   --->   "%j_load = load i32 %j" [mmult.cpp:168]   --->   Operation 31 'load' 'j_load' <Predicate = (icmp_ln166)> <Delay = 0.00>
ST_2 : Operation 32 [1/1] (0.00ns)   --->   "%i_load = load i32 %i" [mmult.cpp:169]   --->   Operation 32 'load' 'i_load' <Predicate = (icmp_ln166)> <Delay = 0.00>
ST_2 : Operation 33 [1/1] (0.00ns)   --->   "%gmem0_addr = getelementptr i8 %gmem0, i64 %a_read" [mmult.cpp:166]   --->   Operation 33 'getelementptr' 'gmem0_addr' <Predicate = (icmp_ln166)> <Delay = 0.00>
ST_2 : Operation 34 [1/1] (1.01ns)   --->   "%icmp_ln168 = icmp_eq  i32 %j_load, i32 %a_col_read" [mmult.cpp:168]   --->   Operation 34 'icmp' 'icmp_ln168' <Predicate = (icmp_ln166)> <Delay = 1.01> <CoreInst = "Cmp">   --->   Core 9 'Cmp' <Latency = 0> <II = 1> <Delay = 1.01> <FuncUnit> <Opcode : 'icmp'> <InPorts = 2> <OutPorts = 1>
ST_2 : Operation 35 [1/1] (1.01ns)   --->   "%add_ln169 = add i32 %i_load, i32 1" [mmult.cpp:169]   --->   Operation 35 'add' 'add_ln169' <Predicate = (icmp_ln166)> <Delay = 1.01> <CoreInst = "Adder">   --->   Core 1 'Adder' <Latency = 0> <II = 1> <Delay = 1.01> <FuncUnit> <Opcode : 'add' 'sub'> <InPorts = 2> <OutPorts = 1>
ST_2 : Operation 36 [1/1] (0.44ns)   --->   "%i_3 = select i1 %icmp_ln168, i32 %add_ln169, i32 %i_load" [mmult.cpp:168]   --->   Operation 36 'select' 'i_3' <Predicate = (icmp_ln166)> <Delay = 0.44> <CoreInst = "Sel">   --->   Core 73 'Sel' <Latency = 0> <II = 1> <Delay = 0.44> <FuncUnit> <Opcode : 'select'> <InPorts = 3> <OutPorts = 1>
ST_2 : Operation 37 [1/1] (0.00ns)   --->   "%trunc_ln166 = trunc i32 %i_3" [mmult.cpp:166]   --->   Operation 37 'trunc' 'trunc_ln166' <Predicate = (icmp_ln166)> <Delay = 0.00>
ST_2 : Operation 38 [1/1] (0.00ns)   --->   "%lshr_ln = partselect i2 @_ssdm_op_PartSelect.i2.i32.i32.i32, i32 %i_3, i32 3, i32 4" [mmult.cpp:166]   --->   Operation 38 'partselect' 'lshr_ln' <Predicate = (icmp_ln166)> <Delay = 0.00>
ST_2 : Operation 39 [1/1] (0.73ns)   --->   "%switch_ln172 = switch i3 %trunc_ln166, void %arrayidx54.case.7, i3 0, void %arrayidx54.case.0, i3 1, void %arrayidx54.case.1, i3 2, void %arrayidx54.case.2, i3 3, void %arrayidx54.case.3, i3 4, void %arrayidx54.case.4, i3 5, void %arrayidx54.case.5, i3 6, void %arrayidx54.case.6" [mmult.cpp:172]   --->   Operation 39 'switch' 'switch_ln172' <Predicate = (icmp_ln166)> <Delay = 0.73>
ST_2 : Operation 40 [1/1] (0.00ns)   --->   "%br_ln172 = br void %arrayidx54.exit" [mmult.cpp:172]   --->   Operation 40 'br' 'br_ln172' <Predicate = (icmp_ln166 & trunc_ln166 == 6)> <Delay = 0.00>
ST_2 : Operation 41 [1/1] (0.00ns)   --->   "%br_ln172 = br void %arrayidx54.exit" [mmult.cpp:172]   --->   Operation 41 'br' 'br_ln172' <Predicate = (icmp_ln166 & trunc_ln166 == 5)> <Delay = 0.00>
ST_2 : Operation 42 [1/1] (0.00ns)   --->   "%br_ln172 = br void %arrayidx54.exit" [mmult.cpp:172]   --->   Operation 42 'br' 'br_ln172' <Predicate = (icmp_ln166 & trunc_ln166 == 4)> <Delay = 0.00>
ST_2 : Operation 43 [1/1] (0.00ns)   --->   "%br_ln172 = br void %arrayidx54.exit" [mmult.cpp:172]   --->   Operation 43 'br' 'br_ln172' <Predicate = (icmp_ln166 & trunc_ln166 == 3)> <Delay = 0.00>
ST_2 : Operation 44 [1/1] (0.00ns)   --->   "%br_ln172 = br void %arrayidx54.exit" [mmult.cpp:172]   --->   Operation 44 'br' 'br_ln172' <Predicate = (icmp_ln166 & trunc_ln166 == 2)> <Delay = 0.00>
ST_2 : Operation 45 [1/1] (0.00ns)   --->   "%br_ln172 = br void %arrayidx54.exit" [mmult.cpp:172]   --->   Operation 45 'br' 'br_ln172' <Predicate = (icmp_ln166 & trunc_ln166 == 1)> <Delay = 0.00>
ST_2 : Operation 46 [1/1] (0.00ns)   --->   "%br_ln172 = br void %arrayidx54.exit" [mmult.cpp:172]   --->   Operation 46 'br' 'br_ln172' <Predicate = (icmp_ln166 & trunc_ln166 == 0)> <Delay = 0.00>
ST_2 : Operation 47 [1/1] (0.00ns)   --->   "%br_ln172 = br void %arrayidx54.exit" [mmult.cpp:172]   --->   Operation 47 'br' 'br_ln172' <Predicate = (icmp_ln166 & trunc_ln166 == 7)> <Delay = 0.00>
ST_2 : Operation 78 [1/1] (0.00ns)   --->   "%ret_ln0 = ret"   --->   Operation 78 'ret' 'ret_ln0' <Predicate = (!icmp_ln166)> <Delay = 0.00>

State 3 <SV = 2> <Delay = 2.40>
ST_3 : Operation 48 [1/1] (0.44ns)   --->   "%j_5 = select i1 %icmp_ln168, i32 0, i32 %j_load" [mmult.cpp:168]   --->   Operation 48 'select' 'j_5' <Predicate = (icmp_ln166)> <Delay = 0.44> <CoreInst = "Sel">   --->   Core 73 'Sel' <Latency = 0> <II = 1> <Delay = 0.44> <FuncUnit> <Opcode : 'select'> <InPorts = 3> <OutPorts = 1>
ST_3 : Operation 49 [1/1] (0.00ns)   --->   "%tmp_22 = bitconcatenate i7 @_ssdm_op_BitConcatenate.i7.i2.i5, i2 %lshr_ln, i5 0" [mmult.cpp:172]   --->   Operation 49 'bitconcatenate' 'tmp_22' <Predicate = (icmp_ln166)> <Delay = 0.00>
ST_3 : Operation 50 [1/1] (0.00ns)   --->   "%trunc_ln172 = trunc i32 %j_5" [mmult.cpp:172]   --->   Operation 50 'trunc' 'trunc_ln172' <Predicate = (icmp_ln166)> <Delay = 0.00>
ST_3 : Operation 51 [1/1] (0.77ns)   --->   "%add_ln172 = add i7 %tmp_22, i7 %trunc_ln172" [mmult.cpp:172]   --->   Operation 51 'add' 'add_ln172' <Predicate = (icmp_ln166)> <Delay = 0.77> <CoreInst = "Adder">   --->   Core 1 'Adder' <Latency = 0> <II = 1> <Delay = 0.77> <FuncUnit> <Opcode : 'add' 'sub'> <InPorts = 2> <OutPorts = 1>
ST_3 : Operation 52 [1/1] (2.40ns)   --->   "%gmem0_addr_read = read i8 @_ssdm_op_Read.m_axi.p1i8, i8 %gmem0_addr" [mmult.cpp:172]   --->   Operation 52 'read' 'gmem0_addr_read' <Predicate = (icmp_ln166)> <Delay = 2.40> <CoreInst = "m_axi">   --->   Core 121 'm_axi' <Latency = 0> <II = 1> <Delay = 1.00> <Adapter> <Opcode : 'read' 'write' 'readreq' 'writereq' 'writeresp'>
ST_3 : Operation 53 [1/1] (1.01ns)   --->   "%j_6 = add i32 %j_5, i32 1" [mmult.cpp:166]   --->   Operation 53 'add' 'j_6' <Predicate = (icmp_ln166)> <Delay = 1.01> <CoreInst = "Adder">   --->   Core 1 'Adder' <Latency = 0> <II = 1> <Delay = 1.01> <FuncUnit> <Opcode : 'add' 'sub'> <InPorts = 2> <OutPorts = 1>
ST_3 : Operation 54 [1/1] (0.42ns)   --->   "%store_ln166 = store i31 %add_ln166, i31 %loc" [mmult.cpp:166]   --->   Operation 54 'store' 'store_ln166' <Predicate = (icmp_ln166)> <Delay = 0.42>
ST_3 : Operation 55 [1/1] (0.42ns)   --->   "%store_ln166 = store i32 %i_3, i32 %i" [mmult.cpp:166]   --->   Operation 55 'store' 'store_ln166' <Predicate = (icmp_ln166)> <Delay = 0.42>
ST_3 : Operation 56 [1/1] (0.42ns)   --->   "%store_ln166 = store i32 %j_6, i32 %j" [mmult.cpp:166]   --->   Operation 56 'store' 'store_ln166' <Predicate = (icmp_ln166)> <Delay = 0.42>
ST_3 : Operation 57 [1/1] (0.00ns)   --->   "%br_ln166 = br void %for.body" [mmult.cpp:166]   --->   Operation 57 'br' 'br_ln166' <Predicate = (icmp_ln166)> <Delay = 0.00>

State 4 <SV = 3> <Delay = 0.67>
ST_4 : Operation 58 [1/1] (0.00ns)   --->   "%specpipeline_ln166 = specpipeline void @_ssdm_op_SpecPipeline, i32 4294967295, i32 0, i32 0, i32 0, void @empty_4" [mmult.cpp:166]   --->   Operation 58 'specpipeline' 'specpipeline_ln166' <Predicate = true> <Delay = 0.00>
ST_4 : Operation 59 [1/1] (0.00ns)   --->   "%speclooptripcount_ln167 = speclooptripcount void @_ssdm_op_SpecLoopTripCount, i64 1024, i64 1024, i64 1024" [mmult.cpp:167]   --->   Operation 59 'speclooptripcount' 'speclooptripcount_ln167' <Predicate = true> <Delay = 0.00>
ST_4 : Operation 60 [1/1] (0.00ns)   --->   "%specloopname_ln166 = specloopname void @_ssdm_op_SpecLoopName, void @empty_19" [mmult.cpp:166]   --->   Operation 60 'specloopname' 'specloopname_ln166' <Predicate = true> <Delay = 0.00>
ST_4 : Operation 61 [1/1] (0.00ns)   --->   "%zext_ln172 = zext i7 %add_ln172" [mmult.cpp:172]   --->   Operation 61 'zext' 'zext_ln172' <Predicate = true> <Delay = 0.00>
ST_4 : Operation 62 [1/1] (0.00ns)   --->   "%localA_addr = getelementptr i8 %localA, i64 0, i64 %zext_ln172" [mmult.cpp:172]   --->   Operation 62 'getelementptr' 'localA_addr' <Predicate = true> <Delay = 0.00>
ST_4 : Operation 63 [1/1] (0.00ns)   --->   "%localA_1_addr = getelementptr i8 %localA_1, i64 0, i64 %zext_ln172" [mmult.cpp:172]   --->   Operation 63 'getelementptr' 'localA_1_addr' <Predicate = true> <Delay = 0.00>
ST_4 : Operation 64 [1/1] (0.00ns)   --->   "%localA_2_addr = getelementptr i8 %localA_2, i64 0, i64 %zext_ln172" [mmult.cpp:172]   --->   Operation 64 'getelementptr' 'localA_2_addr' <Predicate = true> <Delay = 0.00>
ST_4 : Operation 65 [1/1] (0.00ns)   --->   "%localA_3_addr = getelementptr i8 %localA_3, i64 0, i64 %zext_ln172" [mmult.cpp:172]   --->   Operation 65 'getelementptr' 'localA_3_addr' <Predicate = true> <Delay = 0.00>
ST_4 : Operation 66 [1/1] (0.00ns)   --->   "%localA_4_addr = getelementptr i8 %localA_4, i64 0, i64 %zext_ln172" [mmult.cpp:172]   --->   Operation 66 'getelementptr' 'localA_4_addr' <Predicate = true> <Delay = 0.00>
ST_4 : Operation 67 [1/1] (0.00ns)   --->   "%localA_5_addr = getelementptr i8 %localA_5, i64 0, i64 %zext_ln172" [mmult.cpp:172]   --->   Operation 67 'getelementptr' 'localA_5_addr' <Predicate = true> <Delay = 0.00>
ST_4 : Operation 68 [1/1] (0.00ns)   --->   "%localA_6_addr = getelementptr i8 %localA_6, i64 0, i64 %zext_ln172" [mmult.cpp:172]   --->   Operation 68 'getelementptr' 'localA_6_addr' <Predicate = true> <Delay = 0.00>
ST_4 : Operation 69 [1/1] (0.00ns)   --->   "%localA_7_addr = getelementptr i8 %localA_7, i64 0, i64 %zext_ln172" [mmult.cpp:172]   --->   Operation 69 'getelementptr' 'localA_7_addr' <Predicate = true> <Delay = 0.00>
ST_4 : Operation 70 [1/1] (0.67ns)   --->   "%store_ln172 = store i8 %gmem0_addr_read, i7 %localA_6_addr" [mmult.cpp:172]   --->   Operation 70 'store' 'store_ln172' <Predicate = (trunc_ln166 == 6)> <Delay = 0.67> <CoreInst = "RAM_2P_LUTRAM">   --->   Core 93 'RAM_2P_LUTRAM' <Latency = 1> <II = 1> <Delay = 0.67> <Storage> <Opcode : 'load' 'store'> <Ports = 2> <Width = 8> <Depth = 128> <RAM>
ST_4 : Operation 71 [1/1] (0.67ns)   --->   "%store_ln172 = store i8 %gmem0_addr_read, i7 %localA_5_addr" [mmult.cpp:172]   --->   Operation 71 'store' 'store_ln172' <Predicate = (trunc_ln166 == 5)> <Delay = 0.67> <CoreInst = "RAM_2P_LUTRAM">   --->   Core 93 'RAM_2P_LUTRAM' <Latency = 1> <II = 1> <Delay = 0.67> <Storage> <Opcode : 'load' 'store'> <Ports = 2> <Width = 8> <Depth = 128> <RAM>
ST_4 : Operation 72 [1/1] (0.67ns)   --->   "%store_ln172 = store i8 %gmem0_addr_read, i7 %localA_4_addr" [mmult.cpp:172]   --->   Operation 72 'store' 'store_ln172' <Predicate = (trunc_ln166 == 4)> <Delay = 0.67> <CoreInst = "RAM_2P_LUTRAM">   --->   Core 93 'RAM_2P_LUTRAM' <Latency = 1> <II = 1> <Delay = 0.67> <Storage> <Opcode : 'load' 'store'> <Ports = 2> <Width = 8> <Depth = 128> <RAM>
ST_4 : Operation 73 [1/1] (0.67ns)   --->   "%store_ln172 = store i8 %gmem0_addr_read, i7 %localA_3_addr" [mmult.cpp:172]   --->   Operation 73 'store' 'store_ln172' <Predicate = (trunc_ln166 == 3)> <Delay = 0.67> <CoreInst = "RAM_2P_LUTRAM">   --->   Core 93 'RAM_2P_LUTRAM' <Latency = 1> <II = 1> <Delay = 0.67> <Storage> <Opcode : 'load' 'store'> <Ports = 2> <Width = 8> <Depth = 128> <RAM>
ST_4 : Operation 74 [1/1] (0.67ns)   --->   "%store_ln172 = store i8 %gmem0_addr_read, i7 %localA_2_addr" [mmult.cpp:172]   --->   Operation 74 'store' 'store_ln172' <Predicate = (trunc_ln166 == 2)> <Delay = 0.67> <CoreInst = "RAM_2P_LUTRAM">   --->   Core 93 'RAM_2P_LUTRAM' <Latency = 1> <II = 1> <Delay = 0.67> <Storage> <Opcode : 'load' 'store'> <Ports = 2> <Width = 8> <Depth = 128> <RAM>
ST_4 : Operation 75 [1/1] (0.67ns)   --->   "%store_ln172 = store i8 %gmem0_addr_read, i7 %localA_1_addr" [mmult.cpp:172]   --->   Operation 75 'store' 'store_ln172' <Predicate = (trunc_ln166 == 1)> <Delay = 0.67> <CoreInst = "RAM_2P_LUTRAM">   --->   Core 93 'RAM_2P_LUTRAM' <Latency = 1> <II = 1> <Delay = 0.67> <Storage> <Opcode : 'load' 'store'> <Ports = 2> <Width = 8> <Depth = 128> <RAM>
ST_4 : Operation 76 [1/1] (0.67ns)   --->   "%store_ln172 = store i8 %gmem0_addr_read, i7 %localA_addr" [mmult.cpp:172]   --->   Operation 76 'store' 'store_ln172' <Predicate = (trunc_ln166 == 0)> <Delay = 0.67> <CoreInst = "RAM_2P_LUTRAM">   --->   Core 93 'RAM_2P_LUTRAM' <Latency = 1> <II = 1> <Delay = 0.67> <Storage> <Opcode : 'load' 'store'> <Ports = 2> <Width = 8> <Depth = 128> <RAM>
ST_4 : Operation 77 [1/1] (0.67ns)   --->   "%store_ln172 = store i8 %gmem0_addr_read, i7 %localA_7_addr" [mmult.cpp:172]   --->   Operation 77 'store' 'store_ln172' <Predicate = (trunc_ln166 == 7)> <Delay = 0.67> <CoreInst = "RAM_2P_LUTRAM">   --->   Core 93 'RAM_2P_LUTRAM' <Latency = 1> <II = 1> <Delay = 0.67> <Storage> <Opcode : 'load' 'store'> <Ports = 2> <Width = 8> <Depth = 128> <RAM>


============================================================
+ Verbose Summary: Binding
============================================================
STG Binding: 
---------------- STG Properties BEGIN ----------------
- Is combinational: 0
- Is one-state seq: 0
- Is datapath-only: 0
- Is pipelined: 0
- Is top level: 0
Port [ Return ] is wired: 1; IO mode=ap_ctrl_hs:ce=0
Port [ gmem0]:  wired=1; compound=1; hidden=0; nouse=0; global=0; static=0; extern=0; dir=0; type=4; pingpong=0; private_global=0; IO mode=m_axi:ce=0
Port [ mul]:  wired=1; compound=0; hidden=0; nouse=0; global=0; static=0; extern=0; dir=0; type=0; pingpong=0; private_global=0; IO mode=ap_none:ce=0
Port [ a]:  wired=1; compound=0; hidden=0; nouse=0; global=0; static=0; extern=0; dir=0; type=0; pingpong=0; private_global=0; IO mode=ap_none:ce=0
Port [ localA_7]:  wired=1; compound=1; hidden=0; nouse=0; global=0; static=0; extern=0; dir=1; type=1; pingpong=0; private_global=0; MemPort=[30]; IO mode=ap_memory:ce=0
Port [ localA_6]:  wired=1; compound=1; hidden=0; nouse=0; global=0; static=0; extern=0; dir=1; type=1; pingpong=0; private_global=0; MemPort=[30]; IO mode=ap_memory:ce=0
Port [ localA_5]:  wired=1; compound=1; hidden=0; nouse=0; global=0; static=0; extern=0; dir=1; type=1; pingpong=0; private_global=0; MemPort=[30]; IO mode=ap_memory:ce=0
Port [ localA_4]:  wired=1; compound=1; hidden=0; nouse=0; global=0; static=0; extern=0; dir=1; type=1; pingpong=0; private_global=0; MemPort=[30]; IO mode=ap_memory:ce=0
Port [ localA_3]:  wired=1; compound=1; hidden=0; nouse=0; global=0; static=0; extern=0; dir=1; type=1; pingpong=0; private_global=0; MemPort=[30]; IO mode=ap_memory:ce=0
Port [ localA_2]:  wired=1; compound=1; hidden=0; nouse=0; global=0; static=0; extern=0; dir=1; type=1; pingpong=0; private_global=0; MemPort=[30]; IO mode=ap_memory:ce=0
Port [ localA_1]:  wired=1; compound=1; hidden=0; nouse=0; global=0; static=0; extern=0; dir=1; type=1; pingpong=0; private_global=0; MemPort=[30]; IO mode=ap_memory:ce=0
Port [ localA]:  wired=1; compound=1; hidden=0; nouse=0; global=0; static=0; extern=0; dir=1; type=1; pingpong=0; private_global=0; MemPort=[30]; IO mode=ap_memory:ce=0
Port [ a_col]:  wired=1; compound=0; hidden=0; nouse=0; global=0; static=0; extern=0; dir=0; type=0; pingpong=0; private_global=0; IO mode=ap_none:ce=0
---------------- STG Properties END ------------------

---------------- Datapath Model BEGIN ----------------

<LifeTime>
<method=bitvector/>
j                       (alloca           ) [ 01110]
i                       (alloca           ) [ 01110]
loc                     (alloca           ) [ 01110]
specmemcore_ln0         (specmemcore      ) [ 00000]
specmemcore_ln0         (specmemcore      ) [ 00000]
specmemcore_ln0         (specmemcore      ) [ 00000]
specmemcore_ln0         (specmemcore      ) [ 00000]
specmemcore_ln0         (specmemcore      ) [ 00000]
specmemcore_ln0         (specmemcore      ) [ 00000]
specmemcore_ln0         (specmemcore      ) [ 00000]
specmemcore_ln0         (specmemcore      ) [ 00000]
specinterface_ln0       (specinterface    ) [ 00000]
a_col_read              (read             ) [ 00100]
a_read                  (read             ) [ 00100]
mul_read                (read             ) [ 00100]
store_ln0               (store            ) [ 00000]
store_ln166             (store            ) [ 00000]
store_ln166             (store            ) [ 00000]
br_ln0                  (br               ) [ 00000]
loc_load                (load             ) [ 00000]
loc_cast                (zext             ) [ 00000]
specbitsmap_ln0         (specbitsmap      ) [ 00000]
icmp_ln166              (icmp             ) [ 01110]
add_ln166               (add              ) [ 01010]
br_ln166                (br               ) [ 00000]
j_load                  (load             ) [ 01010]
i_load                  (load             ) [ 00000]
gmem0_addr              (getelementptr    ) [ 01010]
icmp_ln168              (icmp             ) [ 01010]
add_ln169               (add              ) [ 00000]
i_3                     (select           ) [ 01010]
trunc_ln166             (trunc            ) [ 01111]
lshr_ln                 (partselect       ) [ 01010]
switch_ln172            (switch           ) [ 00000]
br_ln172                (br               ) [ 00000]
br_ln172                (br               ) [ 00000]
br_ln172                (br               ) [ 00000]
br_ln172                (br               ) [ 00000]
br_ln172                (br               ) [ 00000]
br_ln172                (br               ) [ 00000]
br_ln172                (br               ) [ 00000]
br_ln172                (br               ) [ 00000]
j_5                     (select           ) [ 00000]
tmp_22                  (bitconcatenate   ) [ 00000]
trunc_ln172             (trunc            ) [ 00000]
add_ln172               (add              ) [ 00101]
gmem0_addr_read         (read             ) [ 00101]
j_6                     (add              ) [ 00000]
store_ln166             (store            ) [ 00000]
store_ln166             (store            ) [ 00000]
store_ln166             (store            ) [ 00000]
br_ln166                (br               ) [ 00000]
specpipeline_ln166      (specpipeline     ) [ 00000]
speclooptripcount_ln167 (speclooptripcount) [ 00000]
specloopname_ln166      (specloopname     ) [ 00000]
zext_ln172              (zext             ) [ 00000]
localA_addr             (getelementptr    ) [ 00000]
localA_1_addr           (getelementptr    ) [ 00000]
localA_2_addr           (getelementptr    ) [ 00000]
localA_3_addr           (getelementptr    ) [ 00000]
localA_4_addr           (getelementptr    ) [ 00000]
localA_5_addr           (getelementptr    ) [ 00000]
localA_6_addr           (getelementptr    ) [ 00000]
localA_7_addr           (getelementptr    ) [ 00000]
store_ln172             (store            ) [ 00000]
store_ln172             (store            ) [ 00000]
store_ln172             (store            ) [ 00000]
store_ln172             (store            ) [ 00000]
store_ln172             (store            ) [ 00000]
store_ln172             (store            ) [ 00000]
store_ln172             (store            ) [ 00000]
store_ln172             (store            ) [ 00000]
ret_ln0                 (ret              ) [ 00000]
</LifeTime>

<model>

<comp_list>
<comp id="0" class="1000" name="gmem0">
<pin_list>
<pin id="1" dir="1" index="0" bw="1" slack="0"/>
</pin_list>
<bind>
<StgValue><ssdm name="gmem0"/></StgValue>
</bind>
</comp>

<comp id="2" class="1000" name="mul">
<pin_list>
<pin id="3" dir="1" index="0" bw="1" slack="0"/>
</pin_list>
<bind>
<StgValue><ssdm name="mul"/></StgValue>
</bind>
</comp>

<comp id="4" class="1000" name="a">
<pin_list>
<pin id="5" dir="1" index="0" bw="1" slack="0"/>
</pin_list>
<bind>
<StgValue><ssdm name="a"/></StgValue>
</bind>
</comp>

<comp id="6" class="1000" name="localA_7">
<pin_list>
<pin id="7" dir="1" index="0" bw="1" slack="0"/>
</pin_list>
<bind>
<StgValue><ssdm name="localA_7"/><MemPortTyVec>3 0 </MemPortTyVec>
</StgValue>
</bind>
</comp>

<comp id="8" class="1000" name="localA_6">
<pin_list>
<pin id="9" dir="1" index="0" bw="1" slack="0"/>
</pin_list>
<bind>
<StgValue><ssdm name="localA_6"/><MemPortTyVec>3 0 </MemPortTyVec>
</StgValue>
</bind>
</comp>

<comp id="10" class="1000" name="localA_5">
<pin_list>
<pin id="11" dir="1" index="0" bw="1" slack="0"/>
</pin_list>
<bind>
<StgValue><ssdm name="localA_5"/><MemPortTyVec>3 0 </MemPortTyVec>
</StgValue>
</bind>
</comp>

<comp id="12" class="1000" name="localA_4">
<pin_list>
<pin id="13" dir="1" index="0" bw="1" slack="0"/>
</pin_list>
<bind>
<StgValue><ssdm name="localA_4"/><MemPortTyVec>3 0 </MemPortTyVec>
</StgValue>
</bind>
</comp>

<comp id="14" class="1000" name="localA_3">
<pin_list>
<pin id="15" dir="1" index="0" bw="1" slack="0"/>
</pin_list>
<bind>
<StgValue><ssdm name="localA_3"/><MemPortTyVec>3 0 </MemPortTyVec>
</StgValue>
</bind>
</comp>

<comp id="16" class="1000" name="localA_2">
<pin_list>
<pin id="17" dir="1" index="0" bw="1" slack="0"/>
</pin_list>
<bind>
<StgValue><ssdm name="localA_2"/><MemPortTyVec>3 0 </MemPortTyVec>
</StgValue>
</bind>
</comp>

<comp id="18" class="1000" name="localA_1">
<pin_list>
<pin id="19" dir="1" index="0" bw="1" slack="0"/>
</pin_list>
<bind>
<StgValue><ssdm name="localA_1"/><MemPortTyVec>3 0 </MemPortTyVec>
</StgValue>
</bind>
</comp>

<comp id="20" class="1000" name="localA">
<pin_list>
<pin id="21" dir="1" index="0" bw="1" slack="0"/>
</pin_list>
<bind>
<StgValue><ssdm name="localA"/><MemPortTyVec>3 0 </MemPortTyVec>
</StgValue>
</bind>
</comp>

<comp id="22" class="1000" name="a_col">
<pin_list>
<pin id="23" dir="1" index="0" bw="1" slack="0"/>
</pin_list>
<bind>
<StgValue><ssdm name="a_col"/></StgValue>
</bind>
</comp>

<comp id="24" class="1001" name="const_24">
<pin_list>
<pin id="25" dir="1" index="0" bw="1" slack="0"/>
</pin_list>
<bind>
<StgValue><ssdm name=""/></StgValue>
</bind>
</comp>

<comp id="26" class="1001" name="const_26">
<pin_list>
<pin id="27" dir="1" index="0" bw="1" slack="2147483647"/>
</pin_list>
<bind>
<StgValue><ssdm name="_ssdm_op_SpecMemCore"/></StgValue>
</bind>
</comp>

<comp id="28" class="1001" name="const_28">
<pin_list>
<pin id="29" dir="1" index="0" bw="1" slack="2147483647"/>
</pin_list>
<bind>
<StgValue><ssdm name=""/></StgValue>
</bind>
</comp>

<comp id="30" class="1001" name="const_30">
<pin_list>
<pin id="31" dir="1" index="0" bw="1" slack="2147483647"/>
</pin_list>
<bind>
<StgValue><ssdm name=""/></StgValue>
</bind>
</comp>

<comp id="32" class="1001" name="const_32">
<pin_list>
<pin id="33" dir="1" index="0" bw="1" slack="2147483647"/>
</pin_list>
<bind>
<StgValue><ssdm name=""/></StgValue>
</bind>
</comp>

<comp id="34" class="1001" name="const_34">
<pin_list>
<pin id="35" dir="1" index="0" bw="1" slack="2147483647"/>
</pin_list>
<bind>
<StgValue><ssdm name="_ssdm_op_SpecInterface"/></StgValue>
</bind>
</comp>

<comp id="36" class="1001" name="const_36">
<pin_list>
<pin id="37" dir="1" index="0" bw="1" slack="2147483647"/>
</pin_list>
<bind>
<StgValue><ssdm name="empty_3"/></StgValue>
</bind>
</comp>

<comp id="38" class="1001" name="const_38">
<pin_list>
<pin id="39" dir="1" index="0" bw="1" slack="0"/>
</pin_list>
<bind>
<StgValue><ssdm name=""/></StgValue>
</bind>
</comp>

<comp id="40" class="1001" name="const_40">
<pin_list>
<pin id="41" dir="1" index="0" bw="1" slack="2147483647"/>
</pin_list>
<bind>
<StgValue><ssdm name="empty_4"/></StgValue>
</bind>
</comp>

<comp id="42" class="1001" name="const_42">
<pin_list>
<pin id="43" dir="1" index="0" bw="1" slack="2147483647"/>
</pin_list>
<bind>
<StgValue><ssdm name="empty_5"/></StgValue>
</bind>
</comp>

<comp id="44" class="1001" name="const_44">
<pin_list>
<pin id="45" dir="1" index="0" bw="1" slack="2147483647"/>
</pin_list>
<bind>
<StgValue><ssdm name="empty_11"/></StgValue>
</bind>
</comp>

<comp id="46" class="1001" name="const_46">
<pin_list>
<pin id="47" dir="1" index="0" bw="1" slack="2147483647"/>
</pin_list>
<bind>
<StgValue><ssdm name=""/></StgValue>
</bind>
</comp>

<comp id="48" class="1001" name="const_48">
<pin_list>
<pin id="49" dir="1" index="0" bw="1" slack="2147483647"/>
</pin_list>
<bind>
<StgValue><ssdm name=""/></StgValue>
</bind>
</comp>

<comp id="50" class="1001" name="const_50">
<pin_list>
<pin id="51" dir="1" index="0" bw="1" slack="0"/>
</pin_list>
<bind>
<StgValue><ssdm name="_ssdm_op_Read.ap_auto.i32"/></StgValue>
</bind>
</comp>

<comp id="52" class="1001" name="const_52">
<pin_list>
<pin id="53" dir="1" index="0" bw="1" slack="0"/>
</pin_list>
<bind>
<StgValue><ssdm name="_ssdm_op_Read.ap_auto.i64"/></StgValue>
</bind>
</comp>

<comp id="54" class="1001" name="const_54">
<pin_list>
<pin id="55" dir="1" index="0" bw="1" slack="0"/>
</pin_list>
<bind>
<StgValue><ssdm name=""/></StgValue>
</bind>
</comp>

<comp id="56" class="1001" name="const_56">
<pin_list>
<pin id="57" dir="1" index="0" bw="1" slack="2147483647"/>
</pin_list>
<bind>
<StgValue><ssdm name="_ssdm_op_SpecBitsMap"/></StgValue>
</bind>
</comp>

<comp id="58" class="1001" name="const_58">
<pin_list>
<pin id="59" dir="1" index="0" bw="1" slack="0"/>
</pin_list>
<bind>
<StgValue><ssdm name=""/></StgValue>
</bind>
</comp>

<comp id="60" class="1001" name="const_60">
<pin_list>
<pin id="61" dir="1" index="0" bw="1" slack="0"/>
</pin_list>
<bind>
<StgValue><ssdm name="_ssdm_op_PartSelect.i2.i32.i32.i32"/></StgValue>
</bind>
</comp>

<comp id="62" class="1001" name="const_62">
<pin_list>
<pin id="63" dir="1" index="0" bw="1" slack="0"/>
</pin_list>
<bind>
<StgValue><ssdm name=""/></StgValue>
</bind>
</comp>

<comp id="64" class="1001" name="const_64">
<pin_list>
<pin id="65" dir="1" index="0" bw="1" slack="0"/>
</pin_list>
<bind>
<StgValue><ssdm name=""/></StgValue>
</bind>
</comp>

<comp id="66" class="1001" name="const_66">
<pin_list>
<pin id="67" dir="1" index="0" bw="1" slack="2147483647"/>
</pin_list>
<bind>
<StgValue><ssdm name=""/></StgValue>
</bind>
</comp>

<comp id="68" class="1001" name="const_68">
<pin_list>
<pin id="69" dir="1" index="0" bw="1" slack="2147483647"/>
</pin_list>
<bind>
<StgValue><ssdm name=""/></StgValue>
</bind>
</comp>

<comp id="70" class="1001" name="const_70">
<pin_list>
<pin id="71" dir="1" index="0" bw="1" slack="2147483647"/>
</pin_list>
<bind>
<StgValue><ssdm name=""/></StgValue>
</bind>
</comp>

<comp id="72" class="1001" name="const_72">
<pin_list>
<pin id="73" dir="1" index="0" bw="1" slack="2147483647"/>
</pin_list>
<bind>
<StgValue><ssdm name=""/></StgValue>
</bind>
</comp>

<comp id="74" class="1001" name="const_74">
<pin_list>
<pin id="75" dir="1" index="0" bw="1" slack="2147483647"/>
</pin_list>
<bind>
<StgValue><ssdm name=""/></StgValue>
</bind>
</comp>

<comp id="76" class="1001" name="const_76">
<pin_list>
<pin id="77" dir="1" index="0" bw="1" slack="2147483647"/>
</pin_list>
<bind>
<StgValue><ssdm name=""/></StgValue>
</bind>
</comp>

<comp id="78" class="1001" name="const_78">
<pin_list>
<pin id="79" dir="1" index="0" bw="1" slack="2147483647"/>
</pin_list>
<bind>
<StgValue><ssdm name=""/></StgValue>
</bind>
</comp>

<comp id="80" class="1001" name="const_80">
<pin_list>
<pin id="81" dir="1" index="0" bw="1" slack="0"/>
</pin_list>
<bind>
<StgValue><ssdm name="_ssdm_op_BitConcatenate.i7.i2.i5"/></StgValue>
</bind>
</comp>

<comp id="82" class="1001" name="const_82">
<pin_list>
<pin id="83" dir="1" index="0" bw="1" slack="0"/>
</pin_list>
<bind>
<StgValue><ssdm name=""/></StgValue>
</bind>
</comp>

<comp id="84" class="1001" name="const_84">
<pin_list>
<pin id="85" dir="1" index="0" bw="1" slack="0"/>
</pin_list>
<bind>
<StgValue><ssdm name="_ssdm_op_Read.m_axi.p1i8"/></StgValue>
</bind>
</comp>

<comp id="86" class="1001" name="const_86">
<pin_list>
<pin id="87" dir="1" index="0" bw="1" slack="2147483647"/>
</pin_list>
<bind>
<StgValue><ssdm name="_ssdm_op_SpecPipeline"/></StgValue>
</bind>
</comp>

<comp id="88" class="1001" name="const_88">
<pin_list>
<pin id="89" dir="1" index="0" bw="1" slack="2147483647"/>
</pin_list>
<bind>
<StgValue><ssdm name="_ssdm_op_SpecLoopTripCount"/></StgValue>
</bind>
</comp>

<comp id="90" class="1001" name="const_90">
<pin_list>
<pin id="91" dir="1" index="0" bw="1" slack="2147483647"/>
</pin_list>
<bind>
<StgValue><ssdm name=""/></StgValue>
</bind>
</comp>

<comp id="92" class="1001" name="const_92">
<pin_list>
<pin id="93" dir="1" index="0" bw="1" slack="2147483647"/>
</pin_list>
<bind>
<StgValue><ssdm name="_ssdm_op_SpecLoopName"/></StgValue>
</bind>
</comp>

<comp id="94" class="1001" name="const_94">
<pin_list>
<pin id="95" dir="1" index="0" bw="1" slack="2147483647"/>
</pin_list>
<bind>
<StgValue><ssdm name="empty_19"/></StgValue>
</bind>
</comp>

<comp id="96" class="1001" name="const_96">
<pin_list>
<pin id="97" dir="1" index="0" bw="1" slack="0"/>
</pin_list>
<bind>
<StgValue><ssdm name=""/></StgValue>
</bind>
</comp>

<comp id="98" class="1004" name="j_fu_98">
<pin_list>
<pin id="99" dir="0" index="0" bw="1" slack="0"/>
<pin id="100" dir="1" index="1" bw="32" slack="0"/>
</pin_list>
<bind>
<opcode="alloca(26) " fcode="alloca"/>
<opset="j/1 "/>
</bind>
</comp>

<comp id="102" class="1004" name="i_fu_102">
<pin_list>
<pin id="103" dir="0" index="0" bw="1" slack="0"/>
<pin id="104" dir="1" index="1" bw="32" slack="0"/>
</pin_list>
<bind>
<opcode="alloca(26) " fcode="alloca"/>
<opset="i/1 "/>
</bind>
</comp>

<comp id="106" class="1004" name="loc_fu_106">
<pin_list>
<pin id="107" dir="0" index="0" bw="1" slack="0"/>
<pin id="108" dir="1" index="1" bw="31" slack="0"/>
</pin_list>
<bind>
<opcode="alloca(26) " fcode="alloca"/>
<opset="loc/1 "/>
</bind>
</comp>

<comp id="110" class="1004" name="a_col_read_read_fu_110">
<pin_list>
<pin id="111" dir="0" index="0" bw="32" slack="0"/>
<pin id="112" dir="0" index="1" bw="32" slack="0"/>
<pin id="113" dir="1" index="2" bw="32" slack="1"/>
</pin_list>
<bind>
<opcode="read(1150) " fcode="read"/>
<opset="a_col_read/1 "/>
</bind>
</comp>

<comp id="116" class="1004" name="a_read_read_fu_116">
<pin_list>
<pin id="117" dir="0" index="0" bw="64" slack="0"/>
<pin id="118" dir="0" index="1" bw="64" slack="0"/>
<pin id="119" dir="1" index="2" bw="64" slack="1"/>
</pin_list>
<bind>
<opcode="read(1150) " fcode="read"/>
<opset="a_read/1 "/>
</bind>
</comp>

<comp id="122" class="1004" name="mul_read_read_fu_122">
<pin_list>
<pin id="123" dir="0" index="0" bw="32" slack="0"/>
<pin id="124" dir="0" index="1" bw="32" slack="0"/>
<pin id="125" dir="1" index="2" bw="32" slack="1"/>
</pin_list>
<bind>
<opcode="read(1150) " fcode="read"/>
<opset="mul_read/1 "/>
</bind>
</comp>

<comp id="128" class="1004" name="gmem0_addr_read_read_fu_128">
<pin_list>
<pin id="129" dir="0" index="0" bw="8" slack="0"/>
<pin id="130" dir="0" index="1" bw="8" slack="1"/>
<pin id="131" dir="1" index="2" bw="8" slack="1"/>
</pin_list>
<bind>
<opcode="read(1150) " fcode="read"/>
<opset="gmem0_addr_read/3 "/>
</bind>
</comp>

<comp id="133" class="1004" name="localA_addr_gep_fu_133">
<pin_list>
<pin id="134" dir="0" index="0" bw="8" slack="0"/>
<pin id="135" dir="0" index="1" bw="1" slack="0"/>
<pin id="136" dir="0" index="2" bw="7" slack="0"/>
<pin id="137" dir="1" index="3" bw="7" slack="0"/>
</pin_list>
<bind>
<opcode="getelementptr(29) " fcode="getelementptr"/>
<opset="localA_addr/4 "/>
</bind>
</comp>

<comp id="140" class="1004" name="localA_1_addr_gep_fu_140">
<pin_list>
<pin id="141" dir="0" index="0" bw="8" slack="0"/>
<pin id="142" dir="0" index="1" bw="1" slack="0"/>
<pin id="143" dir="0" index="2" bw="7" slack="0"/>
<pin id="144" dir="1" index="3" bw="7" slack="0"/>
</pin_list>
<bind>
<opcode="getelementptr(29) " fcode="getelementptr"/>
<opset="localA_1_addr/4 "/>
</bind>
</comp>

<comp id="147" class="1004" name="localA_2_addr_gep_fu_147">
<pin_list>
<pin id="148" dir="0" index="0" bw="8" slack="0"/>
<pin id="149" dir="0" index="1" bw="1" slack="0"/>
<pin id="150" dir="0" index="2" bw="7" slack="0"/>
<pin id="151" dir="1" index="3" bw="7" slack="0"/>
</pin_list>
<bind>
<opcode="getelementptr(29) " fcode="getelementptr"/>
<opset="localA_2_addr/4 "/>
</bind>
</comp>

<comp id="154" class="1004" name="localA_3_addr_gep_fu_154">
<pin_list>
<pin id="155" dir="0" index="0" bw="8" slack="0"/>
<pin id="156" dir="0" index="1" bw="1" slack="0"/>
<pin id="157" dir="0" index="2" bw="7" slack="0"/>
<pin id="158" dir="1" index="3" bw="7" slack="0"/>
</pin_list>
<bind>
<opcode="getelementptr(29) " fcode="getelementptr"/>
<opset="localA_3_addr/4 "/>
</bind>
</comp>

<comp id="161" class="1004" name="localA_4_addr_gep_fu_161">
<pin_list>
<pin id="162" dir="0" index="0" bw="8" slack="0"/>
<pin id="163" dir="0" index="1" bw="1" slack="0"/>
<pin id="164" dir="0" index="2" bw="7" slack="0"/>
<pin id="165" dir="1" index="3" bw="7" slack="0"/>
</pin_list>
<bind>
<opcode="getelementptr(29) " fcode="getelementptr"/>
<opset="localA_4_addr/4 "/>
</bind>
</comp>

<comp id="168" class="1004" name="localA_5_addr_gep_fu_168">
<pin_list>
<pin id="169" dir="0" index="0" bw="8" slack="0"/>
<pin id="170" dir="0" index="1" bw="1" slack="0"/>
<pin id="171" dir="0" index="2" bw="7" slack="0"/>
<pin id="172" dir="1" index="3" bw="7" slack="0"/>
</pin_list>
<bind>
<opcode="getelementptr(29) " fcode="getelementptr"/>
<opset="localA_5_addr/4 "/>
</bind>
</comp>

<comp id="175" class="1004" name="localA_6_addr_gep_fu_175">
<pin_list>
<pin id="176" dir="0" index="0" bw="8" slack="0"/>
<pin id="177" dir="0" index="1" bw="1" slack="0"/>
<pin id="178" dir="0" index="2" bw="7" slack="0"/>
<pin id="179" dir="1" index="3" bw="7" slack="0"/>
</pin_list>
<bind>
<opcode="getelementptr(29) " fcode="getelementptr"/>
<opset="localA_6_addr/4 "/>
</bind>
</comp>

<comp id="182" class="1004" name="localA_7_addr_gep_fu_182">
<pin_list>
<pin id="183" dir="0" index="0" bw="8" slack="0"/>
<pin id="184" dir="0" index="1" bw="1" slack="0"/>
<pin id="185" dir="0" index="2" bw="7" slack="0"/>
<pin id="186" dir="1" index="3" bw="7" slack="0"/>
</pin_list>
<bind>
<opcode="getelementptr(29) " fcode="getelementptr"/>
<opset="localA_7_addr/4 "/>
</bind>
</comp>

<comp id="189" class="1004" name="store_ln172_access_fu_189">
<pin_list>
<pin id="190" dir="0" index="0" bw="7" slack="2147483647"/>
<pin id="191" dir="0" index="1" bw="8" slack="2147483647"/>
<pin id="192" dir="0" index="2" bw="0" slack="0"/>
<pin id="194" dir="0" index="4" bw="7" slack="1"/>
<pin id="195" dir="0" index="5" bw="8" slack="2147483647"/>
<pin id="196" dir="0" index="6" bw="0" slack="2147483647"/>
<pin id="193" dir="1" index="3" bw="8" slack="2147483647"/>
<pin id="197" dir="1" index="7" bw="8" slack="2147483647"/>
</pin_list>
<bind>
<opcode="store(28) " fcode="store"/>
<opset="store_ln172/4 "/>
</bind>
</comp>

<comp id="199" class="1004" name="store_ln172_access_fu_199">
<pin_list>
<pin id="200" dir="0" index="0" bw="7" slack="2147483647"/>
<pin id="201" dir="0" index="1" bw="8" slack="2147483647"/>
<pin id="202" dir="0" index="2" bw="0" slack="0"/>
<pin id="204" dir="0" index="4" bw="7" slack="1"/>
<pin id="205" dir="0" index="5" bw="8" slack="2147483647"/>
<pin id="206" dir="0" index="6" bw="0" slack="2147483647"/>
<pin id="203" dir="1" index="3" bw="8" slack="2147483647"/>
<pin id="207" dir="1" index="7" bw="8" slack="2147483647"/>
</pin_list>
<bind>
<opcode="store(28) " fcode="store"/>
<opset="store_ln172/4 "/>
</bind>
</comp>

<comp id="209" class="1004" name="store_ln172_access_fu_209">
<pin_list>
<pin id="210" dir="0" index="0" bw="7" slack="2147483647"/>
<pin id="211" dir="0" index="1" bw="8" slack="2147483647"/>
<pin id="212" dir="0" index="2" bw="0" slack="0"/>
<pin id="214" dir="0" index="4" bw="7" slack="1"/>
<pin id="215" dir="0" index="5" bw="8" slack="2147483647"/>
<pin id="216" dir="0" index="6" bw="0" slack="2147483647"/>
<pin id="213" dir="1" index="3" bw="8" slack="2147483647"/>
<pin id="217" dir="1" index="7" bw="8" slack="2147483647"/>
</pin_list>
<bind>
<opcode="store(28) " fcode="store"/>
<opset="store_ln172/4 "/>
</bind>
</comp>

<comp id="219" class="1004" name="store_ln172_access_fu_219">
<pin_list>
<pin id="220" dir="0" index="0" bw="7" slack="2147483647"/>
<pin id="221" dir="0" index="1" bw="8" slack="2147483647"/>
<pin id="222" dir="0" index="2" bw="0" slack="0"/>
<pin id="224" dir="0" index="4" bw="7" slack="1"/>
<pin id="225" dir="0" index="5" bw="8" slack="2147483647"/>
<pin id="226" dir="0" index="6" bw="0" slack="2147483647"/>
<pin id="223" dir="1" index="3" bw="8" slack="2147483647"/>
<pin id="227" dir="1" index="7" bw="8" slack="2147483647"/>
</pin_list>
<bind>
<opcode="store(28) " fcode="store"/>
<opset="store_ln172/4 "/>
</bind>
</comp>

<comp id="229" class="1004" name="store_ln172_access_fu_229">
<pin_list>
<pin id="230" dir="0" index="0" bw="7" slack="2147483647"/>
<pin id="231" dir="0" index="1" bw="8" slack="2147483647"/>
<pin id="232" dir="0" index="2" bw="0" slack="0"/>
<pin id="234" dir="0" index="4" bw="7" slack="1"/>
<pin id="235" dir="0" index="5" bw="8" slack="2147483647"/>
<pin id="236" dir="0" index="6" bw="0" slack="2147483647"/>
<pin id="233" dir="1" index="3" bw="8" slack="2147483647"/>
<pin id="237" dir="1" index="7" bw="8" slack="2147483647"/>
</pin_list>
<bind>
<opcode="store(28) " fcode="store"/>
<opset="store_ln172/4 "/>
</bind>
</comp>

<comp id="239" class="1004" name="store_ln172_access_fu_239">
<pin_list>
<pin id="240" dir="0" index="0" bw="7" slack="2147483647"/>
<pin id="241" dir="0" index="1" bw="8" slack="2147483647"/>
<pin id="242" dir="0" index="2" bw="0" slack="0"/>
<pin id="244" dir="0" index="4" bw="7" slack="1"/>
<pin id="245" dir="0" index="5" bw="8" slack="2147483647"/>
<pin id="246" dir="0" index="6" bw="0" slack="2147483647"/>
<pin id="243" dir="1" index="3" bw="8" slack="2147483647"/>
<pin id="247" dir="1" index="7" bw="8" slack="2147483647"/>
</pin_list>
<bind>
<opcode="store(28) " fcode="store"/>
<opset="store_ln172/4 "/>
</bind>
</comp>

<comp id="249" class="1004" name="store_ln172_access_fu_249">
<pin_list>
<pin id="250" dir="0" index="0" bw="7" slack="2147483647"/>
<pin id="251" dir="0" index="1" bw="8" slack="2147483647"/>
<pin id="252" dir="0" index="2" bw="0" slack="0"/>
<pin id="254" dir="0" index="4" bw="7" slack="1"/>
<pin id="255" dir="0" index="5" bw="8" slack="2147483647"/>
<pin id="256" dir="0" index="6" bw="0" slack="2147483647"/>
<pin id="253" dir="1" index="3" bw="8" slack="2147483647"/>
<pin id="257" dir="1" index="7" bw="8" slack="2147483647"/>
</pin_list>
<bind>
<opcode="store(28) " fcode="store"/>
<opset="store_ln172/4 "/>
</bind>
</comp>

<comp id="259" class="1004" name="store_ln172_access_fu_259">
<pin_list>
<pin id="260" dir="0" index="0" bw="7" slack="2147483647"/>
<pin id="261" dir="0" index="1" bw="8" slack="2147483647"/>
<pin id="262" dir="0" index="2" bw="0" slack="0"/>
<pin id="264" dir="0" index="4" bw="7" slack="1"/>
<pin id="265" dir="0" index="5" bw="8" slack="2147483647"/>
<pin id="266" dir="0" index="6" bw="0" slack="2147483647"/>
<pin id="263" dir="1" index="3" bw="8" slack="2147483647"/>
<pin id="267" dir="1" index="7" bw="8" slack="2147483647"/>
</pin_list>
<bind>
<opcode="store(28) " fcode="store"/>
<opset="store_ln172/4 "/>
</bind>
</comp>

<comp id="269" class="1004" name="store_ln0_store_fu_269">
<pin_list>
<pin id="270" dir="0" index="0" bw="1" slack="0"/>
<pin id="271" dir="0" index="1" bw="31" slack="0"/>
<pin id="272" dir="1" index="2" bw="0" slack="2147483647"/>
</pin_list>
<bind>
<opcode="store(28) " fcode="store"/>
<opset="store_ln0/1 "/>
</bind>
</comp>

<comp id="274" class="1004" name="store_ln166_store_fu_274">
<pin_list>
<pin id="275" dir="0" index="0" bw="1" slack="0"/>
<pin id="276" dir="0" index="1" bw="32" slack="0"/>
<pin id="277" dir="1" index="2" bw="0" slack="2147483647"/>
</pin_list>
<bind>
<opcode="store(28) " fcode="store"/>
<opset="store_ln166/1 "/>
</bind>
</comp>

<comp id="279" class="1004" name="store_ln166_store_fu_279">
<pin_list>
<pin id="280" dir="0" index="0" bw="1" slack="0"/>
<pin id="281" dir="0" index="1" bw="32" slack="0"/>
<pin id="282" dir="1" index="2" bw="0" slack="2147483647"/>
</pin_list>
<bind>
<opcode="store(28) " fcode="store"/>
<opset="store_ln166/1 "/>
</bind>
</comp>

<comp id="284" class="1004" name="loc_load_load_fu_284">
<pin_list>
<pin id="285" dir="0" index="0" bw="31" slack="1"/>
<pin id="286" dir="1" index="1" bw="31" slack="0"/>
</pin_list>
<bind>
<opcode="load(27) " fcode="load"/>
<opset="loc_load/2 "/>
</bind>
</comp>

<comp id="287" class="1004" name="loc_cast_fu_287">
<pin_list>
<pin id="288" dir="0" index="0" bw="31" slack="0"/>
<pin id="289" dir="1" index="1" bw="32" slack="0"/>
</pin_list>
<bind>
<opcode="zext(34) " fcode="zext"/>
<opset="loc_cast/2 "/>
</bind>
</comp>

<comp id="291" class="1004" name="icmp_ln166_fu_291">
<pin_list>
<pin id="292" dir="0" index="0" bw="31" slack="0"/>
<pin id="293" dir="0" index="1" bw="32" slack="1"/>
<pin id="294" dir="1" index="2" bw="1" slack="1"/>
</pin_list>
<bind>
<opcode="icmp(45) " fcode="icmp"/>
<opset="icmp_ln166/2 "/>
</bind>
</comp>

<comp id="296" class="1004" name="add_ln166_fu_296">
<pin_list>
<pin id="297" dir="0" index="0" bw="31" slack="0"/>
<pin id="298" dir="0" index="1" bw="1" slack="0"/>
<pin id="299" dir="1" index="2" bw="31" slack="1"/>
</pin_list>
<bind>
<opcode="add(8) " fcode="add"/>
<opset="add_ln166/2 "/>
</bind>
</comp>

<comp id="302" class="1004" name="j_load_load_fu_302">
<pin_list>
<pin id="303" dir="0" index="0" bw="32" slack="1"/>
<pin id="304" dir="1" index="1" bw="32" slack="0"/>
</pin_list>
<bind>
<opcode="load(27) " fcode="load"/>
<opset="j_load/2 "/>
</bind>
</comp>

<comp id="305" class="1004" name="i_load_load_fu_305">
<pin_list>
<pin id="306" dir="0" index="0" bw="32" slack="1"/>
<pin id="307" dir="1" index="1" bw="32" slack="0"/>
</pin_list>
<bind>
<opcode="load(27) " fcode="load"/>
<opset="i_load/2 "/>
</bind>
</comp>

<comp id="308" class="1004" name="gmem0_addr_fu_308">
<pin_list>
<pin id="309" dir="0" index="0" bw="8" slack="0"/>
<pin id="310" dir="0" index="1" bw="64" slack="1"/>
<pin id="311" dir="1" index="2" bw="8" slack="1"/>
</pin_list>
<bind>
<opcode="getelementptr(29) " fcode="getelementptr"/>
<opset="gmem0_addr/2 "/>
</bind>
</comp>

<comp id="313" class="1004" name="icmp_ln168_fu_313">
<pin_list>
<pin id="314" dir="0" index="0" bw="32" slack="0"/>
<pin id="315" dir="0" index="1" bw="32" slack="1"/>
<pin id="316" dir="1" index="2" bw="1" slack="0"/>
</pin_list>
<bind>
<opcode="icmp(45) " fcode="icmp"/>
<opset="icmp_ln168/2 "/>
</bind>
</comp>

<comp id="318" class="1004" name="add_ln169_fu_318">
<pin_list>
<pin id="319" dir="0" index="0" bw="32" slack="0"/>
<pin id="320" dir="0" index="1" bw="1" slack="0"/>
<pin id="321" dir="1" index="2" bw="32" slack="0"/>
</pin_list>
<bind>
<opcode="add(8) " fcode="add"/>
<opset="add_ln169/2 "/>
</bind>
</comp>

<comp id="324" class="1004" name="i_3_fu_324">
<pin_list>
<pin id="325" dir="0" index="0" bw="1" slack="0"/>
<pin id="326" dir="0" index="1" bw="32" slack="0"/>
<pin id="327" dir="0" index="2" bw="32" slack="0"/>
<pin id="328" dir="1" index="3" bw="32" slack="0"/>
</pin_list>
<bind>
<opcode="select(49) " fcode="select"/>
<opset="i_3/2 "/>
</bind>
</comp>

<comp id="332" class="1004" name="trunc_ln166_fu_332">
<pin_list>
<pin id="333" dir="0" index="0" bw="32" slack="0"/>
<pin id="334" dir="1" index="1" bw="3" slack="2"/>
</pin_list>
<bind>
<opcode="trunc(33) " fcode="trunc"/>
<opset="trunc_ln166/2 "/>
</bind>
</comp>

<comp id="336" class="1004" name="lshr_ln_fu_336">
<pin_list>
<pin id="337" dir="0" index="0" bw="2" slack="0"/>
<pin id="338" dir="0" index="1" bw="32" slack="0"/>
<pin id="339" dir="0" index="2" bw="3" slack="0"/>
<pin id="340" dir="0" index="3" bw="4" slack="0"/>
<pin id="341" dir="1" index="4" bw="2" slack="1"/>
</pin_list>
<bind>
<opcode="partselect(1002) " fcode="partselect"/>
<opset="lshr_ln/2 "/>
</bind>
</comp>

<comp id="346" class="1004" name="j_5_fu_346">
<pin_list>
<pin id="347" dir="0" index="0" bw="1" slack="1"/>
<pin id="348" dir="0" index="1" bw="1" slack="0"/>
<pin id="349" dir="0" index="2" bw="32" slack="1"/>
<pin id="350" dir="1" index="3" bw="32" slack="0"/>
</pin_list>
<bind>
<opcode="select(49) " fcode="select"/>
<opset="j_5/3 "/>
</bind>
</comp>

<comp id="352" class="1004" name="tmp_22_fu_352">
<pin_list>
<pin id="353" dir="0" index="0" bw="7" slack="0"/>
<pin id="354" dir="0" index="1" bw="2" slack="1"/>
<pin id="355" dir="0" index="2" bw="1" slack="0"/>
<pin id="356" dir="1" index="3" bw="7" slack="0"/>
</pin_list>
<bind>
<opcode="bitconcatenate(1004) " fcode="bitconcatenate"/>
<opset="tmp_22/3 "/>
</bind>
</comp>

<comp id="359" class="1004" name="trunc_ln172_fu_359">
<pin_list>
<pin id="360" dir="0" index="0" bw="32" slack="0"/>
<pin id="361" dir="1" index="1" bw="7" slack="0"/>
</pin_list>
<bind>
<opcode="trunc(33) " fcode="trunc"/>
<opset="trunc_ln172/3 "/>
</bind>
</comp>

<comp id="363" class="1004" name="add_ln172_fu_363">
<pin_list>
<pin id="364" dir="0" index="0" bw="7" slack="0"/>
<pin id="365" dir="0" index="1" bw="7" slack="0"/>
<pin id="366" dir="1" index="2" bw="7" slack="1"/>
</pin_list>
<bind>
<opcode="add(8) " fcode="add"/>
<opset="add_ln172/3 "/>
</bind>
</comp>

<comp id="369" class="1004" name="j_6_fu_369">
<pin_list>
<pin id="370" dir="0" index="0" bw="32" slack="0"/>
<pin id="371" dir="0" index="1" bw="1" slack="0"/>
<pin id="372" dir="1" index="2" bw="32" slack="0"/>
</pin_list>
<bind>
<opcode="add(8) " fcode="add"/>
<opset="j_6/3 "/>
</bind>
</comp>

<comp id="375" class="1004" name="store_ln166_store_fu_375">
<pin_list>
<pin id="376" dir="0" index="0" bw="31" slack="1"/>
<pin id="377" dir="0" index="1" bw="31" slack="2"/>
<pin id="378" dir="1" index="2" bw="0" slack="2147483647"/>
</pin_list>
<bind>
<opcode="store(28) " fcode="store"/>
<opset="store_ln166/3 "/>
</bind>
</comp>

<comp id="379" class="1004" name="store_ln166_store_fu_379">
<pin_list>
<pin id="380" dir="0" index="0" bw="32" slack="1"/>
<pin id="381" dir="0" index="1" bw="32" slack="2"/>
<pin id="382" dir="1" index="2" bw="0" slack="2147483647"/>
</pin_list>
<bind>
<opcode="store(28) " fcode="store"/>
<opset="store_ln166/3 "/>
</bind>
</comp>

<comp id="383" class="1004" name="store_ln166_store_fu_383">
<pin_list>
<pin id="384" dir="0" index="0" bw="32" slack="0"/>
<pin id="385" dir="0" index="1" bw="32" slack="2"/>
<pin id="386" dir="1" index="2" bw="0" slack="2147483647"/>
</pin_list>
<bind>
<opcode="store(28) " fcode="store"/>
<opset="store_ln166/3 "/>
</bind>
</comp>

<comp id="388" class="1004" name="zext_ln172_fu_388">
<pin_list>
<pin id="389" dir="0" index="0" bw="7" slack="1"/>
<pin id="390" dir="1" index="1" bw="64" slack="0"/>
</pin_list>
<bind>
<opcode="zext(34) " fcode="zext"/>
<opset="zext_ln172/4 "/>
</bind>
</comp>

<comp id="399" class="1005" name="j_reg_399">
<pin_list>
<pin id="400" dir="0" index="0" bw="32" slack="0"/>
<pin id="401" dir="1" index="1" bw="32" slack="0"/>
</pin_list>
<bind>
<opset="j "/>
</bind>
</comp>

<comp id="406" class="1005" name="i_reg_406">
<pin_list>
<pin id="407" dir="0" index="0" bw="32" slack="0"/>
<pin id="408" dir="1" index="1" bw="32" slack="0"/>
</pin_list>
<bind>
<opset="i "/>
</bind>
</comp>

<comp id="413" class="1005" name="loc_reg_413">
<pin_list>
<pin id="414" dir="0" index="0" bw="31" slack="0"/>
<pin id="415" dir="1" index="1" bw="31" slack="0"/>
</pin_list>
<bind>
<opset="loc "/>
</bind>
</comp>

<comp id="420" class="1005" name="a_col_read_reg_420">
<pin_list>
<pin id="421" dir="0" index="0" bw="32" slack="1"/>
<pin id="422" dir="1" index="1" bw="32" slack="1"/>
</pin_list>
<bind>
<opset="a_col_read "/>
</bind>
</comp>

<comp id="425" class="1005" name="a_read_reg_425">
<pin_list>
<pin id="426" dir="0" index="0" bw="64" slack="1"/>
<pin id="427" dir="1" index="1" bw="64" slack="1"/>
</pin_list>
<bind>
<opset="a_read "/>
</bind>
</comp>

<comp id="430" class="1005" name="mul_read_reg_430">
<pin_list>
<pin id="431" dir="0" index="0" bw="32" slack="1"/>
<pin id="432" dir="1" index="1" bw="32" slack="1"/>
</pin_list>
<bind>
<opset="mul_read "/>
</bind>
</comp>

<comp id="435" class="1005" name="icmp_ln166_reg_435">
<pin_list>
<pin id="436" dir="0" index="0" bw="1" slack="1"/>
<pin id="437" dir="1" index="1" bw="1" slack="2147483647"/>
</pin_list>
<bind>
<opset="icmp_ln166 "/>
</bind>
</comp>

<comp id="439" class="1005" name="add_ln166_reg_439">
<pin_list>
<pin id="440" dir="0" index="0" bw="31" slack="1"/>
<pin id="441" dir="1" index="1" bw="31" slack="1"/>
</pin_list>
<bind>
<opset="add_ln166 "/>
</bind>
</comp>

<comp id="444" class="1005" name="j_load_reg_444">
<pin_list>
<pin id="445" dir="0" index="0" bw="32" slack="1"/>
<pin id="446" dir="1" index="1" bw="32" slack="1"/>
</pin_list>
<bind>
<opset="j_load "/>
</bind>
</comp>

<comp id="449" class="1005" name="gmem0_addr_reg_449">
<pin_list>
<pin id="450" dir="0" index="0" bw="8" slack="1"/>
<pin id="451" dir="1" index="1" bw="8" slack="1"/>
</pin_list>
<bind>
<opset="gmem0_addr "/>
</bind>
</comp>

<comp id="454" class="1005" name="icmp_ln168_reg_454">
<pin_list>
<pin id="455" dir="0" index="0" bw="1" slack="1"/>
<pin id="456" dir="1" index="1" bw="1" slack="1"/>
</pin_list>
<bind>
<opset="icmp_ln168 "/>
</bind>
</comp>

<comp id="459" class="1005" name="i_3_reg_459">
<pin_list>
<pin id="460" dir="0" index="0" bw="32" slack="1"/>
<pin id="461" dir="1" index="1" bw="32" slack="1"/>
</pin_list>
<bind>
<opset="i_3 "/>
</bind>
</comp>

<comp id="464" class="1005" name="trunc_ln166_reg_464">
<pin_list>
<pin id="465" dir="0" index="0" bw="3" slack="2"/>
<pin id="466" dir="1" index="1" bw="3" slack="2147483647"/>
</pin_list>
<bind>
<opset="trunc_ln166 "/>
</bind>
</comp>

<comp id="468" class="1005" name="lshr_ln_reg_468">
<pin_list>
<pin id="469" dir="0" index="0" bw="2" slack="1"/>
<pin id="470" dir="1" index="1" bw="2" slack="1"/>
</pin_list>
<bind>
<opset="lshr_ln "/>
</bind>
</comp>

<comp id="473" class="1005" name="add_ln172_reg_473">
<pin_list>
<pin id="474" dir="0" index="0" bw="7" slack="1"/>
<pin id="475" dir="1" index="1" bw="7" slack="1"/>
</pin_list>
<bind>
<opset="add_ln172 "/>
</bind>
</comp>

<comp id="478" class="1005" name="gmem0_addr_read_reg_478">
<pin_list>
<pin id="479" dir="0" index="0" bw="8" slack="1"/>
<pin id="480" dir="1" index="1" bw="8" slack="1"/>
</pin_list>
<bind>
<opset="gmem0_addr_read "/>
</bind>
</comp>

</comp_list>

<net_list>
<net id="101"><net_src comp="24" pin="0"/><net_sink comp="98" pin=0"/></net>

<net id="105"><net_src comp="24" pin="0"/><net_sink comp="102" pin=0"/></net>

<net id="109"><net_src comp="24" pin="0"/><net_sink comp="106" pin=0"/></net>

<net id="114"><net_src comp="50" pin="0"/><net_sink comp="110" pin=0"/></net>

<net id="115"><net_src comp="22" pin="0"/><net_sink comp="110" pin=1"/></net>

<net id="120"><net_src comp="52" pin="0"/><net_sink comp="116" pin=0"/></net>

<net id="121"><net_src comp="4" pin="0"/><net_sink comp="116" pin=1"/></net>

<net id="126"><net_src comp="50" pin="0"/><net_sink comp="122" pin=0"/></net>

<net id="127"><net_src comp="2" pin="0"/><net_sink comp="122" pin=1"/></net>

<net id="132"><net_src comp="84" pin="0"/><net_sink comp="128" pin=0"/></net>

<net id="138"><net_src comp="20" pin="0"/><net_sink comp="133" pin=0"/></net>

<net id="139"><net_src comp="96" pin="0"/><net_sink comp="133" pin=1"/></net>

<net id="145"><net_src comp="18" pin="0"/><net_sink comp="140" pin=0"/></net>

<net id="146"><net_src comp="96" pin="0"/><net_sink comp="140" pin=1"/></net>

<net id="152"><net_src comp="16" pin="0"/><net_sink comp="147" pin=0"/></net>

<net id="153"><net_src comp="96" pin="0"/><net_sink comp="147" pin=1"/></net>

<net id="159"><net_src comp="14" pin="0"/><net_sink comp="154" pin=0"/></net>

<net id="160"><net_src comp="96" pin="0"/><net_sink comp="154" pin=1"/></net>

<net id="166"><net_src comp="12" pin="0"/><net_sink comp="161" pin=0"/></net>

<net id="167"><net_src comp="96" pin="0"/><net_sink comp="161" pin=1"/></net>

<net id="173"><net_src comp="10" pin="0"/><net_sink comp="168" pin=0"/></net>

<net id="174"><net_src comp="96" pin="0"/><net_sink comp="168" pin=1"/></net>

<net id="180"><net_src comp="8" pin="0"/><net_sink comp="175" pin=0"/></net>

<net id="181"><net_src comp="96" pin="0"/><net_sink comp="175" pin=1"/></net>

<net id="187"><net_src comp="6" pin="0"/><net_sink comp="182" pin=0"/></net>

<net id="188"><net_src comp="96" pin="0"/><net_sink comp="182" pin=1"/></net>

<net id="198"><net_src comp="175" pin="3"/><net_sink comp="189" pin=2"/></net>

<net id="208"><net_src comp="168" pin="3"/><net_sink comp="199" pin=2"/></net>

<net id="218"><net_src comp="161" pin="3"/><net_sink comp="209" pin=2"/></net>

<net id="228"><net_src comp="154" pin="3"/><net_sink comp="219" pin=2"/></net>

<net id="238"><net_src comp="147" pin="3"/><net_sink comp="229" pin=2"/></net>

<net id="248"><net_src comp="140" pin="3"/><net_sink comp="239" pin=2"/></net>

<net id="258"><net_src comp="133" pin="3"/><net_sink comp="249" pin=2"/></net>

<net id="268"><net_src comp="182" pin="3"/><net_sink comp="259" pin=2"/></net>

<net id="273"><net_src comp="54" pin="0"/><net_sink comp="269" pin=0"/></net>

<net id="278"><net_src comp="38" pin="0"/><net_sink comp="274" pin=0"/></net>

<net id="283"><net_src comp="38" pin="0"/><net_sink comp="279" pin=0"/></net>

<net id="290"><net_src comp="284" pin="1"/><net_sink comp="287" pin=0"/></net>

<net id="295"><net_src comp="287" pin="1"/><net_sink comp="291" pin=0"/></net>

<net id="300"><net_src comp="284" pin="1"/><net_sink comp="296" pin=0"/></net>

<net id="301"><net_src comp="58" pin="0"/><net_sink comp="296" pin=1"/></net>

<net id="312"><net_src comp="0" pin="0"/><net_sink comp="308" pin=0"/></net>

<net id="317"><net_src comp="302" pin="1"/><net_sink comp="313" pin=0"/></net>

<net id="322"><net_src comp="305" pin="1"/><net_sink comp="318" pin=0"/></net>

<net id="323"><net_src comp="24" pin="0"/><net_sink comp="318" pin=1"/></net>

<net id="329"><net_src comp="313" pin="2"/><net_sink comp="324" pin=0"/></net>

<net id="330"><net_src comp="318" pin="2"/><net_sink comp="324" pin=1"/></net>

<net id="331"><net_src comp="305" pin="1"/><net_sink comp="324" pin=2"/></net>

<net id="335"><net_src comp="324" pin="3"/><net_sink comp="332" pin=0"/></net>

<net id="342"><net_src comp="60" pin="0"/><net_sink comp="336" pin=0"/></net>

<net id="343"><net_src comp="324" pin="3"/><net_sink comp="336" pin=1"/></net>

<net id="344"><net_src comp="62" pin="0"/><net_sink comp="336" pin=2"/></net>

<net id="345"><net_src comp="64" pin="0"/><net_sink comp="336" pin=3"/></net>

<net id="351"><net_src comp="38" pin="0"/><net_sink comp="346" pin=1"/></net>

<net id="357"><net_src comp="80" pin="0"/><net_sink comp="352" pin=0"/></net>

<net id="358"><net_src comp="82" pin="0"/><net_sink comp="352" pin=2"/></net>

<net id="362"><net_src comp="346" pin="3"/><net_sink comp="359" pin=0"/></net>

<net id="367"><net_src comp="352" pin="3"/><net_sink comp="363" pin=0"/></net>

<net id="368"><net_src comp="359" pin="1"/><net_sink comp="363" pin=1"/></net>

<net id="373"><net_src comp="346" pin="3"/><net_sink comp="369" pin=0"/></net>

<net id="374"><net_src comp="24" pin="0"/><net_sink comp="369" pin=1"/></net>

<net id="387"><net_src comp="369" pin="2"/><net_sink comp="383" pin=0"/></net>

<net id="391"><net_src comp="388" pin="1"/><net_sink comp="133" pin=2"/></net>

<net id="392"><net_src comp="388" pin="1"/><net_sink comp="140" pin=2"/></net>

<net id="393"><net_src comp="388" pin="1"/><net_sink comp="147" pin=2"/></net>

<net id="394"><net_src comp="388" pin="1"/><net_sink comp="154" pin=2"/></net>

<net id="395"><net_src comp="388" pin="1"/><net_sink comp="161" pin=2"/></net>

<net id="396"><net_src comp="388" pin="1"/><net_sink comp="168" pin=2"/></net>

<net id="397"><net_src comp="388" pin="1"/><net_sink comp="175" pin=2"/></net>

<net id="398"><net_src comp="388" pin="1"/><net_sink comp="182" pin=2"/></net>

<net id="402"><net_src comp="98" pin="1"/><net_sink comp="399" pin=0"/></net>

<net id="403"><net_src comp="399" pin="1"/><net_sink comp="279" pin=1"/></net>

<net id="404"><net_src comp="399" pin="1"/><net_sink comp="302" pin=0"/></net>

<net id="405"><net_src comp="399" pin="1"/><net_sink comp="383" pin=1"/></net>

<net id="409"><net_src comp="102" pin="1"/><net_sink comp="406" pin=0"/></net>

<net id="410"><net_src comp="406" pin="1"/><net_sink comp="274" pin=1"/></net>

<net id="411"><net_src comp="406" pin="1"/><net_sink comp="305" pin=0"/></net>

<net id="412"><net_src comp="406" pin="1"/><net_sink comp="379" pin=1"/></net>

<net id="416"><net_src comp="106" pin="1"/><net_sink comp="413" pin=0"/></net>

<net id="417"><net_src comp="413" pin="1"/><net_sink comp="269" pin=1"/></net>

<net id="418"><net_src comp="413" pin="1"/><net_sink comp="284" pin=0"/></net>

<net id="419"><net_src comp="413" pin="1"/><net_sink comp="375" pin=1"/></net>

<net id="423"><net_src comp="110" pin="2"/><net_sink comp="420" pin=0"/></net>

<net id="424"><net_src comp="420" pin="1"/><net_sink comp="313" pin=1"/></net>

<net id="428"><net_src comp="116" pin="2"/><net_sink comp="425" pin=0"/></net>

<net id="429"><net_src comp="425" pin="1"/><net_sink comp="308" pin=1"/></net>

<net id="433"><net_src comp="122" pin="2"/><net_sink comp="430" pin=0"/></net>

<net id="434"><net_src comp="430" pin="1"/><net_sink comp="291" pin=1"/></net>

<net id="438"><net_src comp="291" pin="2"/><net_sink comp="435" pin=0"/></net>

<net id="442"><net_src comp="296" pin="2"/><net_sink comp="439" pin=0"/></net>

<net id="443"><net_src comp="439" pin="1"/><net_sink comp="375" pin=0"/></net>

<net id="447"><net_src comp="302" pin="1"/><net_sink comp="444" pin=0"/></net>

<net id="448"><net_src comp="444" pin="1"/><net_sink comp="346" pin=2"/></net>

<net id="452"><net_src comp="308" pin="2"/><net_sink comp="449" pin=0"/></net>

<net id="453"><net_src comp="449" pin="1"/><net_sink comp="128" pin=1"/></net>

<net id="457"><net_src comp="313" pin="2"/><net_sink comp="454" pin=0"/></net>

<net id="458"><net_src comp="454" pin="1"/><net_sink comp="346" pin=0"/></net>

<net id="462"><net_src comp="324" pin="3"/><net_sink comp="459" pin=0"/></net>

<net id="463"><net_src comp="459" pin="1"/><net_sink comp="379" pin=0"/></net>

<net id="467"><net_src comp="332" pin="1"/><net_sink comp="464" pin=0"/></net>

<net id="471"><net_src comp="336" pin="4"/><net_sink comp="468" pin=0"/></net>

<net id="472"><net_src comp="468" pin="1"/><net_sink comp="352" pin=1"/></net>

<net id="476"><net_src comp="363" pin="2"/><net_sink comp="473" pin=0"/></net>

<net id="477"><net_src comp="473" pin="1"/><net_sink comp="388" pin=0"/></net>

<net id="481"><net_src comp="128" pin="2"/><net_sink comp="478" pin=0"/></net>

<net id="482"><net_src comp="478" pin="1"/><net_sink comp="189" pin=4"/></net>

<net id="483"><net_src comp="478" pin="1"/><net_sink comp="199" pin=4"/></net>

<net id="484"><net_src comp="478" pin="1"/><net_sink comp="209" pin=4"/></net>

<net id="485"><net_src comp="478" pin="1"/><net_sink comp="219" pin=4"/></net>

<net id="486"><net_src comp="478" pin="1"/><net_sink comp="229" pin=4"/></net>

<net id="487"><net_src comp="478" pin="1"/><net_sink comp="239" pin=4"/></net>

<net id="488"><net_src comp="478" pin="1"/><net_sink comp="249" pin=4"/></net>

<net id="489"><net_src comp="478" pin="1"/><net_sink comp="259" pin=4"/></net>

</net_list>

</model> 
---------------- Datapath Model END ------------------

* FSMD analyzer results:
  - Output states:
	Port: localA_7 | {4 }
	Port: localA_6 | {4 }
	Port: localA_5 | {4 }
	Port: localA_4 | {4 }
	Port: localA_3 | {4 }
	Port: localA_2 | {4 }
	Port: localA_1 | {4 }
	Port: localA | {4 }
 - Input state : 
	Port: mmult_Pipeline_readA : gmem0 | {3 }
	Port: mmult_Pipeline_readA : mul | {1 }
	Port: mmult_Pipeline_readA : a | {1 }
	Port: mmult_Pipeline_readA : a_col | {1 }
  - Chain level:
	State 1
		store_ln0 : 1
		store_ln166 : 1
		store_ln166 : 1
	State 2
		loc_cast : 1
		icmp_ln166 : 2
		add_ln166 : 1
		br_ln166 : 3
		icmp_ln168 : 1
		add_ln169 : 1
		i_3 : 2
		trunc_ln166 : 3
		lshr_ln : 3
		switch_ln172 : 4
	State 3
		trunc_ln172 : 1
		add_ln172 : 2
		j_6 : 1
		store_ln166 : 2
	State 4
		localA_addr : 1
		localA_1_addr : 1
		localA_2_addr : 1
		localA_3_addr : 1
		localA_4_addr : 1
		localA_5_addr : 1
		localA_6_addr : 1
		localA_7_addr : 1
		store_ln172 : 2
		store_ln172 : 2
		store_ln172 : 2
		store_ln172 : 2
		store_ln172 : 2
		store_ln172 : 2
		store_ln172 : 2
		store_ln172 : 2


============================================================
+ Verbose Summary: Datapath Resource usage 
============================================================

* Functional unit list:
|----------|-----------------------------|---------|---------|
| Operation|       Functional Unit       |    FF   |   LUT   |
|----------|-----------------------------|---------|---------|
|          |       add_ln166_fu_296      |    0    |    38   |
|    add   |       add_ln169_fu_318      |    0    |    39   |
|          |       add_ln172_fu_363      |    0    |    14   |
|          |          j_6_fu_369         |    0    |    39   |
|----------|-----------------------------|---------|---------|
|   icmp   |      icmp_ln166_fu_291      |    0    |    39   |
|          |      icmp_ln168_fu_313      |    0    |    39   |
|----------|-----------------------------|---------|---------|
|  select  |          i_3_fu_324         |    0    |    32   |
|          |          j_5_fu_346         |    0    |    32   |
|----------|-----------------------------|---------|---------|
|          |    a_col_read_read_fu_110   |    0    |    0    |
|   read   |      a_read_read_fu_116     |    0    |    0    |
|          |     mul_read_read_fu_122    |    0    |    0    |
|          | gmem0_addr_read_read_fu_128 |    0    |    0    |
|----------|-----------------------------|---------|---------|
|   zext   |       loc_cast_fu_287       |    0    |    0    |
|          |      zext_ln172_fu_388      |    0    |    0    |
|----------|-----------------------------|---------|---------|
|   trunc  |      trunc_ln166_fu_332     |    0    |    0    |
|          |      trunc_ln172_fu_359     |    0    |    0    |
|----------|-----------------------------|---------|---------|
|partselect|        lshr_ln_fu_336       |    0    |    0    |
|----------|-----------------------------|---------|---------|
|bitconcatenate|        tmp_22_fu_352        |    0    |    0    |
|----------|-----------------------------|---------|---------|
|   Total  |                             |    0    |   272   |
|----------|-----------------------------|---------|---------|

Memories:
N/A

* Register list:
+-----------------------+--------+
|                       |   FF   |
+-----------------------+--------+
|   a_col_read_reg_420  |   32   |
|     a_read_reg_425    |   64   |
|   add_ln166_reg_439   |   31   |
|   add_ln172_reg_473   |    7   |
|gmem0_addr_read_reg_478|    8   |
|   gmem0_addr_reg_449  |    8   |
|      i_3_reg_459      |   32   |
|       i_reg_406       |   32   |
|   icmp_ln166_reg_435  |    1   |
|   icmp_ln168_reg_454  |    1   |
|     j_load_reg_444    |   32   |
|       j_reg_399       |   32   |
|      loc_reg_413      |   31   |
|    lshr_ln_reg_468    |    2   |
|    mul_read_reg_430   |   32   |
|  trunc_ln166_reg_464  |    3   |
+-----------------------+--------+
|         Total         |   348  |
+-----------------------+--------+

* Multiplexer (MUX) list: 
|--------|------|------|------|--------|
|  Comp  |  Pin | Size |  BW  | S x BW |
|--------|------|------|------|--------|
|  Total |      |      |      |    0   |
|--------|------|------|------|--------|



* Summary:
+-----------+--------+--------+
|           |   FF   |   LUT  |
+-----------+--------+--------+
|  Function |    0   |   272  |
|   Memory  |    -   |    -   |
|Multiplexer|    -   |    -   |
|  Register |   348  |    -   |
+-----------+--------+--------+
|   Total   |   348  |   272  |
+-----------+--------+--------+
