

================================================================
== Vitis HLS Report for 'mmult'
================================================================
* Date:           Sun Apr 12 17:39:47 2026

* Version:        2023.2 (Build 4023990 on Oct 11 2023)
* Project:        hls_prj
* Solution:       s1 (Vivado IP Flow Target)
* Product family: zynquplus
* Target device:  xck26-sfvc784-2LV-c


================================================================
== Performance Estimates
================================================================
+ Timing: 
    * Summary: 
    +--------+---------+----------+------------+
    |  Clock |  Target | Estimated| Uncertainty|
    +--------+---------+----------+------------+
    |ap_clk  |  3.30 ns|  2.365 ns|     0.89 ns|
    +--------+---------+----------+------------+

+ Latency: 
    * Summary: 
    +---------+---------+----------+----------+-------+-------+---------+
    |  Latency (cycles) |  Latency (absolute) |    Interval   | Pipeline|
    |   min   |   max   |    min   |    max   |  min  |  max  |   Type  |
    +---------+---------+----------+----------+-------+-------+---------+
    |    67606|    67606|  0.223 ms|  0.223 ms|  67607|  67607|       no|
    +---------+---------+----------+----------+-------+-------+---------+

    + Detail: 
        * Instance: 
        N/A

        * Loop: 
        +-------------------+---------+---------+----------+-----------+-----------+------+----------+
        |                   |  Latency (cycles) | Iteration|  Initiation Interval  | Trip |          |
        |     Loop Name     |   min   |   max   |  Latency |  achieved |   target  | Count| Pipelined|
        +-------------------+---------+---------+----------+-----------+-----------+------+----------+
        |- tile_processing  |    63500|    63500|     15875|          -|          -|     4|        no|
        +-------------------+---------+---------+----------+-----------+-----------+------+----------+

============================================================
+ Verbose Summary: Synthesis Manager
============================================================
InlineROM: 1
ExposeGlobal: 0
============================================================
+ Verbose Summary: CDFG Model
============================================================
IsTopModel: 1
ResetActiveHigh: 1
IsCombinational: 0
IsDatapathOnly: 0
HasWiredReturn: 1
HasMFsm: 0
HasVarLatency: 1
IsPipeline: 0
IsRtlPipelined: 0
IsInstanceOverlapped: 0
IsDontTouch: 0
HasImplIP: 0
IsGatedGlobalClock: 0


============================================================
+ Verbose Summary: Schedule
============================================================
* Number of FSM states : 7
* Pipeline : 0
* Dataflow Pipeline: 0

* FSM state transitions: 
1 --> 2 
2 --> 3 
3 --> 4 
4 --> 5 6 
5 --> 4 
6 --> 7 
7 --> 

* FSM state operations: 

State 1 <SV = 0> <Delay = 2.36>
ST_1 : Operation 8 [1/1] (0.00ns)   --->   "%q = alloca i32 1" [mmult.cpp:203]   --->   Operation 8 'alloca' 'q' <Predicate = true> <Delay = 0.00>
ST_1 : Operation 9 [1/1] (0.00ns)   --->   "%b_col_read = read i32 @_ssdm_op_Read.ap_auto.i32, i32 %b_col"   --->   Operation 9 'read' 'b_col_read' <Predicate = true> <Delay = 0.00>
ST_1 : Operation 10 [1/1] (0.00ns)   --->   "%a_col_read = read i32 @_ssdm_op_Read.ap_auto.i32, i32 %a_col"   --->   Operation 10 'read' 'a_col_read' <Predicate = true> <Delay = 0.00>
ST_1 : Operation 11 [1/1] (0.00ns)   --->   "%a_row_read = read i32 @_ssdm_op_Read.ap_auto.i32, i32 %a_row"   --->   Operation 11 'read' 'a_row_read' <Predicate = true> <Delay = 0.00>
ST_1 : Operation 12 [1/1] (0.00ns)   --->   "%localA = alloca i64 1" [mmult.cpp:155]   --->   Operation 12 'alloca' 'localA' <Predicate = true> <Delay = 0.00> <CoreInst = "RAM_2P_LUTRAM">   --->   Core 93 'RAM_2P_LUTRAM' <Latency = 1> <II = 1> <Delay = 0.67> <Storage> <Opcode : 'load' 'store'> <Ports = 2> <Width = 8> <Depth = 256> <RAM>
ST_1 : Operation 13 [1/1] (0.00ns)   --->   "%localA_1 = alloca i64 1" [mmult.cpp:155]   --->   Operation 13 'alloca' 'localA_1' <Predicate = true> <Delay = 0.00> <CoreInst = "RAM_2P_LUTRAM">   --->   Core 93 'RAM_2P_LUTRAM' <Latency = 1> <II = 1> <Delay = 0.67> <Storage> <Opcode : 'load' 'store'> <Ports = 2> <Width = 8> <Depth = 256> <RAM>
ST_1 : Operation 14 [1/1] (0.00ns)   --->   "%localA_2 = alloca i64 1" [mmult.cpp:155]   --->   Operation 14 'alloca' 'localA_2' <Predicate = true> <Delay = 0.00> <CoreInst = "RAM_2P_LUTRAM">   --->   Core 93 'RAM_2P_LUTRAM' <Latency = 1> <II = 1> <Delay = 0.67> <Storage> <Opcode : 'load' 'store'> <Ports = 2> <Width = 8> <Depth = 256> <RAM>
ST_1 : Operation 15 [1/1] (0.00ns)   --->   "%localA_3 = alloca i64 1" [mmult.cpp:155]   --->   Operation 15 'alloca' 'localA_3' <Predicate = true> <Delay = 0.00> <CoreInst = "RAM_2P_LUTRAM">   --->   Core 93 'RAM_2P_LUTRAM' <Latency = 1> <II = 1> <Delay = 0.67> <Storage> <Opcode : 'load' 'store'> <Ports = 2> <Width = 8> <Depth = 256> <RAM>
ST_1 : Operation 16 [1/1] (0.00ns)   --->   "%localB = alloca i64 1" [mmult.cpp:160]   --->   Operation 16 'alloca' 'localB' <Predicate = true> <Delay = 0.00> <CoreInst = "RAM_2P_LUTRAM">   --->   Core 93 'RAM_2P_LUTRAM' <Latency = 1> <II = 1> <Delay = 0.67> <Storage> <Opcode : 'load' 'store'> <Ports = 2> <Width = 8> <Depth = 256> <RAM>
ST_1 : Operation 17 [1/1] (0.00ns)   --->   "%localB_1 = alloca i64 1" [mmult.cpp:160]   --->   Operation 17 'alloca' 'localB_1' <Predicate = true> <Delay = 0.00> <CoreInst = "RAM_2P_LUTRAM">   --->   Core 93 'RAM_2P_LUTRAM' <Latency = 1> <II = 1> <Delay = 0.67> <Storage> <Opcode : 'load' 'store'> <Ports = 2> <Width = 8> <Depth = 256> <RAM>
ST_1 : Operation 18 [1/1] (0.00ns)   --->   "%localB_2 = alloca i64 1" [mmult.cpp:160]   --->   Operation 18 'alloca' 'localB_2' <Predicate = true> <Delay = 0.00> <CoreInst = "RAM_2P_LUTRAM">   --->   Core 93 'RAM_2P_LUTRAM' <Latency = 1> <II = 1> <Delay = 0.67> <Storage> <Opcode : 'load' 'store'> <Ports = 2> <Width = 8> <Depth = 256> <RAM>
ST_1 : Operation 19 [1/1] (0.00ns)   --->   "%localB_3 = alloca i64 1" [mmult.cpp:160]   --->   Operation 19 'alloca' 'localB_3' <Predicate = true> <Delay = 0.00> <CoreInst = "RAM_2P_LUTRAM">   --->   Core 93 'RAM_2P_LUTRAM' <Latency = 1> <II = 1> <Delay = 0.67> <Storage> <Opcode : 'load' 'store'> <Ports = 2> <Width = 8> <Depth = 256> <RAM>
ST_1 : Operation 20 [1/1] (0.00ns)   --->   "%localC = alloca i64 1" [mmult.cpp:165]   --->   Operation 20 'alloca' 'localC' <Predicate = true> <Delay = 0.00>
ST_1 : Operation 21 [1/1] (0.00ns)   --->   "%localC_1 = alloca i64 1" [mmult.cpp:165]   --->   Operation 21 'alloca' 'localC_1' <Predicate = true> <Delay = 0.00>
ST_1 : Operation 22 [1/1] (0.00ns)   --->   "%localC_2 = alloca i64 1" [mmult.cpp:165]   --->   Operation 22 'alloca' 'localC_2' <Predicate = true> <Delay = 0.00>
ST_1 : Operation 23 [1/1] (0.00ns)   --->   "%localC_3 = alloca i64 1" [mmult.cpp:165]   --->   Operation 23 'alloca' 'localC_3' <Predicate = true> <Delay = 0.00>
ST_1 : Operation 24 [1/1] (0.00ns)   --->   "%localC_4 = alloca i64 1" [mmult.cpp:165]   --->   Operation 24 'alloca' 'localC_4' <Predicate = true> <Delay = 0.00>
ST_1 : Operation 25 [1/1] (0.00ns)   --->   "%localC_5 = alloca i64 1" [mmult.cpp:165]   --->   Operation 25 'alloca' 'localC_5' <Predicate = true> <Delay = 0.00>
ST_1 : Operation 26 [1/1] (0.00ns)   --->   "%localC_6 = alloca i64 1" [mmult.cpp:165]   --->   Operation 26 'alloca' 'localC_6' <Predicate = true> <Delay = 0.00>
ST_1 : Operation 27 [1/1] (0.00ns)   --->   "%localC_7 = alloca i64 1" [mmult.cpp:165]   --->   Operation 27 'alloca' 'localC_7' <Predicate = true> <Delay = 0.00>
ST_1 : Operation 28 [1/1] (0.00ns)   --->   "%localC_8 = alloca i64 1" [mmult.cpp:165]   --->   Operation 28 'alloca' 'localC_8' <Predicate = true> <Delay = 0.00>
ST_1 : Operation 29 [1/1] (0.00ns)   --->   "%localC_9 = alloca i64 1" [mmult.cpp:165]   --->   Operation 29 'alloca' 'localC_9' <Predicate = true> <Delay = 0.00>
ST_1 : Operation 30 [1/1] (0.00ns)   --->   "%localC_10 = alloca i64 1" [mmult.cpp:165]   --->   Operation 30 'alloca' 'localC_10' <Predicate = true> <Delay = 0.00>
ST_1 : Operation 31 [1/1] (0.00ns)   --->   "%localC_11 = alloca i64 1" [mmult.cpp:165]   --->   Operation 31 'alloca' 'localC_11' <Predicate = true> <Delay = 0.00>
ST_1 : Operation 32 [1/1] (0.00ns)   --->   "%localC_12 = alloca i64 1" [mmult.cpp:165]   --->   Operation 32 'alloca' 'localC_12' <Predicate = true> <Delay = 0.00>
ST_1 : Operation 33 [1/1] (0.00ns)   --->   "%localC_13 = alloca i64 1" [mmult.cpp:165]   --->   Operation 33 'alloca' 'localC_13' <Predicate = true> <Delay = 0.00>
ST_1 : Operation 34 [1/1] (0.00ns)   --->   "%localC_14 = alloca i64 1" [mmult.cpp:165]   --->   Operation 34 'alloca' 'localC_14' <Predicate = true> <Delay = 0.00>
ST_1 : Operation 35 [1/1] (0.00ns)   --->   "%localC_15 = alloca i64 1" [mmult.cpp:165]   --->   Operation 35 'alloca' 'localC_15' <Predicate = true> <Delay = 0.00>
ST_1 : Operation 36 [2/2] (2.36ns)   --->   "%mul = mul i32 %a_col_read, i32 %a_row_read"   --->   Operation 36 'mul' 'mul' <Predicate = true> <Delay = 2.36> <CoreInst = "Multiplier">   --->   Core 3 'Multiplier' <Latency = 1> <II = 1> <Delay = 2.36> <FuncUnit> <Opcode : 'mul'> <InPorts = 2> <OutPorts = 1>
ST_1 : Operation 37 [2/2] (2.36ns)   --->   "%mul12 = mul i32 %b_col_read, i32 %a_col_read"   --->   Operation 37 'mul' 'mul12' <Predicate = true> <Delay = 2.36> <CoreInst = "Multiplier">   --->   Core 3 'Multiplier' <Latency = 1> <II = 1> <Delay = 2.36> <FuncUnit> <Opcode : 'mul'> <InPorts = 2> <OutPorts = 1>
ST_1 : Operation 38 [1/1] (0.42ns)   --->   "%store_ln203 = store i3 0, i3 %q" [mmult.cpp:203]   --->   Operation 38 'store' 'store_ln203' <Predicate = true> <Delay = 0.42>

State 2 <SV = 1> <Delay = 2.36>
ST_2 : Operation 39 [1/2] (2.36ns)   --->   "%mul = mul i32 %a_col_read, i32 %a_row_read"   --->   Operation 39 'mul' 'mul' <Predicate = true> <Delay = 2.36> <CoreInst = "Multiplier">   --->   Core 3 'Multiplier' <Latency = 1> <II = 1> <Delay = 2.36> <FuncUnit> <Opcode : 'mul'> <InPorts = 2> <OutPorts = 1>
ST_2 : Operation 40 [2/2] (0.00ns)   --->   "%call_ln0 = call void @mmult_Pipeline_readA, i32 %mul, i8 %localA_3, i8 %localA_2, i8 %localA_1, i8 %localA, i32 %a_col_read, i8 %a"   --->   Operation 40 'call' 'call_ln0' <Predicate = true> <Delay = 0.00> <CoreType = "Generic">   --->   Core 0 '' <Latency = 0> <II = 1> <Delay = 1.00> <Generic> <Opcode : >
ST_2 : Operation 41 [1/2] (2.36ns)   --->   "%mul12 = mul i32 %b_col_read, i32 %a_col_read"   --->   Operation 41 'mul' 'mul12' <Predicate = true> <Delay = 2.36> <CoreInst = "Multiplier">   --->   Core 3 'Multiplier' <Latency = 1> <II = 1> <Delay = 2.36> <FuncUnit> <Opcode : 'mul'> <InPorts = 2> <OutPorts = 1>
ST_2 : Operation 42 [2/2] (0.00ns)   --->   "%call_ln0 = call void @mmult_Pipeline_readB, i32 %mul12, i8 %localB_3, i8 %localB_2, i8 %localB_1, i8 %localB, i32 %b_col_read, i8 %b"   --->   Operation 42 'call' 'call_ln0' <Predicate = true> <Delay = 0.00> <CoreType = "Generic">   --->   Core 0 '' <Latency = 0> <II = 1> <Delay = 1.00> <Generic> <Opcode : >
ST_2 : Operation 43 [2/2] (0.00ns)   --->   "%call_ln0 = call void @mmult_Pipeline_VITIS_LOOP_195_1_VITIS_LOOP_196_2, i16 %localC, i16 %localC_1, i16 %localC_2, i16 %localC_3, i16 %localC_4, i16 %localC_5, i16 %localC_6, i16 %localC_7, i16 %localC_8, i16 %localC_9, i16 %localC_10, i16 %localC_11, i16 %localC_12, i16 %localC_13, i16 %localC_14, i16 %localC_15"   --->   Operation 43 'call' 'call_ln0' <Predicate = true> <Delay = 0.00> <CoreType = "Generic">   --->   Core 0 '' <Latency = 0> <II = 1> <Delay = 1.00> <Generic> <Opcode : >

State 3 <SV = 2> <Delay = 0.00>
ST_3 : Operation 44 [1/1] (0.00ns)   --->   "%spectopmodule_ln143 = spectopmodule void @_ssdm_op_SpecTopModule, void @empty_2" [mmult.cpp:143]   --->   Operation 44 'spectopmodule' 'spectopmodule_ln143' <Predicate = true> <Delay = 0.00>
ST_3 : Operation 45 [1/1] (0.00ns)   --->   "%specinterface_ln0 = specinterface void @_ssdm_op_SpecInterface, i8 %a, void @empty, i32 0, i32 0, void @empty_0, i32 4294967295, i32 0, void @empty_0, void @empty_0, void @empty_0, i32 0, i32 0, i32 0, i32 0, void @empty_0, void @empty_0, i32 4294967295, i32 0"   --->   Operation 45 'specinterface' 'specinterface_ln0' <Predicate = true> <Delay = 0.00>
ST_3 : Operation 46 [1/1] (0.00ns)   --->   "%specbitsmap_ln0 = specbitsmap void @_ssdm_op_SpecBitsMap, i8 %a"   --->   Operation 46 'specbitsmap' 'specbitsmap_ln0' <Predicate = true> <Delay = 0.00>
ST_3 : Operation 47 [1/1] (0.00ns)   --->   "%specinterface_ln0 = specinterface void @_ssdm_op_SpecInterface, i8 %b, void @empty, i32 0, i32 0, void @empty_0, i32 4294967295, i32 0, void @empty_0, void @empty_0, void @empty_0, i32 0, i32 0, i32 0, i32 0, void @empty_0, void @empty_0, i32 4294967295, i32 0"   --->   Operation 47 'specinterface' 'specinterface_ln0' <Predicate = true> <Delay = 0.00>
ST_3 : Operation 48 [1/1] (0.00ns)   --->   "%specbitsmap_ln0 = specbitsmap void @_ssdm_op_SpecBitsMap, i8 %b"   --->   Operation 48 'specbitsmap' 'specbitsmap_ln0' <Predicate = true> <Delay = 0.00>
ST_3 : Operation 49 [1/1] (0.00ns)   --->   "%specinterface_ln0 = specinterface void @_ssdm_op_SpecInterface, i16 %c, void @empty, i32 0, i32 0, void @empty_0, i32 4294967295, i32 0, void @empty_0, void @empty_0, void @empty_0, i32 0, i32 0, i32 0, i32 0, void @empty_0, void @empty_0, i32 4294967295, i32 0"   --->   Operation 49 'specinterface' 'specinterface_ln0' <Predicate = true> <Delay = 0.00>
ST_3 : Operation 50 [1/1] (0.00ns)   --->   "%specbitsmap_ln0 = specbitsmap void @_ssdm_op_SpecBitsMap, i16 %c"   --->   Operation 50 'specbitsmap' 'specbitsmap_ln0' <Predicate = true> <Delay = 0.00>
ST_3 : Operation 51 [1/1] (0.00ns)   --->   "%specbitsmap_ln0 = specbitsmap void @_ssdm_op_SpecBitsMap, i32 %a_row"   --->   Operation 51 'specbitsmap' 'specbitsmap_ln0' <Predicate = true> <Delay = 0.00>
ST_3 : Operation 52 [1/1] (0.00ns)   --->   "%specinterface_ln0 = specinterface void @_ssdm_op_SpecInterface, i32 %a_row, void @empty_1, i32 0, i32 0, void @empty_0, i32 0, i32 0, void @empty_0, void @empty_0, void @empty_0, i32 0, i32 0, i32 0, i32 0, void @empty_0, void @empty_0, i32 4294967295, i32 0"   --->   Operation 52 'specinterface' 'specinterface_ln0' <Predicate = true> <Delay = 0.00>
ST_3 : Operation 53 [1/1] (0.00ns)   --->   "%specbitsmap_ln0 = specbitsmap void @_ssdm_op_SpecBitsMap, i32 %a_col"   --->   Operation 53 'specbitsmap' 'specbitsmap_ln0' <Predicate = true> <Delay = 0.00>
ST_3 : Operation 54 [1/1] (0.00ns)   --->   "%specinterface_ln0 = specinterface void @_ssdm_op_SpecInterface, i32 %a_col, void @empty_1, i32 0, i32 0, void @empty_0, i32 0, i32 0, void @empty_0, void @empty_0, void @empty_0, i32 0, i32 0, i32 0, i32 0, void @empty_0, void @empty_0, i32 4294967295, i32 0"   --->   Operation 54 'specinterface' 'specinterface_ln0' <Predicate = true> <Delay = 0.00>
ST_3 : Operation 55 [1/1] (0.00ns)   --->   "%specbitsmap_ln0 = specbitsmap void @_ssdm_op_SpecBitsMap, i32 %b_col"   --->   Operation 55 'specbitsmap' 'specbitsmap_ln0' <Predicate = true> <Delay = 0.00>
ST_3 : Operation 56 [1/1] (0.00ns)   --->   "%specinterface_ln0 = specinterface void @_ssdm_op_SpecInterface, i32 %b_col, void @empty_1, i32 0, i32 0, void @empty_0, i32 0, i32 0, void @empty_0, void @empty_0, void @empty_0, i32 0, i32 0, i32 0, i32 0, void @empty_0, void @empty_0, i32 4294967295, i32 0"   --->   Operation 56 'specinterface' 'specinterface_ln0' <Predicate = true> <Delay = 0.00>
ST_3 : Operation 57 [1/1] (0.00ns)   --->   "%specmemcore_ln158 = specmemcore void @_ssdm_op_SpecMemCore, i8 %localA_3, i64 666, i64 23, i64 18446744073709551615" [mmult.cpp:158]   --->   Operation 57 'specmemcore' 'specmemcore_ln158' <Predicate = true> <Delay = 0.00>
ST_3 : Operation 58 [1/1] (0.00ns)   --->   "%specmemcore_ln158 = specmemcore void @_ssdm_op_SpecMemCore, i8 %localA_2, i64 666, i64 23, i64 18446744073709551615" [mmult.cpp:158]   --->   Operation 58 'specmemcore' 'specmemcore_ln158' <Predicate = true> <Delay = 0.00>
ST_3 : Operation 59 [1/1] (0.00ns)   --->   "%specmemcore_ln158 = specmemcore void @_ssdm_op_SpecMemCore, i8 %localA_1, i64 666, i64 23, i64 18446744073709551615" [mmult.cpp:158]   --->   Operation 59 'specmemcore' 'specmemcore_ln158' <Predicate = true> <Delay = 0.00>
ST_3 : Operation 60 [1/1] (0.00ns)   --->   "%specmemcore_ln158 = specmemcore void @_ssdm_op_SpecMemCore, i8 %localA, i64 666, i64 23, i64 18446744073709551615" [mmult.cpp:158]   --->   Operation 60 'specmemcore' 'specmemcore_ln158' <Predicate = true> <Delay = 0.00>
ST_3 : Operation 61 [1/1] (0.00ns)   --->   "%specmemcore_ln163 = specmemcore void @_ssdm_op_SpecMemCore, i8 %localB_3, i64 666, i64 23, i64 18446744073709551615" [mmult.cpp:163]   --->   Operation 61 'specmemcore' 'specmemcore_ln163' <Predicate = true> <Delay = 0.00>
ST_3 : Operation 62 [1/1] (0.00ns)   --->   "%specmemcore_ln163 = specmemcore void @_ssdm_op_SpecMemCore, i8 %localB_2, i64 666, i64 23, i64 18446744073709551615" [mmult.cpp:163]   --->   Operation 62 'specmemcore' 'specmemcore_ln163' <Predicate = true> <Delay = 0.00>
ST_3 : Operation 63 [1/1] (0.00ns)   --->   "%specmemcore_ln163 = specmemcore void @_ssdm_op_SpecMemCore, i8 %localB_1, i64 666, i64 23, i64 18446744073709551615" [mmult.cpp:163]   --->   Operation 63 'specmemcore' 'specmemcore_ln163' <Predicate = true> <Delay = 0.00>
ST_3 : Operation 64 [1/1] (0.00ns)   --->   "%specmemcore_ln163 = specmemcore void @_ssdm_op_SpecMemCore, i8 %localB, i64 666, i64 23, i64 18446744073709551615" [mmult.cpp:163]   --->   Operation 64 'specmemcore' 'specmemcore_ln163' <Predicate = true> <Delay = 0.00>
ST_3 : Operation 65 [1/2] (0.00ns)   --->   "%call_ln0 = call void @mmult_Pipeline_readA, i32 %mul, i8 %localA_3, i8 %localA_2, i8 %localA_1, i8 %localA, i32 %a_col_read, i8 %a"   --->   Operation 65 'call' 'call_ln0' <Predicate = true> <Delay = 0.00> <CoreType = "Generic">   --->   Core 0 '' <Latency = 0> <II = 1> <Delay = 1.00> <Generic> <Opcode : >
ST_3 : Operation 66 [1/2] (0.00ns)   --->   "%call_ln0 = call void @mmult_Pipeline_readB, i32 %mul12, i8 %localB_3, i8 %localB_2, i8 %localB_1, i8 %localB, i32 %b_col_read, i8 %b"   --->   Operation 66 'call' 'call_ln0' <Predicate = true> <Delay = 0.00> <CoreType = "Generic">   --->   Core 0 '' <Latency = 0> <II = 1> <Delay = 1.00> <Generic> <Opcode : >
ST_3 : Operation 67 [1/2] (0.00ns)   --->   "%call_ln0 = call void @mmult_Pipeline_VITIS_LOOP_195_1_VITIS_LOOP_196_2, i16 %localC, i16 %localC_1, i16 %localC_2, i16 %localC_3, i16 %localC_4, i16 %localC_5, i16 %localC_6, i16 %localC_7, i16 %localC_8, i16 %localC_9, i16 %localC_10, i16 %localC_11, i16 %localC_12, i16 %localC_13, i16 %localC_14, i16 %localC_15"   --->   Operation 67 'call' 'call_ln0' <Predicate = true> <Delay = 0.00> <CoreType = "Generic">   --->   Core 0 '' <Latency = 0> <II = 1> <Delay = 1.00> <Generic> <Opcode : >
ST_3 : Operation 68 [1/1] (0.00ns)   --->   "%br_ln203 = br void %for.inc58" [mmult.cpp:203]   --->   Operation 68 'br' 'br_ln203' <Predicate = true> <Delay = 0.00>

State 4 <SV = 3> <Delay = 2.36>
ST_4 : Operation 69 [1/1] (0.00ns)   --->   "%q_1 = load i3 %q" [mmult.cpp:204]   --->   Operation 69 'load' 'q_1' <Predicate = true> <Delay = 0.00>
ST_4 : Operation 70 [1/1] (0.67ns)   --->   "%icmp_ln203 = icmp_eq  i3 %q_1, i3 4" [mmult.cpp:203]   --->   Operation 70 'icmp' 'icmp_ln203' <Predicate = true> <Delay = 0.67> <CoreInst = "Cmp">   --->   Core 9 'Cmp' <Latency = 0> <II = 1> <Delay = 0.67> <FuncUnit> <Opcode : 'icmp'> <InPorts = 2> <OutPorts = 1>
ST_4 : Operation 71 [1/1] (0.67ns)   --->   "%q_2 = add i3 %q_1, i3 1" [mmult.cpp:203]   --->   Operation 71 'add' 'q_2' <Predicate = true> <Delay = 0.67> <CoreInst = "Adder">   --->   Core 1 'Adder' <Latency = 0> <II = 1> <Delay = 0.67> <FuncUnit> <Opcode : 'add' 'sub'> <InPorts = 2> <OutPorts = 1>
ST_4 : Operation 72 [1/1] (0.00ns)   --->   "%br_ln203 = br i1 %icmp_ln203, void %for.inc58.split, void %writeC" [mmult.cpp:203]   --->   Operation 72 'br' 'br_ln203' <Predicate = true> <Delay = 0.00>
ST_4 : Operation 73 [1/1] (0.00ns)   --->   "%trunc_ln204 = trunc i3 %q_1" [mmult.cpp:204]   --->   Operation 73 'trunc' 'trunc_ln204' <Predicate = (!icmp_ln203)> <Delay = 0.00>
ST_4 : Operation 74 [1/1] (0.00ns)   --->   "%start_k = bitconcatenate i5 @_ssdm_op_BitConcatenate.i5.i2.i3, i2 %trunc_ln204, i3 0" [mmult.cpp:204]   --->   Operation 74 'bitconcatenate' 'start_k' <Predicate = (!icmp_ln203)> <Delay = 0.00>
ST_4 : Operation 75 [1/1] (0.00ns)   --->   "%zext_ln204 = zext i5 %start_k" [mmult.cpp:204]   --->   Operation 75 'zext' 'zext_ln204' <Predicate = (!icmp_ln203)> <Delay = 0.00>
ST_4 : Operation 76 [1/1] (0.78ns)   --->   "%finish_k = add i6 %zext_ln204, i6 8" [mmult.cpp:205]   --->   Operation 76 'add' 'finish_k' <Predicate = (!icmp_ln203)> <Delay = 0.78> <CoreInst = "Adder">   --->   Core 1 'Adder' <Latency = 0> <II = 1> <Delay = 0.78> <FuncUnit> <Opcode : 'add' 'sub'> <InPorts = 2> <OutPorts = 1>
ST_4 : Operation 77 [2/2] (1.56ns)   --->   "%call_ln206 = call void @tile_process, i8 %localA, i8 %localA_1, i8 %localA_2, i8 %localA_3, i8 %localB, i8 %localB_1, i8 %localB_2, i8 %localB_3, i16 %localC, i16 %localC_1, i16 %localC_2, i16 %localC_3, i16 %localC_4, i16 %localC_5, i16 %localC_6, i16 %localC_7, i16 %localC_8, i16 %localC_9, i16 %localC_10, i16 %localC_11, i16 %localC_12, i16 %localC_13, i16 %localC_14, i16 %localC_15, i5 %start_k, i6 %finish_k, i32 %a_row_read, i32 %a_col_read, i32 %b_col_read" [mmult.cpp:206]   --->   Operation 77 'call' 'call_ln206' <Predicate = (!icmp_ln203)> <Delay = 1.56> <CoreType = "Generic">   --->   Core 0 '' <Latency = 0> <II = 1> <Delay = 1.00> <Generic> <Opcode : >
ST_4 : Operation 78 [1/1] (0.42ns)   --->   "%store_ln203 = store i3 %q_2, i3 %q" [mmult.cpp:203]   --->   Operation 78 'store' 'store_ln203' <Predicate = (!icmp_ln203)> <Delay = 0.42>
ST_4 : Operation 79 [2/2] (2.36ns)   --->   "%mul65 = mul i32 %b_col_read, i32 %a_row_read"   --->   Operation 79 'mul' 'mul65' <Predicate = (icmp_ln203)> <Delay = 2.36> <CoreInst = "Multiplier">   --->   Core 3 'Multiplier' <Latency = 1> <II = 1> <Delay = 2.36> <FuncUnit> <Opcode : 'mul'> <InPorts = 2> <OutPorts = 1>

State 5 <SV = 4> <Delay = 0.00>
ST_5 : Operation 80 [1/1] (0.00ns)   --->   "%speclooptripcount_ln203 = speclooptripcount void @_ssdm_op_SpecLoopTripCount, i64 4, i64 4, i64 4" [mmult.cpp:203]   --->   Operation 80 'speclooptripcount' 'speclooptripcount_ln203' <Predicate = true> <Delay = 0.00>
ST_5 : Operation 81 [1/1] (0.00ns)   --->   "%specloopname_ln203 = specloopname void @_ssdm_op_SpecLoopName, void @empty_4" [mmult.cpp:203]   --->   Operation 81 'specloopname' 'specloopname_ln203' <Predicate = true> <Delay = 0.00>
ST_5 : Operation 82 [1/2] (0.00ns)   --->   "%call_ln206 = call void @tile_process, i8 %localA, i8 %localA_1, i8 %localA_2, i8 %localA_3, i8 %localB, i8 %localB_1, i8 %localB_2, i8 %localB_3, i16 %localC, i16 %localC_1, i16 %localC_2, i16 %localC_3, i16 %localC_4, i16 %localC_5, i16 %localC_6, i16 %localC_7, i16 %localC_8, i16 %localC_9, i16 %localC_10, i16 %localC_11, i16 %localC_12, i16 %localC_13, i16 %localC_14, i16 %localC_15, i5 %start_k, i6 %finish_k, i32 %a_row_read, i32 %a_col_read, i32 %b_col_read" [mmult.cpp:206]   --->   Operation 82 'call' 'call_ln206' <Predicate = true> <Delay = 0.00> <CoreType = "Generic">   --->   Core 0 '' <Latency = 0> <II = 1> <Delay = 1.00> <Generic> <Opcode : >
ST_5 : Operation 83 [1/1] (0.00ns)   --->   "%br_ln203 = br void %for.inc58" [mmult.cpp:203]   --->   Operation 83 'br' 'br_ln203' <Predicate = true> <Delay = 0.00>

State 6 <SV = 4> <Delay = 2.36>
ST_6 : Operation 84 [1/2] (2.36ns)   --->   "%mul65 = mul i32 %b_col_read, i32 %a_row_read"   --->   Operation 84 'mul' 'mul65' <Predicate = true> <Delay = 2.36> <CoreInst = "Multiplier">   --->   Core 3 'Multiplier' <Latency = 1> <II = 1> <Delay = 2.36> <FuncUnit> <Opcode : 'mul'> <InPorts = 2> <OutPorts = 1>
ST_6 : Operation 85 [2/2] (0.00ns)   --->   "%call_ln0 = call void @mmult_Pipeline_writeC, i32 %mul65, i32 %b_col_read, i16 %localC, i16 %localC_1, i16 %localC_2, i16 %localC_3, i16 %localC_4, i16 %localC_5, i16 %localC_6, i16 %localC_7, i16 %localC_8, i16 %localC_9, i16 %localC_10, i16 %localC_11, i16 %localC_12, i16 %localC_13, i16 %localC_14, i16 %localC_15, i16 %c"   --->   Operation 85 'call' 'call_ln0' <Predicate = true> <Delay = 0.00> <CoreType = "Generic">   --->   Core 0 '' <Latency = 0> <II = 1> <Delay = 1.00> <Generic> <Opcode : >

State 7 <SV = 5> <Delay = 0.00>
ST_7 : Operation 86 [1/2] (0.00ns)   --->   "%call_ln0 = call void @mmult_Pipeline_writeC, i32 %mul65, i32 %b_col_read, i16 %localC, i16 %localC_1, i16 %localC_2, i16 %localC_3, i16 %localC_4, i16 %localC_5, i16 %localC_6, i16 %localC_7, i16 %localC_8, i16 %localC_9, i16 %localC_10, i16 %localC_11, i16 %localC_12, i16 %localC_13, i16 %localC_14, i16 %localC_15, i16 %c"   --->   Operation 86 'call' 'call_ln0' <Predicate = true> <Delay = 0.00> <CoreType = "Generic">   --->   Core 0 '' <Latency = 0> <II = 1> <Delay = 1.00> <Generic> <Opcode : >
ST_7 : Operation 87 [1/1] (0.00ns)   --->   "%ret_ln221 = ret" [mmult.cpp:221]   --->   Operation 87 'ret' 'ret_ln221' <Predicate = true> <Delay = 0.00>


============================================================
+ Verbose Summary: Timing violations
============================================================
Target clock period: 3.300ns, clock uncertainty: 0.891ns.

 <State 1>: 2.365ns
The critical path consists of the following:
	wire read operation ('a_col_read') on port 'a_col' [22]  (0.000 ns)
	'mul' operation 32 bit ('mul') [56]  (2.365 ns)

 <State 2>: 2.365ns
The critical path consists of the following:
	'mul' operation 32 bit ('mul') [56]  (2.365 ns)

 <State 3>: 0.000ns
The critical path consists of the following:

 <State 4>: 2.365ns
The critical path consists of the following:
	'mul' operation 32 bit ('mul65') [79]  (2.365 ns)

 <State 5>: 0.000ns
The critical path consists of the following:

 <State 6>: 2.365ns
The critical path consists of the following:
	'mul' operation 32 bit ('mul65') [79]  (2.365 ns)

 <State 7>: 0.000ns
The critical path consists of the following:


============================================================
+ Verbose Summary: Binding
============================================================
N/A
* FSMD analyzer results:
  - Output states:
 - Input state : 
  - Chain level:
	State 1
	State 2
	State 3
	State 4
	State 5
	State 6
	State 7


============================================================
+ Verbose Summary: Datapath Resource usage 
============================================================
N/A
