

================================================================
== Vitis HLS Report for 'mmult_Pipeline_readA_VITIS_LOOP_147_1'
================================================================
* Date:           Sat Jun  6 17:47:13 2026

* Version:        2023.2 (Build 4023990 on Oct 11 2023)
* Project:        hls_prj
* Solution:       s1 (Vivado IP Flow Target)
* Product family: zynquplus
* Target device:  xck26-sfvc784-2LV-c


================================================================
== Performance Estimates
================================================================
+ Timing: 
    * Summary: 
    +--------+---------+----------+------------+
    |  Clock |  Target | Estimated| Uncertainty|
    +--------+---------+----------+------------+
    |ap_clk  |  3.30 ns|  2.631 ns|     0.89 ns|
    +--------+---------+----------+------------+

+ Latency: 
    * Summary: 
    +---------+---------+----------+----------+-----+-----+---------+
    |  Latency (cycles) |  Latency (absolute) |  Interval | Pipeline|
    |   min   |   max   |    min   |    max   | min | max |   Type  |
    +---------+---------+----------+----------+-----+-----+---------+
    |       67|       67|  0.221 us|  0.221 us|   67|   67|       no|
    +---------+---------+----------+----------+-----+-----+---------+

    + Detail: 
        * Instance: 
        N/A

        * Loop: 
        +--------------------------+---------+---------+----------+-----------+-----------+------+----------+
        |                          |  Latency (cycles) | Iteration|  Initiation Interval  | Trip |          |
        |         Loop Name        |   min   |   max   |  Latency |  achieved |   target  | Count| Pipelined|
        +--------------------------+---------+---------+----------+-----------+-----------+------+----------+
        |- readA_VITIS_LOOP_147_1  |       65|       65|         3|          1|          1|    64|       yes|
        +--------------------------+---------+---------+----------+-----------+-----------+------+----------+

============================================================
+ Verbose Summary: Synthesis Manager
============================================================
InlineROM: 1
ExposeGlobal: 0
============================================================
+ Verbose Summary: CDFG Model
============================================================
IsTopModel: 0
ResetActiveHigh: 1
IsCombinational: 0
IsDatapathOnly: 0
HasWiredReturn: 1
HasMFsm: 2
HasVarLatency: 1
IsPipeline: 0
IsRtlPipelined: 0
IsInstanceOverlapped: 0
IsDontTouch: 0
HasImplIP: 0
IsGatedGlobalClock: 0

+ Individual pipeline summary: 
  * Pipeline-0: initiation interval (II) = 1, depth = 4


============================================================
+ Verbose Summary: Schedule
============================================================
* Number of FSM states : 4
* Pipeline : 1
  Pipeline-0 : II = 1, D = 4, States = { 1 2 3 4 }
* Dataflow Pipeline: 0

* FSM state transitions: 
1 --> 2 
2 --> 3 
3 --> 4 
4 --> 

* FSM state operations: 

State 1 <SV = 0> <Delay = 0.42>
ST_1 : Operation 6 [1/1] (0.00ns)   --->   "%j = alloca i32 1" [mmult.cpp:147]   --->   Operation 6 'alloca' 'j' <Predicate = true> <Delay = 0.00>
ST_1 : Operation 7 [1/1] (0.00ns)   --->   "%i = alloca i32 1" [mmult.cpp:145]   --->   Operation 7 'alloca' 'i' <Predicate = true> <Delay = 0.00>
ST_1 : Operation 8 [1/1] (0.00ns)   --->   "%indvar_flatten = alloca i32 1"   --->   Operation 8 'alloca' 'indvar_flatten' <Predicate = true> <Delay = 0.00>
ST_1 : Operation 9 [1/1] (0.00ns)   --->   "%specmemcore_ln0 = specmemcore void @_ssdm_op_SpecMemCore, i8 %localA, i64 666, i64 23, i64 18446744073709551615"   --->   Operation 9 'specmemcore' 'specmemcore_ln0' <Predicate = true> <Delay = 0.00>
ST_1 : Operation 10 [1/1] (0.00ns)   --->   "%specmemcore_ln0 = specmemcore void @_ssdm_op_SpecMemCore, i8 %localA_1, i64 666, i64 23, i64 18446744073709551615"   --->   Operation 10 'specmemcore' 'specmemcore_ln0' <Predicate = true> <Delay = 0.00>
ST_1 : Operation 11 [1/1] (0.00ns)   --->   "%specmemcore_ln0 = specmemcore void @_ssdm_op_SpecMemCore, i8 %localA_2, i64 666, i64 23, i64 18446744073709551615"   --->   Operation 11 'specmemcore' 'specmemcore_ln0' <Predicate = true> <Delay = 0.00>
ST_1 : Operation 12 [1/1] (0.00ns)   --->   "%specmemcore_ln0 = specmemcore void @_ssdm_op_SpecMemCore, i8 %localA_3, i64 666, i64 23, i64 18446744073709551615"   --->   Operation 12 'specmemcore' 'specmemcore_ln0' <Predicate = true> <Delay = 0.00>
ST_1 : Operation 13 [1/1] (0.00ns)   --->   "%specmemcore_ln0 = specmemcore void @_ssdm_op_SpecMemCore, i8 %localA_4, i64 666, i64 23, i64 18446744073709551615"   --->   Operation 13 'specmemcore' 'specmemcore_ln0' <Predicate = true> <Delay = 0.00>
ST_1 : Operation 14 [1/1] (0.00ns)   --->   "%specmemcore_ln0 = specmemcore void @_ssdm_op_SpecMemCore, i8 %localA_5, i64 666, i64 23, i64 18446744073709551615"   --->   Operation 14 'specmemcore' 'specmemcore_ln0' <Predicate = true> <Delay = 0.00>
ST_1 : Operation 15 [1/1] (0.00ns)   --->   "%specmemcore_ln0 = specmemcore void @_ssdm_op_SpecMemCore, i8 %localA_6, i64 666, i64 23, i64 18446744073709551615"   --->   Operation 15 'specmemcore' 'specmemcore_ln0' <Predicate = true> <Delay = 0.00>
ST_1 : Operation 16 [1/1] (0.00ns)   --->   "%specmemcore_ln0 = specmemcore void @_ssdm_op_SpecMemCore, i8 %localA_7, i64 666, i64 23, i64 18446744073709551615"   --->   Operation 16 'specmemcore' 'specmemcore_ln0' <Predicate = true> <Delay = 0.00>
ST_1 : Operation 17 [1/1] (0.00ns)   --->   "%specinterface_ln0 = specinterface void @_ssdm_op_SpecInterface, i8 %gmem0, void @empty_2, i32 0, i32 0, void @empty_3, i32 0, i32 0, void @empty_4, void @empty_10, void @empty_3, i32 16, i32 16, i32 16, i32 16, void @empty_3, void @empty_3, i32 4294967295, i32 0"   --->   Operation 17 'specinterface' 'specinterface_ln0' <Predicate = true> <Delay = 0.00>
ST_1 : Operation 18 [1/1] (0.00ns)   --->   "%a_read = read i64 @_ssdm_op_Read.ap_auto.i64, i64 %a"   --->   Operation 18 'read' 'a_read' <Predicate = true> <Delay = 0.00>
ST_1 : Operation 19 [1/1] (0.00ns)   --->   "%mul_ln107_read = read i64 @_ssdm_op_Read.ap_auto.i64, i64 %mul_ln107"   --->   Operation 19 'read' 'mul_ln107_read' <Predicate = true> <Delay = 0.00>
ST_1 : Operation 20 [1/1] (0.00ns)   --->   "%a_col_read = read i32 @_ssdm_op_Read.ap_auto.i32, i32 %a_col"   --->   Operation 20 'read' 'a_col_read' <Predicate = true> <Delay = 0.00>
ST_1 : Operation 21 [1/1] (0.42ns)   --->   "%store_ln0 = store i64 0, i64 %indvar_flatten"   --->   Operation 21 'store' 'store_ln0' <Predicate = true> <Delay = 0.42>
ST_1 : Operation 22 [1/1] (0.42ns)   --->   "%store_ln145 = store i31 0, i31 %i" [mmult.cpp:145]   --->   Operation 22 'store' 'store_ln145' <Predicate = true> <Delay = 0.42>
ST_1 : Operation 23 [1/1] (0.42ns)   --->   "%store_ln147 = store i4 0, i4 %j" [mmult.cpp:147]   --->   Operation 23 'store' 'store_ln147' <Predicate = true> <Delay = 0.42>
ST_1 : Operation 24 [1/1] (0.00ns)   --->   "%br_ln0 = br void %for.inc"   --->   Operation 24 'br' 'br_ln0' <Predicate = true> <Delay = 0.00>

State 2 <SV = 1> <Delay = 2.63>
ST_2 : Operation 25 [1/1] (0.00ns)   --->   "%j_2 = load i4 %j" [mmult.cpp:147]   --->   Operation 25 'load' 'j_2' <Predicate = true> <Delay = 0.00>
ST_2 : Operation 26 [1/1] (0.00ns)   --->   "%indvar_flatten_load = load i64 %indvar_flatten" [mmult.cpp:145]   --->   Operation 26 'load' 'indvar_flatten_load' <Predicate = true> <Delay = 0.00>
ST_2 : Operation 27 [1/1] (0.00ns)   --->   "%specbitsmap_ln0 = specbitsmap void @_ssdm_op_SpecBitsMap, i8 %gmem0"   --->   Operation 27 'specbitsmap' 'specbitsmap_ln0' <Predicate = true> <Delay = 0.00>
ST_2 : Operation 28 [1/1] (0.00ns)   --->   "%zext_ln147_1 = zext i4 %j_2" [mmult.cpp:147]   --->   Operation 28 'zext' 'zext_ln147_1' <Predicate = true> <Delay = 0.00>
ST_2 : Operation 29 [1/1] (1.01ns)   --->   "%icmp_ln147 = icmp_slt  i32 %zext_ln147_1, i32 %a_col_read" [mmult.cpp:147]   --->   Operation 29 'icmp' 'icmp_ln147' <Predicate = true> <Delay = 1.01> <CoreInst = "Cmp">   --->   Core 9 'Cmp' <Latency = 0> <II = 1> <Delay = 1.01> <FuncUnit> <Opcode : 'icmp'> <InPorts = 2> <OutPorts = 1>
ST_2 : Operation 30 [1/1] (1.08ns)   --->   "%icmp_ln145 = icmp_eq  i64 %indvar_flatten_load, i64 %mul_ln107_read" [mmult.cpp:145]   --->   Operation 30 'icmp' 'icmp_ln145' <Predicate = true> <Delay = 1.08> <CoreInst = "Cmp">   --->   Core 9 'Cmp' <Latency = 0> <II = 1> <Delay = 1.08> <FuncUnit> <Opcode : 'icmp'> <InPorts = 2> <OutPorts = 1>
ST_2 : Operation 31 [1/1] (1.08ns)   --->   "%add_ln145 = add i64 %indvar_flatten_load, i64 1" [mmult.cpp:145]   --->   Operation 31 'add' 'add_ln145' <Predicate = true> <Delay = 1.08> <CoreInst = "Adder">   --->   Core 1 'Adder' <Latency = 0> <II = 1> <Delay = 1.08> <FuncUnit> <Opcode : 'add' 'sub'> <InPorts = 2> <OutPorts = 1>
ST_2 : Operation 32 [1/1] (0.00ns)   --->   "%br_ln145 = br i1 %icmp_ln145, void %for.inc9.loopexit, void %readB.loopexit.exitStub" [mmult.cpp:145]   --->   Operation 32 'br' 'br_ln145' <Predicate = true> <Delay = 0.00>
ST_2 : Operation 33 [1/1] (0.00ns)   --->   "%i_load = load i31 %i" [mmult.cpp:145]   --->   Operation 33 'load' 'i_load' <Predicate = (!icmp_ln145)> <Delay = 0.00>
ST_2 : Operation 34 [1/1] (0.00ns)   --->   "%gmem0_addr = getelementptr i8 %gmem0, i64 %a_read" [mmult.cpp:145]   --->   Operation 34 'getelementptr' 'gmem0_addr' <Predicate = (!icmp_ln145)> <Delay = 0.00>
ST_2 : Operation 35 [1/1] (0.39ns)   --->   "%select_ln145 = select i1 %icmp_ln147, i4 %j_2, i4 0" [mmult.cpp:145]   --->   Operation 35 'select' 'select_ln145' <Predicate = (!icmp_ln145)> <Delay = 0.39> <CoreInst = "Sel">   --->   Core 73 'Sel' <Latency = 0> <II = 1> <Delay = 0.39> <FuncUnit> <Opcode : 'select'> <InPorts = 3> <OutPorts = 1>
ST_2 : Operation 36 [1/1] (1.00ns)   --->   "%add_ln145_1 = add i31 %i_load, i31 1" [mmult.cpp:145]   --->   Operation 36 'add' 'add_ln145_1' <Predicate = (!icmp_ln145)> <Delay = 1.00> <CoreInst = "Adder">   --->   Core 1 'Adder' <Latency = 0> <II = 1> <Delay = 1.00> <FuncUnit> <Opcode : 'add' 'sub'> <InPorts = 2> <OutPorts = 1>
ST_2 : Operation 37 [1/1] (0.41ns)   --->   "%select_ln145_1 = select i1 %icmp_ln147, i31 %i_load, i31 %add_ln145_1" [mmult.cpp:145]   --->   Operation 37 'select' 'select_ln145_1' <Predicate = (!icmp_ln145)> <Delay = 0.41> <CoreInst = "Sel">   --->   Core 73 'Sel' <Latency = 0> <II = 1> <Delay = 0.41> <FuncUnit> <Opcode : 'select'> <InPorts = 3> <OutPorts = 1>
ST_2 : Operation 38 [1/1] (0.00ns)   --->   "%trunc_ln145 = trunc i31 %select_ln145_1" [mmult.cpp:145]   --->   Operation 38 'trunc' 'trunc_ln145' <Predicate = (!icmp_ln145)> <Delay = 0.00>
ST_2 : Operation 39 [1/1] (0.73ns)   --->   "%switch_ln150 = switch i3 %trunc_ln145, void %arrayidx84.case.7, i3 0, void %arrayidx84.case.0, i3 1, void %arrayidx84.case.1, i3 2, void %arrayidx84.case.2, i3 3, void %arrayidx84.case.3, i3 4, void %arrayidx84.case.4, i3 5, void %arrayidx84.case.5, i3 6, void %arrayidx84.case.6" [mmult.cpp:150]   --->   Operation 39 'switch' 'switch_ln150' <Predicate = (!icmp_ln145)> <Delay = 0.73>
ST_2 : Operation 40 [1/1] (0.79ns)   --->   "%add_ln147 = add i4 %select_ln145, i4 1" [mmult.cpp:147]   --->   Operation 40 'add' 'add_ln147' <Predicate = (!icmp_ln145)> <Delay = 0.79> <CoreInst = "Adder">   --->   Core 1 'Adder' <Latency = 0> <II = 1> <Delay = 0.79> <FuncUnit> <Opcode : 'add' 'sub'> <InPorts = 2> <OutPorts = 1>
ST_2 : Operation 41 [1/1] (0.42ns)   --->   "%store_ln145 = store i64 %add_ln145, i64 %indvar_flatten" [mmult.cpp:145]   --->   Operation 41 'store' 'store_ln145' <Predicate = (!icmp_ln145)> <Delay = 0.42>
ST_2 : Operation 42 [1/1] (0.42ns)   --->   "%store_ln145 = store i31 %select_ln145_1, i31 %i" [mmult.cpp:145]   --->   Operation 42 'store' 'store_ln145' <Predicate = (!icmp_ln145)> <Delay = 0.42>
ST_2 : Operation 43 [1/1] (0.42ns)   --->   "%store_ln147 = store i4 %add_ln147, i4 %j" [mmult.cpp:147]   --->   Operation 43 'store' 'store_ln147' <Predicate = (!icmp_ln145)> <Delay = 0.42>
ST_2 : Operation 44 [1/1] (0.00ns)   --->   "%br_ln147 = br void %for.inc" [mmult.cpp:147]   --->   Operation 44 'br' 'br_ln147' <Predicate = (!icmp_ln145)> <Delay = 0.00>

State 3 <SV = 2> <Delay = 2.40>
ST_3 : Operation 45 [1/1] (2.40ns)   --->   "%gmem0_addr_read = read i8 @_ssdm_op_Read.m_axi.p1i8, i8 %gmem0_addr" [mmult.cpp:150]   --->   Operation 45 'read' 'gmem0_addr_read' <Predicate = true> <Delay = 2.40> <CoreInst = "m_axi">   --->   Core 121 'm_axi' <Latency = 0> <II = 1> <Delay = 1.00> <Adapter> <Opcode : 'read' 'write' 'readreq' 'writereq' 'writeresp'>
ST_3 : Operation 74 [1/1] (0.00ns)   --->   "%ret_ln0 = ret"   --->   Operation 74 'ret' 'ret_ln0' <Predicate = (icmp_ln145)> <Delay = 0.00>

State 4 <SV = 3> <Delay = 0.67>
ST_4 : Operation 46 [1/1] (0.00ns)   --->   "%specloopname_ln0 = specloopname void @_ssdm_op_SpecLoopName, void @readA_VITIS_LOOP_147_1_str"   --->   Operation 46 'specloopname' 'specloopname_ln0' <Predicate = true> <Delay = 0.00>
ST_4 : Operation 47 [1/1] (0.00ns)   --->   "%speclooptripcount_ln0 = speclooptripcount void @_ssdm_op_SpecLoopTripCount, i64 64, i64 64, i64 64"   --->   Operation 47 'speclooptripcount' 'speclooptripcount_ln0' <Predicate = true> <Delay = 0.00>
ST_4 : Operation 48 [1/1] (0.00ns)   --->   "%zext_ln147 = zext i4 %select_ln145" [mmult.cpp:147]   --->   Operation 48 'zext' 'zext_ln147' <Predicate = true> <Delay = 0.00>
ST_4 : Operation 49 [1/1] (0.00ns)   --->   "%specpipeline_ln149 = specpipeline void @_ssdm_op_SpecPipeline, i32 1, i32 0, i32 0, i32 0, void @empty_3" [mmult.cpp:149]   --->   Operation 49 'specpipeline' 'specpipeline_ln149' <Predicate = true> <Delay = 0.00>
ST_4 : Operation 50 [1/1] (0.00ns)   --->   "%localA_addr = getelementptr i8 %localA, i64 0, i64 %zext_ln147" [mmult.cpp:150]   --->   Operation 50 'getelementptr' 'localA_addr' <Predicate = true> <Delay = 0.00>
ST_4 : Operation 51 [1/1] (0.00ns)   --->   "%localA_1_addr = getelementptr i8 %localA_1, i64 0, i64 %zext_ln147" [mmult.cpp:150]   --->   Operation 51 'getelementptr' 'localA_1_addr' <Predicate = true> <Delay = 0.00>
ST_4 : Operation 52 [1/1] (0.00ns)   --->   "%localA_2_addr = getelementptr i8 %localA_2, i64 0, i64 %zext_ln147" [mmult.cpp:150]   --->   Operation 52 'getelementptr' 'localA_2_addr' <Predicate = true> <Delay = 0.00>
ST_4 : Operation 53 [1/1] (0.00ns)   --->   "%localA_3_addr = getelementptr i8 %localA_3, i64 0, i64 %zext_ln147" [mmult.cpp:150]   --->   Operation 53 'getelementptr' 'localA_3_addr' <Predicate = true> <Delay = 0.00>
ST_4 : Operation 54 [1/1] (0.00ns)   --->   "%localA_4_addr = getelementptr i8 %localA_4, i64 0, i64 %zext_ln147" [mmult.cpp:150]   --->   Operation 54 'getelementptr' 'localA_4_addr' <Predicate = true> <Delay = 0.00>
ST_4 : Operation 55 [1/1] (0.00ns)   --->   "%localA_5_addr = getelementptr i8 %localA_5, i64 0, i64 %zext_ln147" [mmult.cpp:150]   --->   Operation 55 'getelementptr' 'localA_5_addr' <Predicate = true> <Delay = 0.00>
ST_4 : Operation 56 [1/1] (0.00ns)   --->   "%localA_6_addr = getelementptr i8 %localA_6, i64 0, i64 %zext_ln147" [mmult.cpp:150]   --->   Operation 56 'getelementptr' 'localA_6_addr' <Predicate = true> <Delay = 0.00>
ST_4 : Operation 57 [1/1] (0.00ns)   --->   "%localA_7_addr = getelementptr i8 %localA_7, i64 0, i64 %zext_ln147" [mmult.cpp:150]   --->   Operation 57 'getelementptr' 'localA_7_addr' <Predicate = true> <Delay = 0.00>
ST_4 : Operation 58 [1/1] (0.67ns)   --->   "%store_ln150 = store i8 %gmem0_addr_read, i3 %localA_6_addr" [mmult.cpp:150]   --->   Operation 58 'store' 'store_ln150' <Predicate = (trunc_ln145 == 6)> <Delay = 0.67> <CoreInst = "RAM_2P_LUTRAM">   --->   Core 93 'RAM_2P_LUTRAM' <Latency = 1> <II = 1> <Delay = 0.67> <Storage> <Opcode : 'load' 'store'> <Ports = 2> <Width = 8> <Depth = 8> <RAM>
ST_4 : Operation 59 [1/1] (0.00ns)   --->   "%br_ln150 = br void %arrayidx84.exit" [mmult.cpp:150]   --->   Operation 59 'br' 'br_ln150' <Predicate = (trunc_ln145 == 6)> <Delay = 0.00>
ST_4 : Operation 60 [1/1] (0.67ns)   --->   "%store_ln150 = store i8 %gmem0_addr_read, i3 %localA_5_addr" [mmult.cpp:150]   --->   Operation 60 'store' 'store_ln150' <Predicate = (trunc_ln145 == 5)> <Delay = 0.67> <CoreInst = "RAM_2P_LUTRAM">   --->   Core 93 'RAM_2P_LUTRAM' <Latency = 1> <II = 1> <Delay = 0.67> <Storage> <Opcode : 'load' 'store'> <Ports = 2> <Width = 8> <Depth = 8> <RAM>
ST_4 : Operation 61 [1/1] (0.00ns)   --->   "%br_ln150 = br void %arrayidx84.exit" [mmult.cpp:150]   --->   Operation 61 'br' 'br_ln150' <Predicate = (trunc_ln145 == 5)> <Delay = 0.00>
ST_4 : Operation 62 [1/1] (0.67ns)   --->   "%store_ln150 = store i8 %gmem0_addr_read, i3 %localA_4_addr" [mmult.cpp:150]   --->   Operation 62 'store' 'store_ln150' <Predicate = (trunc_ln145 == 4)> <Delay = 0.67> <CoreInst = "RAM_2P_LUTRAM">   --->   Core 93 'RAM_2P_LUTRAM' <Latency = 1> <II = 1> <Delay = 0.67> <Storage> <Opcode : 'load' 'store'> <Ports = 2> <Width = 8> <Depth = 8> <RAM>
ST_4 : Operation 63 [1/1] (0.00ns)   --->   "%br_ln150 = br void %arrayidx84.exit" [mmult.cpp:150]   --->   Operation 63 'br' 'br_ln150' <Predicate = (trunc_ln145 == 4)> <Delay = 0.00>
ST_4 : Operation 64 [1/1] (0.67ns)   --->   "%store_ln150 = store i8 %gmem0_addr_read, i3 %localA_3_addr" [mmult.cpp:150]   --->   Operation 64 'store' 'store_ln150' <Predicate = (trunc_ln145 == 3)> <Delay = 0.67> <CoreInst = "RAM_2P_LUTRAM">   --->   Core 93 'RAM_2P_LUTRAM' <Latency = 1> <II = 1> <Delay = 0.67> <Storage> <Opcode : 'load' 'store'> <Ports = 2> <Width = 8> <Depth = 8> <RAM>
ST_4 : Operation 65 [1/1] (0.00ns)   --->   "%br_ln150 = br void %arrayidx84.exit" [mmult.cpp:150]   --->   Operation 65 'br' 'br_ln150' <Predicate = (trunc_ln145 == 3)> <Delay = 0.00>
ST_4 : Operation 66 [1/1] (0.67ns)   --->   "%store_ln150 = store i8 %gmem0_addr_read, i3 %localA_2_addr" [mmult.cpp:150]   --->   Operation 66 'store' 'store_ln150' <Predicate = (trunc_ln145 == 2)> <Delay = 0.67> <CoreInst = "RAM_2P_LUTRAM">   --->   Core 93 'RAM_2P_LUTRAM' <Latency = 1> <II = 1> <Delay = 0.67> <Storage> <Opcode : 'load' 'store'> <Ports = 2> <Width = 8> <Depth = 8> <RAM>
ST_4 : Operation 67 [1/1] (0.00ns)   --->   "%br_ln150 = br void %arrayidx84.exit" [mmult.cpp:150]   --->   Operation 67 'br' 'br_ln150' <Predicate = (trunc_ln145 == 2)> <Delay = 0.00>
ST_4 : Operation 68 [1/1] (0.67ns)   --->   "%store_ln150 = store i8 %gmem0_addr_read, i3 %localA_1_addr" [mmult.cpp:150]   --->   Operation 68 'store' 'store_ln150' <Predicate = (trunc_ln145 == 1)> <Delay = 0.67> <CoreInst = "RAM_2P_LUTRAM">   --->   Core 93 'RAM_2P_LUTRAM' <Latency = 1> <II = 1> <Delay = 0.67> <Storage> <Opcode : 'load' 'store'> <Ports = 2> <Width = 8> <Depth = 8> <RAM>
ST_4 : Operation 69 [1/1] (0.00ns)   --->   "%br_ln150 = br void %arrayidx84.exit" [mmult.cpp:150]   --->   Operation 69 'br' 'br_ln150' <Predicate = (trunc_ln145 == 1)> <Delay = 0.00>
ST_4 : Operation 70 [1/1] (0.67ns)   --->   "%store_ln150 = store i8 %gmem0_addr_read, i3 %localA_addr" [mmult.cpp:150]   --->   Operation 70 'store' 'store_ln150' <Predicate = (trunc_ln145 == 0)> <Delay = 0.67> <CoreInst = "RAM_2P_LUTRAM">   --->   Core 93 'RAM_2P_LUTRAM' <Latency = 1> <II = 1> <Delay = 0.67> <Storage> <Opcode : 'load' 'store'> <Ports = 2> <Width = 8> <Depth = 8> <RAM>
ST_4 : Operation 71 [1/1] (0.00ns)   --->   "%br_ln150 = br void %arrayidx84.exit" [mmult.cpp:150]   --->   Operation 71 'br' 'br_ln150' <Predicate = (trunc_ln145 == 0)> <Delay = 0.00>
ST_4 : Operation 72 [1/1] (0.67ns)   --->   "%store_ln150 = store i8 %gmem0_addr_read, i3 %localA_7_addr" [mmult.cpp:150]   --->   Operation 72 'store' 'store_ln150' <Predicate = (trunc_ln145 == 7)> <Delay = 0.67> <CoreInst = "RAM_2P_LUTRAM">   --->   Core 93 'RAM_2P_LUTRAM' <Latency = 1> <II = 1> <Delay = 0.67> <Storage> <Opcode : 'load' 'store'> <Ports = 2> <Width = 8> <Depth = 8> <RAM>
ST_4 : Operation 73 [1/1] (0.00ns)   --->   "%br_ln150 = br void %arrayidx84.exit" [mmult.cpp:150]   --->   Operation 73 'br' 'br_ln150' <Predicate = (trunc_ln145 == 7)> <Delay = 0.00>


============================================================
+ Verbose Summary: Timing violations
============================================================
Target clock period: 3.300ns, clock uncertainty: 0.891ns.

 <State 1>: 0.427ns
The critical path consists of the following:
	'alloca' operation 64 bit ('indvar_flatten') [15]  (0.000 ns)
	'store' operation 0 bit ('store_ln0') of constant 0 on local variable 'indvar_flatten' [28]  (0.427 ns)

 <State 2>: 2.631ns
The critical path consists of the following:
	'load' operation 4 bit ('j', mmult.cpp:147) on local variable 'j', mmult.cpp:147 [33]  (0.000 ns)
	'icmp' operation 1 bit ('icmp_ln147', mmult.cpp:147) [37]  (1.016 ns)
	'select' operation 4 bit ('select_ln145', mmult.cpp:145) [46]  (0.391 ns)
	'add' operation 4 bit ('add_ln147', mmult.cpp:147) [87]  (0.797 ns)
	'store' operation 0 bit ('store_ln147', mmult.cpp:147) of variable 'add_ln147', mmult.cpp:147 on local variable 'j', mmult.cpp:147 [90]  (0.427 ns)

 <State 3>: 2.409ns
The critical path consists of the following:
	bus read operation ('gmem0_addr_read', mmult.cpp:150) on port 'gmem0' (mmult.cpp:150) [60]  (2.409 ns)

 <State 4>: 0.677ns
The critical path consists of the following:
	'getelementptr' operation 3 bit ('localA_7_addr', mmult.cpp:150) [59]  (0.000 ns)
	'store' operation 0 bit ('store_ln150', mmult.cpp:150) of variable 'gmem0_addr_read', mmult.cpp:150 on array 'localA_7' [84]  (0.677 ns)


============================================================
+ Verbose Summary: Binding
============================================================
N/A
* FSMD analyzer results:
  - Output states:
 - Input state : 
  - Chain level:
	State 1
	State 2
	State 3
	State 4


============================================================
+ Verbose Summary: Datapath Resource usage 
============================================================
N/A
