

================================================================
== Vitis HLS Report for 'tile_process'
================================================================
* Date:           Sat Jun  6 17:47:14 2026

* Version:        2023.2 (Build 4023990 on Oct 11 2023)
* Project:        hls_prj
* Solution:       s1 (Vivado IP Flow Target)
* Product family: zynquplus
* Target device:  xck26-sfvc784-2LV-c


================================================================
== Performance Estimates
================================================================
+ Timing: 
    * Summary: 
    +--------+---------+----------+------------+
    |  Clock |  Target | Estimated| Uncertainty|
    +--------+---------+----------+------------+
    |ap_clk  |  3.30 ns|  2.066 ns|     0.89 ns|
    +--------+---------+----------+------------+

+ Latency: 
    * Summary: 
    +---------+---------+----------+-----------+-----+-----+---------+
    |  Latency (cycles) |  Latency (absolute)  |  Interval | Pipeline|
    |   min   |   max   |    min   |    max    | min | max |   Type  |
    +---------+---------+----------+-----------+-----+-----+---------+
    |        1|       15|  3.300 ns|  49.500 ns|    1|   15|       no|
    +---------+---------+----------+-----------+-----+-----+---------+

    + Detail: 
        * Instance: 
        N/A

        * Loop: 
        N/A

============================================================
+ Verbose Summary: Synthesis Manager
============================================================
InlineROM: 1
ExposeGlobal: 0
============================================================
+ Verbose Summary: CDFG Model
============================================================
IsTopModel: 0
ResetActiveHigh: 1
IsCombinational: 0
IsDatapathOnly: 0
HasWiredReturn: 1
HasMFsm: 0
HasVarLatency: 1
IsPipeline: 0
IsRtlPipelined: 0
IsInstanceOverlapped: 0
IsDontTouch: 0
HasImplIP: 0
IsGatedGlobalClock: 0


============================================================
+ Verbose Summary: Schedule
============================================================
* Number of FSM states : 3
* Pipeline : 0
* Dataflow Pipeline: 0

* FSM state transitions: 
1 --> 2 3 
2 --> 3 
3 --> 

* FSM state operations: 

State 1 <SV = 0> <Delay = 1.44>
ST_1 : Operation 4 [1/1] (0.00ns)   --->   "%b_col_read = read i32 @_ssdm_op_Read.ap_auto.i32, i32 %b_col"   --->   Operation 4 'read' 'b_col_read' <Predicate = true> <Delay = 0.00>
ST_1 : Operation 5 [1/1] (0.00ns)   --->   "%a_col_read = read i32 @_ssdm_op_Read.ap_auto.i32, i32 %a_col"   --->   Operation 5 'read' 'a_col_read' <Predicate = true> <Delay = 0.00>
ST_1 : Operation 6 [1/1] (0.00ns)   --->   "%a_row_read = read i32 @_ssdm_op_Read.ap_auto.i32, i32 %a_row"   --->   Operation 6 'read' 'a_row_read' <Predicate = true> <Delay = 0.00>
ST_1 : Operation 7 [1/1] (0.00ns)   --->   "%finish_k_read = read i4 @_ssdm_op_Read.ap_auto.i4, i4 %finish_k"   --->   Operation 7 'read' 'finish_k_read' <Predicate = true> <Delay = 0.00>
ST_1 : Operation 8 [1/1] (0.00ns)   --->   "%start_k_read = read i3 @_ssdm_op_Read.ap_auto.i3, i3 %start_k"   --->   Operation 8 'read' 'start_k_read' <Predicate = true> <Delay = 0.00>
ST_1 : Operation 9 [1/1] (0.00ns)   --->   "%p_read_59 = read i16 @_ssdm_op_Read.ap_auto.i16, i16 %p_read63"   --->   Operation 9 'read' 'p_read_59' <Predicate = true> <Delay = 0.00>
ST_1 : Operation 10 [1/1] (0.00ns)   --->   "%p_read_60 = read i16 @_ssdm_op_Read.ap_auto.i16, i16 %p_read62"   --->   Operation 10 'read' 'p_read_60' <Predicate = true> <Delay = 0.00>
ST_1 : Operation 11 [1/1] (0.00ns)   --->   "%p_read_61 = read i16 @_ssdm_op_Read.ap_auto.i16, i16 %p_read61"   --->   Operation 11 'read' 'p_read_61' <Predicate = true> <Delay = 0.00>
ST_1 : Operation 12 [1/1] (0.00ns)   --->   "%p_read_62 = read i16 @_ssdm_op_Read.ap_auto.i16, i16 %p_read60"   --->   Operation 12 'read' 'p_read_62' <Predicate = true> <Delay = 0.00>
ST_1 : Operation 13 [1/1] (0.00ns)   --->   "%p_read_63 = read i16 @_ssdm_op_Read.ap_auto.i16, i16 %p_read59"   --->   Operation 13 'read' 'p_read_63' <Predicate = true> <Delay = 0.00>
ST_1 : Operation 14 [1/1] (0.00ns)   --->   "%p_read_64 = read i16 @_ssdm_op_Read.ap_auto.i16, i16 %p_read58"   --->   Operation 14 'read' 'p_read_64' <Predicate = true> <Delay = 0.00>
ST_1 : Operation 15 [1/1] (0.00ns)   --->   "%p_read_65 = read i16 @_ssdm_op_Read.ap_auto.i16, i16 %p_read57"   --->   Operation 15 'read' 'p_read_65' <Predicate = true> <Delay = 0.00>
ST_1 : Operation 16 [1/1] (0.00ns)   --->   "%p_read_66 = read i16 @_ssdm_op_Read.ap_auto.i16, i16 %p_read56"   --->   Operation 16 'read' 'p_read_66' <Predicate = true> <Delay = 0.00>
ST_1 : Operation 17 [1/1] (0.00ns)   --->   "%p_read_67 = read i16 @_ssdm_op_Read.ap_auto.i16, i16 %p_read55"   --->   Operation 17 'read' 'p_read_67' <Predicate = true> <Delay = 0.00>
ST_1 : Operation 18 [1/1] (0.00ns)   --->   "%p_read_68 = read i16 @_ssdm_op_Read.ap_auto.i16, i16 %p_read54"   --->   Operation 18 'read' 'p_read_68' <Predicate = true> <Delay = 0.00>
ST_1 : Operation 19 [1/1] (0.00ns)   --->   "%p_read_69 = read i16 @_ssdm_op_Read.ap_auto.i16, i16 %p_read53"   --->   Operation 19 'read' 'p_read_69' <Predicate = true> <Delay = 0.00>
ST_1 : Operation 20 [1/1] (0.00ns)   --->   "%p_read_70 = read i16 @_ssdm_op_Read.ap_auto.i16, i16 %p_read52"   --->   Operation 20 'read' 'p_read_70' <Predicate = true> <Delay = 0.00>
ST_1 : Operation 21 [1/1] (0.00ns)   --->   "%p_read_71 = read i16 @_ssdm_op_Read.ap_auto.i16, i16 %p_read51"   --->   Operation 21 'read' 'p_read_71' <Predicate = true> <Delay = 0.00>
ST_1 : Operation 22 [1/1] (0.00ns)   --->   "%p_read_72 = read i16 @_ssdm_op_Read.ap_auto.i16, i16 %p_read50"   --->   Operation 22 'read' 'p_read_72' <Predicate = true> <Delay = 0.00>
ST_1 : Operation 23 [1/1] (0.00ns)   --->   "%p_read_73 = read i16 @_ssdm_op_Read.ap_auto.i16, i16 %p_read49"   --->   Operation 23 'read' 'p_read_73' <Predicate = true> <Delay = 0.00>
ST_1 : Operation 24 [1/1] (0.00ns)   --->   "%p_read_74 = read i16 @_ssdm_op_Read.ap_auto.i16, i16 %p_read48"   --->   Operation 24 'read' 'p_read_74' <Predicate = true> <Delay = 0.00>
ST_1 : Operation 25 [1/1] (0.00ns)   --->   "%p_read_75 = read i16 @_ssdm_op_Read.ap_auto.i16, i16 %p_read47"   --->   Operation 25 'read' 'p_read_75' <Predicate = true> <Delay = 0.00>
ST_1 : Operation 26 [1/1] (0.00ns)   --->   "%p_read_76 = read i16 @_ssdm_op_Read.ap_auto.i16, i16 %p_read46"   --->   Operation 26 'read' 'p_read_76' <Predicate = true> <Delay = 0.00>
ST_1 : Operation 27 [1/1] (0.00ns)   --->   "%p_read_77 = read i16 @_ssdm_op_Read.ap_auto.i16, i16 %p_read45"   --->   Operation 27 'read' 'p_read_77' <Predicate = true> <Delay = 0.00>
ST_1 : Operation 28 [1/1] (0.00ns)   --->   "%p_read_78 = read i16 @_ssdm_op_Read.ap_auto.i16, i16 %p_read44"   --->   Operation 28 'read' 'p_read_78' <Predicate = true> <Delay = 0.00>
ST_1 : Operation 29 [1/1] (0.00ns)   --->   "%p_read_79 = read i16 @_ssdm_op_Read.ap_auto.i16, i16 %p_read43"   --->   Operation 29 'read' 'p_read_79' <Predicate = true> <Delay = 0.00>
ST_1 : Operation 30 [1/1] (0.00ns)   --->   "%p_read_80 = read i16 @_ssdm_op_Read.ap_auto.i16, i16 %p_read42"   --->   Operation 30 'read' 'p_read_80' <Predicate = true> <Delay = 0.00>
ST_1 : Operation 31 [1/1] (0.00ns)   --->   "%p_read_81 = read i16 @_ssdm_op_Read.ap_auto.i16, i16 %p_read41"   --->   Operation 31 'read' 'p_read_81' <Predicate = true> <Delay = 0.00>
ST_1 : Operation 32 [1/1] (0.00ns)   --->   "%p_read_82 = read i16 @_ssdm_op_Read.ap_auto.i16, i16 %p_read40"   --->   Operation 32 'read' 'p_read_82' <Predicate = true> <Delay = 0.00>
ST_1 : Operation 33 [1/1] (0.00ns)   --->   "%p_read_83 = read i16 @_ssdm_op_Read.ap_auto.i16, i16 %p_read39"   --->   Operation 33 'read' 'p_read_83' <Predicate = true> <Delay = 0.00>
ST_1 : Operation 34 [1/1] (0.00ns)   --->   "%p_read_84 = read i16 @_ssdm_op_Read.ap_auto.i16, i16 %p_read38"   --->   Operation 34 'read' 'p_read_84' <Predicate = true> <Delay = 0.00>
ST_1 : Operation 35 [1/1] (0.00ns)   --->   "%p_read_85 = read i16 @_ssdm_op_Read.ap_auto.i16, i16 %p_read37"   --->   Operation 35 'read' 'p_read_85' <Predicate = true> <Delay = 0.00>
ST_1 : Operation 36 [1/1] (0.00ns)   --->   "%p_read_86 = read i16 @_ssdm_op_Read.ap_auto.i16, i16 %p_read36"   --->   Operation 36 'read' 'p_read_86' <Predicate = true> <Delay = 0.00>
ST_1 : Operation 37 [1/1] (0.00ns)   --->   "%p_read_87 = read i16 @_ssdm_op_Read.ap_auto.i16, i16 %p_read35"   --->   Operation 37 'read' 'p_read_87' <Predicate = true> <Delay = 0.00>
ST_1 : Operation 38 [1/1] (0.00ns)   --->   "%p_read_88 = read i16 @_ssdm_op_Read.ap_auto.i16, i16 %p_read34"   --->   Operation 38 'read' 'p_read_88' <Predicate = true> <Delay = 0.00>
ST_1 : Operation 39 [1/1] (0.00ns)   --->   "%p_read_89 = read i16 @_ssdm_op_Read.ap_auto.i16, i16 %p_read33"   --->   Operation 39 'read' 'p_read_89' <Predicate = true> <Delay = 0.00>
ST_1 : Operation 40 [1/1] (0.00ns)   --->   "%p_read_90 = read i16 @_ssdm_op_Read.ap_auto.i16, i16 %p_read32"   --->   Operation 40 'read' 'p_read_90' <Predicate = true> <Delay = 0.00>
ST_1 : Operation 41 [1/1] (0.00ns)   --->   "%p_read_91 = read i16 @_ssdm_op_Read.ap_auto.i16, i16 %p_read31"   --->   Operation 41 'read' 'p_read_91' <Predicate = true> <Delay = 0.00>
ST_1 : Operation 42 [1/1] (0.00ns)   --->   "%p_read_92 = read i16 @_ssdm_op_Read.ap_auto.i16, i16 %p_read30"   --->   Operation 42 'read' 'p_read_92' <Predicate = true> <Delay = 0.00>
ST_1 : Operation 43 [1/1] (0.00ns)   --->   "%p_read_93 = read i16 @_ssdm_op_Read.ap_auto.i16, i16 %p_read29"   --->   Operation 43 'read' 'p_read_93' <Predicate = true> <Delay = 0.00>
ST_1 : Operation 44 [1/1] (0.00ns)   --->   "%p_read_94 = read i16 @_ssdm_op_Read.ap_auto.i16, i16 %p_read28"   --->   Operation 44 'read' 'p_read_94' <Predicate = true> <Delay = 0.00>
ST_1 : Operation 45 [1/1] (0.00ns)   --->   "%p_read_95 = read i16 @_ssdm_op_Read.ap_auto.i16, i16 %p_read27"   --->   Operation 45 'read' 'p_read_95' <Predicate = true> <Delay = 0.00>
ST_1 : Operation 46 [1/1] (0.00ns)   --->   "%p_read_96 = read i16 @_ssdm_op_Read.ap_auto.i16, i16 %p_read26"   --->   Operation 46 'read' 'p_read_96' <Predicate = true> <Delay = 0.00>
ST_1 : Operation 47 [1/1] (0.00ns)   --->   "%p_read_97 = read i16 @_ssdm_op_Read.ap_auto.i16, i16 %p_read25"   --->   Operation 47 'read' 'p_read_97' <Predicate = true> <Delay = 0.00>
ST_1 : Operation 48 [1/1] (0.00ns)   --->   "%p_read_98 = read i16 @_ssdm_op_Read.ap_auto.i16, i16 %p_read24"   --->   Operation 48 'read' 'p_read_98' <Predicate = true> <Delay = 0.00>
ST_1 : Operation 49 [1/1] (0.00ns)   --->   "%p_read_99 = read i16 @_ssdm_op_Read.ap_auto.i16, i16 %p_read23"   --->   Operation 49 'read' 'p_read_99' <Predicate = true> <Delay = 0.00>
ST_1 : Operation 50 [1/1] (0.00ns)   --->   "%p_read_100 = read i16 @_ssdm_op_Read.ap_auto.i16, i16 %p_read22"   --->   Operation 50 'read' 'p_read_100' <Predicate = true> <Delay = 0.00>
ST_1 : Operation 51 [1/1] (0.00ns)   --->   "%p_read_101 = read i16 @_ssdm_op_Read.ap_auto.i16, i16 %p_read21"   --->   Operation 51 'read' 'p_read_101' <Predicate = true> <Delay = 0.00>
ST_1 : Operation 52 [1/1] (0.00ns)   --->   "%p_read2084 = read i16 @_ssdm_op_Read.ap_auto.i16, i16 %p_read20"   --->   Operation 52 'read' 'p_read2084' <Predicate = true> <Delay = 0.00>
ST_1 : Operation 53 [1/1] (0.00ns)   --->   "%p_read_102 = read i16 @_ssdm_op_Read.ap_auto.i16, i16 %p_read19"   --->   Operation 53 'read' 'p_read_102' <Predicate = true> <Delay = 0.00>
ST_1 : Operation 54 [1/1] (0.00ns)   --->   "%p_read_103 = read i16 @_ssdm_op_Read.ap_auto.i16, i16 %p_read18"   --->   Operation 54 'read' 'p_read_103' <Predicate = true> <Delay = 0.00>
ST_1 : Operation 55 [1/1] (0.00ns)   --->   "%p_read_104 = read i16 @_ssdm_op_Read.ap_auto.i16, i16 %p_read17"   --->   Operation 55 'read' 'p_read_104' <Predicate = true> <Delay = 0.00>
ST_1 : Operation 56 [1/1] (0.00ns)   --->   "%p_read_105 = read i16 @_ssdm_op_Read.ap_auto.i16, i16 %p_read16"   --->   Operation 56 'read' 'p_read_105' <Predicate = true> <Delay = 0.00>
ST_1 : Operation 57 [1/1] (0.00ns)   --->   "%p_read_106 = read i16 @_ssdm_op_Read.ap_auto.i16, i16 %p_read15"   --->   Operation 57 'read' 'p_read_106' <Predicate = true> <Delay = 0.00>
ST_1 : Operation 58 [1/1] (0.00ns)   --->   "%p_read_107 = read i16 @_ssdm_op_Read.ap_auto.i16, i16 %p_read14"   --->   Operation 58 'read' 'p_read_107' <Predicate = true> <Delay = 0.00>
ST_1 : Operation 59 [1/1] (0.00ns)   --->   "%p_read_108 = read i16 @_ssdm_op_Read.ap_auto.i16, i16 %p_read13"   --->   Operation 59 'read' 'p_read_108' <Predicate = true> <Delay = 0.00>
ST_1 : Operation 60 [1/1] (0.00ns)   --->   "%p_read_109 = read i16 @_ssdm_op_Read.ap_auto.i16, i16 %p_read12"   --->   Operation 60 'read' 'p_read_109' <Predicate = true> <Delay = 0.00>
ST_1 : Operation 61 [1/1] (0.00ns)   --->   "%p_read_110 = read i16 @_ssdm_op_Read.ap_auto.i16, i16 %p_read11"   --->   Operation 61 'read' 'p_read_110' <Predicate = true> <Delay = 0.00>
ST_1 : Operation 62 [1/1] (0.00ns)   --->   "%p_read1074 = read i16 @_ssdm_op_Read.ap_auto.i16, i16 %p_read10"   --->   Operation 62 'read' 'p_read1074' <Predicate = true> <Delay = 0.00>
ST_1 : Operation 63 [1/1] (0.00ns)   --->   "%p_read973 = read i16 @_ssdm_op_Read.ap_auto.i16, i16 %p_read9"   --->   Operation 63 'read' 'p_read973' <Predicate = true> <Delay = 0.00>
ST_1 : Operation 64 [1/1] (0.00ns)   --->   "%p_read872 = read i16 @_ssdm_op_Read.ap_auto.i16, i16 %p_read8"   --->   Operation 64 'read' 'p_read872' <Predicate = true> <Delay = 0.00>
ST_1 : Operation 65 [1/1] (0.00ns)   --->   "%p_read771 = read i16 @_ssdm_op_Read.ap_auto.i16, i16 %p_read7"   --->   Operation 65 'read' 'p_read771' <Predicate = true> <Delay = 0.00>
ST_1 : Operation 66 [1/1] (0.00ns)   --->   "%p_read670 = read i16 @_ssdm_op_Read.ap_auto.i16, i16 %p_read6"   --->   Operation 66 'read' 'p_read670' <Predicate = true> <Delay = 0.00>
ST_1 : Operation 67 [1/1] (0.00ns)   --->   "%p_read569 = read i16 @_ssdm_op_Read.ap_auto.i16, i16 %p_read5"   --->   Operation 67 'read' 'p_read569' <Predicate = true> <Delay = 0.00>
ST_1 : Operation 68 [1/1] (0.00ns)   --->   "%p_read468 = read i16 @_ssdm_op_Read.ap_auto.i16, i16 %p_read4"   --->   Operation 68 'read' 'p_read468' <Predicate = true> <Delay = 0.00>
ST_1 : Operation 69 [1/1] (0.00ns)   --->   "%p_read367 = read i16 @_ssdm_op_Read.ap_auto.i16, i16 %p_read3"   --->   Operation 69 'read' 'p_read367' <Predicate = true> <Delay = 0.00>
ST_1 : Operation 70 [1/1] (0.00ns)   --->   "%p_read266 = read i16 @_ssdm_op_Read.ap_auto.i16, i16 %p_read2"   --->   Operation 70 'read' 'p_read266' <Predicate = true> <Delay = 0.00>
ST_1 : Operation 71 [1/1] (0.00ns)   --->   "%p_read165 = read i16 @_ssdm_op_Read.ap_auto.i16, i16 %p_read1"   --->   Operation 71 'read' 'p_read165' <Predicate = true> <Delay = 0.00>
ST_1 : Operation 72 [1/1] (0.00ns)   --->   "%p_read64 = read i16 @_ssdm_op_Read.ap_auto.i16, i16 %p_read"   --->   Operation 72 'read' 'p_read64' <Predicate = true> <Delay = 0.00>
ST_1 : Operation 73 [1/1] (0.00ns)   --->   "%c_row_major_0_0_0_loc = alloca i64 1"   --->   Operation 73 'alloca' 'c_row_major_0_0_0_loc' <Predicate = true> <Delay = 0.00>
ST_1 : Operation 74 [1/1] (0.00ns)   --->   "%c_row_major_0_1_0_loc = alloca i64 1"   --->   Operation 74 'alloca' 'c_row_major_0_1_0_loc' <Predicate = true> <Delay = 0.00>
ST_1 : Operation 75 [1/1] (0.00ns)   --->   "%c_row_major_0_2_0_loc = alloca i64 1"   --->   Operation 75 'alloca' 'c_row_major_0_2_0_loc' <Predicate = true> <Delay = 0.00>
ST_1 : Operation 76 [1/1] (0.00ns)   --->   "%c_row_major_0_3_0_loc = alloca i64 1"   --->   Operation 76 'alloca' 'c_row_major_0_3_0_loc' <Predicate = true> <Delay = 0.00>
ST_1 : Operation 77 [1/1] (0.00ns)   --->   "%c_row_major_0_4_0_loc = alloca i64 1"   --->   Operation 77 'alloca' 'c_row_major_0_4_0_loc' <Predicate = true> <Delay = 0.00>
ST_1 : Operation 78 [1/1] (0.00ns)   --->   "%c_row_major_0_5_0_loc = alloca i64 1"   --->   Operation 78 'alloca' 'c_row_major_0_5_0_loc' <Predicate = true> <Delay = 0.00>
ST_1 : Operation 79 [1/1] (0.00ns)   --->   "%c_row_major_0_6_0_loc = alloca i64 1"   --->   Operation 79 'alloca' 'c_row_major_0_6_0_loc' <Predicate = true> <Delay = 0.00>
ST_1 : Operation 80 [1/1] (0.00ns)   --->   "%c_row_major_0_7_0_loc = alloca i64 1"   --->   Operation 80 'alloca' 'c_row_major_0_7_0_loc' <Predicate = true> <Delay = 0.00>
ST_1 : Operation 81 [1/1] (0.00ns)   --->   "%c_row_major_1_0_0_loc = alloca i64 1"   --->   Operation 81 'alloca' 'c_row_major_1_0_0_loc' <Predicate = true> <Delay = 0.00>
ST_1 : Operation 82 [1/1] (0.00ns)   --->   "%c_row_major_1_1_0_loc = alloca i64 1"   --->   Operation 82 'alloca' 'c_row_major_1_1_0_loc' <Predicate = true> <Delay = 0.00>
ST_1 : Operation 83 [1/1] (0.00ns)   --->   "%c_row_major_1_2_0_loc = alloca i64 1"   --->   Operation 83 'alloca' 'c_row_major_1_2_0_loc' <Predicate = true> <Delay = 0.00>
ST_1 : Operation 84 [1/1] (0.00ns)   --->   "%c_row_major_1_3_0_loc = alloca i64 1"   --->   Operation 84 'alloca' 'c_row_major_1_3_0_loc' <Predicate = true> <Delay = 0.00>
ST_1 : Operation 85 [1/1] (0.00ns)   --->   "%c_row_major_1_4_0_loc = alloca i64 1"   --->   Operation 85 'alloca' 'c_row_major_1_4_0_loc' <Predicate = true> <Delay = 0.00>
ST_1 : Operation 86 [1/1] (0.00ns)   --->   "%c_row_major_1_5_0_loc = alloca i64 1"   --->   Operation 86 'alloca' 'c_row_major_1_5_0_loc' <Predicate = true> <Delay = 0.00>
ST_1 : Operation 87 [1/1] (0.00ns)   --->   "%c_row_major_1_6_0_loc = alloca i64 1"   --->   Operation 87 'alloca' 'c_row_major_1_6_0_loc' <Predicate = true> <Delay = 0.00>
ST_1 : Operation 88 [1/1] (0.00ns)   --->   "%c_row_major_1_7_0_loc = alloca i64 1"   --->   Operation 88 'alloca' 'c_row_major_1_7_0_loc' <Predicate = true> <Delay = 0.00>
ST_1 : Operation 89 [1/1] (0.00ns)   --->   "%c_row_major_2_0_0_loc = alloca i64 1"   --->   Operation 89 'alloca' 'c_row_major_2_0_0_loc' <Predicate = true> <Delay = 0.00>
ST_1 : Operation 90 [1/1] (0.00ns)   --->   "%c_row_major_2_1_0_loc = alloca i64 1"   --->   Operation 90 'alloca' 'c_row_major_2_1_0_loc' <Predicate = true> <Delay = 0.00>
ST_1 : Operation 91 [1/1] (0.00ns)   --->   "%c_row_major_2_2_0_loc = alloca i64 1"   --->   Operation 91 'alloca' 'c_row_major_2_2_0_loc' <Predicate = true> <Delay = 0.00>
ST_1 : Operation 92 [1/1] (0.00ns)   --->   "%c_row_major_2_3_0_loc = alloca i64 1"   --->   Operation 92 'alloca' 'c_row_major_2_3_0_loc' <Predicate = true> <Delay = 0.00>
ST_1 : Operation 93 [1/1] (0.00ns)   --->   "%c_row_major_2_4_0_loc = alloca i64 1"   --->   Operation 93 'alloca' 'c_row_major_2_4_0_loc' <Predicate = true> <Delay = 0.00>
ST_1 : Operation 94 [1/1] (0.00ns)   --->   "%c_row_major_2_5_0_loc = alloca i64 1"   --->   Operation 94 'alloca' 'c_row_major_2_5_0_loc' <Predicate = true> <Delay = 0.00>
ST_1 : Operation 95 [1/1] (0.00ns)   --->   "%c_row_major_2_6_0_loc = alloca i64 1"   --->   Operation 95 'alloca' 'c_row_major_2_6_0_loc' <Predicate = true> <Delay = 0.00>
ST_1 : Operation 96 [1/1] (0.00ns)   --->   "%c_row_major_2_7_0_loc = alloca i64 1"   --->   Operation 96 'alloca' 'c_row_major_2_7_0_loc' <Predicate = true> <Delay = 0.00>
ST_1 : Operation 97 [1/1] (0.00ns)   --->   "%c_row_major_3_0_0_loc = alloca i64 1"   --->   Operation 97 'alloca' 'c_row_major_3_0_0_loc' <Predicate = true> <Delay = 0.00>
ST_1 : Operation 98 [1/1] (0.00ns)   --->   "%c_row_major_3_1_0_loc = alloca i64 1"   --->   Operation 98 'alloca' 'c_row_major_3_1_0_loc' <Predicate = true> <Delay = 0.00>
ST_1 : Operation 99 [1/1] (0.00ns)   --->   "%c_row_major_3_2_0_loc = alloca i64 1"   --->   Operation 99 'alloca' 'c_row_major_3_2_0_loc' <Predicate = true> <Delay = 0.00>
ST_1 : Operation 100 [1/1] (0.00ns)   --->   "%c_row_major_3_3_0_loc = alloca i64 1"   --->   Operation 100 'alloca' 'c_row_major_3_3_0_loc' <Predicate = true> <Delay = 0.00>
ST_1 : Operation 101 [1/1] (0.00ns)   --->   "%c_row_major_3_4_0_loc = alloca i64 1"   --->   Operation 101 'alloca' 'c_row_major_3_4_0_loc' <Predicate = true> <Delay = 0.00>
ST_1 : Operation 102 [1/1] (0.00ns)   --->   "%c_row_major_3_5_0_loc = alloca i64 1"   --->   Operation 102 'alloca' 'c_row_major_3_5_0_loc' <Predicate = true> <Delay = 0.00>
ST_1 : Operation 103 [1/1] (0.00ns)   --->   "%c_row_major_3_6_0_loc = alloca i64 1"   --->   Operation 103 'alloca' 'c_row_major_3_6_0_loc' <Predicate = true> <Delay = 0.00>
ST_1 : Operation 104 [1/1] (0.00ns)   --->   "%c_row_major_3_7_0_loc = alloca i64 1"   --->   Operation 104 'alloca' 'c_row_major_3_7_0_loc' <Predicate = true> <Delay = 0.00>
ST_1 : Operation 105 [1/1] (0.00ns)   --->   "%c_row_major_4_0_0_loc = alloca i64 1"   --->   Operation 105 'alloca' 'c_row_major_4_0_0_loc' <Predicate = true> <Delay = 0.00>
ST_1 : Operation 106 [1/1] (0.00ns)   --->   "%c_row_major_4_1_0_loc = alloca i64 1"   --->   Operation 106 'alloca' 'c_row_major_4_1_0_loc' <Predicate = true> <Delay = 0.00>
ST_1 : Operation 107 [1/1] (0.00ns)   --->   "%c_row_major_4_2_0_loc = alloca i64 1"   --->   Operation 107 'alloca' 'c_row_major_4_2_0_loc' <Predicate = true> <Delay = 0.00>
ST_1 : Operation 108 [1/1] (0.00ns)   --->   "%c_row_major_4_3_0_loc = alloca i64 1"   --->   Operation 108 'alloca' 'c_row_major_4_3_0_loc' <Predicate = true> <Delay = 0.00>
ST_1 : Operation 109 [1/1] (0.00ns)   --->   "%c_row_major_4_4_0_loc = alloca i64 1"   --->   Operation 109 'alloca' 'c_row_major_4_4_0_loc' <Predicate = true> <Delay = 0.00>
ST_1 : Operation 110 [1/1] (0.00ns)   --->   "%c_row_major_4_5_0_loc = alloca i64 1"   --->   Operation 110 'alloca' 'c_row_major_4_5_0_loc' <Predicate = true> <Delay = 0.00>
ST_1 : Operation 111 [1/1] (0.00ns)   --->   "%c_row_major_4_6_0_loc = alloca i64 1"   --->   Operation 111 'alloca' 'c_row_major_4_6_0_loc' <Predicate = true> <Delay = 0.00>
ST_1 : Operation 112 [1/1] (0.00ns)   --->   "%c_row_major_4_7_0_loc = alloca i64 1"   --->   Operation 112 'alloca' 'c_row_major_4_7_0_loc' <Predicate = true> <Delay = 0.00>
ST_1 : Operation 113 [1/1] (0.00ns)   --->   "%c_row_major_5_0_0_loc = alloca i64 1"   --->   Operation 113 'alloca' 'c_row_major_5_0_0_loc' <Predicate = true> <Delay = 0.00>
ST_1 : Operation 114 [1/1] (0.00ns)   --->   "%c_row_major_5_1_0_loc = alloca i64 1"   --->   Operation 114 'alloca' 'c_row_major_5_1_0_loc' <Predicate = true> <Delay = 0.00>
ST_1 : Operation 115 [1/1] (0.00ns)   --->   "%c_row_major_5_2_0_loc = alloca i64 1"   --->   Operation 115 'alloca' 'c_row_major_5_2_0_loc' <Predicate = true> <Delay = 0.00>
ST_1 : Operation 116 [1/1] (0.00ns)   --->   "%c_row_major_5_3_0_loc = alloca i64 1"   --->   Operation 116 'alloca' 'c_row_major_5_3_0_loc' <Predicate = true> <Delay = 0.00>
ST_1 : Operation 117 [1/1] (0.00ns)   --->   "%c_row_major_5_4_0_loc = alloca i64 1"   --->   Operation 117 'alloca' 'c_row_major_5_4_0_loc' <Predicate = true> <Delay = 0.00>
ST_1 : Operation 118 [1/1] (0.00ns)   --->   "%c_row_major_5_5_0_loc = alloca i64 1"   --->   Operation 118 'alloca' 'c_row_major_5_5_0_loc' <Predicate = true> <Delay = 0.00>
ST_1 : Operation 119 [1/1] (0.00ns)   --->   "%c_row_major_5_6_0_loc = alloca i64 1"   --->   Operation 119 'alloca' 'c_row_major_5_6_0_loc' <Predicate = true> <Delay = 0.00>
ST_1 : Operation 120 [1/1] (0.00ns)   --->   "%c_row_major_5_7_0_loc = alloca i64 1"   --->   Operation 120 'alloca' 'c_row_major_5_7_0_loc' <Predicate = true> <Delay = 0.00>
ST_1 : Operation 121 [1/1] (0.00ns)   --->   "%c_row_major_6_0_0_loc = alloca i64 1"   --->   Operation 121 'alloca' 'c_row_major_6_0_0_loc' <Predicate = true> <Delay = 0.00>
ST_1 : Operation 122 [1/1] (0.00ns)   --->   "%c_row_major_6_1_0_loc = alloca i64 1"   --->   Operation 122 'alloca' 'c_row_major_6_1_0_loc' <Predicate = true> <Delay = 0.00>
ST_1 : Operation 123 [1/1] (0.00ns)   --->   "%c_row_major_6_2_0_loc = alloca i64 1"   --->   Operation 123 'alloca' 'c_row_major_6_2_0_loc' <Predicate = true> <Delay = 0.00>
ST_1 : Operation 124 [1/1] (0.00ns)   --->   "%c_row_major_6_3_0_loc = alloca i64 1"   --->   Operation 124 'alloca' 'c_row_major_6_3_0_loc' <Predicate = true> <Delay = 0.00>
ST_1 : Operation 125 [1/1] (0.00ns)   --->   "%c_row_major_6_4_0_loc = alloca i64 1"   --->   Operation 125 'alloca' 'c_row_major_6_4_0_loc' <Predicate = true> <Delay = 0.00>
ST_1 : Operation 126 [1/1] (0.00ns)   --->   "%c_row_major_6_5_0_loc = alloca i64 1"   --->   Operation 126 'alloca' 'c_row_major_6_5_0_loc' <Predicate = true> <Delay = 0.00>
ST_1 : Operation 127 [1/1] (0.00ns)   --->   "%c_row_major_6_6_0_loc = alloca i64 1"   --->   Operation 127 'alloca' 'c_row_major_6_6_0_loc' <Predicate = true> <Delay = 0.00>
ST_1 : Operation 128 [1/1] (0.00ns)   --->   "%c_row_major_6_7_0_loc = alloca i64 1"   --->   Operation 128 'alloca' 'c_row_major_6_7_0_loc' <Predicate = true> <Delay = 0.00>
ST_1 : Operation 129 [1/1] (0.00ns)   --->   "%c_row_major_7_0_0_loc = alloca i64 1"   --->   Operation 129 'alloca' 'c_row_major_7_0_0_loc' <Predicate = true> <Delay = 0.00>
ST_1 : Operation 130 [1/1] (0.00ns)   --->   "%c_row_major_7_1_0_loc = alloca i64 1"   --->   Operation 130 'alloca' 'c_row_major_7_1_0_loc' <Predicate = true> <Delay = 0.00>
ST_1 : Operation 131 [1/1] (0.00ns)   --->   "%c_row_major_7_2_0_loc = alloca i64 1"   --->   Operation 131 'alloca' 'c_row_major_7_2_0_loc' <Predicate = true> <Delay = 0.00>
ST_1 : Operation 132 [1/1] (0.00ns)   --->   "%c_row_major_7_3_0_loc = alloca i64 1"   --->   Operation 132 'alloca' 'c_row_major_7_3_0_loc' <Predicate = true> <Delay = 0.00>
ST_1 : Operation 133 [1/1] (0.00ns)   --->   "%c_row_major_7_4_0_loc = alloca i64 1"   --->   Operation 133 'alloca' 'c_row_major_7_4_0_loc' <Predicate = true> <Delay = 0.00>
ST_1 : Operation 134 [1/1] (0.00ns)   --->   "%c_row_major_7_5_0_loc = alloca i64 1"   --->   Operation 134 'alloca' 'c_row_major_7_5_0_loc' <Predicate = true> <Delay = 0.00>
ST_1 : Operation 135 [1/1] (0.00ns)   --->   "%c_row_major_7_6_0_loc = alloca i64 1"   --->   Operation 135 'alloca' 'c_row_major_7_6_0_loc' <Predicate = true> <Delay = 0.00>
ST_1 : Operation 136 [1/1] (0.00ns)   --->   "%c_row_major_7_7_0_loc = alloca i64 1"   --->   Operation 136 'alloca' 'c_row_major_7_7_0_loc' <Predicate = true> <Delay = 0.00>
ST_1 : Operation 137 [1/1] (0.00ns)   --->   "%start_k_cast16 = zext i3 %start_k_read"   --->   Operation 137 'zext' 'start_k_cast16' <Predicate = true> <Delay = 0.00>
ST_1 : Operation 138 [1/1] (0.00ns)   --->   "%specmemcore_ln0 = specmemcore void @_ssdm_op_SpecMemCore, i8 %b_row_major_0, i64 666, i64 23, i64 18446744073709551615"   --->   Operation 138 'specmemcore' 'specmemcore_ln0' <Predicate = true> <Delay = 0.00>
ST_1 : Operation 139 [1/1] (0.00ns)   --->   "%specmemcore_ln0 = specmemcore void @_ssdm_op_SpecMemCore, i8 %b_row_major_1, i64 666, i64 23, i64 18446744073709551615"   --->   Operation 139 'specmemcore' 'specmemcore_ln0' <Predicate = true> <Delay = 0.00>
ST_1 : Operation 140 [1/1] (0.00ns)   --->   "%specmemcore_ln0 = specmemcore void @_ssdm_op_SpecMemCore, i8 %b_row_major_2, i64 666, i64 23, i64 18446744073709551615"   --->   Operation 140 'specmemcore' 'specmemcore_ln0' <Predicate = true> <Delay = 0.00>
ST_1 : Operation 141 [1/1] (0.00ns)   --->   "%specmemcore_ln0 = specmemcore void @_ssdm_op_SpecMemCore, i8 %b_row_major_3, i64 666, i64 23, i64 18446744073709551615"   --->   Operation 141 'specmemcore' 'specmemcore_ln0' <Predicate = true> <Delay = 0.00>
ST_1 : Operation 142 [1/1] (0.00ns)   --->   "%specmemcore_ln0 = specmemcore void @_ssdm_op_SpecMemCore, i8 %b_row_major_4, i64 666, i64 23, i64 18446744073709551615"   --->   Operation 142 'specmemcore' 'specmemcore_ln0' <Predicate = true> <Delay = 0.00>
ST_1 : Operation 143 [1/1] (0.00ns)   --->   "%specmemcore_ln0 = specmemcore void @_ssdm_op_SpecMemCore, i8 %b_row_major_5, i64 666, i64 23, i64 18446744073709551615"   --->   Operation 143 'specmemcore' 'specmemcore_ln0' <Predicate = true> <Delay = 0.00>
ST_1 : Operation 144 [1/1] (0.00ns)   --->   "%specmemcore_ln0 = specmemcore void @_ssdm_op_SpecMemCore, i8 %b_row_major_6, i64 666, i64 23, i64 18446744073709551615"   --->   Operation 144 'specmemcore' 'specmemcore_ln0' <Predicate = true> <Delay = 0.00>
ST_1 : Operation 145 [1/1] (0.00ns)   --->   "%specmemcore_ln0 = specmemcore void @_ssdm_op_SpecMemCore, i8 %b_row_major_7, i64 666, i64 23, i64 18446744073709551615"   --->   Operation 145 'specmemcore' 'specmemcore_ln0' <Predicate = true> <Delay = 0.00>
ST_1 : Operation 146 [1/1] (0.00ns)   --->   "%specmemcore_ln0 = specmemcore void @_ssdm_op_SpecMemCore, i8 %a_row_major_0, i64 666, i64 23, i64 18446744073709551615"   --->   Operation 146 'specmemcore' 'specmemcore_ln0' <Predicate = true> <Delay = 0.00>
ST_1 : Operation 147 [1/1] (0.00ns)   --->   "%specmemcore_ln0 = specmemcore void @_ssdm_op_SpecMemCore, i8 %a_row_major_1, i64 666, i64 23, i64 18446744073709551615"   --->   Operation 147 'specmemcore' 'specmemcore_ln0' <Predicate = true> <Delay = 0.00>
ST_1 : Operation 148 [1/1] (0.00ns)   --->   "%specmemcore_ln0 = specmemcore void @_ssdm_op_SpecMemCore, i8 %a_row_major_2, i64 666, i64 23, i64 18446744073709551615"   --->   Operation 148 'specmemcore' 'specmemcore_ln0' <Predicate = true> <Delay = 0.00>
ST_1 : Operation 149 [1/1] (0.00ns)   --->   "%specmemcore_ln0 = specmemcore void @_ssdm_op_SpecMemCore, i8 %a_row_major_3, i64 666, i64 23, i64 18446744073709551615"   --->   Operation 149 'specmemcore' 'specmemcore_ln0' <Predicate = true> <Delay = 0.00>
ST_1 : Operation 150 [1/1] (0.00ns)   --->   "%specmemcore_ln0 = specmemcore void @_ssdm_op_SpecMemCore, i8 %a_row_major_4, i64 666, i64 23, i64 18446744073709551615"   --->   Operation 150 'specmemcore' 'specmemcore_ln0' <Predicate = true> <Delay = 0.00>
ST_1 : Operation 151 [1/1] (0.00ns)   --->   "%specmemcore_ln0 = specmemcore void @_ssdm_op_SpecMemCore, i8 %a_row_major_5, i64 666, i64 23, i64 18446744073709551615"   --->   Operation 151 'specmemcore' 'specmemcore_ln0' <Predicate = true> <Delay = 0.00>
ST_1 : Operation 152 [1/1] (0.00ns)   --->   "%specmemcore_ln0 = specmemcore void @_ssdm_op_SpecMemCore, i8 %a_row_major_6, i64 666, i64 23, i64 18446744073709551615"   --->   Operation 152 'specmemcore' 'specmemcore_ln0' <Predicate = true> <Delay = 0.00>
ST_1 : Operation 153 [1/1] (0.00ns)   --->   "%specmemcore_ln0 = specmemcore void @_ssdm_op_SpecMemCore, i8 %a_row_major_7, i64 666, i64 23, i64 18446744073709551615"   --->   Operation 153 'specmemcore' 'specmemcore_ln0' <Predicate = true> <Delay = 0.00>
ST_1 : Operation 154 [1/1] (0.79ns)   --->   "%icmp_ln81 = icmp_ult  i4 %start_k_cast16, i4 %finish_k_read" [mmult.cpp:81]   --->   Operation 154 'icmp' 'icmp_ln81' <Predicate = true> <Delay = 0.79> <CoreInst = "Cmp">   --->   Core 9 'Cmp' <Latency = 0> <II = 1> <Delay = 0.79> <FuncUnit> <Opcode : 'icmp'> <InPorts = 2> <OutPorts = 1>
ST_1 : Operation 155 [1/1] (0.42ns)   --->   "%br_ln81 = br i1 %icmp_ln81, void %for.end36, void %for.body.lr.ph" [mmult.cpp:81]   --->   Operation 155 'br' 'br_ln81' <Predicate = true> <Delay = 0.42>
ST_1 : Operation 156 [1/1] (1.01ns)   --->   "%cmp9_not = icmp_slt  i32 %a_row_read, i32 1"   --->   Operation 156 'icmp' 'cmp9_not' <Predicate = (icmp_ln81)> <Delay = 1.01> <CoreInst = "Cmp">   --->   Core 9 'Cmp' <Latency = 0> <II = 1> <Delay = 1.01> <FuncUnit> <Opcode : 'icmp'> <InPorts = 2> <OutPorts = 1>
ST_1 : Operation 157 [1/1] (1.01ns)   --->   "%cmp15 = icmp_sgt  i32 %b_col_read, i32 0"   --->   Operation 157 'icmp' 'cmp15' <Predicate = (icmp_ln81)> <Delay = 1.01> <CoreInst = "Cmp">   --->   Core 9 'Cmp' <Latency = 0> <II = 1> <Delay = 1.01> <FuncUnit> <Opcode : 'icmp'> <InPorts = 2> <OutPorts = 1>
ST_1 : Operation 158 [1/1] (0.00ns)   --->   "%tmp = partselect i31 @_ssdm_op_PartSelect.i31.i32.i32.i32, i32 %b_col_read, i32 1, i32 31"   --->   Operation 158 'partselect' 'tmp' <Predicate = (icmp_ln81)> <Delay = 0.00>
ST_1 : Operation 159 [1/1] (1.00ns)   --->   "%icmp = icmp_sgt  i31 %tmp, i31 0"   --->   Operation 159 'icmp' 'icmp' <Predicate = (icmp_ln81)> <Delay = 1.00> <CoreInst = "Cmp">   --->   Core 9 'Cmp' <Latency = 0> <II = 1> <Delay = 1.00> <FuncUnit> <Opcode : 'icmp'> <InPorts = 2> <OutPorts = 1>
ST_1 : Operation 160 [1/1] (1.01ns)   --->   "%cmp15_240 = icmp_sgt  i32 %b_col_read, i32 2"   --->   Operation 160 'icmp' 'cmp15_240' <Predicate = (icmp_ln81)> <Delay = 1.01> <CoreInst = "Cmp">   --->   Core 9 'Cmp' <Latency = 0> <II = 1> <Delay = 1.01> <FuncUnit> <Opcode : 'icmp'> <InPorts = 2> <OutPorts = 1>
ST_1 : Operation 161 [1/1] (0.00ns)   --->   "%tmp_1 = partselect i30 @_ssdm_op_PartSelect.i30.i32.i32.i32, i32 %b_col_read, i32 2, i32 31"   --->   Operation 161 'partselect' 'tmp_1' <Predicate = (icmp_ln81)> <Delay = 0.00>
ST_1 : Operation 162 [1/1] (0.99ns)   --->   "%icmp3 = icmp_sgt  i30 %tmp_1, i30 0"   --->   Operation 162 'icmp' 'icmp3' <Predicate = (icmp_ln81)> <Delay = 0.99> <CoreInst = "Cmp">   --->   Core 9 'Cmp' <Latency = 0> <II = 1> <Delay = 0.99> <FuncUnit> <Opcode : 'icmp'> <InPorts = 2> <OutPorts = 1>
ST_1 : Operation 163 [1/1] (1.01ns)   --->   "%cmp15_496 = icmp_sgt  i32 %b_col_read, i32 4"   --->   Operation 163 'icmp' 'cmp15_496' <Predicate = (icmp_ln81)> <Delay = 1.01> <CoreInst = "Cmp">   --->   Core 9 'Cmp' <Latency = 0> <II = 1> <Delay = 1.01> <FuncUnit> <Opcode : 'icmp'> <InPorts = 2> <OutPorts = 1>
ST_1 : Operation 164 [1/1] (1.01ns)   --->   "%cmp15_5124 = icmp_sgt  i32 %b_col_read, i32 5"   --->   Operation 164 'icmp' 'cmp15_5124' <Predicate = (icmp_ln81)> <Delay = 1.01> <CoreInst = "Cmp">   --->   Core 9 'Cmp' <Latency = 0> <II = 1> <Delay = 1.01> <FuncUnit> <Opcode : 'icmp'> <InPorts = 2> <OutPorts = 1>
ST_1 : Operation 165 [1/1] (1.01ns)   --->   "%cmp15_6152 = icmp_sgt  i32 %b_col_read, i32 6"   --->   Operation 165 'icmp' 'cmp15_6152' <Predicate = (icmp_ln81)> <Delay = 1.01> <CoreInst = "Cmp">   --->   Core 9 'Cmp' <Latency = 0> <II = 1> <Delay = 1.01> <FuncUnit> <Opcode : 'icmp'> <InPorts = 2> <OutPorts = 1>
ST_1 : Operation 166 [1/1] (0.00ns)   --->   "%tmp_2 = partselect i29 @_ssdm_op_PartSelect.i29.i32.i32.i32, i32 %b_col_read, i32 3, i32 31"   --->   Operation 166 'partselect' 'tmp_2' <Predicate = (icmp_ln81)> <Delay = 0.00>
ST_1 : Operation 167 [1/1] (0.98ns)   --->   "%icmp6 = icmp_sgt  i29 %tmp_2, i29 0"   --->   Operation 167 'icmp' 'icmp6' <Predicate = (icmp_ln81)> <Delay = 0.98> <CoreInst = "Cmp">   --->   Core 9 'Cmp' <Latency = 0> <II = 1> <Delay = 0.98> <FuncUnit> <Opcode : 'icmp'> <InPorts = 2> <OutPorts = 1>
ST_1 : Operation 168 [1/1] (0.00ns)   --->   "%tmp_3 = partselect i31 @_ssdm_op_PartSelect.i31.i32.i32.i32, i32 %a_row_read, i32 1, i32 31"   --->   Operation 168 'partselect' 'tmp_3' <Predicate = (icmp_ln81)> <Delay = 0.00>
ST_1 : Operation 169 [1/1] (1.00ns)   --->   "%icmp9 = icmp_slt  i31 %tmp_3, i31 1"   --->   Operation 169 'icmp' 'icmp9' <Predicate = (icmp_ln81)> <Delay = 1.00> <CoreInst = "Cmp">   --->   Core 9 'Cmp' <Latency = 0> <II = 1> <Delay = 1.00> <FuncUnit> <Opcode : 'icmp'> <InPorts = 2> <OutPorts = 1>
ST_1 : Operation 170 [1/1] (1.01ns)   --->   "%cmp9_2_not = icmp_slt  i32 %a_row_read, i32 3"   --->   Operation 170 'icmp' 'cmp9_2_not' <Predicate = (icmp_ln81)> <Delay = 1.01> <CoreInst = "Cmp">   --->   Core 9 'Cmp' <Latency = 0> <II = 1> <Delay = 1.01> <FuncUnit> <Opcode : 'icmp'> <InPorts = 2> <OutPorts = 1>
ST_1 : Operation 171 [1/1] (0.00ns)   --->   "%tmp_4 = partselect i30 @_ssdm_op_PartSelect.i30.i32.i32.i32, i32 %a_row_read, i32 2, i32 31"   --->   Operation 171 'partselect' 'tmp_4' <Predicate = (icmp_ln81)> <Delay = 0.00>
ST_1 : Operation 172 [1/1] (0.99ns)   --->   "%icmp12 = icmp_slt  i30 %tmp_4, i30 1"   --->   Operation 172 'icmp' 'icmp12' <Predicate = (icmp_ln81)> <Delay = 0.99> <CoreInst = "Cmp">   --->   Core 9 'Cmp' <Latency = 0> <II = 1> <Delay = 0.99> <FuncUnit> <Opcode : 'icmp'> <InPorts = 2> <OutPorts = 1>
ST_1 : Operation 173 [1/1] (1.01ns)   --->   "%cmp9_4_not = icmp_slt  i32 %a_row_read, i32 5"   --->   Operation 173 'icmp' 'cmp9_4_not' <Predicate = (icmp_ln81)> <Delay = 1.01> <CoreInst = "Cmp">   --->   Core 9 'Cmp' <Latency = 0> <II = 1> <Delay = 1.01> <FuncUnit> <Opcode : 'icmp'> <InPorts = 2> <OutPorts = 1>
ST_1 : Operation 174 [1/1] (1.01ns)   --->   "%cmp9_5_not = icmp_slt  i32 %a_row_read, i32 6"   --->   Operation 174 'icmp' 'cmp9_5_not' <Predicate = (icmp_ln81)> <Delay = 1.01> <CoreInst = "Cmp">   --->   Core 9 'Cmp' <Latency = 0> <II = 1> <Delay = 1.01> <FuncUnit> <Opcode : 'icmp'> <InPorts = 2> <OutPorts = 1>
ST_1 : Operation 175 [1/1] (1.01ns)   --->   "%cmp9_6_not = icmp_slt  i32 %a_row_read, i32 7"   --->   Operation 175 'icmp' 'cmp9_6_not' <Predicate = (icmp_ln81)> <Delay = 1.01> <CoreInst = "Cmp">   --->   Core 9 'Cmp' <Latency = 0> <II = 1> <Delay = 1.01> <FuncUnit> <Opcode : 'icmp'> <InPorts = 2> <OutPorts = 1>
ST_1 : Operation 176 [1/1] (0.00ns)   --->   "%tmp_5 = partselect i29 @_ssdm_op_PartSelect.i29.i32.i32.i32, i32 %a_row_read, i32 3, i32 31"   --->   Operation 176 'partselect' 'tmp_5' <Predicate = (icmp_ln81)> <Delay = 0.00>
ST_1 : Operation 177 [1/1] (0.98ns)   --->   "%icmp15 = icmp_slt  i29 %tmp_5, i29 1"   --->   Operation 177 'icmp' 'icmp15' <Predicate = (icmp_ln81)> <Delay = 0.98> <CoreInst = "Cmp">   --->   Core 9 'Cmp' <Latency = 0> <II = 1> <Delay = 0.98> <FuncUnit> <Opcode : 'icmp'> <InPorts = 2> <OutPorts = 1>
ST_1 : Operation 178 [2/2] (0.42ns)   --->   "%call_ln0 = call void @tile_process_Pipeline_compute_pipeline, i3 %start_k_read, i16 %p_read_59, i16 %p_read_60, i16 %p_read_61, i16 %p_read_62, i16 %p_read_63, i16 %p_read_64, i16 %p_read_65, i16 %p_read_66, i16 %p_read_67, i16 %p_read_68, i16 %p_read_69, i16 %p_read_70, i16 %p_read_71, i16 %p_read_72, i16 %p_read_73, i16 %p_read_74, i16 %p_read_75, i16 %p_read_76, i16 %p_read_77, i16 %p_read_78, i16 %p_read_79, i16 %p_read_80, i16 %p_read_81, i16 %p_read_82, i16 %p_read_83, i16 %p_read_84, i16 %p_read_85, i16 %p_read_86, i16 %p_read_87, i16 %p_read_88, i16 %p_read_89, i16 %p_read_90, i16 %p_read_91, i16 %p_read_92, i16 %p_read_93, i16 %p_read_94, i16 %p_read_95, i16 %p_read_96, i16 %p_read_97, i16 %p_read_98, i16 %p_read_99, i16 %p_read_100, i16 %p_read_101, i16 %p_read2084, i16 %p_read_102, i16 %p_read_103, i16 %p_read_104, i16 %p_read_105, i16 %p_read_106, i16 %p_read_107, i16 %p_read_108, i16 %p_read_109, i16 %p_read_110, i16 %p_read1074, i16 %p_read973, i16 %p_read872, i16 %p_read771, i16 %p_read670, i16 %p_read569, i16 %p_read468, i16 %p_read367, i16 %p_read266, i16 %p_read165, i16 %p_read64, i4 %finish_k_read, i32 %a_col_read, i8 %a_row_major_0, i8 %a_row_major_1, i8 %a_row_major_2, i8 %a_row_major_3, i8 %a_row_major_4, i8 %a_row_major_5, i8 %a_row_major_6, i8 %a_row_major_7, i1 %cmp9_not, i1 %cmp15, i8 %b_row_major_0, i1 %icmp, i8 %b_row_major_1, i1 %cmp15_240, i8 %b_row_major_2, i1 %icmp3, i8 %b_row_major_3, i1 %cmp15_496, i8 %b_row_major_4, i1 %cmp15_5124, i8 %b_row_major_5, i1 %cmp15_6152, i8 %b_row_major_6, i1 %icmp6, i8 %b_row_major_7, i1 %icmp9, i1 %cmp9_2_not, i1 %icmp12, i1 %cmp9_4_not, i1 %cmp9_5_not, i1 %cmp9_6_not, i1 %icmp15, i16 %c_row_major_7_7_0_loc, i16 %c_row_major_7_6_0_loc, i16 %c_row_major_7_5_0_loc, i16 %c_row_major_7_4_0_loc, i16 %c_row_major_7_3_0_loc, i16 %c_row_major_7_2_0_loc, i16 %c_row_major_7_1_0_loc, i16 %c_row_major_7_0_0_loc, i16 %c_row_major_6_7_0_loc, i16 %c_row_major_6_6_0_loc, i16 %c_row_major_6_5_0_loc, i16 %c_row_major_6_4_0_loc, i16 %c_row_major_6_3_0_loc, i16 %c_row_major_6_2_0_loc, i16 %c_row_major_6_1_0_loc, i16 %c_row_major_6_0_0_loc, i16 %c_row_major_5_7_0_loc, i16 %c_row_major_5_6_0_loc, i16 %c_row_major_5_5_0_loc, i16 %c_row_major_5_4_0_loc, i16 %c_row_major_5_3_0_loc, i16 %c_row_major_5_2_0_loc, i16 %c_row_major_5_1_0_loc, i16 %c_row_major_5_0_0_loc, i16 %c_row_major_4_7_0_loc, i16 %c_row_major_4_6_0_loc, i16 %c_row_major_4_5_0_loc, i16 %c_row_major_4_4_0_loc, i16 %c_row_major_4_3_0_loc, i16 %c_row_major_4_2_0_loc, i16 %c_row_major_4_1_0_loc, i16 %c_row_major_4_0_0_loc, i16 %c_row_major_3_7_0_loc, i16 %c_row_major_3_6_0_loc, i16 %c_row_major_3_5_0_loc, i16 %c_row_major_3_4_0_loc, i16 %c_row_major_3_3_0_loc, i16 %c_row_major_3_2_0_loc, i16 %c_row_major_3_1_0_loc, i16 %c_row_major_3_0_0_loc, i16 %c_row_major_2_7_0_loc, i16 %c_row_major_2_6_0_loc, i16 %c_row_major_2_5_0_loc, i16 %c_row_major_2_4_0_loc, i16 %c_row_major_2_3_0_loc, i16 %c_row_major_2_2_0_loc, i16 %c_row_major_2_1_0_loc, i16 %c_row_major_2_0_0_loc, i16 %c_row_major_1_7_0_loc, i16 %c_row_major_1_6_0_loc, i16 %c_row_major_1_5_0_loc, i16 %c_row_major_1_4_0_loc, i16 %c_row_major_1_3_0_loc, i16 %c_row_major_1_2_0_loc, i16 %c_row_major_1_1_0_loc, i16 %c_row_major_1_0_0_loc, i16 %c_row_major_0_7_0_loc, i16 %c_row_major_0_6_0_loc, i16 %c_row_major_0_5_0_loc, i16 %c_row_major_0_4_0_loc, i16 %c_row_major_0_3_0_loc, i16 %c_row_major_0_2_0_loc, i16 %c_row_major_0_1_0_loc, i16 %c_row_major_0_0_0_loc"   --->   Operation 178 'call' 'call_ln0' <Predicate = (icmp_ln81)> <Delay = 0.42> <CoreType = "Generic">   --->   Core 0 '' <Latency = 0> <II = 1> <Delay = 1.00> <Generic> <Opcode : >

State 2 <SV = 1> <Delay = 0.00>
ST_2 : Operation 179 [1/2] (0.00ns)   --->   "%call_ln0 = call void @tile_process_Pipeline_compute_pipeline, i3 %start_k_read, i16 %p_read_59, i16 %p_read_60, i16 %p_read_61, i16 %p_read_62, i16 %p_read_63, i16 %p_read_64, i16 %p_read_65, i16 %p_read_66, i16 %p_read_67, i16 %p_read_68, i16 %p_read_69, i16 %p_read_70, i16 %p_read_71, i16 %p_read_72, i16 %p_read_73, i16 %p_read_74, i16 %p_read_75, i16 %p_read_76, i16 %p_read_77, i16 %p_read_78, i16 %p_read_79, i16 %p_read_80, i16 %p_read_81, i16 %p_read_82, i16 %p_read_83, i16 %p_read_84, i16 %p_read_85, i16 %p_read_86, i16 %p_read_87, i16 %p_read_88, i16 %p_read_89, i16 %p_read_90, i16 %p_read_91, i16 %p_read_92, i16 %p_read_93, i16 %p_read_94, i16 %p_read_95, i16 %p_read_96, i16 %p_read_97, i16 %p_read_98, i16 %p_read_99, i16 %p_read_100, i16 %p_read_101, i16 %p_read2084, i16 %p_read_102, i16 %p_read_103, i16 %p_read_104, i16 %p_read_105, i16 %p_read_106, i16 %p_read_107, i16 %p_read_108, i16 %p_read_109, i16 %p_read_110, i16 %p_read1074, i16 %p_read973, i16 %p_read872, i16 %p_read771, i16 %p_read670, i16 %p_read569, i16 %p_read468, i16 %p_read367, i16 %p_read266, i16 %p_read165, i16 %p_read64, i4 %finish_k_read, i32 %a_col_read, i8 %a_row_major_0, i8 %a_row_major_1, i8 %a_row_major_2, i8 %a_row_major_3, i8 %a_row_major_4, i8 %a_row_major_5, i8 %a_row_major_6, i8 %a_row_major_7, i1 %cmp9_not, i1 %cmp15, i8 %b_row_major_0, i1 %icmp, i8 %b_row_major_1, i1 %cmp15_240, i8 %b_row_major_2, i1 %icmp3, i8 %b_row_major_3, i1 %cmp15_496, i8 %b_row_major_4, i1 %cmp15_5124, i8 %b_row_major_5, i1 %cmp15_6152, i8 %b_row_major_6, i1 %icmp6, i8 %b_row_major_7, i1 %icmp9, i1 %cmp9_2_not, i1 %icmp12, i1 %cmp9_4_not, i1 %cmp9_5_not, i1 %cmp9_6_not, i1 %icmp15, i16 %c_row_major_7_7_0_loc, i16 %c_row_major_7_6_0_loc, i16 %c_row_major_7_5_0_loc, i16 %c_row_major_7_4_0_loc, i16 %c_row_major_7_3_0_loc, i16 %c_row_major_7_2_0_loc, i16 %c_row_major_7_1_0_loc, i16 %c_row_major_7_0_0_loc, i16 %c_row_major_6_7_0_loc, i16 %c_row_major_6_6_0_loc, i16 %c_row_major_6_5_0_loc, i16 %c_row_major_6_4_0_loc, i16 %c_row_major_6_3_0_loc, i16 %c_row_major_6_2_0_loc, i16 %c_row_major_6_1_0_loc, i16 %c_row_major_6_0_0_loc, i16 %c_row_major_5_7_0_loc, i16 %c_row_major_5_6_0_loc, i16 %c_row_major_5_5_0_loc, i16 %c_row_major_5_4_0_loc, i16 %c_row_major_5_3_0_loc, i16 %c_row_major_5_2_0_loc, i16 %c_row_major_5_1_0_loc, i16 %c_row_major_5_0_0_loc, i16 %c_row_major_4_7_0_loc, i16 %c_row_major_4_6_0_loc, i16 %c_row_major_4_5_0_loc, i16 %c_row_major_4_4_0_loc, i16 %c_row_major_4_3_0_loc, i16 %c_row_major_4_2_0_loc, i16 %c_row_major_4_1_0_loc, i16 %c_row_major_4_0_0_loc, i16 %c_row_major_3_7_0_loc, i16 %c_row_major_3_6_0_loc, i16 %c_row_major_3_5_0_loc, i16 %c_row_major_3_4_0_loc, i16 %c_row_major_3_3_0_loc, i16 %c_row_major_3_2_0_loc, i16 %c_row_major_3_1_0_loc, i16 %c_row_major_3_0_0_loc, i16 %c_row_major_2_7_0_loc, i16 %c_row_major_2_6_0_loc, i16 %c_row_major_2_5_0_loc, i16 %c_row_major_2_4_0_loc, i16 %c_row_major_2_3_0_loc, i16 %c_row_major_2_2_0_loc, i16 %c_row_major_2_1_0_loc, i16 %c_row_major_2_0_0_loc, i16 %c_row_major_1_7_0_loc, i16 %c_row_major_1_6_0_loc, i16 %c_row_major_1_5_0_loc, i16 %c_row_major_1_4_0_loc, i16 %c_row_major_1_3_0_loc, i16 %c_row_major_1_2_0_loc, i16 %c_row_major_1_1_0_loc, i16 %c_row_major_1_0_0_loc, i16 %c_row_major_0_7_0_loc, i16 %c_row_major_0_6_0_loc, i16 %c_row_major_0_5_0_loc, i16 %c_row_major_0_4_0_loc, i16 %c_row_major_0_3_0_loc, i16 %c_row_major_0_2_0_loc, i16 %c_row_major_0_1_0_loc, i16 %c_row_major_0_0_0_loc"   --->   Operation 179 'call' 'call_ln0' <Predicate = true> <Delay = 0.00> <CoreType = "Generic">   --->   Core 0 '' <Latency = 0> <II = 1> <Delay = 1.00> <Generic> <Opcode : >

State 3 <SV = 2> <Delay = 0.42>
ST_3 : Operation 180 [1/1] (0.00ns)   --->   "%c_row_major_7_7_0_loc_load = load i16 %c_row_major_7_7_0_loc"   --->   Operation 180 'load' 'c_row_major_7_7_0_loc_load' <Predicate = (icmp_ln81)> <Delay = 0.00>
ST_3 : Operation 181 [1/1] (0.00ns)   --->   "%c_row_major_7_6_0_loc_load = load i16 %c_row_major_7_6_0_loc"   --->   Operation 181 'load' 'c_row_major_7_6_0_loc_load' <Predicate = (icmp_ln81)> <Delay = 0.00>
ST_3 : Operation 182 [1/1] (0.00ns)   --->   "%c_row_major_7_5_0_loc_load = load i16 %c_row_major_7_5_0_loc"   --->   Operation 182 'load' 'c_row_major_7_5_0_loc_load' <Predicate = (icmp_ln81)> <Delay = 0.00>
ST_3 : Operation 183 [1/1] (0.00ns)   --->   "%c_row_major_7_4_0_loc_load = load i16 %c_row_major_7_4_0_loc"   --->   Operation 183 'load' 'c_row_major_7_4_0_loc_load' <Predicate = (icmp_ln81)> <Delay = 0.00>
ST_3 : Operation 184 [1/1] (0.00ns)   --->   "%c_row_major_7_3_0_loc_load = load i16 %c_row_major_7_3_0_loc"   --->   Operation 184 'load' 'c_row_major_7_3_0_loc_load' <Predicate = (icmp_ln81)> <Delay = 0.00>
ST_3 : Operation 185 [1/1] (0.00ns)   --->   "%c_row_major_7_2_0_loc_load = load i16 %c_row_major_7_2_0_loc"   --->   Operation 185 'load' 'c_row_major_7_2_0_loc_load' <Predicate = (icmp_ln81)> <Delay = 0.00>
ST_3 : Operation 186 [1/1] (0.00ns)   --->   "%c_row_major_7_1_0_loc_load = load i16 %c_row_major_7_1_0_loc"   --->   Operation 186 'load' 'c_row_major_7_1_0_loc_load' <Predicate = (icmp_ln81)> <Delay = 0.00>
ST_3 : Operation 187 [1/1] (0.00ns)   --->   "%c_row_major_7_0_0_loc_load = load i16 %c_row_major_7_0_0_loc"   --->   Operation 187 'load' 'c_row_major_7_0_0_loc_load' <Predicate = (icmp_ln81)> <Delay = 0.00>
ST_3 : Operation 188 [1/1] (0.00ns)   --->   "%c_row_major_6_7_0_loc_load = load i16 %c_row_major_6_7_0_loc"   --->   Operation 188 'load' 'c_row_major_6_7_0_loc_load' <Predicate = (icmp_ln81)> <Delay = 0.00>
ST_3 : Operation 189 [1/1] (0.00ns)   --->   "%c_row_major_6_6_0_loc_load = load i16 %c_row_major_6_6_0_loc"   --->   Operation 189 'load' 'c_row_major_6_6_0_loc_load' <Predicate = (icmp_ln81)> <Delay = 0.00>
ST_3 : Operation 190 [1/1] (0.00ns)   --->   "%c_row_major_6_5_0_loc_load = load i16 %c_row_major_6_5_0_loc"   --->   Operation 190 'load' 'c_row_major_6_5_0_loc_load' <Predicate = (icmp_ln81)> <Delay = 0.00>
ST_3 : Operation 191 [1/1] (0.00ns)   --->   "%c_row_major_6_4_0_loc_load = load i16 %c_row_major_6_4_0_loc"   --->   Operation 191 'load' 'c_row_major_6_4_0_loc_load' <Predicate = (icmp_ln81)> <Delay = 0.00>
ST_3 : Operation 192 [1/1] (0.00ns)   --->   "%c_row_major_6_3_0_loc_load = load i16 %c_row_major_6_3_0_loc"   --->   Operation 192 'load' 'c_row_major_6_3_0_loc_load' <Predicate = (icmp_ln81)> <Delay = 0.00>
ST_3 : Operation 193 [1/1] (0.00ns)   --->   "%c_row_major_6_2_0_loc_load = load i16 %c_row_major_6_2_0_loc"   --->   Operation 193 'load' 'c_row_major_6_2_0_loc_load' <Predicate = (icmp_ln81)> <Delay = 0.00>
ST_3 : Operation 194 [1/1] (0.00ns)   --->   "%c_row_major_6_1_0_loc_load = load i16 %c_row_major_6_1_0_loc"   --->   Operation 194 'load' 'c_row_major_6_1_0_loc_load' <Predicate = (icmp_ln81)> <Delay = 0.00>
ST_3 : Operation 195 [1/1] (0.00ns)   --->   "%c_row_major_6_0_0_loc_load = load i16 %c_row_major_6_0_0_loc"   --->   Operation 195 'load' 'c_row_major_6_0_0_loc_load' <Predicate = (icmp_ln81)> <Delay = 0.00>
ST_3 : Operation 196 [1/1] (0.00ns)   --->   "%c_row_major_5_7_0_loc_load = load i16 %c_row_major_5_7_0_loc"   --->   Operation 196 'load' 'c_row_major_5_7_0_loc_load' <Predicate = (icmp_ln81)> <Delay = 0.00>
ST_3 : Operation 197 [1/1] (0.00ns)   --->   "%c_row_major_5_6_0_loc_load = load i16 %c_row_major_5_6_0_loc"   --->   Operation 197 'load' 'c_row_major_5_6_0_loc_load' <Predicate = (icmp_ln81)> <Delay = 0.00>
ST_3 : Operation 198 [1/1] (0.00ns)   --->   "%c_row_major_5_5_0_loc_load = load i16 %c_row_major_5_5_0_loc"   --->   Operation 198 'load' 'c_row_major_5_5_0_loc_load' <Predicate = (icmp_ln81)> <Delay = 0.00>
ST_3 : Operation 199 [1/1] (0.00ns)   --->   "%c_row_major_5_4_0_loc_load = load i16 %c_row_major_5_4_0_loc"   --->   Operation 199 'load' 'c_row_major_5_4_0_loc_load' <Predicate = (icmp_ln81)> <Delay = 0.00>
ST_3 : Operation 200 [1/1] (0.00ns)   --->   "%c_row_major_5_3_0_loc_load = load i16 %c_row_major_5_3_0_loc"   --->   Operation 200 'load' 'c_row_major_5_3_0_loc_load' <Predicate = (icmp_ln81)> <Delay = 0.00>
ST_3 : Operation 201 [1/1] (0.00ns)   --->   "%c_row_major_5_2_0_loc_load = load i16 %c_row_major_5_2_0_loc"   --->   Operation 201 'load' 'c_row_major_5_2_0_loc_load' <Predicate = (icmp_ln81)> <Delay = 0.00>
ST_3 : Operation 202 [1/1] (0.00ns)   --->   "%c_row_major_5_1_0_loc_load = load i16 %c_row_major_5_1_0_loc"   --->   Operation 202 'load' 'c_row_major_5_1_0_loc_load' <Predicate = (icmp_ln81)> <Delay = 0.00>
ST_3 : Operation 203 [1/1] (0.00ns)   --->   "%c_row_major_5_0_0_loc_load = load i16 %c_row_major_5_0_0_loc"   --->   Operation 203 'load' 'c_row_major_5_0_0_loc_load' <Predicate = (icmp_ln81)> <Delay = 0.00>
ST_3 : Operation 204 [1/1] (0.00ns)   --->   "%c_row_major_4_7_0_loc_load = load i16 %c_row_major_4_7_0_loc"   --->   Operation 204 'load' 'c_row_major_4_7_0_loc_load' <Predicate = (icmp_ln81)> <Delay = 0.00>
ST_3 : Operation 205 [1/1] (0.00ns)   --->   "%c_row_major_4_6_0_loc_load = load i16 %c_row_major_4_6_0_loc"   --->   Operation 205 'load' 'c_row_major_4_6_0_loc_load' <Predicate = (icmp_ln81)> <Delay = 0.00>
ST_3 : Operation 206 [1/1] (0.00ns)   --->   "%c_row_major_4_5_0_loc_load = load i16 %c_row_major_4_5_0_loc"   --->   Operation 206 'load' 'c_row_major_4_5_0_loc_load' <Predicate = (icmp_ln81)> <Delay = 0.00>
ST_3 : Operation 207 [1/1] (0.00ns)   --->   "%c_row_major_4_4_0_loc_load = load i16 %c_row_major_4_4_0_loc"   --->   Operation 207 'load' 'c_row_major_4_4_0_loc_load' <Predicate = (icmp_ln81)> <Delay = 0.00>
ST_3 : Operation 208 [1/1] (0.00ns)   --->   "%c_row_major_4_3_0_loc_load = load i16 %c_row_major_4_3_0_loc"   --->   Operation 208 'load' 'c_row_major_4_3_0_loc_load' <Predicate = (icmp_ln81)> <Delay = 0.00>
ST_3 : Operation 209 [1/1] (0.00ns)   --->   "%c_row_major_4_2_0_loc_load = load i16 %c_row_major_4_2_0_loc"   --->   Operation 209 'load' 'c_row_major_4_2_0_loc_load' <Predicate = (icmp_ln81)> <Delay = 0.00>
ST_3 : Operation 210 [1/1] (0.00ns)   --->   "%c_row_major_4_1_0_loc_load = load i16 %c_row_major_4_1_0_loc"   --->   Operation 210 'load' 'c_row_major_4_1_0_loc_load' <Predicate = (icmp_ln81)> <Delay = 0.00>
ST_3 : Operation 211 [1/1] (0.00ns)   --->   "%c_row_major_4_0_0_loc_load = load i16 %c_row_major_4_0_0_loc"   --->   Operation 211 'load' 'c_row_major_4_0_0_loc_load' <Predicate = (icmp_ln81)> <Delay = 0.00>
ST_3 : Operation 212 [1/1] (0.00ns)   --->   "%c_row_major_3_7_0_loc_load = load i16 %c_row_major_3_7_0_loc"   --->   Operation 212 'load' 'c_row_major_3_7_0_loc_load' <Predicate = (icmp_ln81)> <Delay = 0.00>
ST_3 : Operation 213 [1/1] (0.00ns)   --->   "%c_row_major_3_6_0_loc_load = load i16 %c_row_major_3_6_0_loc"   --->   Operation 213 'load' 'c_row_major_3_6_0_loc_load' <Predicate = (icmp_ln81)> <Delay = 0.00>
ST_3 : Operation 214 [1/1] (0.00ns)   --->   "%c_row_major_3_5_0_loc_load = load i16 %c_row_major_3_5_0_loc"   --->   Operation 214 'load' 'c_row_major_3_5_0_loc_load' <Predicate = (icmp_ln81)> <Delay = 0.00>
ST_3 : Operation 215 [1/1] (0.00ns)   --->   "%c_row_major_3_4_0_loc_load = load i16 %c_row_major_3_4_0_loc"   --->   Operation 215 'load' 'c_row_major_3_4_0_loc_load' <Predicate = (icmp_ln81)> <Delay = 0.00>
ST_3 : Operation 216 [1/1] (0.00ns)   --->   "%c_row_major_3_3_0_loc_load = load i16 %c_row_major_3_3_0_loc"   --->   Operation 216 'load' 'c_row_major_3_3_0_loc_load' <Predicate = (icmp_ln81)> <Delay = 0.00>
ST_3 : Operation 217 [1/1] (0.00ns)   --->   "%c_row_major_3_2_0_loc_load = load i16 %c_row_major_3_2_0_loc"   --->   Operation 217 'load' 'c_row_major_3_2_0_loc_load' <Predicate = (icmp_ln81)> <Delay = 0.00>
ST_3 : Operation 218 [1/1] (0.00ns)   --->   "%c_row_major_3_1_0_loc_load = load i16 %c_row_major_3_1_0_loc"   --->   Operation 218 'load' 'c_row_major_3_1_0_loc_load' <Predicate = (icmp_ln81)> <Delay = 0.00>
ST_3 : Operation 219 [1/1] (0.00ns)   --->   "%c_row_major_3_0_0_loc_load = load i16 %c_row_major_3_0_0_loc"   --->   Operation 219 'load' 'c_row_major_3_0_0_loc_load' <Predicate = (icmp_ln81)> <Delay = 0.00>
ST_3 : Operation 220 [1/1] (0.00ns)   --->   "%c_row_major_2_7_0_loc_load = load i16 %c_row_major_2_7_0_loc"   --->   Operation 220 'load' 'c_row_major_2_7_0_loc_load' <Predicate = (icmp_ln81)> <Delay = 0.00>
ST_3 : Operation 221 [1/1] (0.00ns)   --->   "%c_row_major_2_6_0_loc_load = load i16 %c_row_major_2_6_0_loc"   --->   Operation 221 'load' 'c_row_major_2_6_0_loc_load' <Predicate = (icmp_ln81)> <Delay = 0.00>
ST_3 : Operation 222 [1/1] (0.00ns)   --->   "%c_row_major_2_5_0_loc_load = load i16 %c_row_major_2_5_0_loc"   --->   Operation 222 'load' 'c_row_major_2_5_0_loc_load' <Predicate = (icmp_ln81)> <Delay = 0.00>
ST_3 : Operation 223 [1/1] (0.00ns)   --->   "%c_row_major_2_4_0_loc_load = load i16 %c_row_major_2_4_0_loc"   --->   Operation 223 'load' 'c_row_major_2_4_0_loc_load' <Predicate = (icmp_ln81)> <Delay = 0.00>
ST_3 : Operation 224 [1/1] (0.00ns)   --->   "%c_row_major_2_3_0_loc_load = load i16 %c_row_major_2_3_0_loc"   --->   Operation 224 'load' 'c_row_major_2_3_0_loc_load' <Predicate = (icmp_ln81)> <Delay = 0.00>
ST_3 : Operation 225 [1/1] (0.00ns)   --->   "%c_row_major_2_2_0_loc_load = load i16 %c_row_major_2_2_0_loc"   --->   Operation 225 'load' 'c_row_major_2_2_0_loc_load' <Predicate = (icmp_ln81)> <Delay = 0.00>
ST_3 : Operation 226 [1/1] (0.00ns)   --->   "%c_row_major_2_1_0_loc_load = load i16 %c_row_major_2_1_0_loc"   --->   Operation 226 'load' 'c_row_major_2_1_0_loc_load' <Predicate = (icmp_ln81)> <Delay = 0.00>
ST_3 : Operation 227 [1/1] (0.00ns)   --->   "%c_row_major_2_0_0_loc_load = load i16 %c_row_major_2_0_0_loc"   --->   Operation 227 'load' 'c_row_major_2_0_0_loc_load' <Predicate = (icmp_ln81)> <Delay = 0.00>
ST_3 : Operation 228 [1/1] (0.00ns)   --->   "%c_row_major_1_7_0_loc_load = load i16 %c_row_major_1_7_0_loc"   --->   Operation 228 'load' 'c_row_major_1_7_0_loc_load' <Predicate = (icmp_ln81)> <Delay = 0.00>
ST_3 : Operation 229 [1/1] (0.00ns)   --->   "%c_row_major_1_6_0_loc_load = load i16 %c_row_major_1_6_0_loc"   --->   Operation 229 'load' 'c_row_major_1_6_0_loc_load' <Predicate = (icmp_ln81)> <Delay = 0.00>
ST_3 : Operation 230 [1/1] (0.00ns)   --->   "%c_row_major_1_5_0_loc_load = load i16 %c_row_major_1_5_0_loc"   --->   Operation 230 'load' 'c_row_major_1_5_0_loc_load' <Predicate = (icmp_ln81)> <Delay = 0.00>
ST_3 : Operation 231 [1/1] (0.00ns)   --->   "%c_row_major_1_4_0_loc_load = load i16 %c_row_major_1_4_0_loc"   --->   Operation 231 'load' 'c_row_major_1_4_0_loc_load' <Predicate = (icmp_ln81)> <Delay = 0.00>
ST_3 : Operation 232 [1/1] (0.00ns)   --->   "%c_row_major_1_3_0_loc_load = load i16 %c_row_major_1_3_0_loc"   --->   Operation 232 'load' 'c_row_major_1_3_0_loc_load' <Predicate = (icmp_ln81)> <Delay = 0.00>
ST_3 : Operation 233 [1/1] (0.00ns)   --->   "%c_row_major_1_2_0_loc_load = load i16 %c_row_major_1_2_0_loc"   --->   Operation 233 'load' 'c_row_major_1_2_0_loc_load' <Predicate = (icmp_ln81)> <Delay = 0.00>
ST_3 : Operation 234 [1/1] (0.00ns)   --->   "%c_row_major_1_1_0_loc_load = load i16 %c_row_major_1_1_0_loc"   --->   Operation 234 'load' 'c_row_major_1_1_0_loc_load' <Predicate = (icmp_ln81)> <Delay = 0.00>
ST_3 : Operation 235 [1/1] (0.00ns)   --->   "%c_row_major_1_0_0_loc_load = load i16 %c_row_major_1_0_0_loc"   --->   Operation 235 'load' 'c_row_major_1_0_0_loc_load' <Predicate = (icmp_ln81)> <Delay = 0.00>
ST_3 : Operation 236 [1/1] (0.00ns)   --->   "%c_row_major_0_7_0_loc_load = load i16 %c_row_major_0_7_0_loc"   --->   Operation 236 'load' 'c_row_major_0_7_0_loc_load' <Predicate = (icmp_ln81)> <Delay = 0.00>
ST_3 : Operation 237 [1/1] (0.00ns)   --->   "%c_row_major_0_6_0_loc_load = load i16 %c_row_major_0_6_0_loc"   --->   Operation 237 'load' 'c_row_major_0_6_0_loc_load' <Predicate = (icmp_ln81)> <Delay = 0.00>
ST_3 : Operation 238 [1/1] (0.00ns)   --->   "%c_row_major_0_5_0_loc_load = load i16 %c_row_major_0_5_0_loc"   --->   Operation 238 'load' 'c_row_major_0_5_0_loc_load' <Predicate = (icmp_ln81)> <Delay = 0.00>
ST_3 : Operation 239 [1/1] (0.00ns)   --->   "%c_row_major_0_4_0_loc_load = load i16 %c_row_major_0_4_0_loc"   --->   Operation 239 'load' 'c_row_major_0_4_0_loc_load' <Predicate = (icmp_ln81)> <Delay = 0.00>
ST_3 : Operation 240 [1/1] (0.00ns)   --->   "%c_row_major_0_3_0_loc_load = load i16 %c_row_major_0_3_0_loc"   --->   Operation 240 'load' 'c_row_major_0_3_0_loc_load' <Predicate = (icmp_ln81)> <Delay = 0.00>
ST_3 : Operation 241 [1/1] (0.00ns)   --->   "%c_row_major_0_2_0_loc_load = load i16 %c_row_major_0_2_0_loc"   --->   Operation 241 'load' 'c_row_major_0_2_0_loc_load' <Predicate = (icmp_ln81)> <Delay = 0.00>
ST_3 : Operation 242 [1/1] (0.00ns)   --->   "%c_row_major_0_1_0_loc_load = load i16 %c_row_major_0_1_0_loc"   --->   Operation 242 'load' 'c_row_major_0_1_0_loc_load' <Predicate = (icmp_ln81)> <Delay = 0.00>
ST_3 : Operation 243 [1/1] (0.00ns)   --->   "%c_row_major_0_0_0_loc_load = load i16 %c_row_major_0_0_0_loc"   --->   Operation 243 'load' 'c_row_major_0_0_0_loc_load' <Predicate = (icmp_ln81)> <Delay = 0.00>
ST_3 : Operation 244 [1/1] (0.42ns)   --->   "%br_ln0 = br void %for.end36"   --->   Operation 244 'br' 'br_ln0' <Predicate = (icmp_ln81)> <Delay = 0.42>
ST_3 : Operation 245 [1/1] (0.00ns)   --->   "%phi_ln105 = phi i16 %c_row_major_1_2_0_loc_load, void %for.body.lr.ph, i16 %p_read1074, void %entry" [mmult.cpp:105]   --->   Operation 245 'phi' 'phi_ln105' <Predicate = true> <Delay = 0.00>
ST_3 : Operation 246 [1/1] (0.00ns)   --->   "%phi_ln105_1 = phi i16 %c_row_major_1_3_0_loc_load, void %for.body.lr.ph, i16 %p_read_110, void %entry" [mmult.cpp:105]   --->   Operation 246 'phi' 'phi_ln105_1' <Predicate = true> <Delay = 0.00>
ST_3 : Operation 247 [1/1] (0.00ns)   --->   "%phi_ln105_2 = phi i16 %c_row_major_1_1_0_loc_load, void %for.body.lr.ph, i16 %p_read973, void %entry" [mmult.cpp:105]   --->   Operation 247 'phi' 'phi_ln105_2' <Predicate = true> <Delay = 0.00>
ST_3 : Operation 248 [1/1] (0.00ns)   --->   "%phi_ln105_3 = phi i16 %c_row_major_1_4_0_loc_load, void %for.body.lr.ph, i16 %p_read_109, void %entry" [mmult.cpp:105]   --->   Operation 248 'phi' 'phi_ln105_3' <Predicate = true> <Delay = 0.00>
ST_3 : Operation 249 [1/1] (0.00ns)   --->   "%phi_ln105_4 = phi i16 %c_row_major_1_5_0_loc_load, void %for.body.lr.ph, i16 %p_read_108, void %entry" [mmult.cpp:105]   --->   Operation 249 'phi' 'phi_ln105_4' <Predicate = true> <Delay = 0.00>
ST_3 : Operation 250 [1/1] (0.00ns)   --->   "%phi_ln105_5 = phi i16 %c_row_major_1_0_0_loc_load, void %for.body.lr.ph, i16 %p_read872, void %entry" [mmult.cpp:105]   --->   Operation 250 'phi' 'phi_ln105_5' <Predicate = true> <Delay = 0.00>
ST_3 : Operation 251 [1/1] (0.00ns)   --->   "%phi_ln105_6 = phi i16 %c_row_major_1_6_0_loc_load, void %for.body.lr.ph, i16 %p_read_107, void %entry" [mmult.cpp:105]   --->   Operation 251 'phi' 'phi_ln105_6' <Predicate = true> <Delay = 0.00>
ST_3 : Operation 252 [1/1] (0.00ns)   --->   "%phi_ln105_7 = phi i16 %c_row_major_1_7_0_loc_load, void %for.body.lr.ph, i16 %p_read_106, void %entry" [mmult.cpp:105]   --->   Operation 252 'phi' 'phi_ln105_7' <Predicate = true> <Delay = 0.00>
ST_3 : Operation 253 [1/1] (0.00ns)   --->   "%phi_ln105_8 = phi i16 %c_row_major_0_7_0_loc_load, void %for.body.lr.ph, i16 %p_read771, void %entry" [mmult.cpp:105]   --->   Operation 253 'phi' 'phi_ln105_8' <Predicate = true> <Delay = 0.00>
ST_3 : Operation 254 [1/1] (0.00ns)   --->   "%phi_ln105_9 = phi i16 %c_row_major_2_0_0_loc_load, void %for.body.lr.ph, i16 %p_read_105, void %entry" [mmult.cpp:105]   --->   Operation 254 'phi' 'phi_ln105_9' <Predicate = true> <Delay = 0.00>
ST_3 : Operation 255 [1/1] (0.00ns)   --->   "%phi_ln105_10 = phi i16 %c_row_major_2_1_0_loc_load, void %for.body.lr.ph, i16 %p_read_104, void %entry" [mmult.cpp:105]   --->   Operation 255 'phi' 'phi_ln105_10' <Predicate = true> <Delay = 0.00>
ST_3 : Operation 256 [1/1] (0.00ns)   --->   "%phi_ln105_11 = phi i16 %c_row_major_0_6_0_loc_load, void %for.body.lr.ph, i16 %p_read670, void %entry" [mmult.cpp:105]   --->   Operation 256 'phi' 'phi_ln105_11' <Predicate = true> <Delay = 0.00>
ST_3 : Operation 257 [1/1] (0.00ns)   --->   "%phi_ln105_12 = phi i16 %c_row_major_2_2_0_loc_load, void %for.body.lr.ph, i16 %p_read_103, void %entry" [mmult.cpp:105]   --->   Operation 257 'phi' 'phi_ln105_12' <Predicate = true> <Delay = 0.00>
ST_3 : Operation 258 [1/1] (0.00ns)   --->   "%phi_ln105_13 = phi i16 %c_row_major_2_3_0_loc_load, void %for.body.lr.ph, i16 %p_read_102, void %entry" [mmult.cpp:105]   --->   Operation 258 'phi' 'phi_ln105_13' <Predicate = true> <Delay = 0.00>
ST_3 : Operation 259 [1/1] (0.00ns)   --->   "%phi_ln105_14 = phi i16 %c_row_major_0_5_0_loc_load, void %for.body.lr.ph, i16 %p_read569, void %entry" [mmult.cpp:105]   --->   Operation 259 'phi' 'phi_ln105_14' <Predicate = true> <Delay = 0.00>
ST_3 : Operation 260 [1/1] (0.00ns)   --->   "%phi_ln105_15 = phi i16 %c_row_major_2_4_0_loc_load, void %for.body.lr.ph, i16 %p_read2084, void %entry" [mmult.cpp:105]   --->   Operation 260 'phi' 'phi_ln105_15' <Predicate = true> <Delay = 0.00>
ST_3 : Operation 261 [1/1] (0.00ns)   --->   "%phi_ln105_16 = phi i16 %c_row_major_2_5_0_loc_load, void %for.body.lr.ph, i16 %p_read_101, void %entry" [mmult.cpp:105]   --->   Operation 261 'phi' 'phi_ln105_16' <Predicate = true> <Delay = 0.00>
ST_3 : Operation 262 [1/1] (0.00ns)   --->   "%phi_ln105_17 = phi i16 %c_row_major_0_4_0_loc_load, void %for.body.lr.ph, i16 %p_read468, void %entry" [mmult.cpp:105]   --->   Operation 262 'phi' 'phi_ln105_17' <Predicate = true> <Delay = 0.00>
ST_3 : Operation 263 [1/1] (0.00ns)   --->   "%phi_ln105_18 = phi i16 %c_row_major_2_6_0_loc_load, void %for.body.lr.ph, i16 %p_read_100, void %entry" [mmult.cpp:105]   --->   Operation 263 'phi' 'phi_ln105_18' <Predicate = true> <Delay = 0.00>
ST_3 : Operation 264 [1/1] (0.00ns)   --->   "%phi_ln105_19 = phi i16 %c_row_major_2_7_0_loc_load, void %for.body.lr.ph, i16 %p_read_99, void %entry" [mmult.cpp:105]   --->   Operation 264 'phi' 'phi_ln105_19' <Predicate = true> <Delay = 0.00>
ST_3 : Operation 265 [1/1] (0.00ns)   --->   "%phi_ln105_20 = phi i16 %c_row_major_0_3_0_loc_load, void %for.body.lr.ph, i16 %p_read367, void %entry" [mmult.cpp:105]   --->   Operation 265 'phi' 'phi_ln105_20' <Predicate = true> <Delay = 0.00>
ST_3 : Operation 266 [1/1] (0.00ns)   --->   "%phi_ln105_21 = phi i16 %c_row_major_3_0_0_loc_load, void %for.body.lr.ph, i16 %p_read_98, void %entry" [mmult.cpp:105]   --->   Operation 266 'phi' 'phi_ln105_21' <Predicate = true> <Delay = 0.00>
ST_3 : Operation 267 [1/1] (0.00ns)   --->   "%phi_ln105_22 = phi i16 %c_row_major_3_1_0_loc_load, void %for.body.lr.ph, i16 %p_read_97, void %entry" [mmult.cpp:105]   --->   Operation 267 'phi' 'phi_ln105_22' <Predicate = true> <Delay = 0.00>
ST_3 : Operation 268 [1/1] (0.00ns)   --->   "%phi_ln105_23 = phi i16 %c_row_major_0_2_0_loc_load, void %for.body.lr.ph, i16 %p_read266, void %entry" [mmult.cpp:105]   --->   Operation 268 'phi' 'phi_ln105_23' <Predicate = true> <Delay = 0.00>
ST_3 : Operation 269 [1/1] (0.00ns)   --->   "%phi_ln105_24 = phi i16 %c_row_major_3_2_0_loc_load, void %for.body.lr.ph, i16 %p_read_96, void %entry" [mmult.cpp:105]   --->   Operation 269 'phi' 'phi_ln105_24' <Predicate = true> <Delay = 0.00>
ST_3 : Operation 270 [1/1] (0.00ns)   --->   "%phi_ln105_25 = phi i16 %c_row_major_3_3_0_loc_load, void %for.body.lr.ph, i16 %p_read_95, void %entry" [mmult.cpp:105]   --->   Operation 270 'phi' 'phi_ln105_25' <Predicate = true> <Delay = 0.00>
ST_3 : Operation 271 [1/1] (0.00ns)   --->   "%phi_ln105_26 = phi i16 %c_row_major_0_1_0_loc_load, void %for.body.lr.ph, i16 %p_read165, void %entry" [mmult.cpp:105]   --->   Operation 271 'phi' 'phi_ln105_26' <Predicate = true> <Delay = 0.00>
ST_3 : Operation 272 [1/1] (0.00ns)   --->   "%phi_ln105_27 = phi i16 %c_row_major_3_4_0_loc_load, void %for.body.lr.ph, i16 %p_read_94, void %entry" [mmult.cpp:105]   --->   Operation 272 'phi' 'phi_ln105_27' <Predicate = true> <Delay = 0.00>
ST_3 : Operation 273 [1/1] (0.00ns)   --->   "%phi_ln105_28 = phi i16 %c_row_major_3_5_0_loc_load, void %for.body.lr.ph, i16 %p_read_93, void %entry" [mmult.cpp:105]   --->   Operation 273 'phi' 'phi_ln105_28' <Predicate = true> <Delay = 0.00>
ST_3 : Operation 274 [1/1] (0.00ns)   --->   "%phi_ln105_29 = phi i16 %c_row_major_0_0_0_loc_load, void %for.body.lr.ph, i16 %p_read64, void %entry" [mmult.cpp:105]   --->   Operation 274 'phi' 'phi_ln105_29' <Predicate = true> <Delay = 0.00>
ST_3 : Operation 275 [1/1] (0.00ns)   --->   "%phi_ln105_30 = phi i16 %c_row_major_3_6_0_loc_load, void %for.body.lr.ph, i16 %p_read_92, void %entry" [mmult.cpp:105]   --->   Operation 275 'phi' 'phi_ln105_30' <Predicate = true> <Delay = 0.00>
ST_3 : Operation 276 [1/1] (0.00ns)   --->   "%phi_ln105_31 = phi i16 %c_row_major_5_2_0_loc_load, void %for.body.lr.ph, i16 %p_read_80, void %entry" [mmult.cpp:105]   --->   Operation 276 'phi' 'phi_ln105_31' <Predicate = true> <Delay = 0.00>
ST_3 : Operation 277 [1/1] (0.00ns)   --->   "%phi_ln105_32 = phi i16 %c_row_major_5_1_0_loc_load, void %for.body.lr.ph, i16 %p_read_81, void %entry" [mmult.cpp:105]   --->   Operation 277 'phi' 'phi_ln105_32' <Predicate = true> <Delay = 0.00>
ST_3 : Operation 278 [1/1] (0.00ns)   --->   "%phi_ln105_33 = phi i16 %c_row_major_5_3_0_loc_load, void %for.body.lr.ph, i16 %p_read_79, void %entry" [mmult.cpp:105]   --->   Operation 278 'phi' 'phi_ln105_33' <Predicate = true> <Delay = 0.00>
ST_3 : Operation 279 [1/1] (0.00ns)   --->   "%phi_ln105_34 = phi i16 %c_row_major_5_4_0_loc_load, void %for.body.lr.ph, i16 %p_read_78, void %entry" [mmult.cpp:105]   --->   Operation 279 'phi' 'phi_ln105_34' <Predicate = true> <Delay = 0.00>
ST_3 : Operation 280 [1/1] (0.00ns)   --->   "%phi_ln105_35 = phi i16 %c_row_major_5_0_0_loc_load, void %for.body.lr.ph, i16 %p_read_82, void %entry" [mmult.cpp:105]   --->   Operation 280 'phi' 'phi_ln105_35' <Predicate = true> <Delay = 0.00>
ST_3 : Operation 281 [1/1] (0.00ns)   --->   "%phi_ln105_36 = phi i16 %c_row_major_5_5_0_loc_load, void %for.body.lr.ph, i16 %p_read_77, void %entry" [mmult.cpp:105]   --->   Operation 281 'phi' 'phi_ln105_36' <Predicate = true> <Delay = 0.00>
ST_3 : Operation 282 [1/1] (0.00ns)   --->   "%phi_ln105_37 = phi i16 %c_row_major_5_6_0_loc_load, void %for.body.lr.ph, i16 %p_read_76, void %entry" [mmult.cpp:105]   --->   Operation 282 'phi' 'phi_ln105_37' <Predicate = true> <Delay = 0.00>
ST_3 : Operation 283 [1/1] (0.00ns)   --->   "%phi_ln105_38 = phi i16 %c_row_major_4_7_0_loc_load, void %for.body.lr.ph, i16 %p_read_83, void %entry" [mmult.cpp:105]   --->   Operation 283 'phi' 'phi_ln105_38' <Predicate = true> <Delay = 0.00>
ST_3 : Operation 284 [1/1] (0.00ns)   --->   "%phi_ln105_39 = phi i16 %c_row_major_5_7_0_loc_load, void %for.body.lr.ph, i16 %p_read_75, void %entry" [mmult.cpp:105]   --->   Operation 284 'phi' 'phi_ln105_39' <Predicate = true> <Delay = 0.00>
ST_3 : Operation 285 [1/1] (0.00ns)   --->   "%phi_ln105_40 = phi i16 %c_row_major_6_0_0_loc_load, void %for.body.lr.ph, i16 %p_read_74, void %entry" [mmult.cpp:105]   --->   Operation 285 'phi' 'phi_ln105_40' <Predicate = true> <Delay = 0.00>
ST_3 : Operation 286 [1/1] (0.00ns)   --->   "%phi_ln105_41 = phi i16 %c_row_major_4_6_0_loc_load, void %for.body.lr.ph, i16 %p_read_84, void %entry" [mmult.cpp:105]   --->   Operation 286 'phi' 'phi_ln105_41' <Predicate = true> <Delay = 0.00>
ST_3 : Operation 287 [1/1] (0.00ns)   --->   "%phi_ln105_42 = phi i16 %c_row_major_6_1_0_loc_load, void %for.body.lr.ph, i16 %p_read_73, void %entry" [mmult.cpp:105]   --->   Operation 287 'phi' 'phi_ln105_42' <Predicate = true> <Delay = 0.00>
ST_3 : Operation 288 [1/1] (0.00ns)   --->   "%phi_ln105_43 = phi i16 %c_row_major_6_2_0_loc_load, void %for.body.lr.ph, i16 %p_read_72, void %entry" [mmult.cpp:105]   --->   Operation 288 'phi' 'phi_ln105_43' <Predicate = true> <Delay = 0.00>
ST_3 : Operation 289 [1/1] (0.00ns)   --->   "%phi_ln105_44 = phi i16 %c_row_major_4_5_0_loc_load, void %for.body.lr.ph, i16 %p_read_85, void %entry" [mmult.cpp:105]   --->   Operation 289 'phi' 'phi_ln105_44' <Predicate = true> <Delay = 0.00>
ST_3 : Operation 290 [1/1] (0.00ns)   --->   "%phi_ln105_45 = phi i16 %c_row_major_6_3_0_loc_load, void %for.body.lr.ph, i16 %p_read_71, void %entry" [mmult.cpp:105]   --->   Operation 290 'phi' 'phi_ln105_45' <Predicate = true> <Delay = 0.00>
ST_3 : Operation 291 [1/1] (0.00ns)   --->   "%phi_ln105_46 = phi i16 %c_row_major_6_4_0_loc_load, void %for.body.lr.ph, i16 %p_read_70, void %entry" [mmult.cpp:105]   --->   Operation 291 'phi' 'phi_ln105_46' <Predicate = true> <Delay = 0.00>
ST_3 : Operation 292 [1/1] (0.00ns)   --->   "%phi_ln105_47 = phi i16 %c_row_major_4_4_0_loc_load, void %for.body.lr.ph, i16 %p_read_86, void %entry" [mmult.cpp:105]   --->   Operation 292 'phi' 'phi_ln105_47' <Predicate = true> <Delay = 0.00>
ST_3 : Operation 293 [1/1] (0.00ns)   --->   "%phi_ln105_48 = phi i16 %c_row_major_6_5_0_loc_load, void %for.body.lr.ph, i16 %p_read_69, void %entry" [mmult.cpp:105]   --->   Operation 293 'phi' 'phi_ln105_48' <Predicate = true> <Delay = 0.00>
ST_3 : Operation 294 [1/1] (0.00ns)   --->   "%phi_ln105_49 = phi i16 %c_row_major_6_6_0_loc_load, void %for.body.lr.ph, i16 %p_read_68, void %entry" [mmult.cpp:105]   --->   Operation 294 'phi' 'phi_ln105_49' <Predicate = true> <Delay = 0.00>
ST_3 : Operation 295 [1/1] (0.00ns)   --->   "%phi_ln105_50 = phi i16 %c_row_major_4_3_0_loc_load, void %for.body.lr.ph, i16 %p_read_87, void %entry" [mmult.cpp:105]   --->   Operation 295 'phi' 'phi_ln105_50' <Predicate = true> <Delay = 0.00>
ST_3 : Operation 296 [1/1] (0.00ns)   --->   "%phi_ln105_51 = phi i16 %c_row_major_6_7_0_loc_load, void %for.body.lr.ph, i16 %p_read_67, void %entry" [mmult.cpp:105]   --->   Operation 296 'phi' 'phi_ln105_51' <Predicate = true> <Delay = 0.00>
ST_3 : Operation 297 [1/1] (0.00ns)   --->   "%phi_ln105_52 = phi i16 %c_row_major_7_0_0_loc_load, void %for.body.lr.ph, i16 %p_read_66, void %entry" [mmult.cpp:105]   --->   Operation 297 'phi' 'phi_ln105_52' <Predicate = true> <Delay = 0.00>
ST_3 : Operation 298 [1/1] (0.00ns)   --->   "%phi_ln105_53 = phi i16 %c_row_major_4_2_0_loc_load, void %for.body.lr.ph, i16 %p_read_88, void %entry" [mmult.cpp:105]   --->   Operation 298 'phi' 'phi_ln105_53' <Predicate = true> <Delay = 0.00>
ST_3 : Operation 299 [1/1] (0.00ns)   --->   "%phi_ln105_54 = phi i16 %c_row_major_7_1_0_loc_load, void %for.body.lr.ph, i16 %p_read_65, void %entry" [mmult.cpp:105]   --->   Operation 299 'phi' 'phi_ln105_54' <Predicate = true> <Delay = 0.00>
ST_3 : Operation 300 [1/1] (0.00ns)   --->   "%phi_ln105_55 = phi i16 %c_row_major_7_2_0_loc_load, void %for.body.lr.ph, i16 %p_read_64, void %entry" [mmult.cpp:105]   --->   Operation 300 'phi' 'phi_ln105_55' <Predicate = true> <Delay = 0.00>
ST_3 : Operation 301 [1/1] (0.00ns)   --->   "%phi_ln105_56 = phi i16 %c_row_major_4_1_0_loc_load, void %for.body.lr.ph, i16 %p_read_89, void %entry" [mmult.cpp:105]   --->   Operation 301 'phi' 'phi_ln105_56' <Predicate = true> <Delay = 0.00>
ST_3 : Operation 302 [1/1] (0.00ns)   --->   "%phi_ln105_57 = phi i16 %c_row_major_7_3_0_loc_load, void %for.body.lr.ph, i16 %p_read_63, void %entry" [mmult.cpp:105]   --->   Operation 302 'phi' 'phi_ln105_57' <Predicate = true> <Delay = 0.00>
ST_3 : Operation 303 [1/1] (0.00ns)   --->   "%phi_ln105_58 = phi i16 %c_row_major_7_4_0_loc_load, void %for.body.lr.ph, i16 %p_read_62, void %entry" [mmult.cpp:105]   --->   Operation 303 'phi' 'phi_ln105_58' <Predicate = true> <Delay = 0.00>
ST_3 : Operation 304 [1/1] (0.00ns)   --->   "%phi_ln105_59 = phi i16 %c_row_major_4_0_0_loc_load, void %for.body.lr.ph, i16 %p_read_90, void %entry" [mmult.cpp:105]   --->   Operation 304 'phi' 'phi_ln105_59' <Predicate = true> <Delay = 0.00>
ST_3 : Operation 305 [1/1] (0.00ns)   --->   "%phi_ln105_60 = phi i16 %c_row_major_7_5_0_loc_load, void %for.body.lr.ph, i16 %p_read_61, void %entry" [mmult.cpp:105]   --->   Operation 305 'phi' 'phi_ln105_60' <Predicate = true> <Delay = 0.00>
ST_3 : Operation 306 [1/1] (0.00ns)   --->   "%phi_ln105_61 = phi i16 %c_row_major_7_6_0_loc_load, void %for.body.lr.ph, i16 %p_read_60, void %entry" [mmult.cpp:105]   --->   Operation 306 'phi' 'phi_ln105_61' <Predicate = true> <Delay = 0.00>
ST_3 : Operation 307 [1/1] (0.00ns)   --->   "%phi_ln105_62 = phi i16 %c_row_major_3_7_0_loc_load, void %for.body.lr.ph, i16 %p_read_91, void %entry" [mmult.cpp:105]   --->   Operation 307 'phi' 'phi_ln105_62' <Predicate = true> <Delay = 0.00>
ST_3 : Operation 308 [1/1] (0.00ns)   --->   "%phi_ln105_63 = phi i16 %c_row_major_7_7_0_loc_load, void %for.body.lr.ph, i16 %p_read_59, void %entry" [mmult.cpp:105]   --->   Operation 308 'phi' 'phi_ln105_63' <Predicate = true> <Delay = 0.00>
ST_3 : Operation 309 [1/1] (0.00ns)   --->   "%mrv = insertvalue i1024 <undef>, i16 %phi_ln105_29" [mmult.cpp:105]   --->   Operation 309 'insertvalue' 'mrv' <Predicate = true> <Delay = 0.00>
ST_3 : Operation 310 [1/1] (0.00ns)   --->   "%mrv_1 = insertvalue i1024 %mrv, i16 %phi_ln105_26" [mmult.cpp:105]   --->   Operation 310 'insertvalue' 'mrv_1' <Predicate = true> <Delay = 0.00>
ST_3 : Operation 311 [1/1] (0.00ns)   --->   "%mrv_2 = insertvalue i1024 %mrv_1, i16 %phi_ln105_23" [mmult.cpp:105]   --->   Operation 311 'insertvalue' 'mrv_2' <Predicate = true> <Delay = 0.00>
ST_3 : Operation 312 [1/1] (0.00ns)   --->   "%mrv_3 = insertvalue i1024 %mrv_2, i16 %phi_ln105_20" [mmult.cpp:105]   --->   Operation 312 'insertvalue' 'mrv_3' <Predicate = true> <Delay = 0.00>
ST_3 : Operation 313 [1/1] (0.00ns)   --->   "%mrv_4 = insertvalue i1024 %mrv_3, i16 %phi_ln105_17" [mmult.cpp:105]   --->   Operation 313 'insertvalue' 'mrv_4' <Predicate = true> <Delay = 0.00>
ST_3 : Operation 314 [1/1] (0.00ns)   --->   "%mrv_5 = insertvalue i1024 %mrv_4, i16 %phi_ln105_14" [mmult.cpp:105]   --->   Operation 314 'insertvalue' 'mrv_5' <Predicate = true> <Delay = 0.00>
ST_3 : Operation 315 [1/1] (0.00ns)   --->   "%mrv_6 = insertvalue i1024 %mrv_5, i16 %phi_ln105_11" [mmult.cpp:105]   --->   Operation 315 'insertvalue' 'mrv_6' <Predicate = true> <Delay = 0.00>
ST_3 : Operation 316 [1/1] (0.00ns)   --->   "%mrv_7 = insertvalue i1024 %mrv_6, i16 %phi_ln105_8" [mmult.cpp:105]   --->   Operation 316 'insertvalue' 'mrv_7' <Predicate = true> <Delay = 0.00>
ST_3 : Operation 317 [1/1] (0.00ns)   --->   "%mrv_8 = insertvalue i1024 %mrv_7, i16 %phi_ln105_5" [mmult.cpp:105]   --->   Operation 317 'insertvalue' 'mrv_8' <Predicate = true> <Delay = 0.00>
ST_3 : Operation 318 [1/1] (0.00ns)   --->   "%mrv_9 = insertvalue i1024 %mrv_8, i16 %phi_ln105_2" [mmult.cpp:105]   --->   Operation 318 'insertvalue' 'mrv_9' <Predicate = true> <Delay = 0.00>
ST_3 : Operation 319 [1/1] (0.00ns)   --->   "%mrv_s = insertvalue i1024 %mrv_9, i16 %phi_ln105" [mmult.cpp:105]   --->   Operation 319 'insertvalue' 'mrv_s' <Predicate = true> <Delay = 0.00>
ST_3 : Operation 320 [1/1] (0.00ns)   --->   "%mrv_10 = insertvalue i1024 %mrv_s, i16 %phi_ln105_1" [mmult.cpp:105]   --->   Operation 320 'insertvalue' 'mrv_10' <Predicate = true> <Delay = 0.00>
ST_3 : Operation 321 [1/1] (0.00ns)   --->   "%mrv_11 = insertvalue i1024 %mrv_10, i16 %phi_ln105_3" [mmult.cpp:105]   --->   Operation 321 'insertvalue' 'mrv_11' <Predicate = true> <Delay = 0.00>
ST_3 : Operation 322 [1/1] (0.00ns)   --->   "%mrv_12 = insertvalue i1024 %mrv_11, i16 %phi_ln105_4" [mmult.cpp:105]   --->   Operation 322 'insertvalue' 'mrv_12' <Predicate = true> <Delay = 0.00>
ST_3 : Operation 323 [1/1] (0.00ns)   --->   "%mrv_13 = insertvalue i1024 %mrv_12, i16 %phi_ln105_6" [mmult.cpp:105]   --->   Operation 323 'insertvalue' 'mrv_13' <Predicate = true> <Delay = 0.00>
ST_3 : Operation 324 [1/1] (0.00ns)   --->   "%mrv_14 = insertvalue i1024 %mrv_13, i16 %phi_ln105_7" [mmult.cpp:105]   --->   Operation 324 'insertvalue' 'mrv_14' <Predicate = true> <Delay = 0.00>
ST_3 : Operation 325 [1/1] (0.00ns)   --->   "%mrv_15 = insertvalue i1024 %mrv_14, i16 %phi_ln105_9" [mmult.cpp:105]   --->   Operation 325 'insertvalue' 'mrv_15' <Predicate = true> <Delay = 0.00>
ST_3 : Operation 326 [1/1] (0.00ns)   --->   "%mrv_16 = insertvalue i1024 %mrv_15, i16 %phi_ln105_10" [mmult.cpp:105]   --->   Operation 326 'insertvalue' 'mrv_16' <Predicate = true> <Delay = 0.00>
ST_3 : Operation 327 [1/1] (0.00ns)   --->   "%mrv_17 = insertvalue i1024 %mrv_16, i16 %phi_ln105_12" [mmult.cpp:105]   --->   Operation 327 'insertvalue' 'mrv_17' <Predicate = true> <Delay = 0.00>
ST_3 : Operation 328 [1/1] (0.00ns)   --->   "%mrv_18 = insertvalue i1024 %mrv_17, i16 %phi_ln105_13" [mmult.cpp:105]   --->   Operation 328 'insertvalue' 'mrv_18' <Predicate = true> <Delay = 0.00>
ST_3 : Operation 329 [1/1] (0.00ns)   --->   "%mrv_19 = insertvalue i1024 %mrv_18, i16 %phi_ln105_15" [mmult.cpp:105]   --->   Operation 329 'insertvalue' 'mrv_19' <Predicate = true> <Delay = 0.00>
ST_3 : Operation 330 [1/1] (0.00ns)   --->   "%mrv_20 = insertvalue i1024 %mrv_19, i16 %phi_ln105_16" [mmult.cpp:105]   --->   Operation 330 'insertvalue' 'mrv_20' <Predicate = true> <Delay = 0.00>
ST_3 : Operation 331 [1/1] (0.00ns)   --->   "%mrv_21 = insertvalue i1024 %mrv_20, i16 %phi_ln105_18" [mmult.cpp:105]   --->   Operation 331 'insertvalue' 'mrv_21' <Predicate = true> <Delay = 0.00>
ST_3 : Operation 332 [1/1] (0.00ns)   --->   "%mrv_22 = insertvalue i1024 %mrv_21, i16 %phi_ln105_19" [mmult.cpp:105]   --->   Operation 332 'insertvalue' 'mrv_22' <Predicate = true> <Delay = 0.00>
ST_3 : Operation 333 [1/1] (0.00ns)   --->   "%mrv_23 = insertvalue i1024 %mrv_22, i16 %phi_ln105_21" [mmult.cpp:105]   --->   Operation 333 'insertvalue' 'mrv_23' <Predicate = true> <Delay = 0.00>
ST_3 : Operation 334 [1/1] (0.00ns)   --->   "%mrv_24 = insertvalue i1024 %mrv_23, i16 %phi_ln105_22" [mmult.cpp:105]   --->   Operation 334 'insertvalue' 'mrv_24' <Predicate = true> <Delay = 0.00>
ST_3 : Operation 335 [1/1] (0.00ns)   --->   "%mrv_25 = insertvalue i1024 %mrv_24, i16 %phi_ln105_24" [mmult.cpp:105]   --->   Operation 335 'insertvalue' 'mrv_25' <Predicate = true> <Delay = 0.00>
ST_3 : Operation 336 [1/1] (0.00ns)   --->   "%mrv_26 = insertvalue i1024 %mrv_25, i16 %phi_ln105_25" [mmult.cpp:105]   --->   Operation 336 'insertvalue' 'mrv_26' <Predicate = true> <Delay = 0.00>
ST_3 : Operation 337 [1/1] (0.00ns)   --->   "%mrv_27 = insertvalue i1024 %mrv_26, i16 %phi_ln105_27" [mmult.cpp:105]   --->   Operation 337 'insertvalue' 'mrv_27' <Predicate = true> <Delay = 0.00>
ST_3 : Operation 338 [1/1] (0.00ns)   --->   "%mrv_28 = insertvalue i1024 %mrv_27, i16 %phi_ln105_28" [mmult.cpp:105]   --->   Operation 338 'insertvalue' 'mrv_28' <Predicate = true> <Delay = 0.00>
ST_3 : Operation 339 [1/1] (0.00ns)   --->   "%mrv_29 = insertvalue i1024 %mrv_28, i16 %phi_ln105_30" [mmult.cpp:105]   --->   Operation 339 'insertvalue' 'mrv_29' <Predicate = true> <Delay = 0.00>
ST_3 : Operation 340 [1/1] (0.00ns)   --->   "%mrv_30 = insertvalue i1024 %mrv_29, i16 %phi_ln105_62" [mmult.cpp:105]   --->   Operation 340 'insertvalue' 'mrv_30' <Predicate = true> <Delay = 0.00>
ST_3 : Operation 341 [1/1] (0.00ns)   --->   "%mrv_31 = insertvalue i1024 %mrv_30, i16 %phi_ln105_59" [mmult.cpp:105]   --->   Operation 341 'insertvalue' 'mrv_31' <Predicate = true> <Delay = 0.00>
ST_3 : Operation 342 [1/1] (0.00ns)   --->   "%mrv_32 = insertvalue i1024 %mrv_31, i16 %phi_ln105_56" [mmult.cpp:105]   --->   Operation 342 'insertvalue' 'mrv_32' <Predicate = true> <Delay = 0.00>
ST_3 : Operation 343 [1/1] (0.00ns)   --->   "%mrv_33 = insertvalue i1024 %mrv_32, i16 %phi_ln105_53" [mmult.cpp:105]   --->   Operation 343 'insertvalue' 'mrv_33' <Predicate = true> <Delay = 0.00>
ST_3 : Operation 344 [1/1] (0.00ns)   --->   "%mrv_34 = insertvalue i1024 %mrv_33, i16 %phi_ln105_50" [mmult.cpp:105]   --->   Operation 344 'insertvalue' 'mrv_34' <Predicate = true> <Delay = 0.00>
ST_3 : Operation 345 [1/1] (0.00ns)   --->   "%mrv_35 = insertvalue i1024 %mrv_34, i16 %phi_ln105_47" [mmult.cpp:105]   --->   Operation 345 'insertvalue' 'mrv_35' <Predicate = true> <Delay = 0.00>
ST_3 : Operation 346 [1/1] (0.00ns)   --->   "%mrv_36 = insertvalue i1024 %mrv_35, i16 %phi_ln105_44" [mmult.cpp:105]   --->   Operation 346 'insertvalue' 'mrv_36' <Predicate = true> <Delay = 0.00>
ST_3 : Operation 347 [1/1] (0.00ns)   --->   "%mrv_37 = insertvalue i1024 %mrv_36, i16 %phi_ln105_41" [mmult.cpp:105]   --->   Operation 347 'insertvalue' 'mrv_37' <Predicate = true> <Delay = 0.00>
ST_3 : Operation 348 [1/1] (0.00ns)   --->   "%mrv_38 = insertvalue i1024 %mrv_37, i16 %phi_ln105_38" [mmult.cpp:105]   --->   Operation 348 'insertvalue' 'mrv_38' <Predicate = true> <Delay = 0.00>
ST_3 : Operation 349 [1/1] (0.00ns)   --->   "%mrv_39 = insertvalue i1024 %mrv_38, i16 %phi_ln105_35" [mmult.cpp:105]   --->   Operation 349 'insertvalue' 'mrv_39' <Predicate = true> <Delay = 0.00>
ST_3 : Operation 350 [1/1] (0.00ns)   --->   "%mrv_40 = insertvalue i1024 %mrv_39, i16 %phi_ln105_32" [mmult.cpp:105]   --->   Operation 350 'insertvalue' 'mrv_40' <Predicate = true> <Delay = 0.00>
ST_3 : Operation 351 [1/1] (0.00ns)   --->   "%mrv_41 = insertvalue i1024 %mrv_40, i16 %phi_ln105_31" [mmult.cpp:105]   --->   Operation 351 'insertvalue' 'mrv_41' <Predicate = true> <Delay = 0.00>
ST_3 : Operation 352 [1/1] (0.00ns)   --->   "%mrv_42 = insertvalue i1024 %mrv_41, i16 %phi_ln105_33" [mmult.cpp:105]   --->   Operation 352 'insertvalue' 'mrv_42' <Predicate = true> <Delay = 0.00>
ST_3 : Operation 353 [1/1] (0.00ns)   --->   "%mrv_43 = insertvalue i1024 %mrv_42, i16 %phi_ln105_34" [mmult.cpp:105]   --->   Operation 353 'insertvalue' 'mrv_43' <Predicate = true> <Delay = 0.00>
ST_3 : Operation 354 [1/1] (0.00ns)   --->   "%mrv_44 = insertvalue i1024 %mrv_43, i16 %phi_ln105_36" [mmult.cpp:105]   --->   Operation 354 'insertvalue' 'mrv_44' <Predicate = true> <Delay = 0.00>
ST_3 : Operation 355 [1/1] (0.00ns)   --->   "%mrv_45 = insertvalue i1024 %mrv_44, i16 %phi_ln105_37" [mmult.cpp:105]   --->   Operation 355 'insertvalue' 'mrv_45' <Predicate = true> <Delay = 0.00>
ST_3 : Operation 356 [1/1] (0.00ns)   --->   "%mrv_46 = insertvalue i1024 %mrv_45, i16 %phi_ln105_39" [mmult.cpp:105]   --->   Operation 356 'insertvalue' 'mrv_46' <Predicate = true> <Delay = 0.00>
ST_3 : Operation 357 [1/1] (0.00ns)   --->   "%mrv_47 = insertvalue i1024 %mrv_46, i16 %phi_ln105_40" [mmult.cpp:105]   --->   Operation 357 'insertvalue' 'mrv_47' <Predicate = true> <Delay = 0.00>
ST_3 : Operation 358 [1/1] (0.00ns)   --->   "%mrv_48 = insertvalue i1024 %mrv_47, i16 %phi_ln105_42" [mmult.cpp:105]   --->   Operation 358 'insertvalue' 'mrv_48' <Predicate = true> <Delay = 0.00>
ST_3 : Operation 359 [1/1] (0.00ns)   --->   "%mrv_49 = insertvalue i1024 %mrv_48, i16 %phi_ln105_43" [mmult.cpp:105]   --->   Operation 359 'insertvalue' 'mrv_49' <Predicate = true> <Delay = 0.00>
ST_3 : Operation 360 [1/1] (0.00ns)   --->   "%mrv_50 = insertvalue i1024 %mrv_49, i16 %phi_ln105_45" [mmult.cpp:105]   --->   Operation 360 'insertvalue' 'mrv_50' <Predicate = true> <Delay = 0.00>
ST_3 : Operation 361 [1/1] (0.00ns)   --->   "%mrv_51 = insertvalue i1024 %mrv_50, i16 %phi_ln105_46" [mmult.cpp:105]   --->   Operation 361 'insertvalue' 'mrv_51' <Predicate = true> <Delay = 0.00>
ST_3 : Operation 362 [1/1] (0.00ns)   --->   "%mrv_52 = insertvalue i1024 %mrv_51, i16 %phi_ln105_48" [mmult.cpp:105]   --->   Operation 362 'insertvalue' 'mrv_52' <Predicate = true> <Delay = 0.00>
ST_3 : Operation 363 [1/1] (0.00ns)   --->   "%mrv_53 = insertvalue i1024 %mrv_52, i16 %phi_ln105_49" [mmult.cpp:105]   --->   Operation 363 'insertvalue' 'mrv_53' <Predicate = true> <Delay = 0.00>
ST_3 : Operation 364 [1/1] (0.00ns)   --->   "%mrv_54 = insertvalue i1024 %mrv_53, i16 %phi_ln105_51" [mmult.cpp:105]   --->   Operation 364 'insertvalue' 'mrv_54' <Predicate = true> <Delay = 0.00>
ST_3 : Operation 365 [1/1] (0.00ns)   --->   "%mrv_55 = insertvalue i1024 %mrv_54, i16 %phi_ln105_52" [mmult.cpp:105]   --->   Operation 365 'insertvalue' 'mrv_55' <Predicate = true> <Delay = 0.00>
ST_3 : Operation 366 [1/1] (0.00ns)   --->   "%mrv_56 = insertvalue i1024 %mrv_55, i16 %phi_ln105_54" [mmult.cpp:105]   --->   Operation 366 'insertvalue' 'mrv_56' <Predicate = true> <Delay = 0.00>
ST_3 : Operation 367 [1/1] (0.00ns)   --->   "%mrv_57 = insertvalue i1024 %mrv_56, i16 %phi_ln105_55" [mmult.cpp:105]   --->   Operation 367 'insertvalue' 'mrv_57' <Predicate = true> <Delay = 0.00>
ST_3 : Operation 368 [1/1] (0.00ns)   --->   "%mrv_58 = insertvalue i1024 %mrv_57, i16 %phi_ln105_57" [mmult.cpp:105]   --->   Operation 368 'insertvalue' 'mrv_58' <Predicate = true> <Delay = 0.00>
ST_3 : Operation 369 [1/1] (0.00ns)   --->   "%mrv_59 = insertvalue i1024 %mrv_58, i16 %phi_ln105_58" [mmult.cpp:105]   --->   Operation 369 'insertvalue' 'mrv_59' <Predicate = true> <Delay = 0.00>
ST_3 : Operation 370 [1/1] (0.00ns)   --->   "%mrv_60 = insertvalue i1024 %mrv_59, i16 %phi_ln105_60" [mmult.cpp:105]   --->   Operation 370 'insertvalue' 'mrv_60' <Predicate = true> <Delay = 0.00>
ST_3 : Operation 371 [1/1] (0.00ns)   --->   "%mrv_61 = insertvalue i1024 %mrv_60, i16 %phi_ln105_61" [mmult.cpp:105]   --->   Operation 371 'insertvalue' 'mrv_61' <Predicate = true> <Delay = 0.00>
ST_3 : Operation 372 [1/1] (0.00ns)   --->   "%mrv_62 = insertvalue i1024 %mrv_61, i16 %phi_ln105_63" [mmult.cpp:105]   --->   Operation 372 'insertvalue' 'mrv_62' <Predicate = true> <Delay = 0.00>
ST_3 : Operation 373 [1/1] (0.00ns)   --->   "%ret_ln105 = ret i1024 %mrv_62" [mmult.cpp:105]   --->   Operation 373 'ret' 'ret_ln105' <Predicate = true> <Delay = 0.00>


============================================================
+ Verbose Summary: Timing violations
============================================================
Target clock period: 3.300ns, clock uncertainty: 0.891ns.

 <State 1>: 1.443ns
The critical path consists of the following:
	wire read operation ('b_col_read') on port 'b_col' [86]  (0.000 ns)
	'icmp' operation 1 bit ('cmp15') [240]  (1.016 ns)
	'call' operation 0 bit ('call_ln0') to 'tile_process_Pipeline_compute_pipeline' [261]  (0.427 ns)

 <State 2>: 0.000ns
The critical path consists of the following:

 <State 3>: 0.427ns
The critical path consists of the following:
	'load' operation 16 bit ('c_row_major_7_7_0_loc_load') on local variable 'c_row_major_7_7_0_loc' [262]  (0.000 ns)
	multiplexor before 'phi' operation 16 bit ('phi_ln105', mmult.cpp:105) with incoming values : ('p_read1074') ('c_row_major_1_2_0_loc_load') [328]  (0.427 ns)
	'phi' operation 16 bit ('phi_ln105', mmult.cpp:105) with incoming values : ('p_read1074') ('c_row_major_1_2_0_loc_load') [328]  (0.000 ns)


============================================================
+ Verbose Summary: Binding
============================================================
N/A
* FSMD analyzer results:
  - Output states:
 - Input state : 
  - Chain level:
	State 1
	State 2
	State 3


============================================================
+ Verbose Summary: Datapath Resource usage 
============================================================
N/A
