

================================================================
== Synthesis Summary Report of 'mmult'
================================================================
+ General Information: 
    * Date:           Sat Jun  6 17:47:16 2026
    * Version:        2023.2 (Build 4023990 on Oct 11 2023)
    * Project:        hls_prj
    * Solution:       s1 (Vivado IP Flow Target)
    * Product family: zynquplus
    * Target device:  xck26-sfvc784-2LV-c
    

+ Performance & Resource Estimates: 
    
    PS: '+' for module; 'o' for loop; '*' for dataflow
    +---------------------------------------------+--------+-------+---------+---------+----------+---------+------+----------+--------+---------+------------+------------+-----+
    |                   Modules                   |  Issue |       | Latency | Latency | Iteration|         | Trip |          |        |         |            |            |     |
    |                   & Loops                   |  Type  | Slack | (cycles)|   (ns)  |  Latency | Interval| Count| Pipelined|  BRAM  |   DSP   |     FF     |     LUT    | URAM|
    +---------------------------------------------+--------+-------+---------+---------+----------+---------+------+----------+--------+---------+------------+------------+-----+
    |+ mmult                                      |  Timing|  -0.46|      226|  745.800|         -|      227|     -|        no|  6 (2%)|  78 (6%)|  10509 (4%)|  10523 (8%)|    -|
    | + mmult_Pipeline_readA_VITIS_LOOP_147_1     |  Timing|  -0.22|       67|  221.100|         -|       67|     -|        no|       -|        -|   127 (~0%)|   333 (~0%)|    -|
    |  o readA_VITIS_LOOP_147_1                   |       -|   2.41|       65|  214.500|         3|        1|    64|       yes|       -|        -|           -|           -|    -|
    | + mmult_Pipeline_readB_VITIS_LOOP_158_2     |  Timing|  -0.46|       67|  221.100|         -|       67|     -|        no|       -|        -|   148 (~0%)|   386 (~0%)|    -|
    |  o readB_VITIS_LOOP_158_2                   |       -|   2.41|       65|  214.500|         3|        1|    64|       yes|       -|        -|           -|           -|    -|
    | + mmult_Pipeline_writeC_VITIS_LOOP_187_5    |  Timing|  -0.46|       67|  221.100|         -|       67|     -|        no|       -|        -|   277 (~0%)|   773 (~0%)|    -|
    |  o writeC_VITIS_LOOP_187_5                  |       -|   2.41|       65|  214.500|         3|        1|    64|       yes|       -|        -|           -|           -|    -|
    | o tile_processing                           |       -|   2.41|       68|  224.400|        17|        -|     4|        no|       -|        -|           -|           -|    -|
    |  + tile_process                             |       -|   0.34|       15|   49.500|         -|       15|     -|        no|       -|  64 (5%)|   3302 (1%)|   4040 (3%)|    -|
    |   + tile_process_Pipeline_compute_pipeline  |       -|   0.34|       13|   42.900|         -|       13|     -|        no|       -|  64 (5%)|  1233 (~0%)|   1668 (1%)|    -|
    |    o compute_pipeline                       |       -|   2.41|       11|   36.300|         5|        1|     8|       yes|       -|        -|           -|           -|    -|
    +---------------------------------------------+--------+-------+---------+---------+----------+---------+------+----------+--------+---------+------------+------------+-----+


================================================================
== HW Interfaces
================================================================
* M_AXI
+-------------+------------+---------------+---------+--------+----------+-----------+--------------+--------------+-------------+-------------+-------------------+
| Interface   | Data Width | Address Width | Latency | Offset | Register | Max Widen | Max Read     | Max Write    | Num Read    | Num Write   | Resource Estimate |
|             | (SW->HW)   |               |         |        |          | Bitwidth  | Burst Length | Burst Length | Outstanding | Outstanding |                   |
+-------------+------------+---------------+---------+--------+----------+-----------+--------------+--------------+-------------+-------------+-------------------+
| m_axi_gmem0 | 8 -> 8     | 64            | 0       | slave  | 0        | 0         | 16           | 16           | 16          | 16          | BRAM=2            |
| m_axi_gmem1 | 8 -> 8     | 64            | 0       | slave  | 0        | 0         | 16           | 16           | 16          | 16          | BRAM=2            |
| m_axi_gmem2 | 16 -> 16   | 64            | 0       | slave  | 0        | 0         | 16           | 16           | 16          | 16          | BRAM=2            |
+-------------+------------+---------------+---------+--------+----------+-----------+--------------+--------------+-------------+-------------+-------------------+

* S_AXILITE Interfaces
+---------------+------------+---------------+--------+----------+
| Interface     | Data Width | Address Width | Offset | Register |
+---------------+------------+---------------+--------+----------+
| s_axi_control | 32         | 7             | 16     | 0        |
+---------------+------------+---------------+--------+----------+

* S_AXILITE Registers
+---------------+----------+--------+-------+--------+----------------------------------+----------------------------------------------------------------------+
| Interface     | Register | Offset | Width | Access | Description                      | Bit Fields                                                           |
+---------------+----------+--------+-------+--------+----------------------------------+----------------------------------------------------------------------+
| s_axi_control | CTRL     | 0x00   | 32    | RW     | Control signals                  | 0=AP_START 1=AP_DONE 2=AP_IDLE 3=AP_READY 7=AUTO_RESTART 9=INTERRUPT |
| s_axi_control | GIER     | 0x04   | 32    | RW     | Global Interrupt Enable Register | 0=Enable                                                             |
| s_axi_control | IP_IER   | 0x08   | 32    | RW     | IP Interrupt Enable Register     | 0=CHAN0_INT_EN 1=CHAN1_INT_EN                                        |
| s_axi_control | IP_ISR   | 0x0c   | 32    | RW     | IP Interrupt Status Register     | 0=CHAN0_INT_ST 1=CHAN1_INT_ST                                        |
| s_axi_control | a_1      | 0x10   | 32    | W      | Data signal of a                 |                                                                      |
| s_axi_control | a_2      | 0x14   | 32    | W      | Data signal of a                 |                                                                      |
| s_axi_control | b_1      | 0x1c   | 32    | W      | Data signal of b                 |                                                                      |
| s_axi_control | b_2      | 0x20   | 32    | W      | Data signal of b                 |                                                                      |
| s_axi_control | c_1      | 0x28   | 32    | W      | Data signal of c                 |                                                                      |
| s_axi_control | c_2      | 0x2c   | 32    | W      | Data signal of c                 |                                                                      |
| s_axi_control | a_row    | 0x34   | 32    | W      | Data signal of a_row             |                                                                      |
| s_axi_control | a_col    | 0x3c   | 32    | W      | Data signal of a_col             |                                                                      |
| s_axi_control | b_col    | 0x44   | 32    | W      | Data signal of b_col             |                                                                      |
+---------------+----------+--------+-------+--------+----------------------------------+----------------------------------------------------------------------+

* TOP LEVEL CONTROL
+-----------+------------+-----------+
| Interface | Type       | Ports     |
+-----------+------------+-----------+
| ap_clk    | clock      | ap_clk    |
| ap_rst_n  | reset      | ap_rst_n  |
| interrupt | interrupt  | interrupt |
| ap_ctrl   | ap_ctrl_hs |           |
+-----------+------------+-----------+


================================================================
== SW I/O Information
================================================================
* Top Function Arguments
+----------+-----------+-------------+
| Argument | Direction | Datatype    |
+----------+-----------+-------------+
| a        | in        | ap_int<8>*  |
| b        | in        | ap_int<8>*  |
| c        | out       | ap_int<16>* |
| a_row    | in        | int         |
| a_col    | in        | int         |
| b_col    | in        | int         |
+----------+-----------+-------------+

* SW-to-HW Mapping
+----------+---------------+-----------+----------+---------------------------------+
| Argument | HW Interface  | HW Type   | HW Usage | HW Info                         |
+----------+---------------+-----------+----------+---------------------------------+
| a        | m_axi_gmem0   | interface |          |                                 |
| a        | s_axi_control | register  | offset   | name=a_1 offset=0x10 range=32   |
| a        | s_axi_control | register  | offset   | name=a_2 offset=0x14 range=32   |
| b        | m_axi_gmem1   | interface |          |                                 |
| b        | s_axi_control | register  | offset   | name=b_1 offset=0x1c range=32   |
| b        | s_axi_control | register  | offset   | name=b_2 offset=0x20 range=32   |
| c        | m_axi_gmem2   | interface |          |                                 |
| c        | s_axi_control | register  | offset   | name=c_1 offset=0x28 range=32   |
| c        | s_axi_control | register  | offset   | name=c_2 offset=0x2c range=32   |
| a_row    | s_axi_control | register  |          | name=a_row offset=0x34 range=32 |
| a_col    | s_axi_control | register  |          | name=a_col offset=0x3c range=32 |
| b_col    | s_axi_control | register  |          | name=b_col offset=0x44 range=32 |
+----------+---------------+-----------+----------+---------------------------------+


================================================================
== M_AXI Burst Information
================================================================
 Note: All burst requests might be further partitioned into multiple requests during RTL generation based on max_read_burst_length or max_write_burst_length settings.

* Inferred Burst Summary
+--------------+-----------+----------+-------+-------+-----------------+
| HW Interface | Direction | Length   | Width | Loop  | Loop Location   |
+--------------+-----------+----------+-------+-------+-----------------+
| m_axi_gmem0  | read      | variable | 8     | readA | mmult.cpp:145:3 |
| m_axi_gmem1  | read      | variable | 8     | readB | mmult.cpp:156:3 |
| m_axi_gmem2  | write     | variable | 16    |       |                 |
+--------------+-----------+----------+-------+-------+-----------------+

* All M_AXI Variable Accesses
+--------------+----------+------------------+-----------+--------------+----------+------------------+------------------+------------+-------------------------------------------------------------------------------------------------------+
| HW Interface | Variable | Access Location  | Direction | Burst Status | Length   | Loop             | Loop Location    | Resolution | Problem                                                                                               |
+--------------+----------+------------------+-----------+--------------+----------+------------------+------------------+------------+-------------------------------------------------------------------------------------------------------+
| m_axi_gmem0  | a        | mmult.cpp:150:15 | read      | Widen Fail   |          | VITIS_LOOP_147_1 | mmult.cpp:147:20 | 214-353    | Could not widen since type i8 size is greater than or equal to the max_widen_bitwidth threshold of 0  |
| m_axi_gmem0  | a        | mmult.cpp:150:15 | read      | Inferred     | variable | readA            | mmult.cpp:145:3  |            |                                                                                                       |
| m_axi_gmem1  | b        | mmult.cpp:161:15 | read      | Widen Fail   |          | VITIS_LOOP_158_2 | mmult.cpp:158:20 | 214-353    | Could not widen since type i8 size is greater than or equal to the max_widen_bitwidth threshold of 0  |
| m_axi_gmem1  | b        | mmult.cpp:161:15 | read      | Inferred     | variable | readB            | mmult.cpp:156:3  |            |                                                                                                       |
| m_axi_gmem2  | c        | mmult.cpp:190:19 | write     | Widen Fail   |          | VITIS_LOOP_187_5 | mmult.cpp:187:20 | 214-353    | Could not widen since type i16 size is greater than or equal to the max_widen_bitwidth threshold of 0 |
| m_axi_gmem2  | c        | mmult.cpp:190:19 | write     | Inferred     | variable | writeC           | mmult.cpp:185:3  |            |                                                                                                       |
+--------------+----------+------------------+-----------+--------------+----------+------------------+------------------+------------+-------------------------------------------------------------------------------------------------------+

    * Resolution URL: docs.xilinx.com/access/sources/dita/topic?Doc_Version=2023.2%20English&url=ug1448-hls-guidance&resourceid=XXX-YYY.html (replace XXX-YYY with column value)

================================================================
== Bind Op Report
================================================================
+--------------------------------------------+-----+--------+--------------+-----+-----------+---------+
| Name                                       | DSP | Pragma | Variable     | Op  | Impl      | Latency |
+--------------------------------------------+-----+--------+--------------+-----+-----------+---------+
| + mmult                                    | 78  |        |              |     |           |         |
|   mul_32s_32s_32_2_1_U418                  | 3   |        | mul_ln145    | mul | auto      | 1       |
|   mul_32ns_32ns_64_2_1_U416                | 4   |        | mul_ln107    | mul | auto      | 1       |
|   mul_32s_32s_32_2_1_U419                  | 3   |        | mul_ln156    | mul | auto      | 1       |
|   mul_32ns_32ns_64_2_1_U417                | 4   |        | mul_ln145_1  | mul | auto      | 1       |
|   q_2_fu_1827_p2                           |     |        | q_2          | add | fabric    | 0       |
|   finish_k_fu_1844_p2                      |     |        | finish_k     | add | fabric    | 0       |
|   mul_32s_32s_32_2_1_U418                  | 3   |        | mul_ln185    | mul | auto      | 1       |
|   mul_32ns_32ns_64_2_1_U416                | 4   |        | mul_ln185_1  | mul | auto      | 1       |
|  + mmult_Pipeline_readA_VITIS_LOOP_147_1   | 0   |        |              |     |           |         |
|    add_ln145_fu_300_p2                     |     |        | add_ln145    | add | fabric    | 0       |
|    add_ln145_1_fu_322_p2                   |     |        | add_ln145_1  | add | fabric    | 0       |
|    add_ln147_fu_340_p2                     |     |        | add_ln147    | add | fabric    | 0       |
|  + mmult_Pipeline_readB_VITIS_LOOP_158_2   | 0   |        |              |     |           |         |
|    add_ln156_fu_296_p2                     |     |        | add_ln156    | add | fabric    | 0       |
|    add_ln156_1_fu_338_p2                   |     |        | add_ln156_1  | add | fabric    | 0       |
|    add_ln158_fu_319_p2                     |     |        | add_ln158    | add | fabric    | 0       |
|  + tile_process                            | 64  |        |              |     |           |         |
|   + tile_process_Pipeline_compute_pipeline | 64  |        |              |     |           |         |
|     mac_muladd_8s_8s_16ns_16_4_1_U25       | 1   |        | product      | mul | dsp_slice | 3       |
|     mac_muladd_8s_8s_16ns_16_4_1_U25       | 1   |        | add_ln101    | add | dsp_slice | 3       |
|     mac_muladd_8s_8s_16ns_16_4_1_U26       | 1   |        | product_1    | mul | dsp_slice | 3       |
|     mac_muladd_8s_8s_16ns_16_4_1_U26       | 1   |        | add_ln101_1  | add | dsp_slice | 3       |
|     mac_muladd_8s_8s_16ns_16_4_1_U27       | 1   |        | product_2    | mul | dsp_slice | 3       |
|     mac_muladd_8s_8s_16ns_16_4_1_U27       | 1   |        | add_ln101_2  | add | dsp_slice | 3       |
|     mac_muladd_8s_8s_16ns_16_4_1_U28       | 1   |        | product_3    | mul | dsp_slice | 3       |
|     mac_muladd_8s_8s_16ns_16_4_1_U28       | 1   |        | add_ln101_3  | add | dsp_slice | 3       |
|     mac_muladd_8s_8s_16ns_16_4_1_U29       | 1   |        | product_4    | mul | dsp_slice | 3       |
|     mac_muladd_8s_8s_16ns_16_4_1_U29       | 1   |        | add_ln101_4  | add | dsp_slice | 3       |
|     mac_muladd_8s_8s_16ns_16_4_1_U30       | 1   |        | product_5    | mul | dsp_slice | 3       |
|     mac_muladd_8s_8s_16ns_16_4_1_U30       | 1   |        | add_ln101_5  | add | dsp_slice | 3       |
|     mac_muladd_8s_8s_16ns_16_4_1_U31       | 1   |        | product_6    | mul | dsp_slice | 3       |
|     mac_muladd_8s_8s_16ns_16_4_1_U31       | 1   |        | add_ln101_6  | add | dsp_slice | 3       |
|     mac_muladd_8s_8s_16ns_16_4_1_U32       | 1   |        | product_7    | mul | dsp_slice | 3       |
|     mac_muladd_8s_8s_16ns_16_4_1_U32       | 1   |        | add_ln101_7  | add | dsp_slice | 3       |
|     mac_muladd_8s_8s_16ns_16_4_1_U33       | 1   |        | product_8    | mul | dsp_slice | 3       |
|     mac_muladd_8s_8s_16ns_16_4_1_U33       | 1   |        | add_ln101_8  | add | dsp_slice | 3       |
|     mac_muladd_8s_8s_16ns_16_4_1_U34       | 1   |        | product_9    | mul | dsp_slice | 3       |
|     mac_muladd_8s_8s_16ns_16_4_1_U34       | 1   |        | add_ln101_9  | add | dsp_slice | 3       |
|     mac_muladd_8s_8s_16ns_16_4_1_U35       | 1   |        | product_10   | mul | dsp_slice | 3       |
|     mac_muladd_8s_8s_16ns_16_4_1_U35       | 1   |        | add_ln101_10 | add | dsp_slice | 3       |
|     mac_muladd_8s_8s_16ns_16_4_1_U36       | 1   |        | product_11   | mul | dsp_slice | 3       |
|     mac_muladd_8s_8s_16ns_16_4_1_U36       | 1   |        | add_ln101_11 | add | dsp_slice | 3       |
|     mac_muladd_8s_8s_16ns_16_4_1_U37       | 1   |        | product_12   | mul | dsp_slice | 3       |
|     mac_muladd_8s_8s_16ns_16_4_1_U37       | 1   |        | add_ln101_12 | add | dsp_slice | 3       |
|     mac_muladd_8s_8s_16ns_16_4_1_U38       | 1   |        | product_13   | mul | dsp_slice | 3       |
|     mac_muladd_8s_8s_16ns_16_4_1_U38       | 1   |        | add_ln101_13 | add | dsp_slice | 3       |
|     mac_muladd_8s_8s_16ns_16_4_1_U39       | 1   |        | product_14   | mul | dsp_slice | 3       |
|     mac_muladd_8s_8s_16ns_16_4_1_U39       | 1   |        | add_ln101_14 | add | dsp_slice | 3       |
|     mac_muladd_8s_8s_16ns_16_4_1_U40       | 1   |        | product_15   | mul | dsp_slice | 3       |
|     mac_muladd_8s_8s_16ns_16_4_1_U40       | 1   |        | add_ln101_15 | add | dsp_slice | 3       |
|     mac_muladd_8s_8s_16ns_16_4_1_U41       | 1   |        | product_16   | mul | dsp_slice | 3       |
|     mac_muladd_8s_8s_16ns_16_4_1_U41       | 1   |        | add_ln101_16 | add | dsp_slice | 3       |
|     mac_muladd_8s_8s_16ns_16_4_1_U42       | 1   |        | product_17   | mul | dsp_slice | 3       |
|     mac_muladd_8s_8s_16ns_16_4_1_U42       | 1   |        | add_ln101_17 | add | dsp_slice | 3       |
|     mac_muladd_8s_8s_16ns_16_4_1_U43       | 1   |        | product_18   | mul | dsp_slice | 3       |
|     mac_muladd_8s_8s_16ns_16_4_1_U43       | 1   |        | add_ln101_18 | add | dsp_slice | 3       |
|     mac_muladd_8s_8s_16ns_16_4_1_U44       | 1   |        | product_19   | mul | dsp_slice | 3       |
|     mac_muladd_8s_8s_16ns_16_4_1_U44       | 1   |        | add_ln101_19 | add | dsp_slice | 3       |
|     mac_muladd_8s_8s_16ns_16_4_1_U45       | 1   |        | product_20   | mul | dsp_slice | 3       |
|     mac_muladd_8s_8s_16ns_16_4_1_U45       | 1   |        | add_ln101_20 | add | dsp_slice | 3       |
|     mac_muladd_8s_8s_16ns_16_4_1_U46       | 1   |        | product_21   | mul | dsp_slice | 3       |
|     mac_muladd_8s_8s_16ns_16_4_1_U46       | 1   |        | add_ln101_21 | add | dsp_slice | 3       |
|     mac_muladd_8s_8s_16ns_16_4_1_U47       | 1   |        | product_22   | mul | dsp_slice | 3       |
|     mac_muladd_8s_8s_16ns_16_4_1_U47       | 1   |        | add_ln101_22 | add | dsp_slice | 3       |
|     mac_muladd_8s_8s_16ns_16_4_1_U48       | 1   |        | product_23   | mul | dsp_slice | 3       |
|     mac_muladd_8s_8s_16ns_16_4_1_U48       | 1   |        | add_ln101_23 | add | dsp_slice | 3       |
|     mac_muladd_8s_8s_16ns_16_4_1_U49       | 1   |        | product_24   | mul | dsp_slice | 3       |
|     mac_muladd_8s_8s_16ns_16_4_1_U49       | 1   |        | add_ln101_24 | add | dsp_slice | 3       |
|     mac_muladd_8s_8s_16ns_16_4_1_U50       | 1   |        | product_25   | mul | dsp_slice | 3       |
|     mac_muladd_8s_8s_16ns_16_4_1_U50       | 1   |        | add_ln101_25 | add | dsp_slice | 3       |
|     mac_muladd_8s_8s_16ns_16_4_1_U51       | 1   |        | product_26   | mul | dsp_slice | 3       |
|     mac_muladd_8s_8s_16ns_16_4_1_U51       | 1   |        | add_ln101_26 | add | dsp_slice | 3       |
|     mac_muladd_8s_8s_16ns_16_4_1_U52       | 1   |        | product_27   | mul | dsp_slice | 3       |
|     mac_muladd_8s_8s_16ns_16_4_1_U52       | 1   |        | add_ln101_27 | add | dsp_slice | 3       |
|     mac_muladd_8s_8s_16ns_16_4_1_U53       | 1   |        | product_28   | mul | dsp_slice | 3       |
|     mac_muladd_8s_8s_16ns_16_4_1_U53       | 1   |        | add_ln101_28 | add | dsp_slice | 3       |
|     mac_muladd_8s_8s_16ns_16_4_1_U54       | 1   |        | product_29   | mul | dsp_slice | 3       |
|     mac_muladd_8s_8s_16ns_16_4_1_U54       | 1   |        | add_ln101_29 | add | dsp_slice | 3       |
|     mac_muladd_8s_8s_16ns_16_4_1_U55       | 1   |        | product_30   | mul | dsp_slice | 3       |
|     mac_muladd_8s_8s_16ns_16_4_1_U55       | 1   |        | add_ln101_30 | add | dsp_slice | 3       |
|     mac_muladd_8s_8s_16ns_16_4_1_U56       | 1   |        | product_31   | mul | dsp_slice | 3       |
|     mac_muladd_8s_8s_16ns_16_4_1_U56       | 1   |        | add_ln101_31 | add | dsp_slice | 3       |
|     mac_muladd_8s_8s_16ns_16_4_1_U57       | 1   |        | product_32   | mul | dsp_slice | 3       |
|     mac_muladd_8s_8s_16ns_16_4_1_U57       | 1   |        | add_ln101_32 | add | dsp_slice | 3       |
|     mac_muladd_8s_8s_16ns_16_4_1_U58       | 1   |        | product_33   | mul | dsp_slice | 3       |
|     mac_muladd_8s_8s_16ns_16_4_1_U58       | 1   |        | add_ln101_33 | add | dsp_slice | 3       |
|     mac_muladd_8s_8s_16ns_16_4_1_U59       | 1   |        | product_34   | mul | dsp_slice | 3       |
|     mac_muladd_8s_8s_16ns_16_4_1_U59       | 1   |        | add_ln101_34 | add | dsp_slice | 3       |
|     mac_muladd_8s_8s_16ns_16_4_1_U60       | 1   |        | product_35   | mul | dsp_slice | 3       |
|     mac_muladd_8s_8s_16ns_16_4_1_U60       | 1   |        | add_ln101_35 | add | dsp_slice | 3       |
|     mac_muladd_8s_8s_16ns_16_4_1_U61       | 1   |        | product_36   | mul | dsp_slice | 3       |
|     mac_muladd_8s_8s_16ns_16_4_1_U61       | 1   |        | add_ln101_36 | add | dsp_slice | 3       |
|     mac_muladd_8s_8s_16ns_16_4_1_U62       | 1   |        | product_37   | mul | dsp_slice | 3       |
|     mac_muladd_8s_8s_16ns_16_4_1_U62       | 1   |        | add_ln101_37 | add | dsp_slice | 3       |
|     mac_muladd_8s_8s_16ns_16_4_1_U63       | 1   |        | product_38   | mul | dsp_slice | 3       |
|     mac_muladd_8s_8s_16ns_16_4_1_U63       | 1   |        | add_ln101_38 | add | dsp_slice | 3       |
|     mac_muladd_8s_8s_16ns_16_4_1_U64       | 1   |        | product_39   | mul | dsp_slice | 3       |
|     mac_muladd_8s_8s_16ns_16_4_1_U64       | 1   |        | add_ln101_39 | add | dsp_slice | 3       |
|     mac_muladd_8s_8s_16ns_16_4_1_U65       | 1   |        | product_40   | mul | dsp_slice | 3       |
|     mac_muladd_8s_8s_16ns_16_4_1_U65       | 1   |        | add_ln101_40 | add | dsp_slice | 3       |
|     mac_muladd_8s_8s_16ns_16_4_1_U66       | 1   |        | product_41   | mul | dsp_slice | 3       |
|     mac_muladd_8s_8s_16ns_16_4_1_U66       | 1   |        | add_ln101_41 | add | dsp_slice | 3       |
|     mac_muladd_8s_8s_16ns_16_4_1_U67       | 1   |        | product_42   | mul | dsp_slice | 3       |
|     mac_muladd_8s_8s_16ns_16_4_1_U67       | 1   |        | add_ln101_42 | add | dsp_slice | 3       |
|     mac_muladd_8s_8s_16ns_16_4_1_U68       | 1   |        | product_43   | mul | dsp_slice | 3       |
|     mac_muladd_8s_8s_16ns_16_4_1_U68       | 1   |        | add_ln101_43 | add | dsp_slice | 3       |
|     mac_muladd_8s_8s_16ns_16_4_1_U69       | 1   |        | product_44   | mul | dsp_slice | 3       |
|     mac_muladd_8s_8s_16ns_16_4_1_U69       | 1   |        | add_ln101_44 | add | dsp_slice | 3       |
|     mac_muladd_8s_8s_16ns_16_4_1_U70       | 1   |        | product_45   | mul | dsp_slice | 3       |
|     mac_muladd_8s_8s_16ns_16_4_1_U70       | 1   |        | add_ln101_45 | add | dsp_slice | 3       |
|     mac_muladd_8s_8s_16ns_16_4_1_U71       | 1   |        | product_46   | mul | dsp_slice | 3       |
|     mac_muladd_8s_8s_16ns_16_4_1_U71       | 1   |        | add_ln101_46 | add | dsp_slice | 3       |
|     mac_muladd_8s_8s_16ns_16_4_1_U72       | 1   |        | product_47   | mul | dsp_slice | 3       |
|     mac_muladd_8s_8s_16ns_16_4_1_U72       | 1   |        | add_ln101_47 | add | dsp_slice | 3       |
|     mac_muladd_8s_8s_16ns_16_4_1_U73       | 1   |        | product_48   | mul | dsp_slice | 3       |
|     mac_muladd_8s_8s_16ns_16_4_1_U73       | 1   |        | add_ln101_48 | add | dsp_slice | 3       |
|     mac_muladd_8s_8s_16ns_16_4_1_U74       | 1   |        | product_49   | mul | dsp_slice | 3       |
|     mac_muladd_8s_8s_16ns_16_4_1_U74       | 1   |        | add_ln101_49 | add | dsp_slice | 3       |
|     mac_muladd_8s_8s_16ns_16_4_1_U75       | 1   |        | product_50   | mul | dsp_slice | 3       |
|     mac_muladd_8s_8s_16ns_16_4_1_U75       | 1   |        | add_ln101_50 | add | dsp_slice | 3       |
|     mac_muladd_8s_8s_16ns_16_4_1_U76       | 1   |        | product_51   | mul | dsp_slice | 3       |
|     mac_muladd_8s_8s_16ns_16_4_1_U76       | 1   |        | add_ln101_51 | add | dsp_slice | 3       |
|     mac_muladd_8s_8s_16ns_16_4_1_U77       | 1   |        | product_52   | mul | dsp_slice | 3       |
|     mac_muladd_8s_8s_16ns_16_4_1_U77       | 1   |        | add_ln101_52 | add | dsp_slice | 3       |
|     mac_muladd_8s_8s_16ns_16_4_1_U78       | 1   |        | product_53   | mul | dsp_slice | 3       |
|     mac_muladd_8s_8s_16ns_16_4_1_U78       | 1   |        | add_ln101_53 | add | dsp_slice | 3       |
|     mac_muladd_8s_8s_16ns_16_4_1_U79       | 1   |        | product_54   | mul | dsp_slice | 3       |
|     mac_muladd_8s_8s_16ns_16_4_1_U79       | 1   |        | add_ln101_54 | add | dsp_slice | 3       |
|     mac_muladd_8s_8s_16ns_16_4_1_U80       | 1   |        | product_55   | mul | dsp_slice | 3       |
|     mac_muladd_8s_8s_16ns_16_4_1_U80       | 1   |        | add_ln101_55 | add | dsp_slice | 3       |
|     mac_muladd_8s_8s_16ns_16_4_1_U81       | 1   |        | product_56   | mul | dsp_slice | 3       |
|     mac_muladd_8s_8s_16ns_16_4_1_U81       | 1   |        | add_ln101_56 | add | dsp_slice | 3       |
|     mac_muladd_8s_8s_16ns_16_4_1_U82       | 1   |        | product_57   | mul | dsp_slice | 3       |
|     mac_muladd_8s_8s_16ns_16_4_1_U82       | 1   |        | add_ln101_57 | add | dsp_slice | 3       |
|     mac_muladd_8s_8s_16ns_16_4_1_U83       | 1   |        | product_58   | mul | dsp_slice | 3       |
|     mac_muladd_8s_8s_16ns_16_4_1_U83       | 1   |        | add_ln101_58 | add | dsp_slice | 3       |
|     mac_muladd_8s_8s_16ns_16_4_1_U84       | 1   |        | product_59   | mul | dsp_slice | 3       |
|     mac_muladd_8s_8s_16ns_16_4_1_U84       | 1   |        | add_ln101_59 | add | dsp_slice | 3       |
|     mac_muladd_8s_8s_16ns_16_4_1_U85       | 1   |        | product_60   | mul | dsp_slice | 3       |
|     mac_muladd_8s_8s_16ns_16_4_1_U85       | 1   |        | add_ln101_60 | add | dsp_slice | 3       |
|     mac_muladd_8s_8s_16ns_16_4_1_U86       | 1   |        | product_61   | mul | dsp_slice | 3       |
|     mac_muladd_8s_8s_16ns_16_4_1_U86       | 1   |        | add_ln101_61 | add | dsp_slice | 3       |
|     mac_muladd_8s_8s_16ns_16_4_1_U87       | 1   |        | product_62   | mul | dsp_slice | 3       |
|     mac_muladd_8s_8s_16ns_16_4_1_U87       | 1   |        | add_ln101_62 | add | dsp_slice | 3       |
|     mac_muladd_8s_8s_16ns_16_4_1_U88       | 1   |        | product_63   | mul | dsp_slice | 3       |
|     mac_muladd_8s_8s_16ns_16_4_1_U88       | 1   |        | add_ln101_63 | add | dsp_slice | 3       |
|     add_ln81_fu_2155_p2                    |     |        | add_ln81     | add | fabric    | 0       |
|  + mmult_Pipeline_writeC_VITIS_LOOP_187_5  | 0   |        |              |     |           |         |
|    add_ln185_fu_667_p2                     |     |        | add_ln185    | add | fabric    | 0       |
|    add_ln185_1_fu_960_p2                   |     |        | add_ln185_1  | add | fabric    | 0       |
|    add_ln187_fu_941_p2                     |     |        | add_ln187    | add | fabric    | 0       |
+--------------------------------------------+-----+--------+--------------+-----+-----------+---------+


================================================================
== Storage Report
================================================================
+-------------------+--------------+-----------+------+------+--------+----------+--------+---------+------------------+
| Name              | Usage        | Type      | BRAM | URAM | Pragma | Variable | Impl   | Latency | Bitwidth, Depth, |
|                   |              |           |      |      |        |          |        |         | Banks            |
+-------------------+--------------+-----------+------+------+--------+----------+--------+---------+------------------+
| + mmult           |              |           | 6    | 0    |        |          |        |         |                  |
|   control_s_axi_U | interface    | s_axilite |      |      |        |          |        |         |                  |
|   gmem0_m_axi_U   | interface    | m_axi     | 2    |      |        |          |        |         |                  |
|   gmem1_m_axi_U   | interface    | m_axi     | 2    |      |        |          |        |         |                  |
|   gmem2_m_axi_U   | interface    | m_axi     | 2    |      |        |          |        |         |                  |
|   localA_U        | ram_2p array |           |      |      | yes    | localA   | lutram | 1       | 8, 8, 1          |
|   localA_1_U      | ram_2p array |           |      |      | yes    | localA_1 | lutram | 1       | 8, 8, 1          |
|   localA_2_U      | ram_2p array |           |      |      | yes    | localA_2 | lutram | 1       | 8, 8, 1          |
|   localA_3_U      | ram_2p array |           |      |      | yes    | localA_3 | lutram | 1       | 8, 8, 1          |
|   localA_4_U      | ram_2p array |           |      |      | yes    | localA_4 | lutram | 1       | 8, 8, 1          |
|   localA_5_U      | ram_2p array |           |      |      | yes    | localA_5 | lutram | 1       | 8, 8, 1          |
|   localA_6_U      | ram_2p array |           |      |      | yes    | localA_6 | lutram | 1       | 8, 8, 1          |
|   localA_7_U      | ram_2p array |           |      |      | yes    | localA_7 | lutram | 1       | 8, 8, 1          |
|   localB_U        | ram_2p array |           |      |      | yes    | localB   | lutram | 1       | 8, 8, 1          |
|   localB_1_U      | ram_2p array |           |      |      | yes    | localB_1 | lutram | 1       | 8, 8, 1          |
|   localB_2_U      | ram_2p array |           |      |      | yes    | localB_2 | lutram | 1       | 8, 8, 1          |
|   localB_3_U      | ram_2p array |           |      |      | yes    | localB_3 | lutram | 1       | 8, 8, 1          |
|   localB_4_U      | ram_2p array |           |      |      | yes    | localB_4 | lutram | 1       | 8, 8, 1          |
|   localB_5_U      | ram_2p array |           |      |      | yes    | localB_5 | lutram | 1       | 8, 8, 1          |
|   localB_6_U      | ram_2p array |           |      |      | yes    | localB_6 | lutram | 1       | 8, 8, 1          |
|   localB_7_U      | ram_2p array |           |      |      | yes    | localB_7 | lutram | 1       | 8, 8, 1          |
+-------------------+--------------+-----------+------+------+--------+----------+--------+---------+------------------+


================================================================
== Pragma Report
================================================================
* Valid Pragma Syntax
+-----------------+--------------------------------------------------+------------------------------+
| Type            | Options                                          | Location                     |
+-----------------+--------------------------------------------------+------------------------------+
| array_partition | variable = c_row_major dim = 1 factor = 8 cyclic | mmult.cpp:75 in tile_process |
| array_partition | variable = c_row_major dim = 2 factor = 8 cyclic | mmult.cpp:76 in tile_process |
| loop_tripcount  | min = c_size max = c_size                        | mmult.cpp:82 in tile_process |
| pipeline        | II = 1                                           | mmult.cpp:83 in tile_process |
| unroll          | factor = 8                                       | mmult.cpp:87 in tile_process |
| unroll          | factor = 8                                       | mmult.cpp:89 in tile_process |
| interface       | m_axi port = a offset = slave bundle = gmem0     | mmult.cpp:117 in mmult       |
| interface       | m_axi port = b offset = slave bundle = gmem1     | mmult.cpp:118 in mmult       |
| interface       | m_axi port = c offset = slave bundle = gmem2     | mmult.cpp:119 in mmult       |
| interface       | s_axilite port = a bundle = control              | mmult.cpp:121 in mmult       |
| interface       | s_axilite port = b bundle = control              | mmult.cpp:122 in mmult       |
| interface       | s_axilite port = c bundle = control              | mmult.cpp:123 in mmult       |
| interface       | s_axilite port = a_row bundle = control          | mmult.cpp:124 in mmult       |
| interface       | s_axilite port = a_col bundle = control          | mmult.cpp:125 in mmult       |
| interface       | s_axilite port = b_col bundle = control          | mmult.cpp:126 in mmult       |
| interface       | s_axilite port = return bundle = control         | mmult.cpp:127 in mmult       |
| array_partition | variable = localA dim = 1 factor = 8 cyclic      | mmult.cpp:131 in mmult       |
| bind_storage    | variable = localA type = ram_2p impl = lutram    | mmult.cpp:132 in mmult       |
| array_partition | variable = localB dim = 2 factor = 8 cyclic      | mmult.cpp:135 in mmult       |
| bind_storage    | variable = localB type = ram_2p impl = lutram    | mmult.cpp:136 in mmult       |
| array_partition | variable = localC dim = 1 factor = 8 cyclic      | mmult.cpp:139 in mmult       |
| array_partition | variable = localC dim = 2 factor = 8 cyclic      | mmult.cpp:140 in mmult       |
| loop_tripcount  | min = c_size max = c_size                        | mmult.cpp:146 in mmult       |
| loop_tripcount  | min = c_size max = c_size                        | mmult.cpp:148 in mmult       |
| pipeline        | II = 1                                           | mmult.cpp:149 in mmult       |
| loop_tripcount  | min = c_size max = c_size                        | mmult.cpp:157 in mmult       |
| loop_tripcount  | min = c_size max = c_size                        | mmult.cpp:159 in mmult       |
| pipeline        | II = 1                                           | mmult.cpp:160 in mmult       |
| unroll          | factor = 8                                       | mmult.cpp:168 in mmult       |
| loop_tripcount  | min = c_size max = c_size                        | mmult.cpp:186 in mmult       |
| loop_tripcount  | min = c_size max = c_size                        | mmult.cpp:188 in mmult       |
| pipeline        | II = 1                                           | mmult.cpp:189 in mmult       |
+-----------------+--------------------------------------------------+------------------------------+


