================================================================
== Design Size Report
================================================================

* Total Instructions per Compilation Phase
+---------------+-----------------------------+--------------+----------------------------------------------------------------------------------------+
| Phase         | Step                        | Instructions | Description                                                                            |
+---------------+-----------------------------+--------------+----------------------------------------------------------------------------------------+
| Compile/Link  |                             |     503      | After all functions are compiled and linked into a single design                       |
|               |                             |              |                                                                                        |
| Unroll/Inline |                             |              | After user unroll and inline pragmas are applied                                       |
|               | (1) unroll                  |  29,985      | user unroll pragmas are applied                                                        |
|               | (2) simplification          |  25,948      | simplification of applied user unroll pragmas                                          |
|               | (3) inline                  |  26,973      | user inline pragmas are applied                                                        |
|               | (4) simplification          |  26,972      | simplification of applied user inline pragmas                                          |
|               |                             |              |                                                                                        |
| Array/Struct  |                             |              | After user array partition and struct aggregate/disaggregate pragmas are applied       |
|               | (1) array partition         | 100,975 *    | user array partition pragmas are applied                                               |
|               | (2) simplification          |  28,017      | simplification of applied user array partition & struct aggregate/disaggregate pragmas |
|               | (3) aggregate/disaggregate  |  28,017      | user struct aggregate/disaggregate pragmas are applied                                 |
|               | (4) array reshape           |  28,017      | apply array reshape pragmas                                                            |
|               | (5) access patterns         |  31,096      | array access pattern optmizations                                                      |
|               |                             |              |                                                                                        |
| Performance   |                             |              | After transformations are applied to meet performance pragma targets                   |
|               | (1) loop simplification     |  28,021      | loop and instruction simplification                                                    |
|               | (2) parallelization         |  28,018      | loops are unrolled or pipelined to meet performance targets                            |
|               | (3) array partition         |  28,018      | arrays are partitioned to meet performance targets                                     |
|               | (4) simplification          |  28,018      | simplification of design after performance transformations                             |
|               |                             |              |                                                                                        |
| HW Transforms |                             |              | After hardware transfomations                                                          |
|               | (1) lowering                |  28,031      | initial conversion to HW specific instructions                                         |
|               | (2) optimizations           |  28,050      | high level synthesis optimizations                                                     |
+---------------+-----------------------------+--------------+----------------------------------------------------------------------------------------+
    * - Exceeded design size warning message threshold

* Instructions per Function for each Compilation Phase
+-----------------+---------------+--------------+---------------+--------------+-------------+---------------+
| Function        | Location      | Compile/Link | Unroll/Inline | Array/Struct | Performance | HW Transforms |
+-----------------+---------------+--------------+---------------+--------------+-------------+---------------+
| + mmult         | mmult.cpp:107 | 503          | 26,972        | 31,096       | 28,018      | 28,050        |
|    tile_process | mmult.cpp:63  | 324          | 26,832        | 29,904       | 26,832      | 26,836        |
+-----------------+---------------+--------------+---------------+--------------+-------------+---------------+

* Design Size Message Settings
+---------------------------------------------+--------+------------------------------------------------------------------+
| Message Setting                             | Value  | Description                                                      |
+---------------------------------------------+--------+------------------------------------------------------------------+
| config_compile -design_size_maximum_warning | 100000 | Show a warning when total design instructions exceeds this value |
+---------------------------------------------+--------+------------------------------------------------------------------+


