

================================================================
== Synthesis Summary Report of 'mmult'
================================================================
+ General Information: 
    * Date:           Sun Apr 12 07:56:54 2026
    * Version:        2023.2 (Build 4023990 on Oct 11 2023)
    * Project:        hls_prj
    * Solution:       s1 (Vivado IP Flow Target)
    * Product family: zynquplus
    * Target device:  xck26-sfvc784-2LV-c
    

+ Performance & Resource Estimates: 
    
    PS: '+' for module; 'o' for loop; '*' for dataflow
    +----------------------------------------+------+------+---------+-----------+----------+---------+------+----------+--------+---------+------------+-------------+-----+
    |                 Modules                | Issue|      | Latency |  Latency  | Iteration|         | Trip |          |        |         |            |             |     |
    |                 & Loops                | Type | Slack| (cycles)|    (ns)   |  Latency | Interval| Count| Pipelined|  BRAM  |   DSP   |     FF     |     LUT     | URAM|
    +----------------------------------------+------+------+---------+-----------+----------+---------+------+----------+--------+---------+------------+-------------+-----+
    |+ mmult                                 |     -|  0.00|     8257|  2.725e+04|         -|     8258|     -|        no|  6 (2%)|  38 (3%)|  22788 (9%)|  46914 (40%)|    -|
    | + mmult_Pipeline_readA                 |     -|  0.00|     2050|  6.765e+03|         -|     2050|     -|        no|       -|        -|   274 (~0%)|    341 (~0%)|    -|
    |  o readA                               |    II|  2.41|     2048|  6.758e+03|         3|        2|  1024|       yes|       -|        -|           -|            -|    -|
    | + mmult_Pipeline_readB                 |     -|  0.00|     2050|  6.765e+03|         -|     2050|     -|        no|       -|        -|   210 (~0%)|    341 (~0%)|    -|
    |  o readB                               |    II|  2.41|     2048|  6.758e+03|         3|        2|  1024|       yes|       -|        -|           -|            -|    -|
    | + mmult_Pipeline_writeC                |     -|  0.00|     2050|  6.765e+03|         -|     2050|     -|        no|       -|        -|   662 (~0%)|    5223 (4%)|    -|
    |  o writeC                              |    II|  2.41|     2048|  6.758e+03|         3|        2|  1024|       yes|       -|        -|           -|            -|    -|
    | o tile_processing                      |     -|  2.41|     4132|  1.364e+04|      1033|        -|     4|        no|       -|        -|           -|            -|    -|
    |  + mmult_Pipeline_systolic1_systolic2  |     -|  0.04|     1030|  3.399e+03|         -|     1030|     -|        no|       -|  32 (2%)|   714 (~0%)|  25401 (21%)|    -|
    |   o systolic1_systolic2                |     -|  2.41|     1028|  3.392e+03|         6|        1|  1024|       yes|       -|        -|           -|            -|    -|
    +----------------------------------------+------+------+---------+-----------+----------+---------+------+----------+--------+---------+------------+-------------+-----+


================================================================
== HW Interfaces
================================================================
* M_AXI
+-------------+------------+---------------+---------+--------+----------+-----------+--------------+--------------+-------------+-------------+-------------------+
| Interface   | Data Width | Address Width | Latency | Offset | Register | Max Widen | Max Read     | Max Write    | Num Read    | Num Write   | Resource Estimate |
|             | (SW->HW)   |               |         |        |          | Bitwidth  | Burst Length | Burst Length | Outstanding | Outstanding |                   |
+-------------+------------+---------------+---------+--------+----------+-----------+--------------+--------------+-------------+-------------+-------------------+
| m_axi_gmem0 | 8 -> 8     | 64            | 0       | slave  | 0        | 0         | 16           | 16           | 16          | 16          | BRAM=2            |
| m_axi_gmem1 | 8 -> 8     | 64            | 0       | slave  | 0        | 0         | 16           | 16           | 16          | 16          | BRAM=2            |
| m_axi_gmem2 | 16 -> 16   | 64            | 0       | slave  | 0        | 0         | 16           | 16           | 16          | 16          | BRAM=2            |
+-------------+------------+---------------+---------+--------+----------+-----------+--------------+--------------+-------------+-------------+-------------------+

* S_AXILITE Interfaces
+---------------+------------+---------------+--------+----------+
| Interface     | Data Width | Address Width | Offset | Register |
+---------------+------------+---------------+--------+----------+
| s_axi_control | 32         | 7             | 16     | 0        |
+---------------+------------+---------------+--------+----------+

* S_AXILITE Registers
+---------------+----------+--------+-------+--------+----------------------------------+----------------------------------------------------------------------+
| Interface     | Register | Offset | Width | Access | Description                      | Bit Fields                                                           |
+---------------+----------+--------+-------+--------+----------------------------------+----------------------------------------------------------------------+
| s_axi_control | CTRL     | 0x00   | 32    | RW     | Control signals                  | 0=AP_START 1=AP_DONE 2=AP_IDLE 3=AP_READY 7=AUTO_RESTART 9=INTERRUPT |
| s_axi_control | GIER     | 0x04   | 32    | RW     | Global Interrupt Enable Register | 0=Enable                                                             |
| s_axi_control | IP_IER   | 0x08   | 32    | RW     | IP Interrupt Enable Register     | 0=CHAN0_INT_EN 1=CHAN1_INT_EN                                        |
| s_axi_control | IP_ISR   | 0x0c   | 32    | RW     | IP Interrupt Status Register     | 0=CHAN0_INT_ST 1=CHAN1_INT_ST                                        |
| s_axi_control | a_1      | 0x10   | 32    | W      | Data signal of a                 |                                                                      |
| s_axi_control | a_2      | 0x14   | 32    | W      | Data signal of a                 |                                                                      |
| s_axi_control | b_1      | 0x1c   | 32    | W      | Data signal of b                 |                                                                      |
| s_axi_control | b_2      | 0x20   | 32    | W      | Data signal of b                 |                                                                      |
| s_axi_control | c_1      | 0x28   | 32    | W      | Data signal of c                 |                                                                      |
| s_axi_control | c_2      | 0x2c   | 32    | W      | Data signal of c                 |                                                                      |
| s_axi_control | a_row    | 0x34   | 32    | W      | Data signal of a_row             |                                                                      |
| s_axi_control | a_col    | 0x3c   | 32    | W      | Data signal of a_col             |                                                                      |
| s_axi_control | b_col    | 0x44   | 32    | W      | Data signal of b_col             |                                                                      |
+---------------+----------+--------+-------+--------+----------------------------------+----------------------------------------------------------------------+

* TOP LEVEL CONTROL
+-----------+------------+-----------+
| Interface | Type       | Ports     |
+-----------+------------+-----------+
| ap_clk    | clock      | ap_clk    |
| ap_rst_n  | reset      | ap_rst_n  |
| interrupt | interrupt  | interrupt |
| ap_ctrl   | ap_ctrl_hs |           |
+-----------+------------+-----------+


================================================================
== SW I/O Information
================================================================
* Top Function Arguments
+----------+-----------+-------------+
| Argument | Direction | Datatype    |
+----------+-----------+-------------+
| a        | in        | ap_int<8>*  |
| b        | in        | ap_int<8>*  |
| c        | out       | ap_int<16>* |
| a_row    | in        | int         |
| a_col    | in        | int         |
| b_col    | in        | int         |
+----------+-----------+-------------+

* SW-to-HW Mapping
+----------+---------------+-----------+----------+---------------------------------+
| Argument | HW Interface  | HW Type   | HW Usage | HW Info                         |
+----------+---------------+-----------+----------+---------------------------------+
| a        | m_axi_gmem0   | interface |          |                                 |
| a        | s_axi_control | register  | offset   | name=a_1 offset=0x10 range=32   |
| a        | s_axi_control | register  | offset   | name=a_2 offset=0x14 range=32   |
| b        | m_axi_gmem1   | interface |          |                                 |
| b        | s_axi_control | register  | offset   | name=b_1 offset=0x1c range=32   |
| b        | s_axi_control | register  | offset   | name=b_2 offset=0x20 range=32   |
| c        | m_axi_gmem2   | interface |          |                                 |
| c        | s_axi_control | register  | offset   | name=c_1 offset=0x28 range=32   |
| c        | s_axi_control | register  | offset   | name=c_2 offset=0x2c range=32   |
| a_row    | s_axi_control | register  |          | name=a_row offset=0x34 range=32 |
| a_col    | s_axi_control | register  |          | name=a_col offset=0x3c range=32 |
| b_col    | s_axi_control | register  |          | name=b_col offset=0x44 range=32 |
+----------+---------------+-----------+----------+---------------------------------+


================================================================
== M_AXI Burst Information
================================================================
 Note: All burst requests might be further partitioned into multiple requests during RTL generation based on max_read_burst_length or max_write_burst_length settings.

* Inferred Burst Summary
+--------------+-----------+----------+-------+--------+-----------------+
| HW Interface | Direction | Length   | Width | Loop   | Loop Location   |
+--------------+-----------+----------+-------+--------+-----------------+
| m_axi_gmem0  | read      | variable | 8     | readA  | mmult.cpp:170:5 |
| m_axi_gmem1  | read      | variable | 8     | readB  | mmult.cpp:181:5 |
| m_axi_gmem2  | write     | variable | 16    | writeC | mmult.cpp:207:5 |
+--------------+-----------+----------+-------+--------+-----------------+

* All M_AXI Variable Accesses
+--------------+----------+------------------+-----------+--------------+----------+--------+-----------------+------------+-------------------------------------------------------------------------------------------------------+
| HW Interface | Variable | Access Location  | Direction | Burst Status | Length   | Loop   | Loop Location   | Resolution | Problem                                                                                               |
+--------------+----------+------------------+-----------+--------------+----------+--------+-----------------+------------+-------------------------------------------------------------------------------------------------------+
| m_axi_gmem0  | a        | mmult.cpp:176:22 | read      | Widen Fail   |          | readA  | mmult.cpp:170:5 | 214-353    | Could not widen since type i8 size is greater than or equal to the max_widen_bitwidth threshold of 0  |
| m_axi_gmem0  | a        | mmult.cpp:176:22 | read      | Inferred     | variable | readA  | mmult.cpp:170:5 |            |                                                                                                       |
| m_axi_gmem1  | b        | mmult.cpp:187:22 | read      | Widen Fail   |          | readB  | mmult.cpp:181:5 | 214-353    | Could not widen since type i8 size is greater than or equal to the max_widen_bitwidth threshold of 0  |
| m_axi_gmem1  | b        | mmult.cpp:187:22 | read      | Inferred     | variable | readB  | mmult.cpp:181:5 |            |                                                                                                       |
| m_axi_gmem2  | c        | mmult.cpp:213:16 | write     | Widen Fail   |          | writeC | mmult.cpp:207:5 | 214-353    | Could not widen since type i16 size is greater than or equal to the max_widen_bitwidth threshold of 0 |
| m_axi_gmem2  | c        | mmult.cpp:213:16 | write     | Inferred     | variable | writeC | mmult.cpp:207:5 |            |                                                                                                       |
+--------------+----------+------------------+-----------+--------------+----------+--------+-----------------+------------+-------------------------------------------------------------------------------------------------------+

    * Resolution URL: docs.xilinx.com/access/sources/dita/topic?Doc_Version=2023.2%20English&url=ug1448-hls-guidance&resourceid=XXX-YYY.html (replace XXX-YYY with column value)

================================================================
== Bind Op Report
================================================================
+---------------------------------------+-----+--------+--------------+-----+-----------+---------+
| Name                                  | DSP | Pragma | Variable     | Op  | Impl      | Latency |
+---------------------------------------+-----+--------+--------------+-----+-----------+---------+
| + mmult                               | 38  |        |              |     |           |         |
|   mul_32s_32s_32_2_1_U2295            | 3   |        | mul          | mul | auto      | 1       |
|   mul_32s_32s_32_2_1_U2296            | 3   |        | mul12        | mul | auto      | 1       |
|   add_ln198_fu_11953_p2               |     |        | add_ln198    | add | fabric    | 0       |
|   add_ln198_1_fu_11970_p2             |     |        | add_ln198_1  | add | fabric    | 0       |
|   sub_ln198_fu_11994_p2               |     |        | sub_ln198    | sub | fabric    | 0       |
|   add_ln198_2_fu_12004_p2             |     |        | add_ln198_2  | add | fabric    | 0       |
|   mul_32s_32s_32_2_1_U2295            | 3   |        | mul65        | mul | auto      | 1       |
|  + mmult_Pipeline_readA               | 0   |        |              |     |           |         |
|    add_ln170_fu_654_p2                |     |        | add_ln170    | add | fabric    | 0       |
|    add_ln173_fu_676_p2                |     |        | add_ln173    | add | fabric    | 0       |
|    j_6_fu_700_p2                      |     |        | j_6          | add | fabric    | 0       |
|  + mmult_Pipeline_readB               | 0   |        |              |     |           |         |
|    add_ln181_fu_654_p2                |     |        | add_ln181    | add | fabric    | 0       |
|    add_ln184_fu_702_p2                |     |        | add_ln184    | add | fabric    | 0       |
|    j_4_fu_685_p2                      |     |        | j_4          | add | fabric    | 0       |
|  + mmult_Pipeline_systolic1_systolic2 | 32  |        |              |     |           |         |
|    add_ln116_fu_3285_p2               |     |        | add_ln116    | add | fabric    | 0       |
|    add_ln116_1_fu_3311_p2             |     |        | add_ln116_1  | add | fabric    | 0       |
|    mac_muladd_8s_8s_16ns_16_4_1_U106  | 1   |        | mul_ln129    | mul | dsp_slice | 3       |
|    mac_muladd_8s_8s_16ns_16_4_1_U106  | 1   |        | localC       | add | dsp_slice | 3       |
|    mac_muladd_8s_8s_16ns_16_4_1_U107  | 1   |        | mul_ln129_1  | mul | dsp_slice | 3       |
|    mac_muladd_8s_8s_16ns_16_4_1_U107  | 1   |        | localC_2     | add | dsp_slice | 3       |
|    mac_muladd_8s_8s_16ns_16_4_1_U108  | 1   |        | mul_ln129_2  | mul | dsp_slice | 3       |
|    mac_muladd_8s_8s_16ns_16_4_1_U108  | 1   |        | localC_4     | add | dsp_slice | 3       |
|    mac_muladd_8s_8s_16ns_16_4_1_U109  | 1   |        | mul_ln129_3  | mul | dsp_slice | 3       |
|    mac_muladd_8s_8s_16ns_16_4_1_U109  | 1   |        | localC_6     | add | dsp_slice | 3       |
|    mac_muladd_8s_8s_16ns_16_4_1_U110  | 1   |        | mul_ln129_4  | mul | dsp_slice | 3       |
|    mac_muladd_8s_8s_16ns_16_4_1_U110  | 1   |        | localC_8     | add | dsp_slice | 3       |
|    mac_muladd_8s_8s_16ns_16_4_1_U111  | 1   |        | mul_ln129_5  | mul | dsp_slice | 3       |
|    mac_muladd_8s_8s_16ns_16_4_1_U111  | 1   |        | localC_10    | add | dsp_slice | 3       |
|    mac_muladd_8s_8s_16ns_16_4_1_U112  | 1   |        | mul_ln129_6  | mul | dsp_slice | 3       |
|    mac_muladd_8s_8s_16ns_16_4_1_U112  | 1   |        | localC_12    | add | dsp_slice | 3       |
|    mac_muladd_8s_8s_16ns_16_4_1_U113  | 1   |        | mul_ln129_7  | mul | dsp_slice | 3       |
|    mac_muladd_8s_8s_16ns_16_4_1_U113  | 1   |        | localC_14    | add | dsp_slice | 3       |
|    mac_muladd_8s_8s_16ns_16_4_1_U114  | 1   |        | mul_ln129_8  | mul | dsp_slice | 3       |
|    mac_muladd_8s_8s_16ns_16_4_1_U114  | 1   |        | localC_16    | add | dsp_slice | 3       |
|    mac_muladd_8s_8s_16ns_16_4_1_U115  | 1   |        | mul_ln129_9  | mul | dsp_slice | 3       |
|    mac_muladd_8s_8s_16ns_16_4_1_U115  | 1   |        | localC_18    | add | dsp_slice | 3       |
|    mac_muladd_8s_8s_16ns_16_4_1_U116  | 1   |        | mul_ln129_10 | mul | dsp_slice | 3       |
|    mac_muladd_8s_8s_16ns_16_4_1_U116  | 1   |        | localC_20    | add | dsp_slice | 3       |
|    mac_muladd_8s_8s_16ns_16_4_1_U117  | 1   |        | mul_ln129_11 | mul | dsp_slice | 3       |
|    mac_muladd_8s_8s_16ns_16_4_1_U117  | 1   |        | localC_22    | add | dsp_slice | 3       |
|    mac_muladd_8s_8s_16ns_16_4_1_U118  | 1   |        | mul_ln129_12 | mul | dsp_slice | 3       |
|    mac_muladd_8s_8s_16ns_16_4_1_U118  | 1   |        | localC_24    | add | dsp_slice | 3       |
|    mac_muladd_8s_8s_16ns_16_4_1_U119  | 1   |        | mul_ln129_13 | mul | dsp_slice | 3       |
|    mac_muladd_8s_8s_16ns_16_4_1_U119  | 1   |        | localC_26    | add | dsp_slice | 3       |
|    mac_muladd_8s_8s_16ns_16_4_1_U120  | 1   |        | mul_ln129_14 | mul | dsp_slice | 3       |
|    mac_muladd_8s_8s_16ns_16_4_1_U120  | 1   |        | localC_28    | add | dsp_slice | 3       |
|    mac_muladd_8s_8s_16ns_16_4_1_U121  | 1   |        | mul_ln129_15 | mul | dsp_slice | 3       |
|    mac_muladd_8s_8s_16ns_16_4_1_U121  | 1   |        | localC_30    | add | dsp_slice | 3       |
|    mac_muladd_8s_8s_16ns_16_4_1_U122  | 1   |        | mul_ln129_16 | mul | dsp_slice | 3       |
|    mac_muladd_8s_8s_16ns_16_4_1_U122  | 1   |        | localC_32    | add | dsp_slice | 3       |
|    mac_muladd_8s_8s_16ns_16_4_1_U123  | 1   |        | mul_ln129_17 | mul | dsp_slice | 3       |
|    mac_muladd_8s_8s_16ns_16_4_1_U123  | 1   |        | localC_34    | add | dsp_slice | 3       |
|    mac_muladd_8s_8s_16ns_16_4_1_U124  | 1   |        | mul_ln129_18 | mul | dsp_slice | 3       |
|    mac_muladd_8s_8s_16ns_16_4_1_U124  | 1   |        | localC_36    | add | dsp_slice | 3       |
|    mac_muladd_8s_8s_16ns_16_4_1_U125  | 1   |        | mul_ln129_19 | mul | dsp_slice | 3       |
|    mac_muladd_8s_8s_16ns_16_4_1_U125  | 1   |        | localC_38    | add | dsp_slice | 3       |
|    mac_muladd_8s_8s_16ns_16_4_1_U126  | 1   |        | mul_ln129_20 | mul | dsp_slice | 3       |
|    mac_muladd_8s_8s_16ns_16_4_1_U126  | 1   |        | localC_40    | add | dsp_slice | 3       |
|    mac_muladd_8s_8s_16ns_16_4_1_U127  | 1   |        | mul_ln129_21 | mul | dsp_slice | 3       |
|    mac_muladd_8s_8s_16ns_16_4_1_U127  | 1   |        | localC_42    | add | dsp_slice | 3       |
|    mac_muladd_8s_8s_16ns_16_4_1_U128  | 1   |        | mul_ln129_22 | mul | dsp_slice | 3       |
|    mac_muladd_8s_8s_16ns_16_4_1_U128  | 1   |        | localC_44    | add | dsp_slice | 3       |
|    mac_muladd_8s_8s_16ns_16_4_1_U129  | 1   |        | mul_ln129_23 | mul | dsp_slice | 3       |
|    mac_muladd_8s_8s_16ns_16_4_1_U129  | 1   |        | localC_46    | add | dsp_slice | 3       |
|    mac_muladd_8s_8s_16ns_16_4_1_U130  | 1   |        | mul_ln129_24 | mul | dsp_slice | 3       |
|    mac_muladd_8s_8s_16ns_16_4_1_U130  | 1   |        | localC_48    | add | dsp_slice | 3       |
|    mac_muladd_8s_8s_16ns_16_4_1_U131  | 1   |        | mul_ln129_25 | mul | dsp_slice | 3       |
|    mac_muladd_8s_8s_16ns_16_4_1_U131  | 1   |        | localC_50    | add | dsp_slice | 3       |
|    mac_muladd_8s_8s_16ns_16_4_1_U132  | 1   |        | mul_ln129_26 | mul | dsp_slice | 3       |
|    mac_muladd_8s_8s_16ns_16_4_1_U132  | 1   |        | localC_52    | add | dsp_slice | 3       |
|    mac_muladd_8s_8s_16ns_16_4_1_U133  | 1   |        | mul_ln129_27 | mul | dsp_slice | 3       |
|    mac_muladd_8s_8s_16ns_16_4_1_U133  | 1   |        | localC_54    | add | dsp_slice | 3       |
|    mac_muladd_8s_8s_16ns_16_4_1_U134  | 1   |        | mul_ln129_28 | mul | dsp_slice | 3       |
|    mac_muladd_8s_8s_16ns_16_4_1_U134  | 1   |        | localC_56    | add | dsp_slice | 3       |
|    mac_muladd_8s_8s_16ns_16_4_1_U135  | 1   |        | mul_ln129_29 | mul | dsp_slice | 3       |
|    mac_muladd_8s_8s_16ns_16_4_1_U135  | 1   |        | localC_58    | add | dsp_slice | 3       |
|    mac_muladd_8s_8s_16ns_16_4_1_U136  | 1   |        | mul_ln129_30 | mul | dsp_slice | 3       |
|    mac_muladd_8s_8s_16ns_16_4_1_U136  | 1   |        | result       | add | dsp_slice | 3       |
|    mac_muladd_8s_8s_16ns_16_4_1_U137  | 1   |        | mul_ln129_31 | mul | dsp_slice | 3       |
|    mac_muladd_8s_8s_16ns_16_4_1_U137  | 1   |        | localC_61    | add | dsp_slice | 3       |
|    add_ln119_fu_3402_p2               |     |        | add_ln119    | add | fabric    | 0       |
|  + mmult_Pipeline_writeC              | 0   |        |              |     |           |         |
|    add_ln207_fu_8381_p2               |     |        | add_ln207    | add | fabric    | 0       |
|    add_ln210_fu_11748_p2              |     |        | add_ln210    | add | fabric    | 0       |
|    j_2_fu_11869_p2                    |     |        | j_2          | add | fabric    | 0       |
+---------------------------------------+-----+--------+--------------+-----+-----------+---------+


================================================================
== Storage Report
================================================================
+-------------------+--------------+-----------+------+------+--------+-----------+------+---------+------------------+
| Name              | Usage        | Type      | BRAM | URAM | Pragma | Variable  | Impl | Latency | Bitwidth, Depth, |
|                   |              |           |      |      |        |           |      |         | Banks            |
+-------------------+--------------+-----------+------+------+--------+-----------+------+---------+------------------+
| + mmult           |              |           | 6    | 0    |        |           |      |         |                  |
|   control_s_axi_U | interface    | s_axilite |      |      |        |           |      |         |                  |
|   gmem0_m_axi_U   | interface    | m_axi     | 2    |      |        |           |      |         |                  |
|   gmem1_m_axi_U   | interface    | m_axi     | 2    |      |        |           |      |         |                  |
|   gmem2_m_axi_U   | interface    | m_axi     | 2    |      |        |           |      |         |                  |
|   localA_U        | ram_1p array |           |      |      |        | localA    | auto | 1       | 8, 32, 1         |
|   localA_32_U     | ram_1p array |           |      |      |        | localA_32 | auto | 1       | 8, 32, 1         |
|   localA_33_U     | ram_1p array |           |      |      |        | localA_33 | auto | 1       | 8, 32, 1         |
|   localA_34_U     | ram_1p array |           |      |      |        | localA_34 | auto | 1       | 8, 32, 1         |
|   localA_35_U     | ram_1p array |           |      |      |        | localA_35 | auto | 1       | 8, 32, 1         |
|   localA_36_U     | ram_1p array |           |      |      |        | localA_36 | auto | 1       | 8, 32, 1         |
|   localA_37_U     | ram_1p array |           |      |      |        | localA_37 | auto | 1       | 8, 32, 1         |
|   localA_38_U     | ram_1p array |           |      |      |        | localA_38 | auto | 1       | 8, 32, 1         |
|   localA_39_U     | ram_1p array |           |      |      |        | localA_39 | auto | 1       | 8, 32, 1         |
|   localA_40_U     | ram_1p array |           |      |      |        | localA_40 | auto | 1       | 8, 32, 1         |
|   localA_41_U     | ram_1p array |           |      |      |        | localA_41 | auto | 1       | 8, 32, 1         |
|   localA_42_U     | ram_1p array |           |      |      |        | localA_42 | auto | 1       | 8, 32, 1         |
|   localA_43_U     | ram_1p array |           |      |      |        | localA_43 | auto | 1       | 8, 32, 1         |
|   localA_44_U     | ram_1p array |           |      |      |        | localA_44 | auto | 1       | 8, 32, 1         |
|   localA_45_U     | ram_1p array |           |      |      |        | localA_45 | auto | 1       | 8, 32, 1         |
|   localA_46_U     | ram_1p array |           |      |      |        | localA_46 | auto | 1       | 8, 32, 1         |
|   localA_47_U     | ram_1p array |           |      |      |        | localA_47 | auto | 1       | 8, 32, 1         |
|   localA_48_U     | ram_1p array |           |      |      |        | localA_48 | auto | 1       | 8, 32, 1         |
|   localA_49_U     | ram_1p array |           |      |      |        | localA_49 | auto | 1       | 8, 32, 1         |
|   localA_50_U     | ram_1p array |           |      |      |        | localA_50 | auto | 1       | 8, 32, 1         |
|   localA_51_U     | ram_1p array |           |      |      |        | localA_51 | auto | 1       | 8, 32, 1         |
|   localA_52_U     | ram_1p array |           |      |      |        | localA_52 | auto | 1       | 8, 32, 1         |
|   localA_53_U     | ram_1p array |           |      |      |        | localA_53 | auto | 1       | 8, 32, 1         |
|   localA_54_U     | ram_1p array |           |      |      |        | localA_54 | auto | 1       | 8, 32, 1         |
|   localA_55_U     | ram_1p array |           |      |      |        | localA_55 | auto | 1       | 8, 32, 1         |
|   localA_56_U     | ram_1p array |           |      |      |        | localA_56 | auto | 1       | 8, 32, 1         |
|   localA_57_U     | ram_1p array |           |      |      |        | localA_57 | auto | 1       | 8, 32, 1         |
|   localA_58_U     | ram_1p array |           |      |      |        | localA_58 | auto | 1       | 8, 32, 1         |
|   localA_59_U     | ram_1p array |           |      |      |        | localA_59 | auto | 1       | 8, 32, 1         |
|   localA_60_U     | ram_1p array |           |      |      |        | localA_60 | auto | 1       | 8, 32, 1         |
|   localA_61_U     | ram_1p array |           |      |      |        | localA_61 | auto | 1       | 8, 32, 1         |
|   localA_62_U     | ram_1p array |           |      |      |        | localA_62 | auto | 1       | 8, 32, 1         |
|   localB_U        | ram_1p array |           |      |      |        | localB    | auto | 1       | 8, 32, 1         |
|   localB_32_U     | ram_1p array |           |      |      |        | localB_32 | auto | 1       | 8, 32, 1         |
|   localB_33_U     | ram_1p array |           |      |      |        | localB_33 | auto | 1       | 8, 32, 1         |
|   localB_34_U     | ram_1p array |           |      |      |        | localB_34 | auto | 1       | 8, 32, 1         |
|   localB_35_U     | ram_1p array |           |      |      |        | localB_35 | auto | 1       | 8, 32, 1         |
|   localB_36_U     | ram_1p array |           |      |      |        | localB_36 | auto | 1       | 8, 32, 1         |
|   localB_37_U     | ram_1p array |           |      |      |        | localB_37 | auto | 1       | 8, 32, 1         |
|   localB_38_U     | ram_1p array |           |      |      |        | localB_38 | auto | 1       | 8, 32, 1         |
|   localB_39_U     | ram_1p array |           |      |      |        | localB_39 | auto | 1       | 8, 32, 1         |
|   localB_40_U     | ram_1p array |           |      |      |        | localB_40 | auto | 1       | 8, 32, 1         |
|   localB_41_U     | ram_1p array |           |      |      |        | localB_41 | auto | 1       | 8, 32, 1         |
|   localB_42_U     | ram_1p array |           |      |      |        | localB_42 | auto | 1       | 8, 32, 1         |
|   localB_43_U     | ram_1p array |           |      |      |        | localB_43 | auto | 1       | 8, 32, 1         |
|   localB_44_U     | ram_1p array |           |      |      |        | localB_44 | auto | 1       | 8, 32, 1         |
|   localB_45_U     | ram_1p array |           |      |      |        | localB_45 | auto | 1       | 8, 32, 1         |
|   localB_46_U     | ram_1p array |           |      |      |        | localB_46 | auto | 1       | 8, 32, 1         |
|   localB_47_U     | ram_1p array |           |      |      |        | localB_47 | auto | 1       | 8, 32, 1         |
|   localB_48_U     | ram_1p array |           |      |      |        | localB_48 | auto | 1       | 8, 32, 1         |
|   localB_49_U     | ram_1p array |           |      |      |        | localB_49 | auto | 1       | 8, 32, 1         |
|   localB_50_U     | ram_1p array |           |      |      |        | localB_50 | auto | 1       | 8, 32, 1         |
|   localB_51_U     | ram_1p array |           |      |      |        | localB_51 | auto | 1       | 8, 32, 1         |
|   localB_52_U     | ram_1p array |           |      |      |        | localB_52 | auto | 1       | 8, 32, 1         |
|   localB_53_U     | ram_1p array |           |      |      |        | localB_53 | auto | 1       | 8, 32, 1         |
|   localB_54_U     | ram_1p array |           |      |      |        | localB_54 | auto | 1       | 8, 32, 1         |
|   localB_55_U     | ram_1p array |           |      |      |        | localB_55 | auto | 1       | 8, 32, 1         |
|   localB_56_U     | ram_1p array |           |      |      |        | localB_56 | auto | 1       | 8, 32, 1         |
|   localB_57_U     | ram_1p array |           |      |      |        | localB_57 | auto | 1       | 8, 32, 1         |
|   localB_58_U     | ram_1p array |           |      |      |        | localB_58 | auto | 1       | 8, 32, 1         |
|   localB_59_U     | ram_1p array |           |      |      |        | localB_59 | auto | 1       | 8, 32, 1         |
|   localB_60_U     | ram_1p array |           |      |      |        | localB_60 | auto | 1       | 8, 32, 1         |
|   localB_61_U     | ram_1p array |           |      |      |        | localB_61 | auto | 1       | 8, 32, 1         |
|   localB_62_U     | ram_1p array |           |      |      |        | localB_62 | auto | 1       | 8, 32, 1         |
+-------------------+--------------+-----------+------+------+--------+-----------+------+---------+------------------+


================================================================
== Pragma Report
================================================================
* Valid Pragma Syntax
+-----------------+----------------------------------------------+-------------------------------+
| Type            | Options                                      | Location                      |
+-----------------+----------------------------------------------+-------------------------------+
| loop_tripcount  | min = c_size max = c_size                    | mmult.cpp:117 in tile_process |
| interface       | m_axi port = a offset = slave bundle = gmem0 | mmult.cpp:145 in mmult        |
| interface       | m_axi port = b offset = slave bundle = gmem1 | mmult.cpp:146 in mmult        |
| interface       | m_axi port = c offset = slave bundle = gmem2 | mmult.cpp:147 in mmult        |
| interface       | s_axilite register port = a_row              | mmult.cpp:148 in mmult        |
| interface       | s_axilite register port = a_col              | mmult.cpp:149 in mmult        |
| interface       | s_axilite register port = b_col              | mmult.cpp:150 in mmult        |
| interface       | s_axilite register port = return             | mmult.cpp:151 in mmult        |
| array_partition | variable = localA dim = 1 complete           | mmult.cpp:158 in mmult        |
| array_partition | variable = localB dim = 2 complete           | mmult.cpp:161 in mmult        |
| array_partition | variable = localC dim = 0 complete           | mmult.cpp:164 in mmult        |
| loop_tripcount  | min = c_size* c_size max = c_size * c_size   | mmult.cpp:171 in mmult        |
| loop_tripcount  | min = c_size* c_size max = c_size * c_size   | mmult.cpp:182 in mmult        |
| unroll          |                                              | mmult.cpp:192 in mmult        |
| loop_tripcount  | min = c_size* c_size max = c_size * c_size   | mmult.cpp:208 in mmult        |
+-----------------+----------------------------------------------+-------------------------------+


