

================================================================
== Vitis HLS Report for 'Loop_readA_proc'
================================================================
* Date:           Sun Apr 12 15:51:34 2026

* Version:        2023.2 (Build 4023990 on Oct 11 2023)
* Project:        hls_prj
* Solution:       s1 (Vivado IP Flow Target)
* Product family: zynquplus
* Target device:  xck26-sfvc784-2LV-c


================================================================
== Performance Estimates
================================================================
+ Timing: 
    * Summary: 
    +--------+---------+----------+------------+
    |  Clock |  Target | Estimated| Uncertainty|
    +--------+---------+----------+------------+
    |ap_clk  |  3.30 ns|  2.409 ns|     0.89 ns|
    +--------+---------+----------+------------+

+ Latency: 
    * Summary: 
    +---------+---------+----------+----------+------+------+---------+
    |  Latency (cycles) |  Latency (absolute) |   Interval  | Pipeline|
    |   min   |   max   |    min   |    max   |  min |  max |   Type  |
    +---------+---------+----------+----------+------+------+---------+
    |     2062|     2062|  6.805 us|  6.805 us|  2062|  2062|       no|
    +---------+---------+----------+----------+------+------+---------+

    + Detail: 
        * Instance: 
        +-------------------------------------------+--------------------------------+---------+---------+----------+----------+------+------+---------+
        |                                           |                                |  Latency (cycles) |  Latency (absolute) |   Interval  | Pipeline|
        |                  Instance                 |             Module             |   min   |   max   |    min   |    max   |  min |  max |   Type  |
        +-------------------------------------------+--------------------------------+---------+---------+----------+----------+------+------+---------+
        |grp_Loop_readA_proc_Pipeline_readA_fu_130  |Loop_readA_proc_Pipeline_readA  |     2050|     2050|  6.765 us|  6.765 us|  2050|  2050|       no|
        +-------------------------------------------+--------------------------------+---------+---------+----------+----------+------+------+---------+

        * Loop: 
        N/A



================================================================
== Utilization Estimates
================================================================
* Summary: 
+-----------------+---------+------+--------+--------+-----+
|       Name      | BRAM_18K|  DSP |   FF   |   LUT  | URAM|
+-----------------+---------+------+--------+--------+-----+
|DSP              |        -|     -|       -|       -|    -|
|Expression       |        -|     -|       0|      72|    -|
|FIFO             |        -|     -|       -|       -|    -|
|Instance         |        -|     3|     439|     390|    -|
|Memory           |        -|     -|       -|       -|    -|
|Multiplexer      |        -|     -|       -|     224|    -|
|Register         |        -|     -|     141|       -|    -|
+-----------------+---------+------+--------+--------+-----+
|Total            |        0|     3|     580|     686|    0|
+-----------------+---------+------+--------+--------+-----+
|Available        |      288|  1248|  234240|  117120|   64|
+-----------------+---------+------+--------+--------+-----+
|Utilization (%)  |        0|    ~0|      ~0|      ~0|    0|
+-----------------+---------+------+--------+--------+-----+

+ Detail: 
    * Instance: 
    +-------------------------------------------+--------------------------------+---------+----+-----+-----+-----+
    |                  Instance                 |             Module             | BRAM_18K| DSP|  FF | LUT | URAM|
    +-------------------------------------------+--------------------------------+---------+----+-----+-----+-----+
    |grp_Loop_readA_proc_Pipeline_readA_fu_130  |Loop_readA_proc_Pipeline_readA  |        0|   0|  274|  341|    0|
    |mul_32s_32s_32_2_1_U39                     |mul_32s_32s_32_2_1              |        0|   3|  165|   49|    0|
    +-------------------------------------------+--------------------------------+---------+----+-----+-----+-----+
    |Total                                      |                                |        0|   3|  439|  390|    0|
    +-------------------------------------------+--------------------------------+---------+----+-----+-----+-----+

    * DSP: 
    N/A

    * Memory: 
    N/A

    * FIFO: 
    N/A

    * Expression: 
    +------------------------+----------+----+---+----+------------+------------+
    |      Variable Name     | Operation| DSP| FF| LUT| Bitwidth P0| Bitwidth P1|
    +------------------------+----------+----+---+----+------------+------------+
    |icmp_ln175_fu_213_p2    |      icmp|   0|  0|  39|          32|           1|
    |ap_block_state1         |        or|   0|  0|   2|           1|           1|
    |select_ln175_fu_218_p3  |    select|   0|  0|  31|           1|          31|
    +------------------------+----------+----+---+----+------------+------------+
    |Total                   |          |   0|  0|  72|          34|          33|
    +------------------------+----------+----+---+----+------------+------------+

    * Multiplexer: 
    +----------------------+----+-----------+-----+-----------+
    |         Name         | LUT| Input Size| Bits| Total Bits|
    +----------------------+----+-----------+-----+-----------+
    |ap_NS_fsm             |  65|         14|    1|         14|
    |ap_done               |   9|          2|    1|          2|
    |ap_return             |   9|          2|   32|         64|
    |gmem0_blk_n_AR        |   9|          2|    1|          2|
    |m_axi_gmem0_ARADDR    |  14|          3|   64|        192|
    |m_axi_gmem0_ARBURST   |   9|          2|    2|          4|
    |m_axi_gmem0_ARCACHE   |   9|          2|    4|          8|
    |m_axi_gmem0_ARID      |   9|          2|    1|          2|
    |m_axi_gmem0_ARLEN     |  14|          3|   32|         96|
    |m_axi_gmem0_ARLOCK    |   9|          2|    2|          4|
    |m_axi_gmem0_ARPROT    |   9|          2|    3|          6|
    |m_axi_gmem0_ARQOS     |   9|          2|    4|          8|
    |m_axi_gmem0_ARREGION  |   9|          2|    4|          8|
    |m_axi_gmem0_ARSIZE    |   9|          2|    3|          6|
    |m_axi_gmem0_ARUSER    |   9|          2|    1|          2|
    |m_axi_gmem0_ARVALID   |  14|          3|    1|          3|
    |m_axi_gmem0_RREADY    |   9|          2|    1|          2|
    +----------------------+----+-----------+-----+-----------+
    |Total                 | 224|         49|  157|        423|
    +----------------------+----+-----------+-----+-----------+

    * Register: 
    +--------------------------------------------------------+----+----+-----+-----------+
    |                          Name                          | FF | LUT| Bits| Const Bits|
    +--------------------------------------------------------+----+----+-----+-----------+
    |ap_CS_fsm                                               |  13|   0|   13|          0|
    |ap_done_reg                                             |   1|   0|    1|          0|
    |ap_return_preg                                          |  32|   0|   32|          0|
    |grp_Loop_readA_proc_Pipeline_readA_fu_130_ap_start_reg  |   1|   0|    1|          0|
    |mul_reg_247                                             |  32|   0|   32|          0|
    |select_ln175_reg_258                                    |  31|   0|   31|          0|
    |trunc_ln175_reg_253                                     |  31|   0|   31|          0|
    +--------------------------------------------------------+----+----+-----+-----------+
    |Total                                                   | 141|   0|  141|          0|
    +--------------------------------------------------------+----+----+-----+-----------+



================================================================
== Interface
================================================================
* Summary: 
+----------------------+-----+-----+------------+-----------------+--------------+
|       RTL Ports      | Dir | Bits|  Protocol  |  Source Object  |    C Type    |
+----------------------+-----+-----+------------+-----------------+--------------+
|ap_clk                |   in|    1|  ap_ctrl_hs|  Loop_readA_proc|  return value|
|ap_rst                |   in|    1|  ap_ctrl_hs|  Loop_readA_proc|  return value|
|ap_start              |   in|    1|  ap_ctrl_hs|  Loop_readA_proc|  return value|
|ap_done               |  out|    1|  ap_ctrl_hs|  Loop_readA_proc|  return value|
|ap_continue           |   in|    1|  ap_ctrl_hs|  Loop_readA_proc|  return value|
|ap_idle               |  out|    1|  ap_ctrl_hs|  Loop_readA_proc|  return value|
|ap_ready              |  out|    1|  ap_ctrl_hs|  Loop_readA_proc|  return value|
|ap_return             |  out|   32|  ap_ctrl_hs|  Loop_readA_proc|  return value|
|a_col                 |   in|   32|     ap_none|            a_col|        scalar|
|a_row                 |   in|   32|     ap_none|            a_row|        scalar|
|m_axi_gmem0_AWVALID   |  out|    1|       m_axi|            gmem0|       pointer|
|m_axi_gmem0_AWREADY   |   in|    1|       m_axi|            gmem0|       pointer|
|m_axi_gmem0_AWADDR    |  out|   64|       m_axi|            gmem0|       pointer|
|m_axi_gmem0_AWID      |  out|    1|       m_axi|            gmem0|       pointer|
|m_axi_gmem0_AWLEN     |  out|   32|       m_axi|            gmem0|       pointer|
|m_axi_gmem0_AWSIZE    |  out|    3|       m_axi|            gmem0|       pointer|
|m_axi_gmem0_AWBURST   |  out|    2|       m_axi|            gmem0|       pointer|
|m_axi_gmem0_AWLOCK    |  out|    2|       m_axi|            gmem0|       pointer|
|m_axi_gmem0_AWCACHE   |  out|    4|       m_axi|            gmem0|       pointer|
|m_axi_gmem0_AWPROT    |  out|    3|       m_axi|            gmem0|       pointer|
|m_axi_gmem0_AWQOS     |  out|    4|       m_axi|            gmem0|       pointer|
|m_axi_gmem0_AWREGION  |  out|    4|       m_axi|            gmem0|       pointer|
|m_axi_gmem0_AWUSER    |  out|    1|       m_axi|            gmem0|       pointer|
|m_axi_gmem0_WVALID    |  out|    1|       m_axi|            gmem0|       pointer|
|m_axi_gmem0_WREADY    |   in|    1|       m_axi|            gmem0|       pointer|
|m_axi_gmem0_WDATA     |  out|    8|       m_axi|            gmem0|       pointer|
|m_axi_gmem0_WSTRB     |  out|    1|       m_axi|            gmem0|       pointer|
|m_axi_gmem0_WLAST     |  out|    1|       m_axi|            gmem0|       pointer|
|m_axi_gmem0_WID       |  out|    1|       m_axi|            gmem0|       pointer|
|m_axi_gmem0_WUSER     |  out|    1|       m_axi|            gmem0|       pointer|
|m_axi_gmem0_ARVALID   |  out|    1|       m_axi|            gmem0|       pointer|
|m_axi_gmem0_ARREADY   |   in|    1|       m_axi|            gmem0|       pointer|
|m_axi_gmem0_ARADDR    |  out|   64|       m_axi|            gmem0|       pointer|
|m_axi_gmem0_ARID      |  out|    1|       m_axi|            gmem0|       pointer|
|m_axi_gmem0_ARLEN     |  out|   32|       m_axi|            gmem0|       pointer|
|m_axi_gmem0_ARSIZE    |  out|    3|       m_axi|            gmem0|       pointer|
|m_axi_gmem0_ARBURST   |  out|    2|       m_axi|            gmem0|       pointer|
|m_axi_gmem0_ARLOCK    |  out|    2|       m_axi|            gmem0|       pointer|
|m_axi_gmem0_ARCACHE   |  out|    4|       m_axi|            gmem0|       pointer|
|m_axi_gmem0_ARPROT    |  out|    3|       m_axi|            gmem0|       pointer|
|m_axi_gmem0_ARQOS     |  out|    4|       m_axi|            gmem0|       pointer|
|m_axi_gmem0_ARREGION  |  out|    4|       m_axi|            gmem0|       pointer|
|m_axi_gmem0_ARUSER    |  out|    1|       m_axi|            gmem0|       pointer|
|m_axi_gmem0_RVALID    |   in|    1|       m_axi|            gmem0|       pointer|
|m_axi_gmem0_RREADY    |  out|    1|       m_axi|            gmem0|       pointer|
|m_axi_gmem0_RDATA     |   in|    8|       m_axi|            gmem0|       pointer|
|m_axi_gmem0_RLAST     |   in|    1|       m_axi|            gmem0|       pointer|
|m_axi_gmem0_RID       |   in|    1|       m_axi|            gmem0|       pointer|
|m_axi_gmem0_RFIFONUM  |   in|   11|       m_axi|            gmem0|       pointer|
|m_axi_gmem0_RUSER     |   in|    1|       m_axi|            gmem0|       pointer|
|m_axi_gmem0_RRESP     |   in|    2|       m_axi|            gmem0|       pointer|
|m_axi_gmem0_BVALID    |   in|    1|       m_axi|            gmem0|       pointer|
|m_axi_gmem0_BREADY    |  out|    1|       m_axi|            gmem0|       pointer|
|m_axi_gmem0_BRESP     |   in|    2|       m_axi|            gmem0|       pointer|
|m_axi_gmem0_BID       |   in|    1|       m_axi|            gmem0|       pointer|
|m_axi_gmem0_BUSER     |   in|    1|       m_axi|            gmem0|       pointer|
|a                     |   in|   64|     ap_none|                a|        scalar|
|localA_62_address1    |  out|    5|   ap_memory|        localA_62|         array|
|localA_62_ce1         |  out|    1|   ap_memory|        localA_62|         array|
|localA_62_we1         |  out|    1|   ap_memory|        localA_62|         array|
|localA_62_d1          |  out|    8|   ap_memory|        localA_62|         array|
|localA_61_address1    |  out|    5|   ap_memory|        localA_61|         array|
|localA_61_ce1         |  out|    1|   ap_memory|        localA_61|         array|
|localA_61_we1         |  out|    1|   ap_memory|        localA_61|         array|
|localA_61_d1          |  out|    8|   ap_memory|        localA_61|         array|
|localA_60_address1    |  out|    5|   ap_memory|        localA_60|         array|
|localA_60_ce1         |  out|    1|   ap_memory|        localA_60|         array|
|localA_60_we1         |  out|    1|   ap_memory|        localA_60|         array|
|localA_60_d1          |  out|    8|   ap_memory|        localA_60|         array|
|localA_59_address1    |  out|    5|   ap_memory|        localA_59|         array|
|localA_59_ce1         |  out|    1|   ap_memory|        localA_59|         array|
|localA_59_we1         |  out|    1|   ap_memory|        localA_59|         array|
|localA_59_d1          |  out|    8|   ap_memory|        localA_59|         array|
|localA_58_address1    |  out|    5|   ap_memory|        localA_58|         array|
|localA_58_ce1         |  out|    1|   ap_memory|        localA_58|         array|
|localA_58_we1         |  out|    1|   ap_memory|        localA_58|         array|
|localA_58_d1          |  out|    8|   ap_memory|        localA_58|         array|
|localA_57_address1    |  out|    5|   ap_memory|        localA_57|         array|
|localA_57_ce1         |  out|    1|   ap_memory|        localA_57|         array|
|localA_57_we1         |  out|    1|   ap_memory|        localA_57|         array|
|localA_57_d1          |  out|    8|   ap_memory|        localA_57|         array|
|localA_56_address1    |  out|    5|   ap_memory|        localA_56|         array|
|localA_56_ce1         |  out|    1|   ap_memory|        localA_56|         array|
|localA_56_we1         |  out|    1|   ap_memory|        localA_56|         array|
|localA_56_d1          |  out|    8|   ap_memory|        localA_56|         array|
|localA_55_address1    |  out|    5|   ap_memory|        localA_55|         array|
|localA_55_ce1         |  out|    1|   ap_memory|        localA_55|         array|
|localA_55_we1         |  out|    1|   ap_memory|        localA_55|         array|
|localA_55_d1          |  out|    8|   ap_memory|        localA_55|         array|
|localA_54_address1    |  out|    5|   ap_memory|        localA_54|         array|
|localA_54_ce1         |  out|    1|   ap_memory|        localA_54|         array|
|localA_54_we1         |  out|    1|   ap_memory|        localA_54|         array|
|localA_54_d1          |  out|    8|   ap_memory|        localA_54|         array|
|localA_53_address1    |  out|    5|   ap_memory|        localA_53|         array|
|localA_53_ce1         |  out|    1|   ap_memory|        localA_53|         array|
|localA_53_we1         |  out|    1|   ap_memory|        localA_53|         array|
|localA_53_d1          |  out|    8|   ap_memory|        localA_53|         array|
|localA_52_address1    |  out|    5|   ap_memory|        localA_52|         array|
|localA_52_ce1         |  out|    1|   ap_memory|        localA_52|         array|
|localA_52_we1         |  out|    1|   ap_memory|        localA_52|         array|
|localA_52_d1          |  out|    8|   ap_memory|        localA_52|         array|
|localA_51_address1    |  out|    5|   ap_memory|        localA_51|         array|
|localA_51_ce1         |  out|    1|   ap_memory|        localA_51|         array|
|localA_51_we1         |  out|    1|   ap_memory|        localA_51|         array|
|localA_51_d1          |  out|    8|   ap_memory|        localA_51|         array|
|localA_50_address1    |  out|    5|   ap_memory|        localA_50|         array|
|localA_50_ce1         |  out|    1|   ap_memory|        localA_50|         array|
|localA_50_we1         |  out|    1|   ap_memory|        localA_50|         array|
|localA_50_d1          |  out|    8|   ap_memory|        localA_50|         array|
|localA_49_address1    |  out|    5|   ap_memory|        localA_49|         array|
|localA_49_ce1         |  out|    1|   ap_memory|        localA_49|         array|
|localA_49_we1         |  out|    1|   ap_memory|        localA_49|         array|
|localA_49_d1          |  out|    8|   ap_memory|        localA_49|         array|
|localA_48_address1    |  out|    5|   ap_memory|        localA_48|         array|
|localA_48_ce1         |  out|    1|   ap_memory|        localA_48|         array|
|localA_48_we1         |  out|    1|   ap_memory|        localA_48|         array|
|localA_48_d1          |  out|    8|   ap_memory|        localA_48|         array|
|localA_47_address1    |  out|    5|   ap_memory|        localA_47|         array|
|localA_47_ce1         |  out|    1|   ap_memory|        localA_47|         array|
|localA_47_we1         |  out|    1|   ap_memory|        localA_47|         array|
|localA_47_d1          |  out|    8|   ap_memory|        localA_47|         array|
|localA_46_address1    |  out|    5|   ap_memory|        localA_46|         array|
|localA_46_ce1         |  out|    1|   ap_memory|        localA_46|         array|
|localA_46_we1         |  out|    1|   ap_memory|        localA_46|         array|
|localA_46_d1          |  out|    8|   ap_memory|        localA_46|         array|
|localA_45_address1    |  out|    5|   ap_memory|        localA_45|         array|
|localA_45_ce1         |  out|    1|   ap_memory|        localA_45|         array|
|localA_45_we1         |  out|    1|   ap_memory|        localA_45|         array|
|localA_45_d1          |  out|    8|   ap_memory|        localA_45|         array|
|localA_44_address1    |  out|    5|   ap_memory|        localA_44|         array|
|localA_44_ce1         |  out|    1|   ap_memory|        localA_44|         array|
|localA_44_we1         |  out|    1|   ap_memory|        localA_44|         array|
|localA_44_d1          |  out|    8|   ap_memory|        localA_44|         array|
|localA_43_address1    |  out|    5|   ap_memory|        localA_43|         array|
|localA_43_ce1         |  out|    1|   ap_memory|        localA_43|         array|
|localA_43_we1         |  out|    1|   ap_memory|        localA_43|         array|
|localA_43_d1          |  out|    8|   ap_memory|        localA_43|         array|
|localA_42_address1    |  out|    5|   ap_memory|        localA_42|         array|
|localA_42_ce1         |  out|    1|   ap_memory|        localA_42|         array|
|localA_42_we1         |  out|    1|   ap_memory|        localA_42|         array|
|localA_42_d1          |  out|    8|   ap_memory|        localA_42|         array|
|localA_41_address1    |  out|    5|   ap_memory|        localA_41|         array|
|localA_41_ce1         |  out|    1|   ap_memory|        localA_41|         array|
|localA_41_we1         |  out|    1|   ap_memory|        localA_41|         array|
|localA_41_d1          |  out|    8|   ap_memory|        localA_41|         array|
|localA_40_address1    |  out|    5|   ap_memory|        localA_40|         array|
|localA_40_ce1         |  out|    1|   ap_memory|        localA_40|         array|
|localA_40_we1         |  out|    1|   ap_memory|        localA_40|         array|
|localA_40_d1          |  out|    8|   ap_memory|        localA_40|         array|
|localA_39_address1    |  out|    5|   ap_memory|        localA_39|         array|
|localA_39_ce1         |  out|    1|   ap_memory|        localA_39|         array|
|localA_39_we1         |  out|    1|   ap_memory|        localA_39|         array|
|localA_39_d1          |  out|    8|   ap_memory|        localA_39|         array|
|localA_38_address1    |  out|    5|   ap_memory|        localA_38|         array|
|localA_38_ce1         |  out|    1|   ap_memory|        localA_38|         array|
|localA_38_we1         |  out|    1|   ap_memory|        localA_38|         array|
|localA_38_d1          |  out|    8|   ap_memory|        localA_38|         array|
|localA_37_address1    |  out|    5|   ap_memory|        localA_37|         array|
|localA_37_ce1         |  out|    1|   ap_memory|        localA_37|         array|
|localA_37_we1         |  out|    1|   ap_memory|        localA_37|         array|
|localA_37_d1          |  out|    8|   ap_memory|        localA_37|         array|
|localA_36_address1    |  out|    5|   ap_memory|        localA_36|         array|
|localA_36_ce1         |  out|    1|   ap_memory|        localA_36|         array|
|localA_36_we1         |  out|    1|   ap_memory|        localA_36|         array|
|localA_36_d1          |  out|    8|   ap_memory|        localA_36|         array|
|localA_35_address1    |  out|    5|   ap_memory|        localA_35|         array|
|localA_35_ce1         |  out|    1|   ap_memory|        localA_35|         array|
|localA_35_we1         |  out|    1|   ap_memory|        localA_35|         array|
|localA_35_d1          |  out|    8|   ap_memory|        localA_35|         array|
|localA_34_address1    |  out|    5|   ap_memory|        localA_34|         array|
|localA_34_ce1         |  out|    1|   ap_memory|        localA_34|         array|
|localA_34_we1         |  out|    1|   ap_memory|        localA_34|         array|
|localA_34_d1          |  out|    8|   ap_memory|        localA_34|         array|
|localA_33_address1    |  out|    5|   ap_memory|        localA_33|         array|
|localA_33_ce1         |  out|    1|   ap_memory|        localA_33|         array|
|localA_33_we1         |  out|    1|   ap_memory|        localA_33|         array|
|localA_33_d1          |  out|    8|   ap_memory|        localA_33|         array|
|localA_32_address1    |  out|    5|   ap_memory|        localA_32|         array|
|localA_32_ce1         |  out|    1|   ap_memory|        localA_32|         array|
|localA_32_we1         |  out|    1|   ap_memory|        localA_32|         array|
|localA_32_d1          |  out|    8|   ap_memory|        localA_32|         array|
|localA_address1       |  out|    5|   ap_memory|           localA|         array|
|localA_ce1            |  out|    1|   ap_memory|           localA|         array|
|localA_we1            |  out|    1|   ap_memory|           localA|         array|
|localA_d1             |  out|    8|   ap_memory|           localA|         array|
+----------------------+-----+-----+------------+-----------------+--------------+

