

================================================================
== Vitis HLS Report for 'mmult_Pipeline_readA_VITIS_LOOP_147_1'
================================================================
* Date:           Fri Jun  5 01:38:51 2026

* Version:        2023.2 (Build 4023990 on Oct 11 2023)
* Project:        hls_prj
* Solution:       s1 (Vivado IP Flow Target)
* Product family: zynquplus
* Target device:  xck26-sfvc784-2LV-c


================================================================
== Performance Estimates
================================================================
+ Timing: 
    * Summary: 
    +--------+---------+----------+------------+
    |  Clock |  Target | Estimated| Uncertainty|
    +--------+---------+----------+------------+
    |ap_clk  |  3.30 ns|  2.601 ns|     0.89 ns|
    +--------+---------+----------+------------+

+ Latency: 
    * Summary: 
    +---------+---------+----------+----------+------+------+---------+
    |  Latency (cycles) |  Latency (absolute) |   Interval  | Pipeline|
    |   min   |   max   |    min   |    max   |  min |  max |   Type  |
    +---------+---------+----------+----------+------+------+---------+
    |     1027|     1027|  3.389 us|  3.389 us|  1027|  1027|       no|
    +---------+---------+----------+----------+------+------+---------+

    + Detail: 
        * Instance: 
        N/A

        * Loop: 
        +--------------------------+---------+---------+----------+-----------+-----------+------+----------+
        |                          |  Latency (cycles) | Iteration|  Initiation Interval  | Trip |          |
        |         Loop Name        |   min   |   max   |  Latency |  achieved |   target  | Count| Pipelined|
        +--------------------------+---------+---------+----------+-----------+-----------+------+----------+
        |- readA_VITIS_LOOP_147_1  |     1025|     1025|         3|          1|          1|  1024|       yes|
        +--------------------------+---------+---------+----------+-----------+-----------+------+----------+



================================================================
== Utilization Estimates
================================================================
* Summary: 
+-----------------+---------+------+--------+--------+-----+
|       Name      | BRAM_18K|  DSP |   FF   |   LUT  | URAM|
+-----------------+---------+------+--------+--------+-----+
|DSP              |        -|     -|       -|       -|    -|
|Expression       |        -|     -|       0|     291|    -|
|FIFO             |        -|     -|       -|       -|    -|
|Instance         |        -|     -|       -|       -|    -|
|Memory           |        -|     -|       -|       -|    -|
|Multiplexer      |        -|     -|       -|      63|    -|
|Register         |        -|     -|     137|       -|    -|
+-----------------+---------+------+--------+--------+-----+
|Total            |        0|     0|     137|     354|    0|
+-----------------+---------+------+--------+--------+-----+
|Available        |      288|  1248|  234240|  117120|   64|
+-----------------+---------+------+--------+--------+-----+
|Utilization (%)  |        0|     0|      ~0|      ~0|    0|
+-----------------+---------+------+--------+--------+-----+

+ Detail: 
    * Instance: 
    N/A

    * DSP: 
    N/A

    * Memory: 
    N/A

    * FIFO: 
    N/A

    * Expression: 
    +---------------------------+----------+----+---+----+------------+------------+
    |       Variable Name       | Operation| DSP| FF| LUT| Bitwidth P0| Bitwidth P1|
    +---------------------------+----------+----+---+----+------------+------------+
    |add_ln145_1_fu_310_p2      |         +|   0|  0|  71|          64|           1|
    |add_ln145_fu_324_p2        |         +|   0|  0|  38|          31|           1|
    |add_ln147_fu_378_p2        |         +|   0|  0|  15|           8|           1|
    |add_ln150_fu_372_p2        |         +|   0|  0|  14|           7|           7|
    |ap_block_pp0_stage0_11001  |       and|   0|  0|   2|           1|           1|
    |icmp_ln145_fu_305_p2       |      icmp|   0|  0|  71|          64|          64|
    |icmp_ln147_fu_300_p2       |      icmp|   0|  0|  39|          32|          32|
    |select_ln145_1_fu_338_p3   |    select|   0|  0|  31|           1|          31|
    |select_ln145_fu_330_p3     |    select|   0|  0|   8|           1|           8|
    |ap_enable_pp0              |       xor|   0|  0|   2|           1|           2|
    +---------------------------+----------+----+---+----+------------+------------+
    |Total                      |          |   0|  0| 291|         210|         148|
    +---------------------------+----------+----+---+----+------------+------------+

    * Multiplexer: 
    +-------------------------+----+-----------+-----+-----------+
    |           Name          | LUT| Input Size| Bits| Total Bits|
    +-------------------------+----+-----------+-----+-----------+
    |ap_done_int              |   9|          2|    1|          2|
    |ap_enable_reg_pp0_iter1  |   9|          2|    1|          2|
    |ap_enable_reg_pp0_iter2  |   9|          2|    1|          2|
    |gmem0_blk_n_R            |   9|          2|    1|          2|
    |i_fu_108                 |   9|          2|   31|         62|
    |indvar_flatten_fu_112    |   9|          2|   64|        128|
    |j_fu_104                 |   9|          2|    8|         16|
    +-------------------------+----+-----------+-----+-----------+
    |Total                    |  63|         14|  107|        214|
    +-------------------------+----+-----------+-----+-----------+

    * Register: 
    +-----------------------------------+----+----+-----+-----------+
    |                Name               | FF | LUT| Bits| Const Bits|
    +-----------------------------------+----+----+-----+-----------+
    |add_ln150_reg_459                  |   7|   0|    7|          0|
    |add_ln150_reg_459_pp0_iter2_reg    |   7|   0|    7|          0|
    |ap_CS_fsm                          |   1|   0|    1|          0|
    |ap_done_reg                        |   1|   0|    1|          0|
    |ap_enable_reg_pp0_iter1            |   1|   0|    1|          0|
    |ap_enable_reg_pp0_iter2            |   1|   0|    1|          0|
    |ap_enable_reg_pp0_iter3            |   1|   0|    1|          0|
    |ap_loop_exit_ready_pp0_iter2_reg   |   1|   0|    1|          0|
    |gmem0_addr_read_reg_464            |   8|   0|    8|          0|
    |i_fu_108                           |  31|   0|   31|          0|
    |indvar_flatten_fu_112              |  64|   0|   64|          0|
    |j_fu_104                           |   8|   0|    8|          0|
    |trunc_ln145_reg_455                |   3|   0|    3|          0|
    |trunc_ln145_reg_455_pp0_iter2_reg  |   3|   0|    3|          0|
    +-----------------------------------+----+----+-----+-----------+
    |Total                              | 137|   0|  137|          0|
    +-----------------------------------+----+----+-----+-----------+



================================================================
== Interface
================================================================
* Summary: 
+----------------------+-----+-----+------------+---------------------------------------+--------------+
|       RTL Ports      | Dir | Bits|  Protocol  |             Source Object             |    C Type    |
+----------------------+-----+-----+------------+---------------------------------------+--------------+
|ap_clk                |   in|    1|  ap_ctrl_hs|  mmult_Pipeline_readA_VITIS_LOOP_147_1|  return value|
|ap_rst                |   in|    1|  ap_ctrl_hs|  mmult_Pipeline_readA_VITIS_LOOP_147_1|  return value|
|ap_start              |   in|    1|  ap_ctrl_hs|  mmult_Pipeline_readA_VITIS_LOOP_147_1|  return value|
|ap_done               |  out|    1|  ap_ctrl_hs|  mmult_Pipeline_readA_VITIS_LOOP_147_1|  return value|
|ap_idle               |  out|    1|  ap_ctrl_hs|  mmult_Pipeline_readA_VITIS_LOOP_147_1|  return value|
|ap_ready              |  out|    1|  ap_ctrl_hs|  mmult_Pipeline_readA_VITIS_LOOP_147_1|  return value|
|m_axi_gmem0_AWVALID   |  out|    1|       m_axi|                                  gmem0|       pointer|
|m_axi_gmem0_AWREADY   |   in|    1|       m_axi|                                  gmem0|       pointer|
|m_axi_gmem0_AWADDR    |  out|   64|       m_axi|                                  gmem0|       pointer|
|m_axi_gmem0_AWID      |  out|    1|       m_axi|                                  gmem0|       pointer|
|m_axi_gmem0_AWLEN     |  out|   32|       m_axi|                                  gmem0|       pointer|
|m_axi_gmem0_AWSIZE    |  out|    3|       m_axi|                                  gmem0|       pointer|
|m_axi_gmem0_AWBURST   |  out|    2|       m_axi|                                  gmem0|       pointer|
|m_axi_gmem0_AWLOCK    |  out|    2|       m_axi|                                  gmem0|       pointer|
|m_axi_gmem0_AWCACHE   |  out|    4|       m_axi|                                  gmem0|       pointer|
|m_axi_gmem0_AWPROT    |  out|    3|       m_axi|                                  gmem0|       pointer|
|m_axi_gmem0_AWQOS     |  out|    4|       m_axi|                                  gmem0|       pointer|
|m_axi_gmem0_AWREGION  |  out|    4|       m_axi|                                  gmem0|       pointer|
|m_axi_gmem0_AWUSER    |  out|    1|       m_axi|                                  gmem0|       pointer|
|m_axi_gmem0_WVALID    |  out|    1|       m_axi|                                  gmem0|       pointer|
|m_axi_gmem0_WREADY    |   in|    1|       m_axi|                                  gmem0|       pointer|
|m_axi_gmem0_WDATA     |  out|    8|       m_axi|                                  gmem0|       pointer|
|m_axi_gmem0_WSTRB     |  out|    1|       m_axi|                                  gmem0|       pointer|
|m_axi_gmem0_WLAST     |  out|    1|       m_axi|                                  gmem0|       pointer|
|m_axi_gmem0_WID       |  out|    1|       m_axi|                                  gmem0|       pointer|
|m_axi_gmem0_WUSER     |  out|    1|       m_axi|                                  gmem0|       pointer|
|m_axi_gmem0_ARVALID   |  out|    1|       m_axi|                                  gmem0|       pointer|
|m_axi_gmem0_ARREADY   |   in|    1|       m_axi|                                  gmem0|       pointer|
|m_axi_gmem0_ARADDR    |  out|   64|       m_axi|                                  gmem0|       pointer|
|m_axi_gmem0_ARID      |  out|    1|       m_axi|                                  gmem0|       pointer|
|m_axi_gmem0_ARLEN     |  out|   32|       m_axi|                                  gmem0|       pointer|
|m_axi_gmem0_ARSIZE    |  out|    3|       m_axi|                                  gmem0|       pointer|
|m_axi_gmem0_ARBURST   |  out|    2|       m_axi|                                  gmem0|       pointer|
|m_axi_gmem0_ARLOCK    |  out|    2|       m_axi|                                  gmem0|       pointer|
|m_axi_gmem0_ARCACHE   |  out|    4|       m_axi|                                  gmem0|       pointer|
|m_axi_gmem0_ARPROT    |  out|    3|       m_axi|                                  gmem0|       pointer|
|m_axi_gmem0_ARQOS     |  out|    4|       m_axi|                                  gmem0|       pointer|
|m_axi_gmem0_ARREGION  |  out|    4|       m_axi|                                  gmem0|       pointer|
|m_axi_gmem0_ARUSER    |  out|    1|       m_axi|                                  gmem0|       pointer|
|m_axi_gmem0_RVALID    |   in|    1|       m_axi|                                  gmem0|       pointer|
|m_axi_gmem0_RREADY    |  out|    1|       m_axi|                                  gmem0|       pointer|
|m_axi_gmem0_RDATA     |   in|    8|       m_axi|                                  gmem0|       pointer|
|m_axi_gmem0_RLAST     |   in|    1|       m_axi|                                  gmem0|       pointer|
|m_axi_gmem0_RID       |   in|    1|       m_axi|                                  gmem0|       pointer|
|m_axi_gmem0_RFIFONUM  |   in|   11|       m_axi|                                  gmem0|       pointer|
|m_axi_gmem0_RUSER     |   in|    1|       m_axi|                                  gmem0|       pointer|
|m_axi_gmem0_RRESP     |   in|    2|       m_axi|                                  gmem0|       pointer|
|m_axi_gmem0_BVALID    |   in|    1|       m_axi|                                  gmem0|       pointer|
|m_axi_gmem0_BREADY    |  out|    1|       m_axi|                                  gmem0|       pointer|
|m_axi_gmem0_BRESP     |   in|    2|       m_axi|                                  gmem0|       pointer|
|m_axi_gmem0_BID       |   in|    1|       m_axi|                                  gmem0|       pointer|
|m_axi_gmem0_BUSER     |   in|    1|       m_axi|                                  gmem0|       pointer|
|a_col                 |   in|   32|     ap_none|                                  a_col|        scalar|
|mul_ln107             |   in|   64|     ap_none|                              mul_ln107|        scalar|
|a                     |   in|   64|     ap_none|                                      a|        scalar|
|localA_address1       |  out|    7|   ap_memory|                                 localA|         array|
|localA_ce1            |  out|    1|   ap_memory|                                 localA|         array|
|localA_we1            |  out|    1|   ap_memory|                                 localA|         array|
|localA_d1             |  out|    8|   ap_memory|                                 localA|         array|
|localA_1_address1     |  out|    7|   ap_memory|                               localA_1|         array|
|localA_1_ce1          |  out|    1|   ap_memory|                               localA_1|         array|
|localA_1_we1          |  out|    1|   ap_memory|                               localA_1|         array|
|localA_1_d1           |  out|    8|   ap_memory|                               localA_1|         array|
|localA_2_address1     |  out|    7|   ap_memory|                               localA_2|         array|
|localA_2_ce1          |  out|    1|   ap_memory|                               localA_2|         array|
|localA_2_we1          |  out|    1|   ap_memory|                               localA_2|         array|
|localA_2_d1           |  out|    8|   ap_memory|                               localA_2|         array|
|localA_3_address1     |  out|    7|   ap_memory|                               localA_3|         array|
|localA_3_ce1          |  out|    1|   ap_memory|                               localA_3|         array|
|localA_3_we1          |  out|    1|   ap_memory|                               localA_3|         array|
|localA_3_d1           |  out|    8|   ap_memory|                               localA_3|         array|
|localA_4_address1     |  out|    7|   ap_memory|                               localA_4|         array|
|localA_4_ce1          |  out|    1|   ap_memory|                               localA_4|         array|
|localA_4_we1          |  out|    1|   ap_memory|                               localA_4|         array|
|localA_4_d1           |  out|    8|   ap_memory|                               localA_4|         array|
|localA_5_address1     |  out|    7|   ap_memory|                               localA_5|         array|
|localA_5_ce1          |  out|    1|   ap_memory|                               localA_5|         array|
|localA_5_we1          |  out|    1|   ap_memory|                               localA_5|         array|
|localA_5_d1           |  out|    8|   ap_memory|                               localA_5|         array|
|localA_6_address1     |  out|    7|   ap_memory|                               localA_6|         array|
|localA_6_ce1          |  out|    1|   ap_memory|                               localA_6|         array|
|localA_6_we1          |  out|    1|   ap_memory|                               localA_6|         array|
|localA_6_d1           |  out|    8|   ap_memory|                               localA_6|         array|
|localA_7_address1     |  out|    7|   ap_memory|                               localA_7|         array|
|localA_7_ce1          |  out|    1|   ap_memory|                               localA_7|         array|
|localA_7_we1          |  out|    1|   ap_memory|                               localA_7|         array|
|localA_7_d1           |  out|    8|   ap_memory|                               localA_7|         array|
+----------------------+-----+-----+------------+---------------------------------------+--------------+

