

================================================================
== Vitis HLS Report for 'mmult'
================================================================
* Date:           Fri Jun  5 01:39:04 2026

* Version:        2023.2 (Build 4023990 on Oct 11 2023)
* Project:        hls_prj
* Solution:       s1 (Vivado IP Flow Target)
* Product family: zynquplus
* Target device:  xck26-sfvc784-2LV-c


================================================================
== Performance Estimates
================================================================
+ Timing: 
    * Summary: 
    +--------+---------+----------+------------+
    |  Clock |  Target | Estimated| Uncertainty|
    +--------+---------+----------+------------+
    |ap_clk  |  3.30 ns|  2.867 ns|     0.89 ns|
    +--------+---------+----------+------------+

+ Latency: 
    * Summary: 
    +---------+---------+----------+----------+------+------+---------+
    |  Latency (cycles) |  Latency (absolute) |   Interval  | Pipeline|
    |   min   |   max   |    min   |    max   |  min |  max |   Type  |
    +---------+---------+----------+----------+------+------+---------+
    |     2091|     2943|  6.900 us|  9.712 us|  2092|  2944|       no|
    +---------+---------+----------+----------+------+------+---------+

    + Detail: 
        * Instance: 
        +-------------------------------------------------------------+--------------------------------------------------+---------+---------+----------+----------+------+------+---------+
        |                                                             |                                                  |  Latency (cycles) |  Latency (absolute) |   Interval  | Pipeline|
        |                           Instance                          |                      Module                      |   min   |   max   |    min   |    max   |  min |  max |   Type  |
        +-------------------------------------------------------------+--------------------------------------------------+---------+---------+----------+----------+------+------+---------+
        |grp_mmult_Pipeline_readA_VITIS_LOOP_147_1_fu_497             |mmult_Pipeline_readA_VITIS_LOOP_147_1             |     1027|     1027|  3.389 us|  3.389 us|  1027|  1027|       no|
        |grp_mmult_Pipeline_readB_VITIS_LOOP_158_2_fu_514             |mmult_Pipeline_readB_VITIS_LOOP_158_2             |     1027|     1027|  3.389 us|  3.389 us|  1027|  1027|       no|
        |grp_mmult_Pipeline_VITIS_LOOP_166_3_VITIS_LOOP_167_4_fu_531  |mmult_Pipeline_VITIS_LOOP_166_3_VITIS_LOOP_167_4  |      130|      130|  0.429 us|  0.429 us|   130|   130|       no|
        |grp_tile_process_fu_599                                      |tile_process                                      |        1|      214|  3.300 ns|  0.706 us|     1|   214|       no|
        |grp_mmult_Pipeline_writeC_VITIS_LOOP_187_5_fu_688            |mmult_Pipeline_writeC_VITIS_LOOP_187_5            |     1028|     1028|  3.392 us|  3.392 us|  1028|  1028|       no|
        +-------------------------------------------------------------+--------------------------------------------------+---------+---------+----------+----------+------+------+---------+

        * Loop: 
        +-------------------+---------+---------+----------+-----------+-----------+------+----------+
        |                   |  Latency (cycles) | Iteration|  Initiation Interval  | Trip |          |
        |     Loop Name     |   min   |   max   |  Latency |  achieved |   target  | Count| Pipelined|
        +-------------------+---------+---------+----------+-----------+-----------+------+----------+
        |- tile_processing  |       12|      864|   3 ~ 216|          -|          -|     4|        no|
        +-------------------+---------+---------+----------+-----------+-----------+------+----------+



================================================================
== Utilization Estimates
================================================================
* Summary: 
+-----------------+---------+------+--------+--------+-----+
|       Name      | BRAM_18K|  DSP |   FF   |   LUT  | URAM|
+-----------------+---------+------+--------+--------+-----+
|DSP              |        -|     -|       -|       -|    -|
|Expression       |        -|     -|       0|     348|    -|
|FIFO             |        -|     -|       -|       -|    -|
|Instance         |        6|  1038|   38767|   31964|    0|
|Memory           |        0|     -|    2304|     512|    0|
|Multiplexer      |        -|     -|       -|    6629|    -|
|Register         |        -|     -|     745|       -|    -|
+-----------------+---------+------+--------+--------+-----+
|Total            |        6|  1038|   41816|   39453|    0|
+-----------------+---------+------+--------+--------+-----+
|Available        |      288|  1248|  234240|  117120|   64|
+-----------------+---------+------+--------+--------+-----+
|Utilization (%)  |        2|    83|      17|      33|    0|
+-----------------+---------+------+--------+--------+-----+

+ Detail: 
    * Instance: 
    +-------------------------------------------------------------+--------------------------------------------------+---------+------+-------+-------+-----+
    |                           Instance                          |                      Module                      | BRAM_18K|  DSP |   FF  |  LUT  | URAM|
    +-------------------------------------------------------------+--------------------------------------------------+---------+------+-------+-------+-----+
    |control_s_axi_U                                              |control_s_axi                                     |        0|     0|    360|    616|    0|
    |gmem0_m_axi_U                                                |gmem0_m_axi                                       |        2|     0|    866|    814|    0|
    |gmem1_m_axi_U                                                |gmem1_m_axi                                       |        2|     0|    866|    814|    0|
    |gmem2_m_axi_U                                                |gmem2_m_axi                                       |        2|     0|    855|    791|    0|
    |grp_mmult_Pipeline_VITIS_LOOP_166_3_VITIS_LOOP_167_4_fu_531  |mmult_Pipeline_VITIS_LOOP_166_3_VITIS_LOOP_167_4  |        0|     0|     30|    143|    0|
    |grp_mmult_Pipeline_readA_VITIS_LOOP_147_1_fu_497             |mmult_Pipeline_readA_VITIS_LOOP_147_1             |        0|     0|    137|    354|    0|
    |grp_mmult_Pipeline_readB_VITIS_LOOP_158_2_fu_514             |mmult_Pipeline_readB_VITIS_LOOP_158_2             |        0|     0|    160|    400|    0|
    |grp_mmult_Pipeline_writeC_VITIS_LOOP_187_5_fu_688            |mmult_Pipeline_writeC_VITIS_LOOP_187_5            |        0|     0|    166|    785|    0|
    |mul_32ns_32ns_64_2_1_U3408                                   |mul_32ns_32ns_64_2_1                              |        0|     4|    165|     49|    0|
    |mul_32ns_32ns_64_2_1_U3409                                   |mul_32ns_32ns_64_2_1                              |        0|     4|    165|     49|    0|
    |mul_32s_32s_32_2_1_U3410                                     |mul_32s_32s_32_2_1                                |        0|     3|    165|     49|    0|
    |mul_32s_32s_32_2_1_U3411                                     |mul_32s_32s_32_2_1                                |        0|     3|    165|     49|    0|
    |grp_tile_process_fu_599                                      |tile_process                                      |        0|  1024|  34667|  27051|    0|
    +-------------------------------------------------------------+--------------------------------------------------+---------+------+-------+-------+-----+
    |Total                                                        |                                                  |        6|  1038|  38767|  31964|    0|
    +-------------------------------------------------------------+--------------------------------------------------+---------+------+-------+-------+-----+

    * DSP: 
    N/A

    * Memory: 
    +-------------+---------------------------+---------+----+----+-----+------+-----+------+-------------+
    |    Memory   |           Module          | BRAM_18K| FF | LUT| URAM| Words| Bits| Banks| W*Bits*Banks|
    +-------------+---------------------------+---------+----+----+-----+------+-----+------+-------------+
    |localA_U     |localA_RAM_2P_LUTRAM_1R1W  |        0|  16|  16|    0|   128|    8|     1|         1024|
    |localA_1_U   |localA_RAM_2P_LUTRAM_1R1W  |        0|  16|  16|    0|   128|    8|     1|         1024|
    |localA_2_U   |localA_RAM_2P_LUTRAM_1R1W  |        0|  16|  16|    0|   128|    8|     1|         1024|
    |localA_3_U   |localA_RAM_2P_LUTRAM_1R1W  |        0|  16|  16|    0|   128|    8|     1|         1024|
    |localA_4_U   |localA_RAM_2P_LUTRAM_1R1W  |        0|  16|  16|    0|   128|    8|     1|         1024|
    |localA_5_U   |localA_RAM_2P_LUTRAM_1R1W  |        0|  16|  16|    0|   128|    8|     1|         1024|
    |localA_6_U   |localA_RAM_2P_LUTRAM_1R1W  |        0|  16|  16|    0|   128|    8|     1|         1024|
    |localA_7_U   |localA_RAM_2P_LUTRAM_1R1W  |        0|  16|  16|    0|   128|    8|     1|         1024|
    |localB_U     |localA_RAM_2P_LUTRAM_1R1W  |        0|  16|  16|    0|   128|    8|     1|         1024|
    |localB_1_U   |localA_RAM_2P_LUTRAM_1R1W  |        0|  16|  16|    0|   128|    8|     1|         1024|
    |localB_2_U   |localA_RAM_2P_LUTRAM_1R1W  |        0|  16|  16|    0|   128|    8|     1|         1024|
    |localB_3_U   |localA_RAM_2P_LUTRAM_1R1W  |        0|  16|  16|    0|   128|    8|     1|         1024|
    |localB_4_U   |localA_RAM_2P_LUTRAM_1R1W  |        0|  16|  16|    0|   128|    8|     1|         1024|
    |localB_5_U   |localA_RAM_2P_LUTRAM_1R1W  |        0|  16|  16|    0|   128|    8|     1|         1024|
    |localB_6_U   |localA_RAM_2P_LUTRAM_1R1W  |        0|  16|  16|    0|   128|    8|     1|         1024|
    |localB_7_U   |localA_RAM_2P_LUTRAM_1R1W  |        0|  16|  16|    0|   128|    8|     1|         1024|
    |localC_U     |localC_RAM_AUTO_1R1W       |        0|  32|   4|    0|    16|   16|     1|          256|
    |localC_1_U   |localC_RAM_AUTO_1R1W       |        0|  32|   4|    0|    16|   16|     1|          256|
    |localC_2_U   |localC_RAM_AUTO_1R1W       |        0|  32|   4|    0|    16|   16|     1|          256|
    |localC_3_U   |localC_RAM_AUTO_1R1W       |        0|  32|   4|    0|    16|   16|     1|          256|
    |localC_4_U   |localC_RAM_AUTO_1R1W       |        0|  32|   4|    0|    16|   16|     1|          256|
    |localC_5_U   |localC_RAM_AUTO_1R1W       |        0|  32|   4|    0|    16|   16|     1|          256|
    |localC_6_U   |localC_RAM_AUTO_1R1W       |        0|  32|   4|    0|    16|   16|     1|          256|
    |localC_7_U   |localC_RAM_AUTO_1R1W       |        0|  32|   4|    0|    16|   16|     1|          256|
    |localC_8_U   |localC_RAM_AUTO_1R1W       |        0|  32|   4|    0|    16|   16|     1|          256|
    |localC_9_U   |localC_RAM_AUTO_1R1W       |        0|  32|   4|    0|    16|   16|     1|          256|
    |localC_10_U  |localC_RAM_AUTO_1R1W       |        0|  32|   4|    0|    16|   16|     1|          256|
    |localC_11_U  |localC_RAM_AUTO_1R1W       |        0|  32|   4|    0|    16|   16|     1|          256|
    |localC_12_U  |localC_RAM_AUTO_1R1W       |        0|  32|   4|    0|    16|   16|     1|          256|
    |localC_13_U  |localC_RAM_AUTO_1R1W       |        0|  32|   4|    0|    16|   16|     1|          256|
    |localC_14_U  |localC_RAM_AUTO_1R1W       |        0|  32|   4|    0|    16|   16|     1|          256|
    |localC_15_U  |localC_RAM_AUTO_1R1W       |        0|  32|   4|    0|    16|   16|     1|          256|
    |localC_16_U  |localC_RAM_AUTO_1R1W       |        0|  32|   4|    0|    16|   16|     1|          256|
    |localC_17_U  |localC_RAM_AUTO_1R1W       |        0|  32|   4|    0|    16|   16|     1|          256|
    |localC_18_U  |localC_RAM_AUTO_1R1W       |        0|  32|   4|    0|    16|   16|     1|          256|
    |localC_19_U  |localC_RAM_AUTO_1R1W       |        0|  32|   4|    0|    16|   16|     1|          256|
    |localC_20_U  |localC_RAM_AUTO_1R1W       |        0|  32|   4|    0|    16|   16|     1|          256|
    |localC_21_U  |localC_RAM_AUTO_1R1W       |        0|  32|   4|    0|    16|   16|     1|          256|
    |localC_22_U  |localC_RAM_AUTO_1R1W       |        0|  32|   4|    0|    16|   16|     1|          256|
    |localC_23_U  |localC_RAM_AUTO_1R1W       |        0|  32|   4|    0|    16|   16|     1|          256|
    |localC_24_U  |localC_RAM_AUTO_1R1W       |        0|  32|   4|    0|    16|   16|     1|          256|
    |localC_25_U  |localC_RAM_AUTO_1R1W       |        0|  32|   4|    0|    16|   16|     1|          256|
    |localC_26_U  |localC_RAM_AUTO_1R1W       |        0|  32|   4|    0|    16|   16|     1|          256|
    |localC_27_U  |localC_RAM_AUTO_1R1W       |        0|  32|   4|    0|    16|   16|     1|          256|
    |localC_28_U  |localC_RAM_AUTO_1R1W       |        0|  32|   4|    0|    16|   16|     1|          256|
    |localC_29_U  |localC_RAM_AUTO_1R1W       |        0|  32|   4|    0|    16|   16|     1|          256|
    |localC_30_U  |localC_RAM_AUTO_1R1W       |        0|  32|   4|    0|    16|   16|     1|          256|
    |localC_31_U  |localC_RAM_AUTO_1R1W       |        0|  32|   4|    0|    16|   16|     1|          256|
    |localC_32_U  |localC_RAM_AUTO_1R1W       |        0|  32|   4|    0|    16|   16|     1|          256|
    |localC_33_U  |localC_RAM_AUTO_1R1W       |        0|  32|   4|    0|    16|   16|     1|          256|
    |localC_34_U  |localC_RAM_AUTO_1R1W       |        0|  32|   4|    0|    16|   16|     1|          256|
    |localC_35_U  |localC_RAM_AUTO_1R1W       |        0|  32|   4|    0|    16|   16|     1|          256|
    |localC_36_U  |localC_RAM_AUTO_1R1W       |        0|  32|   4|    0|    16|   16|     1|          256|
    |localC_37_U  |localC_RAM_AUTO_1R1W       |        0|  32|   4|    0|    16|   16|     1|          256|
    |localC_38_U  |localC_RAM_AUTO_1R1W       |        0|  32|   4|    0|    16|   16|     1|          256|
    |localC_39_U  |localC_RAM_AUTO_1R1W       |        0|  32|   4|    0|    16|   16|     1|          256|
    |localC_40_U  |localC_RAM_AUTO_1R1W       |        0|  32|   4|    0|    16|   16|     1|          256|
    |localC_41_U  |localC_RAM_AUTO_1R1W       |        0|  32|   4|    0|    16|   16|     1|          256|
    |localC_42_U  |localC_RAM_AUTO_1R1W       |        0|  32|   4|    0|    16|   16|     1|          256|
    |localC_43_U  |localC_RAM_AUTO_1R1W       |        0|  32|   4|    0|    16|   16|     1|          256|
    |localC_44_U  |localC_RAM_AUTO_1R1W       |        0|  32|   4|    0|    16|   16|     1|          256|
    |localC_45_U  |localC_RAM_AUTO_1R1W       |        0|  32|   4|    0|    16|   16|     1|          256|
    |localC_46_U  |localC_RAM_AUTO_1R1W       |        0|  32|   4|    0|    16|   16|     1|          256|
    |localC_47_U  |localC_RAM_AUTO_1R1W       |        0|  32|   4|    0|    16|   16|     1|          256|
    |localC_48_U  |localC_RAM_AUTO_1R1W       |        0|  32|   4|    0|    16|   16|     1|          256|
    |localC_49_U  |localC_RAM_AUTO_1R1W       |        0|  32|   4|    0|    16|   16|     1|          256|
    |localC_50_U  |localC_RAM_AUTO_1R1W       |        0|  32|   4|    0|    16|   16|     1|          256|
    |localC_51_U  |localC_RAM_AUTO_1R1W       |        0|  32|   4|    0|    16|   16|     1|          256|
    |localC_52_U  |localC_RAM_AUTO_1R1W       |        0|  32|   4|    0|    16|   16|     1|          256|
    |localC_53_U  |localC_RAM_AUTO_1R1W       |        0|  32|   4|    0|    16|   16|     1|          256|
    |localC_54_U  |localC_RAM_AUTO_1R1W       |        0|  32|   4|    0|    16|   16|     1|          256|
    |localC_55_U  |localC_RAM_AUTO_1R1W       |        0|  32|   4|    0|    16|   16|     1|          256|
    |localC_56_U  |localC_RAM_AUTO_1R1W       |        0|  32|   4|    0|    16|   16|     1|          256|
    |localC_57_U  |localC_RAM_AUTO_1R1W       |        0|  32|   4|    0|    16|   16|     1|          256|
    |localC_58_U  |localC_RAM_AUTO_1R1W       |        0|  32|   4|    0|    16|   16|     1|          256|
    |localC_59_U  |localC_RAM_AUTO_1R1W       |        0|  32|   4|    0|    16|   16|     1|          256|
    |localC_60_U  |localC_RAM_AUTO_1R1W       |        0|  32|   4|    0|    16|   16|     1|          256|
    |localC_61_U  |localC_RAM_AUTO_1R1W       |        0|  32|   4|    0|    16|   16|     1|          256|
    |localC_62_U  |localC_RAM_AUTO_1R1W       |        0|  32|   4|    0|    16|   16|     1|          256|
    |localC_63_U  |localC_RAM_AUTO_1R1W       |        0|  32|   4|    0|    16|   16|     1|          256|
    +-------------+---------------------------+---------+----+----+-----+------+-----+------+-------------+
    |Total        |                           |        0|2304| 512|    0|  3072| 1152|    80|        32768|
    +-------------+---------------------------+---------+----+----+-----+------+-----+------+-------------+

    * FIFO: 
    N/A

    * Expression: 
    +----------------------------------+----------+----+---+----+------------+------------+
    |           Variable Name          | Operation| DSP| FF| LUT| Bitwidth P0| Bitwidth P1|
    +----------------------------------+----------+----+---+----+------------+------------+
    |finish_k_fu_896_p2                |         +|   0|  0|  13|           6|           4|
    |q_2_fu_873_p2                     |         +|   0|  0|  10|           3|           1|
    |cmp199_fu_801_p2                  |      icmp|   0|  0|  39|          32|           1|
    |icmp_ln145_fu_789_p2              |      icmp|   0|  0|  39|          32|           1|
    |icmp_ln156_fu_795_p2              |      icmp|   0|  0|  39|          32|           1|
    |icmp_ln176_fu_867_p2              |      icmp|   0|  0|  12|           3|           4|
    |ap_block_state14_on_subcall_done  |        or|   0|  0|   2|           1|           1|
    |ap_block_state5_io                |        or|   0|  0|   2|           1|           1|
    |empty_33_fu_832_p3                |    select|   0|  0|  32|           1|          32|
    |empty_35_fu_924_p3                |    select|   0|  0|  32|           1|          32|
    |empty_fu_819_p3                   |    select|   0|  0|  32|           1|          32|
    |select_ln145_fu_812_p3            |    select|   0|  0|  32|           1|          32|
    |select_ln156_fu_826_p3            |    select|   0|  0|  32|           1|          32|
    |select_ln185_fu_917_p3            |    select|   0|  0|  32|           1|          32|
    +----------------------------------+----------+----+---+----+------------+------------+
    |Total                             |          |   0|  0| 348|         116|         206|
    +----------------------------------+----------+----+---+----+------------+------------+

    * Multiplexer: 
    +--------------------+-----+-----------+-----+-----------+
    |        Name        | LUT | Input Size| Bits| Total Bits|
    +--------------------+-----+-----------+-----+-----------+
    |ap_NS_fsm           |  135|         27|    1|         27|
    |gmem0_ARADDR        |   14|          3|   64|        192|
    |gmem0_ARLEN         |   14|          3|   32|         96|
    |gmem0_ARVALID       |   14|          3|    1|          3|
    |gmem0_RREADY        |    9|          2|    1|          2|
    |gmem0_blk_n_AR      |    9|          2|    1|          2|
    |gmem1_ARADDR        |   14|          3|   64|        192|
    |gmem1_ARLEN         |   14|          3|   32|         96|
    |gmem1_ARVALID       |   14|          3|    1|          3|
    |gmem1_RREADY        |    9|          2|    1|          2|
    |gmem1_blk_n_AR      |    9|          2|    1|          2|
    |gmem2_AWADDR        |   14|          3|   64|        192|
    |gmem2_AWLEN         |   14|          3|   32|         96|
    |gmem2_AWVALID       |   14|          3|    1|          3|
    |gmem2_BREADY        |   14|          3|    1|          3|
    |gmem2_WVALID        |    9|          2|    1|          2|
    |gmem2_blk_n_AW      |    9|          2|    1|          2|
    |gmem2_blk_n_B       |    9|          2|    1|          2|
    |grp_fu_761_p0       |   14|          3|   32|         96|
    |grp_fu_761_p1       |   14|          3|   32|         96|
    |grp_fu_771_p0       |   14|          3|   32|         96|
    |localA_1_address1   |   14|          3|    7|         21|
    |localA_1_ce0        |    9|          2|    1|          2|
    |localA_1_ce1        |   14|          3|    1|          3|
    |localA_1_we1        |    9|          2|    1|          2|
    |localA_2_address1   |   14|          3|    7|         21|
    |localA_2_ce0        |    9|          2|    1|          2|
    |localA_2_ce1        |   14|          3|    1|          3|
    |localA_2_we1        |    9|          2|    1|          2|
    |localA_3_address1   |   14|          3|    7|         21|
    |localA_3_ce0        |    9|          2|    1|          2|
    |localA_3_ce1        |   14|          3|    1|          3|
    |localA_3_we1        |    9|          2|    1|          2|
    |localA_4_address1   |   14|          3|    7|         21|
    |localA_4_ce0        |    9|          2|    1|          2|
    |localA_4_ce1        |   14|          3|    1|          3|
    |localA_4_we1        |    9|          2|    1|          2|
    |localA_5_address1   |   14|          3|    7|         21|
    |localA_5_ce0        |    9|          2|    1|          2|
    |localA_5_ce1        |   14|          3|    1|          3|
    |localA_5_we1        |    9|          2|    1|          2|
    |localA_6_address1   |   14|          3|    7|         21|
    |localA_6_ce0        |    9|          2|    1|          2|
    |localA_6_ce1        |   14|          3|    1|          3|
    |localA_6_we1        |    9|          2|    1|          2|
    |localA_7_address1   |   14|          3|    7|         21|
    |localA_7_ce0        |    9|          2|    1|          2|
    |localA_7_ce1        |   14|          3|    1|          3|
    |localA_7_we1        |    9|          2|    1|          2|
    |localA_address1     |   14|          3|    7|         21|
    |localA_ce0          |    9|          2|    1|          2|
    |localA_ce1          |   14|          3|    1|          3|
    |localA_we1          |    9|          2|    1|          2|
    |localB_1_address1   |   14|          3|    7|         21|
    |localB_1_ce0        |    9|          2|    1|          2|
    |localB_1_ce1        |   14|          3|    1|          3|
    |localB_1_we1        |    9|          2|    1|          2|
    |localB_2_address1   |   14|          3|    7|         21|
    |localB_2_ce0        |    9|          2|    1|          2|
    |localB_2_ce1        |   14|          3|    1|          3|
    |localB_2_we1        |    9|          2|    1|          2|
    |localB_3_address1   |   14|          3|    7|         21|
    |localB_3_ce0        |    9|          2|    1|          2|
    |localB_3_ce1        |   14|          3|    1|          3|
    |localB_3_we1        |    9|          2|    1|          2|
    |localB_4_address1   |   14|          3|    7|         21|
    |localB_4_ce0        |    9|          2|    1|          2|
    |localB_4_ce1        |   14|          3|    1|          3|
    |localB_4_we1        |    9|          2|    1|          2|
    |localB_5_address1   |   14|          3|    7|         21|
    |localB_5_ce0        |    9|          2|    1|          2|
    |localB_5_ce1        |   14|          3|    1|          3|
    |localB_5_we1        |    9|          2|    1|          2|
    |localB_6_address1   |   14|          3|    7|         21|
    |localB_6_ce0        |    9|          2|    1|          2|
    |localB_6_ce1        |   14|          3|    1|          3|
    |localB_6_we1        |    9|          2|    1|          2|
    |localB_7_address1   |   14|          3|    7|         21|
    |localB_7_ce0        |    9|          2|    1|          2|
    |localB_7_ce1        |   14|          3|    1|          3|
    |localB_7_we1        |    9|          2|    1|          2|
    |localB_address1     |   14|          3|    7|         21|
    |localB_ce0          |    9|          2|    1|          2|
    |localB_ce1          |   14|          3|    1|          3|
    |localB_we1          |    9|          2|    1|          2|
    |localC_10_address0  |   20|          4|    4|         16|
    |localC_10_ce0       |   20|          4|    1|          4|
    |localC_10_ce1       |    9|          2|    1|          2|
    |localC_10_d0        |   14|          3|   16|         48|
    |localC_10_we0       |   14|          3|    1|          3|
    |localC_10_we1       |    9|          2|    1|          2|
    |localC_11_address0  |   20|          4|    4|         16|
    |localC_11_ce0       |   20|          4|    1|          4|
    |localC_11_ce1       |    9|          2|    1|          2|
    |localC_11_d0        |   14|          3|   16|         48|
    |localC_11_we0       |   14|          3|    1|          3|
    |localC_11_we1       |    9|          2|    1|          2|
    |localC_12_address0  |   20|          4|    4|         16|
    |localC_12_ce0       |   20|          4|    1|          4|
    |localC_12_ce1       |    9|          2|    1|          2|
    |localC_12_d0        |   14|          3|   16|         48|
    |localC_12_we0       |   14|          3|    1|          3|
    |localC_12_we1       |    9|          2|    1|          2|
    |localC_13_address0  |   20|          4|    4|         16|
    |localC_13_ce0       |   20|          4|    1|          4|
    |localC_13_ce1       |    9|          2|    1|          2|
    |localC_13_d0        |   14|          3|   16|         48|
    |localC_13_we0       |   14|          3|    1|          3|
    |localC_13_we1       |    9|          2|    1|          2|
    |localC_14_address0  |   20|          4|    4|         16|
    |localC_14_ce0       |   20|          4|    1|          4|
    |localC_14_ce1       |    9|          2|    1|          2|
    |localC_14_d0        |   14|          3|   16|         48|
    |localC_14_we0       |   14|          3|    1|          3|
    |localC_14_we1       |    9|          2|    1|          2|
    |localC_15_address0  |   20|          4|    4|         16|
    |localC_15_ce0       |   20|          4|    1|          4|
    |localC_15_ce1       |    9|          2|    1|          2|
    |localC_15_d0        |   14|          3|   16|         48|
    |localC_15_we0       |   14|          3|    1|          3|
    |localC_15_we1       |    9|          2|    1|          2|
    |localC_16_address0  |   20|          4|    4|         16|
    |localC_16_ce0       |   20|          4|    1|          4|
    |localC_16_ce1       |    9|          2|    1|          2|
    |localC_16_d0        |   14|          3|   16|         48|
    |localC_16_we0       |   14|          3|    1|          3|
    |localC_16_we1       |    9|          2|    1|          2|
    |localC_17_address0  |   20|          4|    4|         16|
    |localC_17_ce0       |   20|          4|    1|          4|
    |localC_17_ce1       |    9|          2|    1|          2|
    |localC_17_d0        |   14|          3|   16|         48|
    |localC_17_we0       |   14|          3|    1|          3|
    |localC_17_we1       |    9|          2|    1|          2|
    |localC_18_address0  |   20|          4|    4|         16|
    |localC_18_ce0       |   20|          4|    1|          4|
    |localC_18_ce1       |    9|          2|    1|          2|
    |localC_18_d0        |   14|          3|   16|         48|
    |localC_18_we0       |   14|          3|    1|          3|
    |localC_18_we1       |    9|          2|    1|          2|
    |localC_19_address0  |   20|          4|    4|         16|
    |localC_19_ce0       |   20|          4|    1|          4|
    |localC_19_ce1       |    9|          2|    1|          2|
    |localC_19_d0        |   14|          3|   16|         48|
    |localC_19_we0       |   14|          3|    1|          3|
    |localC_19_we1       |    9|          2|    1|          2|
    |localC_1_address0   |   20|          4|    4|         16|
    |localC_1_ce0        |   20|          4|    1|          4|
    |localC_1_ce1        |    9|          2|    1|          2|
    |localC_1_d0         |   14|          3|   16|         48|
    |localC_1_we0        |   14|          3|    1|          3|
    |localC_1_we1        |    9|          2|    1|          2|
    |localC_20_address0  |   20|          4|    4|         16|
    |localC_20_ce0       |   20|          4|    1|          4|
    |localC_20_ce1       |    9|          2|    1|          2|
    |localC_20_d0        |   14|          3|   16|         48|
    |localC_20_we0       |   14|          3|    1|          3|
    |localC_20_we1       |    9|          2|    1|          2|
    |localC_21_address0  |   20|          4|    4|         16|
    |localC_21_ce0       |   20|          4|    1|          4|
    |localC_21_ce1       |    9|          2|    1|          2|
    |localC_21_d0        |   14|          3|   16|         48|
    |localC_21_we0       |   14|          3|    1|          3|
    |localC_21_we1       |    9|          2|    1|          2|
    |localC_22_address0  |   20|          4|    4|         16|
    |localC_22_ce0       |   20|          4|    1|          4|
    |localC_22_ce1       |    9|          2|    1|          2|
    |localC_22_d0        |   14|          3|   16|         48|
    |localC_22_we0       |   14|          3|    1|          3|
    |localC_22_we1       |    9|          2|    1|          2|
    |localC_23_address0  |   20|          4|    4|         16|
    |localC_23_ce0       |   20|          4|    1|          4|
    |localC_23_ce1       |    9|          2|    1|          2|
    |localC_23_d0        |   14|          3|   16|         48|
    |localC_23_we0       |   14|          3|    1|          3|
    |localC_23_we1       |    9|          2|    1|          2|
    |localC_24_address0  |   20|          4|    4|         16|
    |localC_24_ce0       |   20|          4|    1|          4|
    |localC_24_ce1       |    9|          2|    1|          2|
    |localC_24_d0        |   14|          3|   16|         48|
    |localC_24_we0       |   14|          3|    1|          3|
    |localC_24_we1       |    9|          2|    1|          2|
    |localC_25_address0  |   20|          4|    4|         16|
    |localC_25_ce0       |   20|          4|    1|          4|
    |localC_25_ce1       |    9|          2|    1|          2|
    |localC_25_d0        |   14|          3|   16|         48|
    |localC_25_we0       |   14|          3|    1|          3|
    |localC_25_we1       |    9|          2|    1|          2|
    |localC_26_address0  |   20|          4|    4|         16|
    |localC_26_ce0       |   20|          4|    1|          4|
    |localC_26_ce1       |    9|          2|    1|          2|
    |localC_26_d0        |   14|          3|   16|         48|
    |localC_26_we0       |   14|          3|    1|          3|
    |localC_26_we1       |    9|          2|    1|          2|
    |localC_27_address0  |   20|          4|    4|         16|
    |localC_27_ce0       |   20|          4|    1|          4|
    |localC_27_ce1       |    9|          2|    1|          2|
    |localC_27_d0        |   14|          3|   16|         48|
    |localC_27_we0       |   14|          3|    1|          3|
    |localC_27_we1       |    9|          2|    1|          2|
    |localC_28_address0  |   20|          4|    4|         16|
    |localC_28_ce0       |   20|          4|    1|          4|
    |localC_28_ce1       |    9|          2|    1|          2|
    |localC_28_d0        |   14|          3|   16|         48|
    |localC_28_we0       |   14|          3|    1|          3|
    |localC_28_we1       |    9|          2|    1|          2|
    |localC_29_address0  |   20|          4|    4|         16|
    |localC_29_ce0       |   20|          4|    1|          4|
    |localC_29_ce1       |    9|          2|    1|          2|
    |localC_29_d0        |   14|          3|   16|         48|
    |localC_29_we0       |   14|          3|    1|          3|
    |localC_29_we1       |    9|          2|    1|          2|
    |localC_2_address0   |   20|          4|    4|         16|
    |localC_2_ce0        |   20|          4|    1|          4|
    |localC_2_ce1        |    9|          2|    1|          2|
    |localC_2_d0         |   14|          3|   16|         48|
    |localC_2_we0        |   14|          3|    1|          3|
    |localC_2_we1        |    9|          2|    1|          2|
    |localC_30_address0  |   20|          4|    4|         16|
    |localC_30_ce0       |   20|          4|    1|          4|
    |localC_30_ce1       |    9|          2|    1|          2|
    |localC_30_d0        |   14|          3|   16|         48|
    |localC_30_we0       |   14|          3|    1|          3|
    |localC_30_we1       |    9|          2|    1|          2|
    |localC_31_address0  |   20|          4|    4|         16|
    |localC_31_ce0       |   20|          4|    1|          4|
    |localC_31_ce1       |    9|          2|    1|          2|
    |localC_31_d0        |   14|          3|   16|         48|
    |localC_31_we0       |   14|          3|    1|          3|
    |localC_31_we1       |    9|          2|    1|          2|
    |localC_32_address0  |   20|          4|    4|         16|
    |localC_32_ce0       |   20|          4|    1|          4|
    |localC_32_ce1       |    9|          2|    1|          2|
    |localC_32_d0        |   14|          3|   16|         48|
    |localC_32_we0       |   14|          3|    1|          3|
    |localC_32_we1       |    9|          2|    1|          2|
    |localC_33_address0  |   20|          4|    4|         16|
    |localC_33_ce0       |   20|          4|    1|          4|
    |localC_33_ce1       |    9|          2|    1|          2|
    |localC_33_d0        |   14|          3|   16|         48|
    |localC_33_we0       |   14|          3|    1|          3|
    |localC_33_we1       |    9|          2|    1|          2|
    |localC_34_address0  |   20|          4|    4|         16|
    |localC_34_ce0       |   20|          4|    1|          4|
    |localC_34_ce1       |    9|          2|    1|          2|
    |localC_34_d0        |   14|          3|   16|         48|
    |localC_34_we0       |   14|          3|    1|          3|
    |localC_34_we1       |    9|          2|    1|          2|
    |localC_35_address0  |   20|          4|    4|         16|
    |localC_35_ce0       |   20|          4|    1|          4|
    |localC_35_ce1       |    9|          2|    1|          2|
    |localC_35_d0        |   14|          3|   16|         48|
    |localC_35_we0       |   14|          3|    1|          3|
    |localC_35_we1       |    9|          2|    1|          2|
    |localC_36_address0  |   20|          4|    4|         16|
    |localC_36_ce0       |   20|          4|    1|          4|
    |localC_36_ce1       |    9|          2|    1|          2|
    |localC_36_d0        |   14|          3|   16|         48|
    |localC_36_we0       |   14|          3|    1|          3|
    |localC_36_we1       |    9|          2|    1|          2|
    |localC_37_address0  |   20|          4|    4|         16|
    |localC_37_ce0       |   20|          4|    1|          4|
    |localC_37_ce1       |    9|          2|    1|          2|
    |localC_37_d0        |   14|          3|   16|         48|
    |localC_37_we0       |   14|          3|    1|          3|
    |localC_37_we1       |    9|          2|    1|          2|
    |localC_38_address0  |   20|          4|    4|         16|
    |localC_38_ce0       |   20|          4|    1|          4|
    |localC_38_ce1       |    9|          2|    1|          2|
    |localC_38_d0        |   14|          3|   16|         48|
    |localC_38_we0       |   14|          3|    1|          3|
    |localC_38_we1       |    9|          2|    1|          2|
    |localC_39_address0  |   20|          4|    4|         16|
    |localC_39_ce0       |   20|          4|    1|          4|
    |localC_39_ce1       |    9|          2|    1|          2|
    |localC_39_d0        |   14|          3|   16|         48|
    |localC_39_we0       |   14|          3|    1|          3|
    |localC_39_we1       |    9|          2|    1|          2|
    |localC_3_address0   |   20|          4|    4|         16|
    |localC_3_ce0        |   20|          4|    1|          4|
    |localC_3_ce1        |    9|          2|    1|          2|
    |localC_3_d0         |   14|          3|   16|         48|
    |localC_3_we0        |   14|          3|    1|          3|
    |localC_3_we1        |    9|          2|    1|          2|
    |localC_40_address0  |   20|          4|    4|         16|
    |localC_40_ce0       |   20|          4|    1|          4|
    |localC_40_ce1       |    9|          2|    1|          2|
    |localC_40_d0        |   14|          3|   16|         48|
    |localC_40_we0       |   14|          3|    1|          3|
    |localC_40_we1       |    9|          2|    1|          2|
    |localC_41_address0  |   20|          4|    4|         16|
    |localC_41_ce0       |   20|          4|    1|          4|
    |localC_41_ce1       |    9|          2|    1|          2|
    |localC_41_d0        |   14|          3|   16|         48|
    |localC_41_we0       |   14|          3|    1|          3|
    |localC_41_we1       |    9|          2|    1|          2|
    |localC_42_address0  |   20|          4|    4|         16|
    |localC_42_ce0       |   20|          4|    1|          4|
    |localC_42_ce1       |    9|          2|    1|          2|
    |localC_42_d0        |   14|          3|   16|         48|
    |localC_42_we0       |   14|          3|    1|          3|
    |localC_42_we1       |    9|          2|    1|          2|
    |localC_43_address0  |   20|          4|    4|         16|
    |localC_43_ce0       |   20|          4|    1|          4|
    |localC_43_ce1       |    9|          2|    1|          2|
    |localC_43_d0        |   14|          3|   16|         48|
    |localC_43_we0       |   14|          3|    1|          3|
    |localC_43_we1       |    9|          2|    1|          2|
    |localC_44_address0  |   20|          4|    4|         16|
    |localC_44_ce0       |   20|          4|    1|          4|
    |localC_44_ce1       |    9|          2|    1|          2|
    |localC_44_d0        |   14|          3|   16|         48|
    |localC_44_we0       |   14|          3|    1|          3|
    |localC_44_we1       |    9|          2|    1|          2|
    |localC_45_address0  |   20|          4|    4|         16|
    |localC_45_ce0       |   20|          4|    1|          4|
    |localC_45_ce1       |    9|          2|    1|          2|
    |localC_45_d0        |   14|          3|   16|         48|
    |localC_45_we0       |   14|          3|    1|          3|
    |localC_45_we1       |    9|          2|    1|          2|
    |localC_46_address0  |   20|          4|    4|         16|
    |localC_46_ce0       |   20|          4|    1|          4|
    |localC_46_ce1       |    9|          2|    1|          2|
    |localC_46_d0        |   14|          3|   16|         48|
    |localC_46_we0       |   14|          3|    1|          3|
    |localC_46_we1       |    9|          2|    1|          2|
    |localC_47_address0  |   20|          4|    4|         16|
    |localC_47_ce0       |   20|          4|    1|          4|
    |localC_47_ce1       |    9|          2|    1|          2|
    |localC_47_d0        |   14|          3|   16|         48|
    |localC_47_we0       |   14|          3|    1|          3|
    |localC_47_we1       |    9|          2|    1|          2|
    |localC_48_address0  |   20|          4|    4|         16|
    |localC_48_ce0       |   20|          4|    1|          4|
    |localC_48_ce1       |    9|          2|    1|          2|
    |localC_48_d0        |   14|          3|   16|         48|
    |localC_48_we0       |   14|          3|    1|          3|
    |localC_48_we1       |    9|          2|    1|          2|
    |localC_49_address0  |   20|          4|    4|         16|
    |localC_49_ce0       |   20|          4|    1|          4|
    |localC_49_ce1       |    9|          2|    1|          2|
    |localC_49_d0        |   14|          3|   16|         48|
    |localC_49_we0       |   14|          3|    1|          3|
    |localC_49_we1       |    9|          2|    1|          2|
    |localC_4_address0   |   20|          4|    4|         16|
    |localC_4_ce0        |   20|          4|    1|          4|
    |localC_4_ce1        |    9|          2|    1|          2|
    |localC_4_d0         |   14|          3|   16|         48|
    |localC_4_we0        |   14|          3|    1|          3|
    |localC_4_we1        |    9|          2|    1|          2|
    |localC_50_address0  |   20|          4|    4|         16|
    |localC_50_ce0       |   20|          4|    1|          4|
    |localC_50_ce1       |    9|          2|    1|          2|
    |localC_50_d0        |   14|          3|   16|         48|
    |localC_50_we0       |   14|          3|    1|          3|
    |localC_50_we1       |    9|          2|    1|          2|
    |localC_51_address0  |   20|          4|    4|         16|
    |localC_51_ce0       |   20|          4|    1|          4|
    |localC_51_ce1       |    9|          2|    1|          2|
    |localC_51_d0        |   14|          3|   16|         48|
    |localC_51_we0       |   14|          3|    1|          3|
    |localC_51_we1       |    9|          2|    1|          2|
    |localC_52_address0  |   20|          4|    4|         16|
    |localC_52_ce0       |   20|          4|    1|          4|
    |localC_52_ce1       |    9|          2|    1|          2|
    |localC_52_d0        |   14|          3|   16|         48|
    |localC_52_we0       |   14|          3|    1|          3|
    |localC_52_we1       |    9|          2|    1|          2|
    |localC_53_address0  |   20|          4|    4|         16|
    |localC_53_ce0       |   20|          4|    1|          4|
    |localC_53_ce1       |    9|          2|    1|          2|
    |localC_53_d0        |   14|          3|   16|         48|
    |localC_53_we0       |   14|          3|    1|          3|
    |localC_53_we1       |    9|          2|    1|          2|
    |localC_54_address0  |   20|          4|    4|         16|
    |localC_54_ce0       |   20|          4|    1|          4|
    |localC_54_ce1       |    9|          2|    1|          2|
    |localC_54_d0        |   14|          3|   16|         48|
    |localC_54_we0       |   14|          3|    1|          3|
    |localC_54_we1       |    9|          2|    1|          2|
    |localC_55_address0  |   20|          4|    4|         16|
    |localC_55_ce0       |   20|          4|    1|          4|
    |localC_55_ce1       |    9|          2|    1|          2|
    |localC_55_d0        |   14|          3|   16|         48|
    |localC_55_we0       |   14|          3|    1|          3|
    |localC_55_we1       |    9|          2|    1|          2|
    |localC_56_address0  |   20|          4|    4|         16|
    |localC_56_ce0       |   20|          4|    1|          4|
    |localC_56_ce1       |    9|          2|    1|          2|
    |localC_56_d0        |   14|          3|   16|         48|
    |localC_56_we0       |   14|          3|    1|          3|
    |localC_56_we1       |    9|          2|    1|          2|
    |localC_57_address0  |   20|          4|    4|         16|
    |localC_57_ce0       |   20|          4|    1|          4|
    |localC_57_ce1       |    9|          2|    1|          2|
    |localC_57_d0        |   14|          3|   16|         48|
    |localC_57_we0       |   14|          3|    1|          3|
    |localC_57_we1       |    9|          2|    1|          2|
    |localC_58_address0  |   20|          4|    4|         16|
    |localC_58_ce0       |   20|          4|    1|          4|
    |localC_58_ce1       |    9|          2|    1|          2|
    |localC_58_d0        |   14|          3|   16|         48|
    |localC_58_we0       |   14|          3|    1|          3|
    |localC_58_we1       |    9|          2|    1|          2|
    |localC_59_address0  |   20|          4|    4|         16|
    |localC_59_ce0       |   20|          4|    1|          4|
    |localC_59_ce1       |    9|          2|    1|          2|
    |localC_59_d0        |   14|          3|   16|         48|
    |localC_59_we0       |   14|          3|    1|          3|
    |localC_59_we1       |    9|          2|    1|          2|
    |localC_5_address0   |   20|          4|    4|         16|
    |localC_5_ce0        |   20|          4|    1|          4|
    |localC_5_ce1        |    9|          2|    1|          2|
    |localC_5_d0         |   14|          3|   16|         48|
    |localC_5_we0        |   14|          3|    1|          3|
    |localC_5_we1        |    9|          2|    1|          2|
    |localC_60_address0  |   20|          4|    4|         16|
    |localC_60_ce0       |   20|          4|    1|          4|
    |localC_60_ce1       |    9|          2|    1|          2|
    |localC_60_d0        |   14|          3|   16|         48|
    |localC_60_we0       |   14|          3|    1|          3|
    |localC_60_we1       |    9|          2|    1|          2|
    |localC_61_address0  |   20|          4|    4|         16|
    |localC_61_ce0       |   20|          4|    1|          4|
    |localC_61_ce1       |    9|          2|    1|          2|
    |localC_61_d0        |   14|          3|   16|         48|
    |localC_61_we0       |   14|          3|    1|          3|
    |localC_61_we1       |    9|          2|    1|          2|
    |localC_62_address0  |   20|          4|    4|         16|
    |localC_62_ce0       |   20|          4|    1|          4|
    |localC_62_ce1       |    9|          2|    1|          2|
    |localC_62_d0        |   14|          3|   16|         48|
    |localC_62_we0       |   14|          3|    1|          3|
    |localC_62_we1       |    9|          2|    1|          2|
    |localC_63_address0  |   20|          4|    4|         16|
    |localC_63_ce0       |   20|          4|    1|          4|
    |localC_63_ce1       |    9|          2|    1|          2|
    |localC_63_d0        |   14|          3|   16|         48|
    |localC_63_we0       |   14|          3|    1|          3|
    |localC_63_we1       |    9|          2|    1|          2|
    |localC_6_address0   |   20|          4|    4|         16|
    |localC_6_ce0        |   20|          4|    1|          4|
    |localC_6_ce1        |    9|          2|    1|          2|
    |localC_6_d0         |   14|          3|   16|         48|
    |localC_6_we0        |   14|          3|    1|          3|
    |localC_6_we1        |    9|          2|    1|          2|
    |localC_7_address0   |   20|          4|    4|         16|
    |localC_7_ce0        |   20|          4|    1|          4|
    |localC_7_ce1        |    9|          2|    1|          2|
    |localC_7_d0         |   14|          3|   16|         48|
    |localC_7_we0        |   14|          3|    1|          3|
    |localC_7_we1        |    9|          2|    1|          2|
    |localC_8_address0   |   20|          4|    4|         16|
    |localC_8_ce0        |   20|          4|    1|          4|
    |localC_8_ce1        |    9|          2|    1|          2|
    |localC_8_d0         |   14|          3|   16|         48|
    |localC_8_we0        |   14|          3|    1|          3|
    |localC_8_we1        |    9|          2|    1|          2|
    |localC_9_address0   |   20|          4|    4|         16|
    |localC_9_ce0        |   20|          4|    1|          4|
    |localC_9_ce1        |    9|          2|    1|          2|
    |localC_9_d0         |   14|          3|   16|         48|
    |localC_9_we0        |   14|          3|    1|          3|
    |localC_9_we1        |    9|          2|    1|          2|
    |localC_address0     |   20|          4|    4|         16|
    |localC_ce0          |   20|          4|    1|          4|
    |localC_ce1          |    9|          2|    1|          2|
    |localC_d0           |   14|          3|   16|         48|
    |localC_we0          |   14|          3|    1|          3|
    |localC_we1          |    9|          2|    1|          2|
    |q_fu_118            |    9|          2|    3|          6|
    +--------------------+-----+-----------+-----+-----------+
    |Total               | 6629|       1394| 2095|       6459|
    +--------------------+-----+-----------+-----+-----------+

    * Register: 
    +--------------------------------------------------------------------------+----+----+-----+-----------+
    |                                   Name                                   | FF | LUT| Bits| Const Bits|
    +--------------------------------------------------------------------------+----+----+-----+-----------+
    |a_col_read_reg_958                                                        |  32|   0|   32|          0|
    |a_read_reg_985                                                            |  64|   0|   64|          0|
    |a_row_read_reg_967                                                        |  32|   0|   32|          0|
    |ap_CS_fsm                                                                 |  26|   0|   26|          0|
    |b_col_read_reg_948                                                        |  32|   0|   32|          0|
    |b_read_reg_979                                                            |  64|   0|   64|          0|
    |c_read_reg_974                                                            |  64|   0|   64|          0|
    |cmp199_reg_1003                                                           |   1|   0|    1|          0|
    |empty_33_reg_1019                                                         |  32|   0|   32|          0|
    |empty_35_reg_1075                                                         |  32|   0|   32|          0|
    |empty_reg_1014                                                            |  32|   0|   32|          0|
    |finish_k_reg_1064                                                         |   3|   0|    6|          3|
    |grp_mmult_Pipeline_VITIS_LOOP_166_3_VITIS_LOOP_167_4_fu_531_ap_start_reg  |   1|   0|    1|          0|
    |grp_mmult_Pipeline_readA_VITIS_LOOP_147_1_fu_497_ap_start_reg             |   1|   0|    1|          0|
    |grp_mmult_Pipeline_readB_VITIS_LOOP_158_2_fu_514_ap_start_reg             |   1|   0|    1|          0|
    |grp_mmult_Pipeline_writeC_VITIS_LOOP_187_5_fu_688_ap_start_reg            |   1|   0|    1|          0|
    |grp_tile_process_fu_599_ap_start_reg                                      |   1|   0|    1|          0|
    |icmp_ln145_reg_991                                                        |   1|   0|    1|          0|
    |icmp_ln156_reg_997                                                        |   1|   0|    1|          0|
    |mul_ln145_1_reg_1051                                                      |  64|   0|   64|          0|
    |mul_ln156_reg_1009                                                        |  32|   0|   32|          0|
    |q_fu_118                                                                  |   3|   0|    3|          0|
    |reg_779                                                                   |  32|   0|   32|          0|
    |reg_783                                                                   |  64|   0|   64|          0|
    |start_k_reg_1059                                                          |   2|   0|    5|          3|
    |trunc_ln3_reg_1069                                                        |  63|   0|   63|          0|
    |zext_ln107_reg_1034                                                       |  32|   0|   64|         32|
    |zext_ln145_reg_1045                                                       |  32|   0|   64|         32|
    +--------------------------------------------------------------------------+----+----+-----+-----------+
    |Total                                                                     | 745|   0|  815|         70|
    +--------------------------------------------------------------------------+----+----+-----+-----------+



================================================================
== Interface
================================================================
* Summary: 
+-----------------------+-----+-----+------------+--------------+--------------+
|       RTL Ports       | Dir | Bits|  Protocol  | Source Object|    C Type    |
+-----------------------+-----+-----+------------+--------------+--------------+
|s_axi_control_AWVALID  |   in|    1|       s_axi|       control|        scalar|
|s_axi_control_AWREADY  |  out|    1|       s_axi|       control|        scalar|
|s_axi_control_AWADDR   |   in|    7|       s_axi|       control|        scalar|
|s_axi_control_WVALID   |   in|    1|       s_axi|       control|        scalar|
|s_axi_control_WREADY   |  out|    1|       s_axi|       control|        scalar|
|s_axi_control_WDATA    |   in|   32|       s_axi|       control|        scalar|
|s_axi_control_WSTRB    |   in|    4|       s_axi|       control|        scalar|
|s_axi_control_ARVALID  |   in|    1|       s_axi|       control|        scalar|
|s_axi_control_ARREADY  |  out|    1|       s_axi|       control|        scalar|
|s_axi_control_ARADDR   |   in|    7|       s_axi|       control|        scalar|
|s_axi_control_RVALID   |  out|    1|       s_axi|       control|        scalar|
|s_axi_control_RREADY   |   in|    1|       s_axi|       control|        scalar|
|s_axi_control_RDATA    |  out|   32|       s_axi|       control|        scalar|
|s_axi_control_RRESP    |  out|    2|       s_axi|       control|        scalar|
|s_axi_control_BVALID   |  out|    1|       s_axi|       control|        scalar|
|s_axi_control_BREADY   |   in|    1|       s_axi|       control|        scalar|
|s_axi_control_BRESP    |  out|    2|       s_axi|       control|        scalar|
|ap_clk                 |   in|    1|  ap_ctrl_hs|         mmult|  return value|
|ap_rst_n               |   in|    1|  ap_ctrl_hs|         mmult|  return value|
|interrupt              |  out|    1|  ap_ctrl_hs|         mmult|  return value|
|m_axi_gmem0_AWVALID    |  out|    1|       m_axi|         gmem0|       pointer|
|m_axi_gmem0_AWREADY    |   in|    1|       m_axi|         gmem0|       pointer|
|m_axi_gmem0_AWADDR     |  out|   64|       m_axi|         gmem0|       pointer|
|m_axi_gmem0_AWID       |  out|    1|       m_axi|         gmem0|       pointer|
|m_axi_gmem0_AWLEN      |  out|    8|       m_axi|         gmem0|       pointer|
|m_axi_gmem0_AWSIZE     |  out|    3|       m_axi|         gmem0|       pointer|
|m_axi_gmem0_AWBURST    |  out|    2|       m_axi|         gmem0|       pointer|
|m_axi_gmem0_AWLOCK     |  out|    2|       m_axi|         gmem0|       pointer|
|m_axi_gmem0_AWCACHE    |  out|    4|       m_axi|         gmem0|       pointer|
|m_axi_gmem0_AWPROT     |  out|    3|       m_axi|         gmem0|       pointer|
|m_axi_gmem0_AWQOS      |  out|    4|       m_axi|         gmem0|       pointer|
|m_axi_gmem0_AWREGION   |  out|    4|       m_axi|         gmem0|       pointer|
|m_axi_gmem0_AWUSER     |  out|    1|       m_axi|         gmem0|       pointer|
|m_axi_gmem0_WVALID     |  out|    1|       m_axi|         gmem0|       pointer|
|m_axi_gmem0_WREADY     |   in|    1|       m_axi|         gmem0|       pointer|
|m_axi_gmem0_WDATA      |  out|   32|       m_axi|         gmem0|       pointer|
|m_axi_gmem0_WSTRB      |  out|    4|       m_axi|         gmem0|       pointer|
|m_axi_gmem0_WLAST      |  out|    1|       m_axi|         gmem0|       pointer|
|m_axi_gmem0_WID        |  out|    1|       m_axi|         gmem0|       pointer|
|m_axi_gmem0_WUSER      |  out|    1|       m_axi|         gmem0|       pointer|
|m_axi_gmem0_ARVALID    |  out|    1|       m_axi|         gmem0|       pointer|
|m_axi_gmem0_ARREADY    |   in|    1|       m_axi|         gmem0|       pointer|
|m_axi_gmem0_ARADDR     |  out|   64|       m_axi|         gmem0|       pointer|
|m_axi_gmem0_ARID       |  out|    1|       m_axi|         gmem0|       pointer|
|m_axi_gmem0_ARLEN      |  out|    8|       m_axi|         gmem0|       pointer|
|m_axi_gmem0_ARSIZE     |  out|    3|       m_axi|         gmem0|       pointer|
|m_axi_gmem0_ARBURST    |  out|    2|       m_axi|         gmem0|       pointer|
|m_axi_gmem0_ARLOCK     |  out|    2|       m_axi|         gmem0|       pointer|
|m_axi_gmem0_ARCACHE    |  out|    4|       m_axi|         gmem0|       pointer|
|m_axi_gmem0_ARPROT     |  out|    3|       m_axi|         gmem0|       pointer|
|m_axi_gmem0_ARQOS      |  out|    4|       m_axi|         gmem0|       pointer|
|m_axi_gmem0_ARREGION   |  out|    4|       m_axi|         gmem0|       pointer|
|m_axi_gmem0_ARUSER     |  out|    1|       m_axi|         gmem0|       pointer|
|m_axi_gmem0_RVALID     |   in|    1|       m_axi|         gmem0|       pointer|
|m_axi_gmem0_RREADY     |  out|    1|       m_axi|         gmem0|       pointer|
|m_axi_gmem0_RDATA      |   in|   32|       m_axi|         gmem0|       pointer|
|m_axi_gmem0_RLAST      |   in|    1|       m_axi|         gmem0|       pointer|
|m_axi_gmem0_RID        |   in|    1|       m_axi|         gmem0|       pointer|
|m_axi_gmem0_RUSER      |   in|    1|       m_axi|         gmem0|       pointer|
|m_axi_gmem0_RRESP      |   in|    2|       m_axi|         gmem0|       pointer|
|m_axi_gmem0_BVALID     |   in|    1|       m_axi|         gmem0|       pointer|
|m_axi_gmem0_BREADY     |  out|    1|       m_axi|         gmem0|       pointer|
|m_axi_gmem0_BRESP      |   in|    2|       m_axi|         gmem0|       pointer|
|m_axi_gmem0_BID        |   in|    1|       m_axi|         gmem0|       pointer|
|m_axi_gmem0_BUSER      |   in|    1|       m_axi|         gmem0|       pointer|
|m_axi_gmem1_AWVALID    |  out|    1|       m_axi|         gmem1|       pointer|
|m_axi_gmem1_AWREADY    |   in|    1|       m_axi|         gmem1|       pointer|
|m_axi_gmem1_AWADDR     |  out|   64|       m_axi|         gmem1|       pointer|
|m_axi_gmem1_AWID       |  out|    1|       m_axi|         gmem1|       pointer|
|m_axi_gmem1_AWLEN      |  out|    8|       m_axi|         gmem1|       pointer|
|m_axi_gmem1_AWSIZE     |  out|    3|       m_axi|         gmem1|       pointer|
|m_axi_gmem1_AWBURST    |  out|    2|       m_axi|         gmem1|       pointer|
|m_axi_gmem1_AWLOCK     |  out|    2|       m_axi|         gmem1|       pointer|
|m_axi_gmem1_AWCACHE    |  out|    4|       m_axi|         gmem1|       pointer|
|m_axi_gmem1_AWPROT     |  out|    3|       m_axi|         gmem1|       pointer|
|m_axi_gmem1_AWQOS      |  out|    4|       m_axi|         gmem1|       pointer|
|m_axi_gmem1_AWREGION   |  out|    4|       m_axi|         gmem1|       pointer|
|m_axi_gmem1_AWUSER     |  out|    1|       m_axi|         gmem1|       pointer|
|m_axi_gmem1_WVALID     |  out|    1|       m_axi|         gmem1|       pointer|
|m_axi_gmem1_WREADY     |   in|    1|       m_axi|         gmem1|       pointer|
|m_axi_gmem1_WDATA      |  out|   32|       m_axi|         gmem1|       pointer|
|m_axi_gmem1_WSTRB      |  out|    4|       m_axi|         gmem1|       pointer|
|m_axi_gmem1_WLAST      |  out|    1|       m_axi|         gmem1|       pointer|
|m_axi_gmem1_WID        |  out|    1|       m_axi|         gmem1|       pointer|
|m_axi_gmem1_WUSER      |  out|    1|       m_axi|         gmem1|       pointer|
|m_axi_gmem1_ARVALID    |  out|    1|       m_axi|         gmem1|       pointer|
|m_axi_gmem1_ARREADY    |   in|    1|       m_axi|         gmem1|       pointer|
|m_axi_gmem1_ARADDR     |  out|   64|       m_axi|         gmem1|       pointer|
|m_axi_gmem1_ARID       |  out|    1|       m_axi|         gmem1|       pointer|
|m_axi_gmem1_ARLEN      |  out|    8|       m_axi|         gmem1|       pointer|
|m_axi_gmem1_ARSIZE     |  out|    3|       m_axi|         gmem1|       pointer|
|m_axi_gmem1_ARBURST    |  out|    2|       m_axi|         gmem1|       pointer|
|m_axi_gmem1_ARLOCK     |  out|    2|       m_axi|         gmem1|       pointer|
|m_axi_gmem1_ARCACHE    |  out|    4|       m_axi|         gmem1|       pointer|
|m_axi_gmem1_ARPROT     |  out|    3|       m_axi|         gmem1|       pointer|
|m_axi_gmem1_ARQOS      |  out|    4|       m_axi|         gmem1|       pointer|
|m_axi_gmem1_ARREGION   |  out|    4|       m_axi|         gmem1|       pointer|
|m_axi_gmem1_ARUSER     |  out|    1|       m_axi|         gmem1|       pointer|
|m_axi_gmem1_RVALID     |   in|    1|       m_axi|         gmem1|       pointer|
|m_axi_gmem1_RREADY     |  out|    1|       m_axi|         gmem1|       pointer|
|m_axi_gmem1_RDATA      |   in|   32|       m_axi|         gmem1|       pointer|
|m_axi_gmem1_RLAST      |   in|    1|       m_axi|         gmem1|       pointer|
|m_axi_gmem1_RID        |   in|    1|       m_axi|         gmem1|       pointer|
|m_axi_gmem1_RUSER      |   in|    1|       m_axi|         gmem1|       pointer|
|m_axi_gmem1_RRESP      |   in|    2|       m_axi|         gmem1|       pointer|
|m_axi_gmem1_BVALID     |   in|    1|       m_axi|         gmem1|       pointer|
|m_axi_gmem1_BREADY     |  out|    1|       m_axi|         gmem1|       pointer|
|m_axi_gmem1_BRESP      |   in|    2|       m_axi|         gmem1|       pointer|
|m_axi_gmem1_BID        |   in|    1|       m_axi|         gmem1|       pointer|
|m_axi_gmem1_BUSER      |   in|    1|       m_axi|         gmem1|       pointer|
|m_axi_gmem2_AWVALID    |  out|    1|       m_axi|         gmem2|       pointer|
|m_axi_gmem2_AWREADY    |   in|    1|       m_axi|         gmem2|       pointer|
|m_axi_gmem2_AWADDR     |  out|   64|       m_axi|         gmem2|       pointer|
|m_axi_gmem2_AWID       |  out|    1|       m_axi|         gmem2|       pointer|
|m_axi_gmem2_AWLEN      |  out|    8|       m_axi|         gmem2|       pointer|
|m_axi_gmem2_AWSIZE     |  out|    3|       m_axi|         gmem2|       pointer|
|m_axi_gmem2_AWBURST    |  out|    2|       m_axi|         gmem2|       pointer|
|m_axi_gmem2_AWLOCK     |  out|    2|       m_axi|         gmem2|       pointer|
|m_axi_gmem2_AWCACHE    |  out|    4|       m_axi|         gmem2|       pointer|
|m_axi_gmem2_AWPROT     |  out|    3|       m_axi|         gmem2|       pointer|
|m_axi_gmem2_AWQOS      |  out|    4|       m_axi|         gmem2|       pointer|
|m_axi_gmem2_AWREGION   |  out|    4|       m_axi|         gmem2|       pointer|
|m_axi_gmem2_AWUSER     |  out|    1|       m_axi|         gmem2|       pointer|
|m_axi_gmem2_WVALID     |  out|    1|       m_axi|         gmem2|       pointer|
|m_axi_gmem2_WREADY     |   in|    1|       m_axi|         gmem2|       pointer|
|m_axi_gmem2_WDATA      |  out|   32|       m_axi|         gmem2|       pointer|
|m_axi_gmem2_WSTRB      |  out|    4|       m_axi|         gmem2|       pointer|
|m_axi_gmem2_WLAST      |  out|    1|       m_axi|         gmem2|       pointer|
|m_axi_gmem2_WID        |  out|    1|       m_axi|         gmem2|       pointer|
|m_axi_gmem2_WUSER      |  out|    1|       m_axi|         gmem2|       pointer|
|m_axi_gmem2_ARVALID    |  out|    1|       m_axi|         gmem2|       pointer|
|m_axi_gmem2_ARREADY    |   in|    1|       m_axi|         gmem2|       pointer|
|m_axi_gmem2_ARADDR     |  out|   64|       m_axi|         gmem2|       pointer|
|m_axi_gmem2_ARID       |  out|    1|       m_axi|         gmem2|       pointer|
|m_axi_gmem2_ARLEN      |  out|    8|       m_axi|         gmem2|       pointer|
|m_axi_gmem2_ARSIZE     |  out|    3|       m_axi|         gmem2|       pointer|
|m_axi_gmem2_ARBURST    |  out|    2|       m_axi|         gmem2|       pointer|
|m_axi_gmem2_ARLOCK     |  out|    2|       m_axi|         gmem2|       pointer|
|m_axi_gmem2_ARCACHE    |  out|    4|       m_axi|         gmem2|       pointer|
|m_axi_gmem2_ARPROT     |  out|    3|       m_axi|         gmem2|       pointer|
|m_axi_gmem2_ARQOS      |  out|    4|       m_axi|         gmem2|       pointer|
|m_axi_gmem2_ARREGION   |  out|    4|       m_axi|         gmem2|       pointer|
|m_axi_gmem2_ARUSER     |  out|    1|       m_axi|         gmem2|       pointer|
|m_axi_gmem2_RVALID     |   in|    1|       m_axi|         gmem2|       pointer|
|m_axi_gmem2_RREADY     |  out|    1|       m_axi|         gmem2|       pointer|
|m_axi_gmem2_RDATA      |   in|   32|       m_axi|         gmem2|       pointer|
|m_axi_gmem2_RLAST      |   in|    1|       m_axi|         gmem2|       pointer|
|m_axi_gmem2_RID        |   in|    1|       m_axi|         gmem2|       pointer|
|m_axi_gmem2_RUSER      |   in|    1|       m_axi|         gmem2|       pointer|
|m_axi_gmem2_RRESP      |   in|    2|       m_axi|         gmem2|       pointer|
|m_axi_gmem2_BVALID     |   in|    1|       m_axi|         gmem2|       pointer|
|m_axi_gmem2_BREADY     |  out|    1|       m_axi|         gmem2|       pointer|
|m_axi_gmem2_BRESP      |   in|    2|       m_axi|         gmem2|       pointer|
|m_axi_gmem2_BID        |   in|    1|       m_axi|         gmem2|       pointer|
|m_axi_gmem2_BUSER      |   in|    1|       m_axi|         gmem2|       pointer|
+-----------------------+-----+-----+------------+--------------+--------------+

