

================================================================
== Vitis HLS Report for 'mmult_Pipeline_VITIS_LOOP_166_3_VITIS_LOOP_167_4'
================================================================
* Date:           Fri Jun  5 01:38:51 2026

* Version:        2023.2 (Build 4023990 on Oct 11 2023)
* Project:        hls_prj
* Solution:       s1 (Vivado IP Flow Target)
* Product family: zynquplus
* Target device:  xck26-sfvc784-2LV-c


================================================================
== Performance Estimates
================================================================
+ Timing: 
    * Summary: 
    +--------+---------+----------+------------+
    |  Clock |  Target | Estimated| Uncertainty|
    +--------+---------+----------+------------+
    |ap_clk  |  3.30 ns|  2.330 ns|     0.89 ns|
    +--------+---------+----------+------------+

+ Latency: 
    * Summary: 
    +---------+---------+----------+----------+-----+-----+---------+
    |  Latency (cycles) |  Latency (absolute) |  Interval | Pipeline|
    |   min   |   max   |    min   |    max   | min | max |   Type  |
    +---------+---------+----------+----------+-----+-----+---------+
    |      130|      130|  0.429 us|  0.429 us|  130|  130|       no|
    +---------+---------+----------+----------+-----+-----+---------+

    + Detail: 
        * Instance: 
        N/A

        * Loop: 
        +-------------------------------------+---------+---------+----------+-----------+-----------+------+----------+
        |                                     |  Latency (cycles) | Iteration|  Initiation Interval  | Trip |          |
        |              Loop Name              |   min   |   max   |  Latency |  achieved |   target  | Count| Pipelined|
        +-------------------------------------+---------+---------+----------+-----------+-----------+------+----------+
        |- VITIS_LOOP_166_3_VITIS_LOOP_167_4  |      128|      128|         2|          1|          1|   128|       yes|
        +-------------------------------------+---------+---------+----------+-----------+-----------+------+----------+



================================================================
== Utilization Estimates
================================================================
* Summary: 
+-----------------+---------+------+--------+--------+-----+
|       Name      | BRAM_18K|  DSP |   FF   |   LUT  | URAM|
+-----------------+---------+------+--------+--------+-----+
|DSP              |        -|     -|       -|       -|    -|
|Expression       |        -|     -|       0|      71|    -|
|FIFO             |        -|     -|       -|       -|    -|
|Instance         |        -|     -|       -|       -|    -|
|Memory           |        -|     -|       -|       -|    -|
|Multiplexer      |        -|     -|       -|      72|    -|
|Register         |        -|     -|      30|       -|    -|
+-----------------+---------+------+--------+--------+-----+
|Total            |        0|     0|      30|     143|    0|
+-----------------+---------+------+--------+--------+-----+
|Available        |      288|  1248|  234240|  117120|   64|
+-----------------+---------+------+--------+--------+-----+
|Utilization (%)  |        0|     0|      ~0|      ~0|    0|
+-----------------+---------+------+--------+--------+-----+

+ Detail: 
    * Instance: 
    N/A

    * DSP: 
    N/A

    * Memory: 
    N/A

    * FIFO: 
    N/A

    * Expression: 
    +---------------------------+----------+----+---+----+------------+------------+
    |       Variable Name       | Operation| DSP| FF| LUT| Bitwidth P0| Bitwidth P1|
    +---------------------------+----------+----+---+----+------------+------------+
    |add_ln166_1_fu_1120_p2     |         +|   0|  0|  15|           8|           1|
    |add_ln166_fu_1132_p2       |         +|   0|  0|  13|           6|           1|
    |add_ln167_fu_1186_p2       |         +|   0|  0|  13|           6|           4|
    |icmp_ln166_fu_1114_p2      |      icmp|   0|  0|  16|           8|           9|
    |select_ln166_1_fu_1154_p3  |    select|   0|  0|   6|           1|           6|
    |select_ln166_fu_1146_p3    |    select|   0|  0|   6|           1|           1|
    |ap_enable_pp0              |       xor|   0|  0|   2|           1|           2|
    +---------------------------+----------+----+---+----+------------+------------+
    |Total                      |          |   0|  0|  71|          31|          24|
    +---------------------------+----------+----+---+----+------------+------------+

    * Multiplexer: 
    +----------------------------------------+----+-----------+-----+-----------+
    |                  Name                  | LUT| Input Size| Bits| Total Bits|
    +----------------------------------------+----+-----------+-----+-----------+
    |ap_done_int                             |   9|          2|    1|          2|
    |ap_enable_reg_pp0_iter1                 |   9|          2|    1|          2|
    |ap_sig_allocacmp_i_load                 |   9|          2|    6|         12|
    |ap_sig_allocacmp_indvar_flatten16_load  |   9|          2|    8|         16|
    |ap_sig_allocacmp_j_2_load               |   9|          2|    6|         12|
    |i_fu_192                                |   9|          2|    6|         12|
    |indvar_flatten16_fu_196                 |   9|          2|    8|         16|
    |j_2_fu_188                              |   9|          2|    6|         12|
    +----------------------------------------+----+-----------+-----+-----------+
    |Total                                   |  72|         16|   42|         84|
    +----------------------------------------+----+-----------+-----+-----------+

    * Register: 
    +-------------------------+---+----+-----+-----------+
    |           Name          | FF| LUT| Bits| Const Bits|
    +-------------------------+---+----+-----+-----------+
    |ap_CS_fsm                |  1|   0|    1|          0|
    |ap_done_reg              |  1|   0|    1|          0|
    |ap_enable_reg_pp0_iter1  |  1|   0|    1|          0|
    |i_fu_192                 |  6|   0|    6|          0|
    |indvar_flatten16_fu_196  |  8|   0|    8|          0|
    |j_2_fu_188               |  6|   0|    6|          0|
    |lshr_ln2_reg_1314        |  2|   0|    2|          0|
    |tmp_s_reg_1309           |  2|   0|    2|          0|
    |trunc_ln166_reg_1305     |  3|   0|    3|          0|
    +-------------------------+---+----+-----+-----------+
    |Total                    | 30|   0|   30|          0|
    +-------------------------+---+----+-----+-----------+



================================================================
== Interface
================================================================
* Summary: 
+--------------------+-----+-----+------------+--------------------------------------------------+--------------+
|      RTL Ports     | Dir | Bits|  Protocol  |                   Source Object                  |    C Type    |
+--------------------+-----+-----+------------+--------------------------------------------------+--------------+
|ap_clk              |   in|    1|  ap_ctrl_hs|  mmult_Pipeline_VITIS_LOOP_166_3_VITIS_LOOP_167_4|  return value|
|ap_rst              |   in|    1|  ap_ctrl_hs|  mmult_Pipeline_VITIS_LOOP_166_3_VITIS_LOOP_167_4|  return value|
|ap_start            |   in|    1|  ap_ctrl_hs|  mmult_Pipeline_VITIS_LOOP_166_3_VITIS_LOOP_167_4|  return value|
|ap_done             |  out|    1|  ap_ctrl_hs|  mmult_Pipeline_VITIS_LOOP_166_3_VITIS_LOOP_167_4|  return value|
|ap_idle             |  out|    1|  ap_ctrl_hs|  mmult_Pipeline_VITIS_LOOP_166_3_VITIS_LOOP_167_4|  return value|
|ap_ready            |  out|    1|  ap_ctrl_hs|  mmult_Pipeline_VITIS_LOOP_166_3_VITIS_LOOP_167_4|  return value|
|localC_address0     |  out|    4|   ap_memory|                                            localC|         array|
|localC_ce0          |  out|    1|   ap_memory|                                            localC|         array|
|localC_we0          |  out|    1|   ap_memory|                                            localC|         array|
|localC_d0           |  out|   16|   ap_memory|                                            localC|         array|
|localC_1_address0   |  out|    4|   ap_memory|                                          localC_1|         array|
|localC_1_ce0        |  out|    1|   ap_memory|                                          localC_1|         array|
|localC_1_we0        |  out|    1|   ap_memory|                                          localC_1|         array|
|localC_1_d0         |  out|   16|   ap_memory|                                          localC_1|         array|
|localC_2_address0   |  out|    4|   ap_memory|                                          localC_2|         array|
|localC_2_ce0        |  out|    1|   ap_memory|                                          localC_2|         array|
|localC_2_we0        |  out|    1|   ap_memory|                                          localC_2|         array|
|localC_2_d0         |  out|   16|   ap_memory|                                          localC_2|         array|
|localC_3_address0   |  out|    4|   ap_memory|                                          localC_3|         array|
|localC_3_ce0        |  out|    1|   ap_memory|                                          localC_3|         array|
|localC_3_we0        |  out|    1|   ap_memory|                                          localC_3|         array|
|localC_3_d0         |  out|   16|   ap_memory|                                          localC_3|         array|
|localC_4_address0   |  out|    4|   ap_memory|                                          localC_4|         array|
|localC_4_ce0        |  out|    1|   ap_memory|                                          localC_4|         array|
|localC_4_we0        |  out|    1|   ap_memory|                                          localC_4|         array|
|localC_4_d0         |  out|   16|   ap_memory|                                          localC_4|         array|
|localC_5_address0   |  out|    4|   ap_memory|                                          localC_5|         array|
|localC_5_ce0        |  out|    1|   ap_memory|                                          localC_5|         array|
|localC_5_we0        |  out|    1|   ap_memory|                                          localC_5|         array|
|localC_5_d0         |  out|   16|   ap_memory|                                          localC_5|         array|
|localC_6_address0   |  out|    4|   ap_memory|                                          localC_6|         array|
|localC_6_ce0        |  out|    1|   ap_memory|                                          localC_6|         array|
|localC_6_we0        |  out|    1|   ap_memory|                                          localC_6|         array|
|localC_6_d0         |  out|   16|   ap_memory|                                          localC_6|         array|
|localC_7_address0   |  out|    4|   ap_memory|                                          localC_7|         array|
|localC_7_ce0        |  out|    1|   ap_memory|                                          localC_7|         array|
|localC_7_we0        |  out|    1|   ap_memory|                                          localC_7|         array|
|localC_7_d0         |  out|   16|   ap_memory|                                          localC_7|         array|
|localC_8_address0   |  out|    4|   ap_memory|                                          localC_8|         array|
|localC_8_ce0        |  out|    1|   ap_memory|                                          localC_8|         array|
|localC_8_we0        |  out|    1|   ap_memory|                                          localC_8|         array|
|localC_8_d0         |  out|   16|   ap_memory|                                          localC_8|         array|
|localC_9_address0   |  out|    4|   ap_memory|                                          localC_9|         array|
|localC_9_ce0        |  out|    1|   ap_memory|                                          localC_9|         array|
|localC_9_we0        |  out|    1|   ap_memory|                                          localC_9|         array|
|localC_9_d0         |  out|   16|   ap_memory|                                          localC_9|         array|
|localC_10_address0  |  out|    4|   ap_memory|                                         localC_10|         array|
|localC_10_ce0       |  out|    1|   ap_memory|                                         localC_10|         array|
|localC_10_we0       |  out|    1|   ap_memory|                                         localC_10|         array|
|localC_10_d0        |  out|   16|   ap_memory|                                         localC_10|         array|
|localC_11_address0  |  out|    4|   ap_memory|                                         localC_11|         array|
|localC_11_ce0       |  out|    1|   ap_memory|                                         localC_11|         array|
|localC_11_we0       |  out|    1|   ap_memory|                                         localC_11|         array|
|localC_11_d0        |  out|   16|   ap_memory|                                         localC_11|         array|
|localC_12_address0  |  out|    4|   ap_memory|                                         localC_12|         array|
|localC_12_ce0       |  out|    1|   ap_memory|                                         localC_12|         array|
|localC_12_we0       |  out|    1|   ap_memory|                                         localC_12|         array|
|localC_12_d0        |  out|   16|   ap_memory|                                         localC_12|         array|
|localC_13_address0  |  out|    4|   ap_memory|                                         localC_13|         array|
|localC_13_ce0       |  out|    1|   ap_memory|                                         localC_13|         array|
|localC_13_we0       |  out|    1|   ap_memory|                                         localC_13|         array|
|localC_13_d0        |  out|   16|   ap_memory|                                         localC_13|         array|
|localC_14_address0  |  out|    4|   ap_memory|                                         localC_14|         array|
|localC_14_ce0       |  out|    1|   ap_memory|                                         localC_14|         array|
|localC_14_we0       |  out|    1|   ap_memory|                                         localC_14|         array|
|localC_14_d0        |  out|   16|   ap_memory|                                         localC_14|         array|
|localC_15_address0  |  out|    4|   ap_memory|                                         localC_15|         array|
|localC_15_ce0       |  out|    1|   ap_memory|                                         localC_15|         array|
|localC_15_we0       |  out|    1|   ap_memory|                                         localC_15|         array|
|localC_15_d0        |  out|   16|   ap_memory|                                         localC_15|         array|
|localC_16_address0  |  out|    4|   ap_memory|                                         localC_16|         array|
|localC_16_ce0       |  out|    1|   ap_memory|                                         localC_16|         array|
|localC_16_we0       |  out|    1|   ap_memory|                                         localC_16|         array|
|localC_16_d0        |  out|   16|   ap_memory|                                         localC_16|         array|
|localC_17_address0  |  out|    4|   ap_memory|                                         localC_17|         array|
|localC_17_ce0       |  out|    1|   ap_memory|                                         localC_17|         array|
|localC_17_we0       |  out|    1|   ap_memory|                                         localC_17|         array|
|localC_17_d0        |  out|   16|   ap_memory|                                         localC_17|         array|
|localC_18_address0  |  out|    4|   ap_memory|                                         localC_18|         array|
|localC_18_ce0       |  out|    1|   ap_memory|                                         localC_18|         array|
|localC_18_we0       |  out|    1|   ap_memory|                                         localC_18|         array|
|localC_18_d0        |  out|   16|   ap_memory|                                         localC_18|         array|
|localC_19_address0  |  out|    4|   ap_memory|                                         localC_19|         array|
|localC_19_ce0       |  out|    1|   ap_memory|                                         localC_19|         array|
|localC_19_we0       |  out|    1|   ap_memory|                                         localC_19|         array|
|localC_19_d0        |  out|   16|   ap_memory|                                         localC_19|         array|
|localC_20_address0  |  out|    4|   ap_memory|                                         localC_20|         array|
|localC_20_ce0       |  out|    1|   ap_memory|                                         localC_20|         array|
|localC_20_we0       |  out|    1|   ap_memory|                                         localC_20|         array|
|localC_20_d0        |  out|   16|   ap_memory|                                         localC_20|         array|
|localC_21_address0  |  out|    4|   ap_memory|                                         localC_21|         array|
|localC_21_ce0       |  out|    1|   ap_memory|                                         localC_21|         array|
|localC_21_we0       |  out|    1|   ap_memory|                                         localC_21|         array|
|localC_21_d0        |  out|   16|   ap_memory|                                         localC_21|         array|
|localC_22_address0  |  out|    4|   ap_memory|                                         localC_22|         array|
|localC_22_ce0       |  out|    1|   ap_memory|                                         localC_22|         array|
|localC_22_we0       |  out|    1|   ap_memory|                                         localC_22|         array|
|localC_22_d0        |  out|   16|   ap_memory|                                         localC_22|         array|
|localC_23_address0  |  out|    4|   ap_memory|                                         localC_23|         array|
|localC_23_ce0       |  out|    1|   ap_memory|                                         localC_23|         array|
|localC_23_we0       |  out|    1|   ap_memory|                                         localC_23|         array|
|localC_23_d0        |  out|   16|   ap_memory|                                         localC_23|         array|
|localC_24_address0  |  out|    4|   ap_memory|                                         localC_24|         array|
|localC_24_ce0       |  out|    1|   ap_memory|                                         localC_24|         array|
|localC_24_we0       |  out|    1|   ap_memory|                                         localC_24|         array|
|localC_24_d0        |  out|   16|   ap_memory|                                         localC_24|         array|
|localC_25_address0  |  out|    4|   ap_memory|                                         localC_25|         array|
|localC_25_ce0       |  out|    1|   ap_memory|                                         localC_25|         array|
|localC_25_we0       |  out|    1|   ap_memory|                                         localC_25|         array|
|localC_25_d0        |  out|   16|   ap_memory|                                         localC_25|         array|
|localC_26_address0  |  out|    4|   ap_memory|                                         localC_26|         array|
|localC_26_ce0       |  out|    1|   ap_memory|                                         localC_26|         array|
|localC_26_we0       |  out|    1|   ap_memory|                                         localC_26|         array|
|localC_26_d0        |  out|   16|   ap_memory|                                         localC_26|         array|
|localC_27_address0  |  out|    4|   ap_memory|                                         localC_27|         array|
|localC_27_ce0       |  out|    1|   ap_memory|                                         localC_27|         array|
|localC_27_we0       |  out|    1|   ap_memory|                                         localC_27|         array|
|localC_27_d0        |  out|   16|   ap_memory|                                         localC_27|         array|
|localC_28_address0  |  out|    4|   ap_memory|                                         localC_28|         array|
|localC_28_ce0       |  out|    1|   ap_memory|                                         localC_28|         array|
|localC_28_we0       |  out|    1|   ap_memory|                                         localC_28|         array|
|localC_28_d0        |  out|   16|   ap_memory|                                         localC_28|         array|
|localC_29_address0  |  out|    4|   ap_memory|                                         localC_29|         array|
|localC_29_ce0       |  out|    1|   ap_memory|                                         localC_29|         array|
|localC_29_we0       |  out|    1|   ap_memory|                                         localC_29|         array|
|localC_29_d0        |  out|   16|   ap_memory|                                         localC_29|         array|
|localC_30_address0  |  out|    4|   ap_memory|                                         localC_30|         array|
|localC_30_ce0       |  out|    1|   ap_memory|                                         localC_30|         array|
|localC_30_we0       |  out|    1|   ap_memory|                                         localC_30|         array|
|localC_30_d0        |  out|   16|   ap_memory|                                         localC_30|         array|
|localC_31_address0  |  out|    4|   ap_memory|                                         localC_31|         array|
|localC_31_ce0       |  out|    1|   ap_memory|                                         localC_31|         array|
|localC_31_we0       |  out|    1|   ap_memory|                                         localC_31|         array|
|localC_31_d0        |  out|   16|   ap_memory|                                         localC_31|         array|
|localC_32_address0  |  out|    4|   ap_memory|                                         localC_32|         array|
|localC_32_ce0       |  out|    1|   ap_memory|                                         localC_32|         array|
|localC_32_we0       |  out|    1|   ap_memory|                                         localC_32|         array|
|localC_32_d0        |  out|   16|   ap_memory|                                         localC_32|         array|
|localC_33_address0  |  out|    4|   ap_memory|                                         localC_33|         array|
|localC_33_ce0       |  out|    1|   ap_memory|                                         localC_33|         array|
|localC_33_we0       |  out|    1|   ap_memory|                                         localC_33|         array|
|localC_33_d0        |  out|   16|   ap_memory|                                         localC_33|         array|
|localC_34_address0  |  out|    4|   ap_memory|                                         localC_34|         array|
|localC_34_ce0       |  out|    1|   ap_memory|                                         localC_34|         array|
|localC_34_we0       |  out|    1|   ap_memory|                                         localC_34|         array|
|localC_34_d0        |  out|   16|   ap_memory|                                         localC_34|         array|
|localC_35_address0  |  out|    4|   ap_memory|                                         localC_35|         array|
|localC_35_ce0       |  out|    1|   ap_memory|                                         localC_35|         array|
|localC_35_we0       |  out|    1|   ap_memory|                                         localC_35|         array|
|localC_35_d0        |  out|   16|   ap_memory|                                         localC_35|         array|
|localC_36_address0  |  out|    4|   ap_memory|                                         localC_36|         array|
|localC_36_ce0       |  out|    1|   ap_memory|                                         localC_36|         array|
|localC_36_we0       |  out|    1|   ap_memory|                                         localC_36|         array|
|localC_36_d0        |  out|   16|   ap_memory|                                         localC_36|         array|
|localC_37_address0  |  out|    4|   ap_memory|                                         localC_37|         array|
|localC_37_ce0       |  out|    1|   ap_memory|                                         localC_37|         array|
|localC_37_we0       |  out|    1|   ap_memory|                                         localC_37|         array|
|localC_37_d0        |  out|   16|   ap_memory|                                         localC_37|         array|
|localC_38_address0  |  out|    4|   ap_memory|                                         localC_38|         array|
|localC_38_ce0       |  out|    1|   ap_memory|                                         localC_38|         array|
|localC_38_we0       |  out|    1|   ap_memory|                                         localC_38|         array|
|localC_38_d0        |  out|   16|   ap_memory|                                         localC_38|         array|
|localC_39_address0  |  out|    4|   ap_memory|                                         localC_39|         array|
|localC_39_ce0       |  out|    1|   ap_memory|                                         localC_39|         array|
|localC_39_we0       |  out|    1|   ap_memory|                                         localC_39|         array|
|localC_39_d0        |  out|   16|   ap_memory|                                         localC_39|         array|
|localC_40_address0  |  out|    4|   ap_memory|                                         localC_40|         array|
|localC_40_ce0       |  out|    1|   ap_memory|                                         localC_40|         array|
|localC_40_we0       |  out|    1|   ap_memory|                                         localC_40|         array|
|localC_40_d0        |  out|   16|   ap_memory|                                         localC_40|         array|
|localC_41_address0  |  out|    4|   ap_memory|                                         localC_41|         array|
|localC_41_ce0       |  out|    1|   ap_memory|                                         localC_41|         array|
|localC_41_we0       |  out|    1|   ap_memory|                                         localC_41|         array|
|localC_41_d0        |  out|   16|   ap_memory|                                         localC_41|         array|
|localC_42_address0  |  out|    4|   ap_memory|                                         localC_42|         array|
|localC_42_ce0       |  out|    1|   ap_memory|                                         localC_42|         array|
|localC_42_we0       |  out|    1|   ap_memory|                                         localC_42|         array|
|localC_42_d0        |  out|   16|   ap_memory|                                         localC_42|         array|
|localC_43_address0  |  out|    4|   ap_memory|                                         localC_43|         array|
|localC_43_ce0       |  out|    1|   ap_memory|                                         localC_43|         array|
|localC_43_we0       |  out|    1|   ap_memory|                                         localC_43|         array|
|localC_43_d0        |  out|   16|   ap_memory|                                         localC_43|         array|
|localC_44_address0  |  out|    4|   ap_memory|                                         localC_44|         array|
|localC_44_ce0       |  out|    1|   ap_memory|                                         localC_44|         array|
|localC_44_we0       |  out|    1|   ap_memory|                                         localC_44|         array|
|localC_44_d0        |  out|   16|   ap_memory|                                         localC_44|         array|
|localC_45_address0  |  out|    4|   ap_memory|                                         localC_45|         array|
|localC_45_ce0       |  out|    1|   ap_memory|                                         localC_45|         array|
|localC_45_we0       |  out|    1|   ap_memory|                                         localC_45|         array|
|localC_45_d0        |  out|   16|   ap_memory|                                         localC_45|         array|
|localC_46_address0  |  out|    4|   ap_memory|                                         localC_46|         array|
|localC_46_ce0       |  out|    1|   ap_memory|                                         localC_46|         array|
|localC_46_we0       |  out|    1|   ap_memory|                                         localC_46|         array|
|localC_46_d0        |  out|   16|   ap_memory|                                         localC_46|         array|
|localC_47_address0  |  out|    4|   ap_memory|                                         localC_47|         array|
|localC_47_ce0       |  out|    1|   ap_memory|                                         localC_47|         array|
|localC_47_we0       |  out|    1|   ap_memory|                                         localC_47|         array|
|localC_47_d0        |  out|   16|   ap_memory|                                         localC_47|         array|
|localC_48_address0  |  out|    4|   ap_memory|                                         localC_48|         array|
|localC_48_ce0       |  out|    1|   ap_memory|                                         localC_48|         array|
|localC_48_we0       |  out|    1|   ap_memory|                                         localC_48|         array|
|localC_48_d0        |  out|   16|   ap_memory|                                         localC_48|         array|
|localC_49_address0  |  out|    4|   ap_memory|                                         localC_49|         array|
|localC_49_ce0       |  out|    1|   ap_memory|                                         localC_49|         array|
|localC_49_we0       |  out|    1|   ap_memory|                                         localC_49|         array|
|localC_49_d0        |  out|   16|   ap_memory|                                         localC_49|         array|
|localC_50_address0  |  out|    4|   ap_memory|                                         localC_50|         array|
|localC_50_ce0       |  out|    1|   ap_memory|                                         localC_50|         array|
|localC_50_we0       |  out|    1|   ap_memory|                                         localC_50|         array|
|localC_50_d0        |  out|   16|   ap_memory|                                         localC_50|         array|
|localC_51_address0  |  out|    4|   ap_memory|                                         localC_51|         array|
|localC_51_ce0       |  out|    1|   ap_memory|                                         localC_51|         array|
|localC_51_we0       |  out|    1|   ap_memory|                                         localC_51|         array|
|localC_51_d0        |  out|   16|   ap_memory|                                         localC_51|         array|
|localC_52_address0  |  out|    4|   ap_memory|                                         localC_52|         array|
|localC_52_ce0       |  out|    1|   ap_memory|                                         localC_52|         array|
|localC_52_we0       |  out|    1|   ap_memory|                                         localC_52|         array|
|localC_52_d0        |  out|   16|   ap_memory|                                         localC_52|         array|
|localC_53_address0  |  out|    4|   ap_memory|                                         localC_53|         array|
|localC_53_ce0       |  out|    1|   ap_memory|                                         localC_53|         array|
|localC_53_we0       |  out|    1|   ap_memory|                                         localC_53|         array|
|localC_53_d0        |  out|   16|   ap_memory|                                         localC_53|         array|
|localC_54_address0  |  out|    4|   ap_memory|                                         localC_54|         array|
|localC_54_ce0       |  out|    1|   ap_memory|                                         localC_54|         array|
|localC_54_we0       |  out|    1|   ap_memory|                                         localC_54|         array|
|localC_54_d0        |  out|   16|   ap_memory|                                         localC_54|         array|
|localC_55_address0  |  out|    4|   ap_memory|                                         localC_55|         array|
|localC_55_ce0       |  out|    1|   ap_memory|                                         localC_55|         array|
|localC_55_we0       |  out|    1|   ap_memory|                                         localC_55|         array|
|localC_55_d0        |  out|   16|   ap_memory|                                         localC_55|         array|
|localC_56_address0  |  out|    4|   ap_memory|                                         localC_56|         array|
|localC_56_ce0       |  out|    1|   ap_memory|                                         localC_56|         array|
|localC_56_we0       |  out|    1|   ap_memory|                                         localC_56|         array|
|localC_56_d0        |  out|   16|   ap_memory|                                         localC_56|         array|
|localC_57_address0  |  out|    4|   ap_memory|                                         localC_57|         array|
|localC_57_ce0       |  out|    1|   ap_memory|                                         localC_57|         array|
|localC_57_we0       |  out|    1|   ap_memory|                                         localC_57|         array|
|localC_57_d0        |  out|   16|   ap_memory|                                         localC_57|         array|
|localC_58_address0  |  out|    4|   ap_memory|                                         localC_58|         array|
|localC_58_ce0       |  out|    1|   ap_memory|                                         localC_58|         array|
|localC_58_we0       |  out|    1|   ap_memory|                                         localC_58|         array|
|localC_58_d0        |  out|   16|   ap_memory|                                         localC_58|         array|
|localC_59_address0  |  out|    4|   ap_memory|                                         localC_59|         array|
|localC_59_ce0       |  out|    1|   ap_memory|                                         localC_59|         array|
|localC_59_we0       |  out|    1|   ap_memory|                                         localC_59|         array|
|localC_59_d0        |  out|   16|   ap_memory|                                         localC_59|         array|
|localC_60_address0  |  out|    4|   ap_memory|                                         localC_60|         array|
|localC_60_ce0       |  out|    1|   ap_memory|                                         localC_60|         array|
|localC_60_we0       |  out|    1|   ap_memory|                                         localC_60|         array|
|localC_60_d0        |  out|   16|   ap_memory|                                         localC_60|         array|
|localC_61_address0  |  out|    4|   ap_memory|                                         localC_61|         array|
|localC_61_ce0       |  out|    1|   ap_memory|                                         localC_61|         array|
|localC_61_we0       |  out|    1|   ap_memory|                                         localC_61|         array|
|localC_61_d0        |  out|   16|   ap_memory|                                         localC_61|         array|
|localC_62_address0  |  out|    4|   ap_memory|                                         localC_62|         array|
|localC_62_ce0       |  out|    1|   ap_memory|                                         localC_62|         array|
|localC_62_we0       |  out|    1|   ap_memory|                                         localC_62|         array|
|localC_62_d0        |  out|   16|   ap_memory|                                         localC_62|         array|
|localC_63_address0  |  out|    4|   ap_memory|                                         localC_63|         array|
|localC_63_ce0       |  out|    1|   ap_memory|                                         localC_63|         array|
|localC_63_we0       |  out|    1|   ap_memory|                                         localC_63|         array|
|localC_63_d0        |  out|   16|   ap_memory|                                         localC_63|         array|
+--------------------+-----+-----+------------+--------------------------------------------------+--------------+

