

================================================================
== Vitis HLS Report for 'mmult_Pipeline_readB_VITIS_LOOP_158_2'
================================================================
* Date:           Fri Jun  5 01:38:51 2026

* Version:        2023.2 (Build 4023990 on Oct 11 2023)
* Project:        hls_prj
* Solution:       s1 (Vivado IP Flow Target)
* Product family: zynquplus
* Target device:  xck26-sfvc784-2LV-c


================================================================
== Performance Estimates
================================================================
+ Timing: 
    * Summary: 
    +--------+---------+----------+------------+
    |  Clock |  Target | Estimated| Uncertainty|
    +--------+---------+----------+------------+
    |ap_clk  |  3.30 ns|  2.867 ns|     0.89 ns|
    +--------+---------+----------+------------+

+ Latency: 
    * Summary: 
    +---------+---------+----------+----------+------+------+---------+
    |  Latency (cycles) |  Latency (absolute) |   Interval  | Pipeline|
    |   min   |   max   |    min   |    max   |  min |  max |   Type  |
    +---------+---------+----------+----------+------+------+---------+
    |     1027|     1027|  3.389 us|  3.389 us|  1027|  1027|       no|
    +---------+---------+----------+----------+------+------+---------+

    + Detail: 
        * Instance: 
        N/A

        * Loop: 
        +--------------------------+---------+---------+----------+-----------+-----------+------+----------+
        |                          |  Latency (cycles) | Iteration|  Initiation Interval  | Trip |          |
        |         Loop Name        |   min   |   max   |  Latency |  achieved |   target  | Count| Pipelined|
        +--------------------------+---------+---------+----------+-----------+-----------+------+----------+
        |- readB_VITIS_LOOP_158_2  |     1025|     1025|         3|          1|          1|  1024|       yes|
        +--------------------------+---------+---------+----------+-----------+-----------+------+----------+



================================================================
== Utilization Estimates
================================================================
* Summary: 
+-----------------+---------+------+--------+--------+-----+
|       Name      | BRAM_18K|  DSP |   FF   |   LUT  | URAM|
+-----------------+---------+------+--------+--------+-----+
|DSP              |        -|     -|       -|       -|    -|
|Expression       |        -|     -|       0|     337|    -|
|FIFO             |        -|     -|       -|       -|    -|
|Instance         |        -|     -|       -|       -|    -|
|Memory           |        -|     -|       -|       -|    -|
|Multiplexer      |        -|     -|       -|      63|    -|
|Register         |        -|     -|     160|       -|    -|
+-----------------+---------+------+--------+--------+-----+
|Total            |        0|     0|     160|     400|    0|
+-----------------+---------+------+--------+--------+-----+
|Available        |      288|  1248|  234240|  117120|   64|
+-----------------+---------+------+--------+--------+-----+
|Utilization (%)  |        0|     0|      ~0|      ~0|    0|
+-----------------+---------+------+--------+--------+-----+

+ Detail: 
    * Instance: 
    N/A

    * DSP: 
    N/A

    * Memory: 
    N/A

    * FIFO: 
    N/A

    * Expression: 
    +---------------------------+----------+----+---+----+------------+------------+
    |       Variable Name       | Operation| DSP| FF| LUT| Bitwidth P0| Bitwidth P1|
    +---------------------------+----------+----+---+----+------------+------------+
    |add_ln156_1_fu_306_p2      |         +|   0|  0|  71|          64|           1|
    |add_ln156_fu_320_p2        |         +|   0|  0|  38|          31|           1|
    |add_ln158_fu_374_p2        |         +|   0|  0|  38|          31|           1|
    |add_ln161_fu_368_p2        |         +|   0|  0|  14|           7|           7|
    |ap_block_pp0_stage0_11001  |       and|   0|  0|   2|           1|           1|
    |icmp_ln156_fu_301_p2       |      icmp|   0|  0|  71|          64|          64|
    |icmp_ln158_fu_296_p2       |      icmp|   0|  0|  39|          32|          32|
    |select_ln156_1_fu_334_p3   |    select|   0|  0|  31|           1|          31|
    |select_ln156_fu_326_p3     |    select|   0|  0|  31|           1|          31|
    |ap_enable_pp0              |       xor|   0|  0|   2|           1|           2|
    +---------------------------+----------+----+---+----+------------+------------+
    |Total                      |          |   0|  0| 337|         233|         171|
    +---------------------------+----------+----+---+----+------------+------------+

    * Multiplexer: 
    +-------------------------+----+-----------+-----+-----------+
    |           Name          | LUT| Input Size| Bits| Total Bits|
    +-------------------------+----+-----------+-----+-----------+
    |ap_done_int              |   9|          2|    1|          2|
    |ap_enable_reg_pp0_iter1  |   9|          2|    1|          2|
    |ap_enable_reg_pp0_iter2  |   9|          2|    1|          2|
    |gmem1_blk_n_R            |   9|          2|    1|          2|
    |i_fu_104                 |   9|          2|   31|         62|
    |indvar_flatten9_fu_108   |   9|          2|   64|        128|
    |j_1_fu_100               |   9|          2|   31|         62|
    +-------------------------+----+-----------+-----+-----------+
    |Total                    |  63|         14|  130|        260|
    +-------------------------+----+-----------+-----+-----------+

    * Register: 
    +-----------------------------------+----+----+-----+-----------+
    |                Name               | FF | LUT| Bits| Const Bits|
    +-----------------------------------+----+----+-----+-----------+
    |add_ln161_reg_455                  |   7|   0|    7|          0|
    |add_ln161_reg_455_pp0_iter2_reg    |   7|   0|    7|          0|
    |ap_CS_fsm                          |   1|   0|    1|          0|
    |ap_done_reg                        |   1|   0|    1|          0|
    |ap_enable_reg_pp0_iter1            |   1|   0|    1|          0|
    |ap_enable_reg_pp0_iter2            |   1|   0|    1|          0|
    |ap_enable_reg_pp0_iter3            |   1|   0|    1|          0|
    |ap_loop_exit_ready_pp0_iter2_reg   |   1|   0|    1|          0|
    |gmem1_addr_read_reg_460            |   8|   0|    8|          0|
    |i_fu_104                           |  31|   0|   31|          0|
    |indvar_flatten9_fu_108             |  64|   0|   64|          0|
    |j_1_fu_100                         |  31|   0|   31|          0|
    |trunc_ln158_reg_451                |   3|   0|    3|          0|
    |trunc_ln158_reg_451_pp0_iter2_reg  |   3|   0|    3|          0|
    +-----------------------------------+----+----+-----+-----------+
    |Total                              | 160|   0|  160|          0|
    +-----------------------------------+----+----+-----+-----------+



================================================================
== Interface
================================================================
* Summary: 
+----------------------+-----+-----+------------+---------------------------------------+--------------+
|       RTL Ports      | Dir | Bits|  Protocol  |             Source Object             |    C Type    |
+----------------------+-----+-----+------------+---------------------------------------+--------------+
|ap_clk                |   in|    1|  ap_ctrl_hs|  mmult_Pipeline_readB_VITIS_LOOP_158_2|  return value|
|ap_rst                |   in|    1|  ap_ctrl_hs|  mmult_Pipeline_readB_VITIS_LOOP_158_2|  return value|
|ap_start              |   in|    1|  ap_ctrl_hs|  mmult_Pipeline_readB_VITIS_LOOP_158_2|  return value|
|ap_done               |  out|    1|  ap_ctrl_hs|  mmult_Pipeline_readB_VITIS_LOOP_158_2|  return value|
|ap_idle               |  out|    1|  ap_ctrl_hs|  mmult_Pipeline_readB_VITIS_LOOP_158_2|  return value|
|ap_ready              |  out|    1|  ap_ctrl_hs|  mmult_Pipeline_readB_VITIS_LOOP_158_2|  return value|
|m_axi_gmem1_AWVALID   |  out|    1|       m_axi|                                  gmem1|       pointer|
|m_axi_gmem1_AWREADY   |   in|    1|       m_axi|                                  gmem1|       pointer|
|m_axi_gmem1_AWADDR    |  out|   64|       m_axi|                                  gmem1|       pointer|
|m_axi_gmem1_AWID      |  out|    1|       m_axi|                                  gmem1|       pointer|
|m_axi_gmem1_AWLEN     |  out|   32|       m_axi|                                  gmem1|       pointer|
|m_axi_gmem1_AWSIZE    |  out|    3|       m_axi|                                  gmem1|       pointer|
|m_axi_gmem1_AWBURST   |  out|    2|       m_axi|                                  gmem1|       pointer|
|m_axi_gmem1_AWLOCK    |  out|    2|       m_axi|                                  gmem1|       pointer|
|m_axi_gmem1_AWCACHE   |  out|    4|       m_axi|                                  gmem1|       pointer|
|m_axi_gmem1_AWPROT    |  out|    3|       m_axi|                                  gmem1|       pointer|
|m_axi_gmem1_AWQOS     |  out|    4|       m_axi|                                  gmem1|       pointer|
|m_axi_gmem1_AWREGION  |  out|    4|       m_axi|                                  gmem1|       pointer|
|m_axi_gmem1_AWUSER    |  out|    1|       m_axi|                                  gmem1|       pointer|
|m_axi_gmem1_WVALID    |  out|    1|       m_axi|                                  gmem1|       pointer|
|m_axi_gmem1_WREADY    |   in|    1|       m_axi|                                  gmem1|       pointer|
|m_axi_gmem1_WDATA     |  out|    8|       m_axi|                                  gmem1|       pointer|
|m_axi_gmem1_WSTRB     |  out|    1|       m_axi|                                  gmem1|       pointer|
|m_axi_gmem1_WLAST     |  out|    1|       m_axi|                                  gmem1|       pointer|
|m_axi_gmem1_WID       |  out|    1|       m_axi|                                  gmem1|       pointer|
|m_axi_gmem1_WUSER     |  out|    1|       m_axi|                                  gmem1|       pointer|
|m_axi_gmem1_ARVALID   |  out|    1|       m_axi|                                  gmem1|       pointer|
|m_axi_gmem1_ARREADY   |   in|    1|       m_axi|                                  gmem1|       pointer|
|m_axi_gmem1_ARADDR    |  out|   64|       m_axi|                                  gmem1|       pointer|
|m_axi_gmem1_ARID      |  out|    1|       m_axi|                                  gmem1|       pointer|
|m_axi_gmem1_ARLEN     |  out|   32|       m_axi|                                  gmem1|       pointer|
|m_axi_gmem1_ARSIZE    |  out|    3|       m_axi|                                  gmem1|       pointer|
|m_axi_gmem1_ARBURST   |  out|    2|       m_axi|                                  gmem1|       pointer|
|m_axi_gmem1_ARLOCK    |  out|    2|       m_axi|                                  gmem1|       pointer|
|m_axi_gmem1_ARCACHE   |  out|    4|       m_axi|                                  gmem1|       pointer|
|m_axi_gmem1_ARPROT    |  out|    3|       m_axi|                                  gmem1|       pointer|
|m_axi_gmem1_ARQOS     |  out|    4|       m_axi|                                  gmem1|       pointer|
|m_axi_gmem1_ARREGION  |  out|    4|       m_axi|                                  gmem1|       pointer|
|m_axi_gmem1_ARUSER    |  out|    1|       m_axi|                                  gmem1|       pointer|
|m_axi_gmem1_RVALID    |   in|    1|       m_axi|                                  gmem1|       pointer|
|m_axi_gmem1_RREADY    |  out|    1|       m_axi|                                  gmem1|       pointer|
|m_axi_gmem1_RDATA     |   in|    8|       m_axi|                                  gmem1|       pointer|
|m_axi_gmem1_RLAST     |   in|    1|       m_axi|                                  gmem1|       pointer|
|m_axi_gmem1_RID       |   in|    1|       m_axi|                                  gmem1|       pointer|
|m_axi_gmem1_RFIFONUM  |   in|   11|       m_axi|                                  gmem1|       pointer|
|m_axi_gmem1_RUSER     |   in|    1|       m_axi|                                  gmem1|       pointer|
|m_axi_gmem1_RRESP     |   in|    2|       m_axi|                                  gmem1|       pointer|
|m_axi_gmem1_BVALID    |   in|    1|       m_axi|                                  gmem1|       pointer|
|m_axi_gmem1_BREADY    |  out|    1|       m_axi|                                  gmem1|       pointer|
|m_axi_gmem1_BRESP     |   in|    2|       m_axi|                                  gmem1|       pointer|
|m_axi_gmem1_BID       |   in|    1|       m_axi|                                  gmem1|       pointer|
|m_axi_gmem1_BUSER     |   in|    1|       m_axi|                                  gmem1|       pointer|
|b_col                 |   in|   32|     ap_none|                                  b_col|        scalar|
|mul_ln145_1           |   in|   64|     ap_none|                            mul_ln145_1|        scalar|
|b                     |   in|   64|     ap_none|                                      b|        scalar|
|localB_address1       |  out|    7|   ap_memory|                                 localB|         array|
|localB_ce1            |  out|    1|   ap_memory|                                 localB|         array|
|localB_we1            |  out|    1|   ap_memory|                                 localB|         array|
|localB_d1             |  out|    8|   ap_memory|                                 localB|         array|
|localB_1_address1     |  out|    7|   ap_memory|                               localB_1|         array|
|localB_1_ce1          |  out|    1|   ap_memory|                               localB_1|         array|
|localB_1_we1          |  out|    1|   ap_memory|                               localB_1|         array|
|localB_1_d1           |  out|    8|   ap_memory|                               localB_1|         array|
|localB_2_address1     |  out|    7|   ap_memory|                               localB_2|         array|
|localB_2_ce1          |  out|    1|   ap_memory|                               localB_2|         array|
|localB_2_we1          |  out|    1|   ap_memory|                               localB_2|         array|
|localB_2_d1           |  out|    8|   ap_memory|                               localB_2|         array|
|localB_3_address1     |  out|    7|   ap_memory|                               localB_3|         array|
|localB_3_ce1          |  out|    1|   ap_memory|                               localB_3|         array|
|localB_3_we1          |  out|    1|   ap_memory|                               localB_3|         array|
|localB_3_d1           |  out|    8|   ap_memory|                               localB_3|         array|
|localB_4_address1     |  out|    7|   ap_memory|                               localB_4|         array|
|localB_4_ce1          |  out|    1|   ap_memory|                               localB_4|         array|
|localB_4_we1          |  out|    1|   ap_memory|                               localB_4|         array|
|localB_4_d1           |  out|    8|   ap_memory|                               localB_4|         array|
|localB_5_address1     |  out|    7|   ap_memory|                               localB_5|         array|
|localB_5_ce1          |  out|    1|   ap_memory|                               localB_5|         array|
|localB_5_we1          |  out|    1|   ap_memory|                               localB_5|         array|
|localB_5_d1           |  out|    8|   ap_memory|                               localB_5|         array|
|localB_6_address1     |  out|    7|   ap_memory|                               localB_6|         array|
|localB_6_ce1          |  out|    1|   ap_memory|                               localB_6|         array|
|localB_6_we1          |  out|    1|   ap_memory|                               localB_6|         array|
|localB_6_d1           |  out|    8|   ap_memory|                               localB_6|         array|
|localB_7_address1     |  out|    7|   ap_memory|                               localB_7|         array|
|localB_7_ce1          |  out|    1|   ap_memory|                               localB_7|         array|
|localB_7_we1          |  out|    1|   ap_memory|                               localB_7|         array|
|localB_7_d1           |  out|    8|   ap_memory|                               localB_7|         array|
+----------------------+-----+-----+------------+---------------------------------------+--------------+

