

================================================================
== Vitis HLS Report for 'mmult_Pipeline_writeC_VITIS_LOOP_187_5'
================================================================
* Date:           Sat Jun  6 17:47:15 2026

* Version:        2023.2 (Build 4023990 on Oct 11 2023)
* Project:        hls_prj
* Solution:       s1 (Vivado IP Flow Target)
* Product family: zynquplus
* Target device:  xck26-sfvc784-2LV-c


================================================================
== Performance Estimates
================================================================
+ Timing: 
    * Summary: 
    +--------+---------+----------+------------+
    |  Clock |  Target | Estimated| Uncertainty|
    +--------+---------+----------+------------+
    |ap_clk  |  3.30 ns|  2.867 ns|     0.89 ns|
    +--------+---------+----------+------------+

+ Latency: 
    * Summary: 
    +---------+---------+----------+----------+-----+-----+---------+
    |  Latency (cycles) |  Latency (absolute) |  Interval | Pipeline|
    |   min   |   max   |    min   |    max   | min | max |   Type  |
    +---------+---------+----------+----------+-----+-----+---------+
    |       67|       67|  0.221 us|  0.221 us|   67|   67|       no|
    +---------+---------+----------+----------+-----+-----+---------+

    + Detail: 
        * Instance: 
        N/A

        * Loop: 
        +---------------------------+---------+---------+----------+-----------+-----------+------+----------+
        |                           |  Latency (cycles) | Iteration|  Initiation Interval  | Trip |          |
        |         Loop Name         |   min   |   max   |  Latency |  achieved |   target  | Count| Pipelined|
        +---------------------------+---------+---------+----------+-----------+-----------+------+----------+
        |- writeC_VITIS_LOOP_187_5  |       65|       65|         3|          1|          1|    64|       yes|
        +---------------------------+---------+---------+----------+-----------+-----------+------+----------+



================================================================
== Utilization Estimates
================================================================
* Summary: 
+-----------------+---------+------+--------+--------+-----+
|       Name      | BRAM_18K|  DSP |   FF   |   LUT  | URAM|
+-----------------+---------+------+--------+--------+-----+
|DSP              |        -|     -|       -|       -|    -|
|Expression       |        -|     -|       0|     323|    -|
|FIFO             |        -|     -|       -|       -|    -|
|Instance         |        -|     -|       0|     387|    -|
|Memory           |        -|     -|       -|       -|    -|
|Multiplexer      |        -|     -|       -|      63|    -|
|Register         |        -|     -|     277|       -|    -|
+-----------------+---------+------+--------+--------+-----+
|Total            |        0|     0|     277|     773|    0|
+-----------------+---------+------+--------+--------+-----+
|Available        |      288|  1248|  234240|  117120|   64|
+-----------------+---------+------+--------+--------+-----+
|Utilization (%)  |        0|     0|      ~0|      ~0|    0|
+-----------------+---------+------+--------+--------+-----+

+ Detail: 
    * Instance: 
    +----------------------------+-----------------------+---------+----+---+----+-----+
    |          Instance          |         Module        | BRAM_18K| DSP| FF| LUT| URAM|
    +----------------------------+-----------------------+---------+----+---+----+-----+
    |sparsemux_17_3_16_1_1_U338  |sparsemux_17_3_16_1_1  |        0|   0|  0|  43|    0|
    |sparsemux_17_3_16_1_1_U339  |sparsemux_17_3_16_1_1  |        0|   0|  0|  43|    0|
    |sparsemux_17_3_16_1_1_U340  |sparsemux_17_3_16_1_1  |        0|   0|  0|  43|    0|
    |sparsemux_17_3_16_1_1_U341  |sparsemux_17_3_16_1_1  |        0|   0|  0|  43|    0|
    |sparsemux_17_3_16_1_1_U342  |sparsemux_17_3_16_1_1  |        0|   0|  0|  43|    0|
    |sparsemux_17_3_16_1_1_U343  |sparsemux_17_3_16_1_1  |        0|   0|  0|  43|    0|
    |sparsemux_17_3_16_1_1_U344  |sparsemux_17_3_16_1_1  |        0|   0|  0|  43|    0|
    |sparsemux_17_3_16_1_1_U345  |sparsemux_17_3_16_1_1  |        0|   0|  0|  43|    0|
    |sparsemux_17_3_16_1_1_U346  |sparsemux_17_3_16_1_1  |        0|   0|  0|  43|    0|
    +----------------------------+-----------------------+---------+----+---+----+-----+
    |Total                       |                       |        0|   0|  0| 387|    0|
    +----------------------------+-----------------------+---------+----+---+----+-----+

    * DSP: 
    N/A

    * Memory: 
    N/A

    * FIFO: 
    N/A

    * Expression: 
    +---------------------------+----------+----+---+----+------------+------------+
    |       Variable Name       | Operation| DSP| FF| LUT| Bitwidth P0| Bitwidth P1|
    +---------------------------+----------+----+---+----+------------+------------+
    |add_ln185_1_fu_960_p2      |         +|   0|  0|  38|          31|           1|
    |add_ln185_fu_667_p2        |         +|   0|  0|  71|          64|           1|
    |add_ln187_fu_941_p2        |         +|   0|  0|  38|          31|           1|
    |ap_block_pp0_stage0_11001  |       and|   0|  0|   2|           1|           1|
    |icmp_ln185_fu_662_p2       |      icmp|   0|  0|  71|          64|          64|
    |icmp_ln187_fu_657_p2       |      icmp|   0|  0|  39|          32|          32|
    |select_ln185_1_fu_966_p3   |    select|   0|  0|  31|           1|          31|
    |select_ln185_fu_673_p3     |    select|   0|  0|  31|           1|          31|
    |ap_enable_pp0              |       xor|   0|  0|   2|           1|           2|
    +---------------------------+----------+----+---+----+------------+------------+
    |Total                      |          |   0|  0| 323|         226|         164|
    +---------------------------+----------+----+---+----+------------+------------+

    * Multiplexer: 
    +-------------------------+----+-----------+-----+-----------+
    |           Name          | LUT| Input Size| Bits| Total Bits|
    +-------------------------+----+-----------+-----+-----------+
    |ap_done_int              |   9|          2|    1|          2|
    |ap_enable_reg_pp0_iter1  |   9|          2|    1|          2|
    |ap_enable_reg_pp0_iter2  |   9|          2|    1|          2|
    |gmem2_blk_n_W            |   9|          2|    1|          2|
    |i_fu_210                 |   9|          2|   31|         62|
    |indvar_flatten19_fu_214  |   9|          2|   64|        128|
    |j_fu_206                 |   9|          2|   31|         62|
    +-------------------------+----+-----------+-----+-----------+
    |Total                    |  63|         14|  130|        260|
    +-------------------------+----+-----------+-----+-----------+

    * Register: 
    +----------------------------------+----+----+-----+-----------+
    |               Name               | FF | LUT| Bits| Const Bits|
    +----------------------------------+----+----+-----+-----------+
    |ap_CS_fsm                         |   1|   0|    1|          0|
    |ap_done_reg                       |   1|   0|    1|          0|
    |ap_enable_reg_pp0_iter1           |   1|   0|    1|          0|
    |ap_enable_reg_pp0_iter2           |   1|   0|    1|          0|
    |ap_enable_reg_pp0_iter3           |   1|   0|    1|          0|
    |ap_loop_exit_ready_pp0_iter2_reg  |   1|   0|    1|          0|
    |i_fu_210                          |  31|   0|   31|          0|
    |icmp_ln187_reg_1376               |   1|   0|    1|          0|
    |indvar_flatten19_fu_214           |  64|   0|   64|          0|
    |j_fu_206                          |  31|   0|   31|          0|
    |tmp_1_reg_1390                    |  16|   0|   16|          0|
    |tmp_2_reg_1395                    |  16|   0|   16|          0|
    |tmp_3_reg_1400                    |  16|   0|   16|          0|
    |tmp_4_reg_1405                    |  16|   0|   16|          0|
    |tmp_5_reg_1410                    |  16|   0|   16|          0|
    |tmp_6_reg_1415                    |  16|   0|   16|          0|
    |tmp_7_reg_1420                    |  16|   0|   16|          0|
    |tmp_8_reg_1425                    |  16|   0|   16|          0|
    |tmp_reg_1385                      |  16|   0|   16|          0|
    +----------------------------------+----+----+-----+-----------+
    |Total                             | 277|   0|  277|          0|
    +----------------------------------+----+----+-----+-----------+



================================================================
== Interface
================================================================
* Summary: 
+----------------------+-----+-----+------------+----------------------------------------+--------------+
|       RTL Ports      | Dir | Bits|  Protocol  |              Source Object             |    C Type    |
+----------------------+-----+-----+------------+----------------------------------------+--------------+
|ap_clk                |   in|    1|  ap_ctrl_hs|  mmult_Pipeline_writeC_VITIS_LOOP_187_5|  return value|
|ap_rst                |   in|    1|  ap_ctrl_hs|  mmult_Pipeline_writeC_VITIS_LOOP_187_5|  return value|
|ap_start              |   in|    1|  ap_ctrl_hs|  mmult_Pipeline_writeC_VITIS_LOOP_187_5|  return value|
|ap_done               |  out|    1|  ap_ctrl_hs|  mmult_Pipeline_writeC_VITIS_LOOP_187_5|  return value|
|ap_idle               |  out|    1|  ap_ctrl_hs|  mmult_Pipeline_writeC_VITIS_LOOP_187_5|  return value|
|ap_ready              |  out|    1|  ap_ctrl_hs|  mmult_Pipeline_writeC_VITIS_LOOP_187_5|  return value|
|m_axi_gmem2_AWVALID   |  out|    1|       m_axi|                                   gmem2|       pointer|
|m_axi_gmem2_AWREADY   |   in|    1|       m_axi|                                   gmem2|       pointer|
|m_axi_gmem2_AWADDR    |  out|   64|       m_axi|                                   gmem2|       pointer|
|m_axi_gmem2_AWID      |  out|    1|       m_axi|                                   gmem2|       pointer|
|m_axi_gmem2_AWLEN     |  out|   32|       m_axi|                                   gmem2|       pointer|
|m_axi_gmem2_AWSIZE    |  out|    3|       m_axi|                                   gmem2|       pointer|
|m_axi_gmem2_AWBURST   |  out|    2|       m_axi|                                   gmem2|       pointer|
|m_axi_gmem2_AWLOCK    |  out|    2|       m_axi|                                   gmem2|       pointer|
|m_axi_gmem2_AWCACHE   |  out|    4|       m_axi|                                   gmem2|       pointer|
|m_axi_gmem2_AWPROT    |  out|    3|       m_axi|                                   gmem2|       pointer|
|m_axi_gmem2_AWQOS     |  out|    4|       m_axi|                                   gmem2|       pointer|
|m_axi_gmem2_AWREGION  |  out|    4|       m_axi|                                   gmem2|       pointer|
|m_axi_gmem2_AWUSER    |  out|    1|       m_axi|                                   gmem2|       pointer|
|m_axi_gmem2_WVALID    |  out|    1|       m_axi|                                   gmem2|       pointer|
|m_axi_gmem2_WREADY    |   in|    1|       m_axi|                                   gmem2|       pointer|
|m_axi_gmem2_WDATA     |  out|   16|       m_axi|                                   gmem2|       pointer|
|m_axi_gmem2_WSTRB     |  out|    2|       m_axi|                                   gmem2|       pointer|
|m_axi_gmem2_WLAST     |  out|    1|       m_axi|                                   gmem2|       pointer|
|m_axi_gmem2_WID       |  out|    1|       m_axi|                                   gmem2|       pointer|
|m_axi_gmem2_WUSER     |  out|    1|       m_axi|                                   gmem2|       pointer|
|m_axi_gmem2_ARVALID   |  out|    1|       m_axi|                                   gmem2|       pointer|
|m_axi_gmem2_ARREADY   |   in|    1|       m_axi|                                   gmem2|       pointer|
|m_axi_gmem2_ARADDR    |  out|   64|       m_axi|                                   gmem2|       pointer|
|m_axi_gmem2_ARID      |  out|    1|       m_axi|                                   gmem2|       pointer|
|m_axi_gmem2_ARLEN     |  out|   32|       m_axi|                                   gmem2|       pointer|
|m_axi_gmem2_ARSIZE    |  out|    3|       m_axi|                                   gmem2|       pointer|
|m_axi_gmem2_ARBURST   |  out|    2|       m_axi|                                   gmem2|       pointer|
|m_axi_gmem2_ARLOCK    |  out|    2|       m_axi|                                   gmem2|       pointer|
|m_axi_gmem2_ARCACHE   |  out|    4|       m_axi|                                   gmem2|       pointer|
|m_axi_gmem2_ARPROT    |  out|    3|       m_axi|                                   gmem2|       pointer|
|m_axi_gmem2_ARQOS     |  out|    4|       m_axi|                                   gmem2|       pointer|
|m_axi_gmem2_ARREGION  |  out|    4|       m_axi|                                   gmem2|       pointer|
|m_axi_gmem2_ARUSER    |  out|    1|       m_axi|                                   gmem2|       pointer|
|m_axi_gmem2_RVALID    |   in|    1|       m_axi|                                   gmem2|       pointer|
|m_axi_gmem2_RREADY    |  out|    1|       m_axi|                                   gmem2|       pointer|
|m_axi_gmem2_RDATA     |   in|   16|       m_axi|                                   gmem2|       pointer|
|m_axi_gmem2_RLAST     |   in|    1|       m_axi|                                   gmem2|       pointer|
|m_axi_gmem2_RID       |   in|    1|       m_axi|                                   gmem2|       pointer|
|m_axi_gmem2_RFIFONUM  |   in|   10|       m_axi|                                   gmem2|       pointer|
|m_axi_gmem2_RUSER     |   in|    1|       m_axi|                                   gmem2|       pointer|
|m_axi_gmem2_RRESP     |   in|    2|       m_axi|                                   gmem2|       pointer|
|m_axi_gmem2_BVALID    |   in|    1|       m_axi|                                   gmem2|       pointer|
|m_axi_gmem2_BREADY    |  out|    1|       m_axi|                                   gmem2|       pointer|
|m_axi_gmem2_BRESP     |   in|    2|       m_axi|                                   gmem2|       pointer|
|m_axi_gmem2_BID       |   in|    1|       m_axi|                                   gmem2|       pointer|
|m_axi_gmem2_BUSER     |   in|    1|       m_axi|                                   gmem2|       pointer|
|b_col                 |   in|   32|     ap_none|                                   b_col|        scalar|
|mul_ln185_1           |   in|   64|     ap_none|                             mul_ln185_1|        scalar|
|sext_ln185            |   in|   63|     ap_none|                              sext_ln185|        scalar|
|localC_0              |   in|   16|     ap_none|                                localC_0|        scalar|
|localC_1_0            |   in|   16|     ap_none|                              localC_1_0|        scalar|
|localC_2_0            |   in|   16|     ap_none|                              localC_2_0|        scalar|
|localC_3_0            |   in|   16|     ap_none|                              localC_3_0|        scalar|
|localC_4_0            |   in|   16|     ap_none|                              localC_4_0|        scalar|
|localC_5_0            |   in|   16|     ap_none|                              localC_5_0|        scalar|
|localC_6_0            |   in|   16|     ap_none|                              localC_6_0|        scalar|
|localC_7_0            |   in|   16|     ap_none|                              localC_7_0|        scalar|
|localC_8_0            |   in|   16|     ap_none|                              localC_8_0|        scalar|
|localC_9_0            |   in|   16|     ap_none|                              localC_9_0|        scalar|
|localC_10_0           |   in|   16|     ap_none|                             localC_10_0|        scalar|
|localC_11_0           |   in|   16|     ap_none|                             localC_11_0|        scalar|
|localC_12_0           |   in|   16|     ap_none|                             localC_12_0|        scalar|
|localC_13_0           |   in|   16|     ap_none|                             localC_13_0|        scalar|
|localC_14_0           |   in|   16|     ap_none|                             localC_14_0|        scalar|
|localC_15_0           |   in|   16|     ap_none|                             localC_15_0|        scalar|
|localC_16_0           |   in|   16|     ap_none|                             localC_16_0|        scalar|
|localC_17_0           |   in|   16|     ap_none|                             localC_17_0|        scalar|
|localC_18_0           |   in|   16|     ap_none|                             localC_18_0|        scalar|
|localC_19_0           |   in|   16|     ap_none|                             localC_19_0|        scalar|
|localC_20_0           |   in|   16|     ap_none|                             localC_20_0|        scalar|
|localC_21_0           |   in|   16|     ap_none|                             localC_21_0|        scalar|
|localC_22_0           |   in|   16|     ap_none|                             localC_22_0|        scalar|
|localC_23_0           |   in|   16|     ap_none|                             localC_23_0|        scalar|
|localC_24_0           |   in|   16|     ap_none|                             localC_24_0|        scalar|
|localC_25_0           |   in|   16|     ap_none|                             localC_25_0|        scalar|
|localC_26_0           |   in|   16|     ap_none|                             localC_26_0|        scalar|
|localC_27_0           |   in|   16|     ap_none|                             localC_27_0|        scalar|
|localC_28_0           |   in|   16|     ap_none|                             localC_28_0|        scalar|
|localC_29_0           |   in|   16|     ap_none|                             localC_29_0|        scalar|
|localC_30_0           |   in|   16|     ap_none|                             localC_30_0|        scalar|
|localC_31_0           |   in|   16|     ap_none|                             localC_31_0|        scalar|
|localC_32_0           |   in|   16|     ap_none|                             localC_32_0|        scalar|
|localC_33_0           |   in|   16|     ap_none|                             localC_33_0|        scalar|
|localC_34_0           |   in|   16|     ap_none|                             localC_34_0|        scalar|
|localC_35_0           |   in|   16|     ap_none|                             localC_35_0|        scalar|
|localC_36_0           |   in|   16|     ap_none|                             localC_36_0|        scalar|
|localC_37_0           |   in|   16|     ap_none|                             localC_37_0|        scalar|
|localC_38_0           |   in|   16|     ap_none|                             localC_38_0|        scalar|
|localC_39_0           |   in|   16|     ap_none|                             localC_39_0|        scalar|
|localC_40_0           |   in|   16|     ap_none|                             localC_40_0|        scalar|
|localC_41_0           |   in|   16|     ap_none|                             localC_41_0|        scalar|
|localC_42_0           |   in|   16|     ap_none|                             localC_42_0|        scalar|
|localC_43_0           |   in|   16|     ap_none|                             localC_43_0|        scalar|
|localC_44_0           |   in|   16|     ap_none|                             localC_44_0|        scalar|
|localC_45_0           |   in|   16|     ap_none|                             localC_45_0|        scalar|
|localC_46_0           |   in|   16|     ap_none|                             localC_46_0|        scalar|
|localC_47_0           |   in|   16|     ap_none|                             localC_47_0|        scalar|
|localC_48_0           |   in|   16|     ap_none|                             localC_48_0|        scalar|
|localC_49_0           |   in|   16|     ap_none|                             localC_49_0|        scalar|
|localC_50_0           |   in|   16|     ap_none|                             localC_50_0|        scalar|
|localC_51_0           |   in|   16|     ap_none|                             localC_51_0|        scalar|
|localC_52_0           |   in|   16|     ap_none|                             localC_52_0|        scalar|
|localC_53_0           |   in|   16|     ap_none|                             localC_53_0|        scalar|
|localC_54_0           |   in|   16|     ap_none|                             localC_54_0|        scalar|
|localC_55_0           |   in|   16|     ap_none|                             localC_55_0|        scalar|
|localC_56_0           |   in|   16|     ap_none|                             localC_56_0|        scalar|
|localC_57_0           |   in|   16|     ap_none|                             localC_57_0|        scalar|
|localC_58_0           |   in|   16|     ap_none|                             localC_58_0|        scalar|
|localC_59_0           |   in|   16|     ap_none|                             localC_59_0|        scalar|
|localC_60_0           |   in|   16|     ap_none|                             localC_60_0|        scalar|
|localC_61_0           |   in|   16|     ap_none|                             localC_61_0|        scalar|
|localC_62_0           |   in|   16|     ap_none|                             localC_62_0|        scalar|
|localC_63_0           |   in|   16|     ap_none|                             localC_63_0|        scalar|
+----------------------+-----+-----+------------+----------------------------------------+--------------+

