

================================================================
== Vitis HLS Report for 'tile_process_Pipeline_compute_pipeline'
================================================================
* Date:           Sat Jun  6 17:47:15 2026

* Version:        2023.2 (Build 4023990 on Oct 11 2023)
* Project:        hls_prj
* Solution:       s1 (Vivado IP Flow Target)
* Product family: zynquplus
* Target device:  xck26-sfvc784-2LV-c


================================================================
== Performance Estimates
================================================================
+ Timing: 
    * Summary: 
    +--------+---------+----------+------------+
    |  Clock |  Target | Estimated| Uncertainty|
    +--------+---------+----------+------------+
    |ap_clk  |  3.30 ns|  2.066 ns|     0.89 ns|
    +--------+---------+----------+------------+

+ Latency: 
    * Summary: 
    +---------+---------+-----------+-----------+-----+-----+---------+
    |  Latency (cycles) |   Latency (absolute)  |  Interval | Pipeline|
    |   min   |   max   |    min    |    max    | min | max |   Type  |
    +---------+---------+-----------+-----------+-----+-----+---------+
    |       13|       13|  42.900 ns|  42.900 ns|   13|   13|       no|
    +---------+---------+-----------+-----------+-----+-----+---------+

    + Detail: 
        * Instance: 
        N/A

        * Loop: 
        +--------------------+---------+---------+----------+-----------+-----------+------+----------+
        |                    |  Latency (cycles) | Iteration|  Initiation Interval  | Trip |          |
        |      Loop Name     |   min   |   max   |  Latency |  achieved |   target  | Count| Pipelined|
        +--------------------+---------+---------+----------+-----------+-----------+------+----------+
        |- compute_pipeline  |       11|       11|         5|          1|          1|     8|       yes|
        +--------------------+---------+---------+----------+-----------+-----------+------+----------+



================================================================
== Utilization Estimates
================================================================
* Summary: 
+-----------------+---------+------+--------+--------+-----+
|       Name      | BRAM_18K|  DSP |   FF   |   LUT  | URAM|
+-----------------+---------+------+--------+--------+-----+
|DSP              |        -|    64|       -|       -|    -|
|Expression       |        -|     -|       0|     448|    -|
|FIFO             |        -|     -|       -|       -|    -|
|Instance         |        -|     -|       -|       -|    -|
|Memory           |        -|     -|       -|       -|    -|
|Multiplexer      |        -|     -|       -|    1188|    -|
|Register         |        -|     -|    1233|      32|    -|
+-----------------+---------+------+--------+--------+-----+
|Total            |        0|    64|    1233|    1668|    0|
+-----------------+---------+------+--------+--------+-----+
|Available        |      288|  1248|  234240|  117120|   64|
+-----------------+---------+------+--------+--------+-----+
|Utilization (%)  |        0|     5|      ~0|       1|    0|
+-----------------+---------+------+--------+--------+-----+

+ Detail: 
    * Instance: 
    N/A

    * DSP: 
    +----------------------------------+------------------------------+--------------+
    |             Instance             |            Module            |  Expression  |
    +----------------------------------+------------------------------+--------------+
    |mac_muladd_8s_8s_16ns_16_4_1_U25  |mac_muladd_8s_8s_16ns_16_4_1  |  i0 * i1 + i2|
    |mac_muladd_8s_8s_16ns_16_4_1_U26  |mac_muladd_8s_8s_16ns_16_4_1  |  i0 * i1 + i2|
    |mac_muladd_8s_8s_16ns_16_4_1_U27  |mac_muladd_8s_8s_16ns_16_4_1  |  i0 * i1 + i2|
    |mac_muladd_8s_8s_16ns_16_4_1_U28  |mac_muladd_8s_8s_16ns_16_4_1  |  i0 * i1 + i2|
    |mac_muladd_8s_8s_16ns_16_4_1_U29  |mac_muladd_8s_8s_16ns_16_4_1  |  i0 * i1 + i2|
    |mac_muladd_8s_8s_16ns_16_4_1_U30  |mac_muladd_8s_8s_16ns_16_4_1  |  i0 * i1 + i2|
    |mac_muladd_8s_8s_16ns_16_4_1_U31  |mac_muladd_8s_8s_16ns_16_4_1  |  i0 * i1 + i2|
    |mac_muladd_8s_8s_16ns_16_4_1_U32  |mac_muladd_8s_8s_16ns_16_4_1  |  i0 * i1 + i2|
    |mac_muladd_8s_8s_16ns_16_4_1_U33  |mac_muladd_8s_8s_16ns_16_4_1  |  i0 * i1 + i2|
    |mac_muladd_8s_8s_16ns_16_4_1_U34  |mac_muladd_8s_8s_16ns_16_4_1  |  i0 * i1 + i2|
    |mac_muladd_8s_8s_16ns_16_4_1_U35  |mac_muladd_8s_8s_16ns_16_4_1  |  i0 * i1 + i2|
    |mac_muladd_8s_8s_16ns_16_4_1_U36  |mac_muladd_8s_8s_16ns_16_4_1  |  i0 * i1 + i2|
    |mac_muladd_8s_8s_16ns_16_4_1_U37  |mac_muladd_8s_8s_16ns_16_4_1  |  i0 * i1 + i2|
    |mac_muladd_8s_8s_16ns_16_4_1_U38  |mac_muladd_8s_8s_16ns_16_4_1  |  i0 * i1 + i2|
    |mac_muladd_8s_8s_16ns_16_4_1_U39  |mac_muladd_8s_8s_16ns_16_4_1  |  i0 * i1 + i2|
    |mac_muladd_8s_8s_16ns_16_4_1_U40  |mac_muladd_8s_8s_16ns_16_4_1  |  i0 * i1 + i2|
    |mac_muladd_8s_8s_16ns_16_4_1_U41  |mac_muladd_8s_8s_16ns_16_4_1  |  i0 * i1 + i2|
    |mac_muladd_8s_8s_16ns_16_4_1_U42  |mac_muladd_8s_8s_16ns_16_4_1  |  i0 * i1 + i2|
    |mac_muladd_8s_8s_16ns_16_4_1_U43  |mac_muladd_8s_8s_16ns_16_4_1  |  i0 * i1 + i2|
    |mac_muladd_8s_8s_16ns_16_4_1_U44  |mac_muladd_8s_8s_16ns_16_4_1  |  i0 * i1 + i2|
    |mac_muladd_8s_8s_16ns_16_4_1_U45  |mac_muladd_8s_8s_16ns_16_4_1  |  i0 * i1 + i2|
    |mac_muladd_8s_8s_16ns_16_4_1_U46  |mac_muladd_8s_8s_16ns_16_4_1  |  i0 * i1 + i2|
    |mac_muladd_8s_8s_16ns_16_4_1_U47  |mac_muladd_8s_8s_16ns_16_4_1  |  i0 * i1 + i2|
    |mac_muladd_8s_8s_16ns_16_4_1_U48  |mac_muladd_8s_8s_16ns_16_4_1  |  i0 * i1 + i2|
    |mac_muladd_8s_8s_16ns_16_4_1_U49  |mac_muladd_8s_8s_16ns_16_4_1  |  i0 * i1 + i2|
    |mac_muladd_8s_8s_16ns_16_4_1_U50  |mac_muladd_8s_8s_16ns_16_4_1  |  i0 * i1 + i2|
    |mac_muladd_8s_8s_16ns_16_4_1_U51  |mac_muladd_8s_8s_16ns_16_4_1  |  i0 * i1 + i2|
    |mac_muladd_8s_8s_16ns_16_4_1_U52  |mac_muladd_8s_8s_16ns_16_4_1  |  i0 * i1 + i2|
    |mac_muladd_8s_8s_16ns_16_4_1_U53  |mac_muladd_8s_8s_16ns_16_4_1  |  i0 * i1 + i2|
    |mac_muladd_8s_8s_16ns_16_4_1_U54  |mac_muladd_8s_8s_16ns_16_4_1  |  i0 * i1 + i2|
    |mac_muladd_8s_8s_16ns_16_4_1_U55  |mac_muladd_8s_8s_16ns_16_4_1  |  i0 * i1 + i2|
    |mac_muladd_8s_8s_16ns_16_4_1_U56  |mac_muladd_8s_8s_16ns_16_4_1  |  i0 * i1 + i2|
    |mac_muladd_8s_8s_16ns_16_4_1_U57  |mac_muladd_8s_8s_16ns_16_4_1  |  i0 * i1 + i2|
    |mac_muladd_8s_8s_16ns_16_4_1_U58  |mac_muladd_8s_8s_16ns_16_4_1  |  i0 * i1 + i2|
    |mac_muladd_8s_8s_16ns_16_4_1_U59  |mac_muladd_8s_8s_16ns_16_4_1  |  i0 * i1 + i2|
    |mac_muladd_8s_8s_16ns_16_4_1_U60  |mac_muladd_8s_8s_16ns_16_4_1  |  i0 * i1 + i2|
    |mac_muladd_8s_8s_16ns_16_4_1_U61  |mac_muladd_8s_8s_16ns_16_4_1  |  i0 * i1 + i2|
    |mac_muladd_8s_8s_16ns_16_4_1_U62  |mac_muladd_8s_8s_16ns_16_4_1  |  i0 * i1 + i2|
    |mac_muladd_8s_8s_16ns_16_4_1_U63  |mac_muladd_8s_8s_16ns_16_4_1  |  i0 * i1 + i2|
    |mac_muladd_8s_8s_16ns_16_4_1_U64  |mac_muladd_8s_8s_16ns_16_4_1  |  i0 * i1 + i2|
    |mac_muladd_8s_8s_16ns_16_4_1_U65  |mac_muladd_8s_8s_16ns_16_4_1  |  i0 * i1 + i2|
    |mac_muladd_8s_8s_16ns_16_4_1_U66  |mac_muladd_8s_8s_16ns_16_4_1  |  i0 * i1 + i2|
    |mac_muladd_8s_8s_16ns_16_4_1_U67  |mac_muladd_8s_8s_16ns_16_4_1  |  i0 * i1 + i2|
    |mac_muladd_8s_8s_16ns_16_4_1_U68  |mac_muladd_8s_8s_16ns_16_4_1  |  i0 * i1 + i2|
    |mac_muladd_8s_8s_16ns_16_4_1_U69  |mac_muladd_8s_8s_16ns_16_4_1  |  i0 * i1 + i2|
    |mac_muladd_8s_8s_16ns_16_4_1_U70  |mac_muladd_8s_8s_16ns_16_4_1  |  i0 * i1 + i2|
    |mac_muladd_8s_8s_16ns_16_4_1_U71  |mac_muladd_8s_8s_16ns_16_4_1  |  i0 * i1 + i2|
    |mac_muladd_8s_8s_16ns_16_4_1_U72  |mac_muladd_8s_8s_16ns_16_4_1  |  i0 * i1 + i2|
    |mac_muladd_8s_8s_16ns_16_4_1_U73  |mac_muladd_8s_8s_16ns_16_4_1  |  i0 * i1 + i2|
    |mac_muladd_8s_8s_16ns_16_4_1_U74  |mac_muladd_8s_8s_16ns_16_4_1  |  i0 * i1 + i2|
    |mac_muladd_8s_8s_16ns_16_4_1_U75  |mac_muladd_8s_8s_16ns_16_4_1  |  i0 * i1 + i2|
    |mac_muladd_8s_8s_16ns_16_4_1_U76  |mac_muladd_8s_8s_16ns_16_4_1  |  i0 * i1 + i2|
    |mac_muladd_8s_8s_16ns_16_4_1_U77  |mac_muladd_8s_8s_16ns_16_4_1  |  i0 * i1 + i2|
    |mac_muladd_8s_8s_16ns_16_4_1_U78  |mac_muladd_8s_8s_16ns_16_4_1  |  i0 * i1 + i2|
    |mac_muladd_8s_8s_16ns_16_4_1_U79  |mac_muladd_8s_8s_16ns_16_4_1  |  i0 * i1 + i2|
    |mac_muladd_8s_8s_16ns_16_4_1_U80  |mac_muladd_8s_8s_16ns_16_4_1  |  i0 * i1 + i2|
    |mac_muladd_8s_8s_16ns_16_4_1_U81  |mac_muladd_8s_8s_16ns_16_4_1  |  i0 * i1 + i2|
    |mac_muladd_8s_8s_16ns_16_4_1_U82  |mac_muladd_8s_8s_16ns_16_4_1  |  i0 * i1 + i2|
    |mac_muladd_8s_8s_16ns_16_4_1_U83  |mac_muladd_8s_8s_16ns_16_4_1  |  i0 * i1 + i2|
    |mac_muladd_8s_8s_16ns_16_4_1_U84  |mac_muladd_8s_8s_16ns_16_4_1  |  i0 * i1 + i2|
    |mac_muladd_8s_8s_16ns_16_4_1_U85  |mac_muladd_8s_8s_16ns_16_4_1  |  i0 * i1 + i2|
    |mac_muladd_8s_8s_16ns_16_4_1_U86  |mac_muladd_8s_8s_16ns_16_4_1  |  i0 * i1 + i2|
    |mac_muladd_8s_8s_16ns_16_4_1_U87  |mac_muladd_8s_8s_16ns_16_4_1  |  i0 * i1 + i2|
    |mac_muladd_8s_8s_16ns_16_4_1_U88  |mac_muladd_8s_8s_16ns_16_4_1  |  i0 * i1 + i2|
    +----------------------------------+------------------------------+--------------+

    * Memory: 
    N/A

    * FIFO: 
    N/A

    * Expression: 
    +---------------------------+----------+----+---+----+------------+------------+
    |       Variable Name       | Operation| DSP| FF| LUT| Bitwidth P0| Bitwidth P1|
    +---------------------------+----------+----+---+----+------------+------------+
    |add_ln81_fu_2155_p2        |         +|   0|  0|  71|          64|           1|
    |and_ln96_1_fu_2204_p2      |       and|   0|  0|   2|           1|           1|
    |and_ln96_2_fu_2220_p2      |       and|   0|  0|   2|           1|           1|
    |and_ln96_3_fu_2236_p2      |       and|   0|  0|   2|           1|           1|
    |and_ln96_4_fu_2252_p2      |       and|   0|  0|   2|           1|           1|
    |and_ln96_5_fu_2268_p2      |       and|   0|  0|   2|           1|           1|
    |and_ln96_6_fu_2284_p2      |       and|   0|  0|   2|           1|           1|
    |and_ln96_7_fu_2300_p2      |       and|   0|  0|   2|           1|           1|
    |and_ln96_fu_2184_p2        |       and|   0|  0|   2|           1|           1|
    |cmp13_fu_2145_p2           |      icmp|   0|  0|  71|          64|          64|
    |icmp_ln81_fu_2140_p2       |      icmp|   0|  0|  71|          64|          64|
    |icmp_ln91_fu_2150_p2       |      icmp|   0|  0|  71|          64|          64|
    |or_ln91_1_fu_2316_p2       |        or|   0|  0|   2|           1|           1|
    |or_ln91_2_fu_2333_p2       |        or|   0|  0|   2|           1|           1|
    |or_ln91_3_fu_2350_p2       |        or|   0|  0|   2|           1|           1|
    |or_ln91_4_fu_2367_p2       |        or|   0|  0|   2|           1|           1|
    |or_ln91_5_fu_2384_p2       |        or|   0|  0|   2|           1|           1|
    |or_ln91_6_fu_2401_p2       |        or|   0|  0|   2|           1|           1|
    |or_ln91_7_fu_2418_p2       |        or|   0|  0|   2|           1|           1|
    |or_ln91_fu_2171_p2         |        or|   0|  0|   2|           1|           1|
    |a_forwarded_11_fu_2389_p3  |    select|   0|  0|   8|           1|           1|
    |a_forwarded_13_fu_2406_p3  |    select|   0|  0|   8|           1|           1|
    |a_forwarded_15_fu_2423_p3  |    select|   0|  0|   8|           1|           1|
    |a_forwarded_1_fu_2176_p3   |    select|   0|  0|   8|           1|           1|
    |a_forwarded_3_fu_2321_p3   |    select|   0|  0|   8|           1|           1|
    |a_forwarded_5_fu_2338_p3   |    select|   0|  0|   8|           1|           1|
    |a_forwarded_7_fu_2355_p3   |    select|   0|  0|   8|           1|           1|
    |a_forwarded_9_fu_2372_p3   |    select|   0|  0|   8|           1|           1|
    |b_forwarded_11_fu_2272_p3  |    select|   0|  0|   8|           1|           8|
    |b_forwarded_13_fu_2288_p3  |    select|   0|  0|   8|           1|           8|
    |b_forwarded_15_fu_2304_p3  |    select|   0|  0|   8|           1|           8|
    |b_forwarded_1_fu_2188_p3   |    select|   0|  0|   8|           1|           8|
    |b_forwarded_3_fu_2208_p3   |    select|   0|  0|   8|           1|           8|
    |b_forwarded_5_fu_2224_p3   |    select|   0|  0|   8|           1|           8|
    |b_forwarded_7_fu_2240_p3   |    select|   0|  0|   8|           1|           8|
    |b_forwarded_9_fu_2256_p3   |    select|   0|  0|   8|           1|           8|
    |ap_enable_pp0              |       xor|   0|  0|   2|           1|           2|
    |xor_ln91_fu_2166_p2        |       xor|   0|  0|   2|           1|           2|
    +---------------------------+----------+----+---+----+------------+------------+
    |Total                      |          |   0|  0| 448|         290|         285|
    +---------------------------+----------+----+---+----+------------+------------+

    * Multiplexer: 
    +-----------------------------------------+----+-----------+-----+-----------+
    |                   Name                  | LUT| Input Size| Bits| Total Bits|
    +-----------------------------------------+----+-----------+-----+-----------+
    |ap_done_int                              |   9|          2|    1|          2|
    |ap_enable_reg_pp0_iter1                  |   9|          2|    1|          2|
    |ap_enable_reg_pp0_iter2                  |   9|          2|    1|          2|
    |ap_sig_allocacmp_c_row_major_0_0_0_load  |   9|          2|   16|         32|
    |ap_sig_allocacmp_c_row_major_0_1_0_load  |   9|          2|   16|         32|
    |ap_sig_allocacmp_c_row_major_0_2_0_load  |   9|          2|   16|         32|
    |ap_sig_allocacmp_c_row_major_0_3_0_load  |   9|          2|   16|         32|
    |ap_sig_allocacmp_c_row_major_0_4_0_load  |   9|          2|   16|         32|
    |ap_sig_allocacmp_c_row_major_0_5_0_load  |   9|          2|   16|         32|
    |ap_sig_allocacmp_c_row_major_0_6_0_load  |   9|          2|   16|         32|
    |ap_sig_allocacmp_c_row_major_0_7_0_load  |   9|          2|   16|         32|
    |ap_sig_allocacmp_c_row_major_1_0_0_load  |   9|          2|   16|         32|
    |ap_sig_allocacmp_c_row_major_1_1_0_load  |   9|          2|   16|         32|
    |ap_sig_allocacmp_c_row_major_1_2_0_load  |   9|          2|   16|         32|
    |ap_sig_allocacmp_c_row_major_1_3_0_load  |   9|          2|   16|         32|
    |ap_sig_allocacmp_c_row_major_1_4_0_load  |   9|          2|   16|         32|
    |ap_sig_allocacmp_c_row_major_1_5_0_load  |   9|          2|   16|         32|
    |ap_sig_allocacmp_c_row_major_1_6_0_load  |   9|          2|   16|         32|
    |ap_sig_allocacmp_c_row_major_1_7_0_load  |   9|          2|   16|         32|
    |ap_sig_allocacmp_c_row_major_2_0_0_load  |   9|          2|   16|         32|
    |ap_sig_allocacmp_c_row_major_2_1_0_load  |   9|          2|   16|         32|
    |ap_sig_allocacmp_c_row_major_2_2_0_load  |   9|          2|   16|         32|
    |ap_sig_allocacmp_c_row_major_2_3_0_load  |   9|          2|   16|         32|
    |ap_sig_allocacmp_c_row_major_2_4_0_load  |   9|          2|   16|         32|
    |ap_sig_allocacmp_c_row_major_2_5_0_load  |   9|          2|   16|         32|
    |ap_sig_allocacmp_c_row_major_2_6_0_load  |   9|          2|   16|         32|
    |ap_sig_allocacmp_c_row_major_2_7_0_load  |   9|          2|   16|         32|
    |ap_sig_allocacmp_c_row_major_3_0_0_load  |   9|          2|   16|         32|
    |ap_sig_allocacmp_c_row_major_3_1_0_load  |   9|          2|   16|         32|
    |ap_sig_allocacmp_c_row_major_3_2_0_load  |   9|          2|   16|         32|
    |ap_sig_allocacmp_c_row_major_3_3_0_load  |   9|          2|   16|         32|
    |ap_sig_allocacmp_c_row_major_3_4_0_load  |   9|          2|   16|         32|
    |ap_sig_allocacmp_c_row_major_3_5_0_load  |   9|          2|   16|         32|
    |ap_sig_allocacmp_c_row_major_3_6_0_load  |   9|          2|   16|         32|
    |ap_sig_allocacmp_c_row_major_3_7_0_load  |   9|          2|   16|         32|
    |ap_sig_allocacmp_c_row_major_4_0_0_load  |   9|          2|   16|         32|
    |ap_sig_allocacmp_c_row_major_4_1_0_load  |   9|          2|   16|         32|
    |ap_sig_allocacmp_c_row_major_4_2_0_load  |   9|          2|   16|         32|
    |ap_sig_allocacmp_c_row_major_4_3_0_load  |   9|          2|   16|         32|
    |ap_sig_allocacmp_c_row_major_4_4_0_load  |   9|          2|   16|         32|
    |ap_sig_allocacmp_c_row_major_4_5_0_load  |   9|          2|   16|         32|
    |ap_sig_allocacmp_c_row_major_4_6_0_load  |   9|          2|   16|         32|
    |ap_sig_allocacmp_c_row_major_4_7_0_load  |   9|          2|   16|         32|
    |ap_sig_allocacmp_c_row_major_5_0_0_load  |   9|          2|   16|         32|
    |ap_sig_allocacmp_c_row_major_5_1_0_load  |   9|          2|   16|         32|
    |ap_sig_allocacmp_c_row_major_5_2_0_load  |   9|          2|   16|         32|
    |ap_sig_allocacmp_c_row_major_5_3_0_load  |   9|          2|   16|         32|
    |ap_sig_allocacmp_c_row_major_5_4_0_load  |   9|          2|   16|         32|
    |ap_sig_allocacmp_c_row_major_5_5_0_load  |   9|          2|   16|         32|
    |ap_sig_allocacmp_c_row_major_5_6_0_load  |   9|          2|   16|         32|
    |ap_sig_allocacmp_c_row_major_5_7_0_load  |   9|          2|   16|         32|
    |ap_sig_allocacmp_c_row_major_6_0_0_load  |   9|          2|   16|         32|
    |ap_sig_allocacmp_c_row_major_6_1_0_load  |   9|          2|   16|         32|
    |ap_sig_allocacmp_c_row_major_6_2_0_load  |   9|          2|   16|         32|
    |ap_sig_allocacmp_c_row_major_6_3_0_load  |   9|          2|   16|         32|
    |ap_sig_allocacmp_c_row_major_6_4_0_load  |   9|          2|   16|         32|
    |ap_sig_allocacmp_c_row_major_6_5_0_load  |   9|          2|   16|         32|
    |ap_sig_allocacmp_c_row_major_6_6_0_load  |   9|          2|   16|         32|
    |ap_sig_allocacmp_c_row_major_6_7_0_load  |   9|          2|   16|         32|
    |ap_sig_allocacmp_c_row_major_7_0_0_load  |   9|          2|   16|         32|
    |ap_sig_allocacmp_c_row_major_7_1_0_load  |   9|          2|   16|         32|
    |ap_sig_allocacmp_c_row_major_7_2_0_load  |   9|          2|   16|         32|
    |ap_sig_allocacmp_c_row_major_7_3_0_load  |   9|          2|   16|         32|
    |ap_sig_allocacmp_c_row_major_7_4_0_load  |   9|          2|   16|         32|
    |ap_sig_allocacmp_c_row_major_7_5_0_load  |   9|          2|   16|         32|
    |ap_sig_allocacmp_c_row_major_7_6_0_load  |   9|          2|   16|         32|
    |ap_sig_allocacmp_c_row_major_7_7_0_load  |   9|          2|   16|         32|
    |c_row_major_0_0_0_fu_370                 |   9|          2|   16|         32|
    |c_row_major_0_1_0_fu_374                 |   9|          2|   16|         32|
    |c_row_major_0_2_0_fu_378                 |   9|          2|   16|         32|
    |c_row_major_0_3_0_fu_382                 |   9|          2|   16|         32|
    |c_row_major_0_4_0_fu_386                 |   9|          2|   16|         32|
    |c_row_major_0_5_0_fu_390                 |   9|          2|   16|         32|
    |c_row_major_0_6_0_fu_394                 |   9|          2|   16|         32|
    |c_row_major_0_7_0_fu_398                 |   9|          2|   16|         32|
    |c_row_major_1_0_0_fu_402                 |   9|          2|   16|         32|
    |c_row_major_1_1_0_fu_406                 |   9|          2|   16|         32|
    |c_row_major_1_2_0_fu_410                 |   9|          2|   16|         32|
    |c_row_major_1_3_0_fu_414                 |   9|          2|   16|         32|
    |c_row_major_1_4_0_fu_418                 |   9|          2|   16|         32|
    |c_row_major_1_5_0_fu_422                 |   9|          2|   16|         32|
    |c_row_major_1_6_0_fu_426                 |   9|          2|   16|         32|
    |c_row_major_1_7_0_fu_430                 |   9|          2|   16|         32|
    |c_row_major_2_0_0_fu_434                 |   9|          2|   16|         32|
    |c_row_major_2_1_0_fu_438                 |   9|          2|   16|         32|
    |c_row_major_2_2_0_fu_442                 |   9|          2|   16|         32|
    |c_row_major_2_3_0_fu_446                 |   9|          2|   16|         32|
    |c_row_major_2_4_0_fu_450                 |   9|          2|   16|         32|
    |c_row_major_2_5_0_fu_454                 |   9|          2|   16|         32|
    |c_row_major_2_6_0_fu_458                 |   9|          2|   16|         32|
    |c_row_major_2_7_0_fu_462                 |   9|          2|   16|         32|
    |c_row_major_3_0_0_fu_466                 |   9|          2|   16|         32|
    |c_row_major_3_1_0_fu_470                 |   9|          2|   16|         32|
    |c_row_major_3_2_0_fu_474                 |   9|          2|   16|         32|
    |c_row_major_3_3_0_fu_478                 |   9|          2|   16|         32|
    |c_row_major_3_4_0_fu_482                 |   9|          2|   16|         32|
    |c_row_major_3_5_0_fu_486                 |   9|          2|   16|         32|
    |c_row_major_3_6_0_fu_490                 |   9|          2|   16|         32|
    |c_row_major_3_7_0_fu_494                 |   9|          2|   16|         32|
    |c_row_major_4_0_0_fu_498                 |   9|          2|   16|         32|
    |c_row_major_4_1_0_fu_502                 |   9|          2|   16|         32|
    |c_row_major_4_2_0_fu_506                 |   9|          2|   16|         32|
    |c_row_major_4_3_0_fu_510                 |   9|          2|   16|         32|
    |c_row_major_4_4_0_fu_514                 |   9|          2|   16|         32|
    |c_row_major_4_5_0_fu_518                 |   9|          2|   16|         32|
    |c_row_major_4_6_0_fu_522                 |   9|          2|   16|         32|
    |c_row_major_4_7_0_fu_526                 |   9|          2|   16|         32|
    |c_row_major_5_0_0_fu_530                 |   9|          2|   16|         32|
    |c_row_major_5_1_0_fu_534                 |   9|          2|   16|         32|
    |c_row_major_5_2_0_fu_538                 |   9|          2|   16|         32|
    |c_row_major_5_3_0_fu_542                 |   9|          2|   16|         32|
    |c_row_major_5_4_0_fu_546                 |   9|          2|   16|         32|
    |c_row_major_5_5_0_fu_550                 |   9|          2|   16|         32|
    |c_row_major_5_6_0_fu_554                 |   9|          2|   16|         32|
    |c_row_major_5_7_0_fu_558                 |   9|          2|   16|         32|
    |c_row_major_6_0_0_fu_562                 |   9|          2|   16|         32|
    |c_row_major_6_1_0_fu_566                 |   9|          2|   16|         32|
    |c_row_major_6_2_0_fu_570                 |   9|          2|   16|         32|
    |c_row_major_6_3_0_fu_574                 |   9|          2|   16|         32|
    |c_row_major_6_4_0_fu_578                 |   9|          2|   16|         32|
    |c_row_major_6_5_0_fu_582                 |   9|          2|   16|         32|
    |c_row_major_6_6_0_fu_586                 |   9|          2|   16|         32|
    |c_row_major_6_7_0_fu_590                 |   9|          2|   16|         32|
    |c_row_major_7_0_0_fu_594                 |   9|          2|   16|         32|
    |c_row_major_7_1_0_fu_598                 |   9|          2|   16|         32|
    |c_row_major_7_2_0_fu_602                 |   9|          2|   16|         32|
    |c_row_major_7_3_0_fu_606                 |   9|          2|   16|         32|
    |c_row_major_7_4_0_fu_610                 |   9|          2|   16|         32|
    |c_row_major_7_5_0_fu_614                 |   9|          2|   16|         32|
    |c_row_major_7_6_0_fu_618                 |   9|          2|   16|         32|
    |c_row_major_7_7_0_fu_622                 |   9|          2|   16|         32|
    |k_fu_626                                 |   9|          2|   64|        128|
    +-----------------------------------------+----+-----------+-----+-----------+
    |Total                                    |1188|        264| 2115|       4230|
    +-----------------------------------------+----+-----------+-----+-----------+

    * Register: 
    +----------------------------------+----+----+-----+-----------+
    |               Name               | FF | LUT| Bits| Const Bits|
    +----------------------------------+----+----+-----+-----------+
    |ap_CS_fsm                         |   1|   0|    1|          0|
    |ap_done_reg                       |   1|   0|    1|          0|
    |ap_enable_reg_pp0_iter1           |   1|   0|    1|          0|
    |ap_enable_reg_pp0_iter2           |   1|   0|    1|          0|
    |ap_enable_reg_pp0_iter3           |   1|   0|    1|          0|
    |ap_enable_reg_pp0_iter4           |   1|   0|    1|          0|
    |ap_enable_reg_pp0_iter5           |   1|   0|    1|          0|
    |ap_loop_exit_ready_pp0_iter2_reg  |   1|   0|    1|          0|
    |ap_loop_exit_ready_pp0_iter3_reg  |   1|   0|    1|          0|
    |ap_loop_exit_ready_pp0_iter4_reg  |   1|   0|    1|          0|
    |c_row_major_0_0_0_fu_370          |  16|   0|   16|          0|
    |c_row_major_0_1_0_fu_374          |  16|   0|   16|          0|
    |c_row_major_0_2_0_fu_378          |  16|   0|   16|          0|
    |c_row_major_0_3_0_fu_382          |  16|   0|   16|          0|
    |c_row_major_0_4_0_fu_386          |  16|   0|   16|          0|
    |c_row_major_0_5_0_fu_390          |  16|   0|   16|          0|
    |c_row_major_0_6_0_fu_394          |  16|   0|   16|          0|
    |c_row_major_0_7_0_fu_398          |  16|   0|   16|          0|
    |c_row_major_1_0_0_fu_402          |  16|   0|   16|          0|
    |c_row_major_1_1_0_fu_406          |  16|   0|   16|          0|
    |c_row_major_1_2_0_fu_410          |  16|   0|   16|          0|
    |c_row_major_1_3_0_fu_414          |  16|   0|   16|          0|
    |c_row_major_1_4_0_fu_418          |  16|   0|   16|          0|
    |c_row_major_1_5_0_fu_422          |  16|   0|   16|          0|
    |c_row_major_1_6_0_fu_426          |  16|   0|   16|          0|
    |c_row_major_1_7_0_fu_430          |  16|   0|   16|          0|
    |c_row_major_2_0_0_fu_434          |  16|   0|   16|          0|
    |c_row_major_2_1_0_fu_438          |  16|   0|   16|          0|
    |c_row_major_2_2_0_fu_442          |  16|   0|   16|          0|
    |c_row_major_2_3_0_fu_446          |  16|   0|   16|          0|
    |c_row_major_2_4_0_fu_450          |  16|   0|   16|          0|
    |c_row_major_2_5_0_fu_454          |  16|   0|   16|          0|
    |c_row_major_2_6_0_fu_458          |  16|   0|   16|          0|
    |c_row_major_2_7_0_fu_462          |  16|   0|   16|          0|
    |c_row_major_3_0_0_fu_466          |  16|   0|   16|          0|
    |c_row_major_3_1_0_fu_470          |  16|   0|   16|          0|
    |c_row_major_3_2_0_fu_474          |  16|   0|   16|          0|
    |c_row_major_3_3_0_fu_478          |  16|   0|   16|          0|
    |c_row_major_3_4_0_fu_482          |  16|   0|   16|          0|
    |c_row_major_3_5_0_fu_486          |  16|   0|   16|          0|
    |c_row_major_3_6_0_fu_490          |  16|   0|   16|          0|
    |c_row_major_3_7_0_fu_494          |  16|   0|   16|          0|
    |c_row_major_4_0_0_fu_498          |  16|   0|   16|          0|
    |c_row_major_4_1_0_fu_502          |  16|   0|   16|          0|
    |c_row_major_4_2_0_fu_506          |  16|   0|   16|          0|
    |c_row_major_4_3_0_fu_510          |  16|   0|   16|          0|
    |c_row_major_4_4_0_fu_514          |  16|   0|   16|          0|
    |c_row_major_4_5_0_fu_518          |  16|   0|   16|          0|
    |c_row_major_4_6_0_fu_522          |  16|   0|   16|          0|
    |c_row_major_4_7_0_fu_526          |  16|   0|   16|          0|
    |c_row_major_5_0_0_fu_530          |  16|   0|   16|          0|
    |c_row_major_5_1_0_fu_534          |  16|   0|   16|          0|
    |c_row_major_5_2_0_fu_538          |  16|   0|   16|          0|
    |c_row_major_5_3_0_fu_542          |  16|   0|   16|          0|
    |c_row_major_5_4_0_fu_546          |  16|   0|   16|          0|
    |c_row_major_5_5_0_fu_550          |  16|   0|   16|          0|
    |c_row_major_5_6_0_fu_554          |  16|   0|   16|          0|
    |c_row_major_5_7_0_fu_558          |  16|   0|   16|          0|
    |c_row_major_6_0_0_fu_562          |  16|   0|   16|          0|
    |c_row_major_6_1_0_fu_566          |  16|   0|   16|          0|
    |c_row_major_6_2_0_fu_570          |  16|   0|   16|          0|
    |c_row_major_6_3_0_fu_574          |  16|   0|   16|          0|
    |c_row_major_6_4_0_fu_578          |  16|   0|   16|          0|
    |c_row_major_6_5_0_fu_582          |  16|   0|   16|          0|
    |c_row_major_6_6_0_fu_586          |  16|   0|   16|          0|
    |c_row_major_6_7_0_fu_590          |  16|   0|   16|          0|
    |c_row_major_7_0_0_fu_594          |  16|   0|   16|          0|
    |c_row_major_7_1_0_fu_598          |  16|   0|   16|          0|
    |c_row_major_7_2_0_fu_602          |  16|   0|   16|          0|
    |c_row_major_7_3_0_fu_606          |  16|   0|   16|          0|
    |c_row_major_7_4_0_fu_610          |  16|   0|   16|          0|
    |c_row_major_7_5_0_fu_614          |  16|   0|   16|          0|
    |c_row_major_7_6_0_fu_618          |  16|   0|   16|          0|
    |c_row_major_7_7_0_fu_622          |  16|   0|   16|          0|
    |cmp13_reg_4329                    |   1|   0|    1|          0|
    |icmp_ln81_reg_4325                |   1|   0|    1|          0|
    |icmp_ln91_reg_4381                |   1|   0|    1|          0|
    |k_fu_626                          |  64|   0|   64|          0|
    |sext_ln81_cast_reg_4314           |  64|   0|   64|          0|
    |wide_trip_count_cast_reg_4320     |   4|   0|   64|         60|
    |icmp_ln81_reg_4325                |  64|  32|    1|          0|
    +----------------------------------+----+----+-----+-----------+
    |Total                             |1233|  32| 1230|         60|
    +----------------------------------+----+----+-----+-----------+



================================================================
== Interface
================================================================
* Summary: 
+------------------------------+-----+-----+------------+----------------------------------------+--------------+
|           RTL Ports          | Dir | Bits|  Protocol  |              Source Object             |    C Type    |
+------------------------------+-----+-----+------------+----------------------------------------+--------------+
|ap_clk                        |   in|    1|  ap_ctrl_hs|  tile_process_Pipeline_compute_pipeline|  return value|
|ap_rst                        |   in|    1|  ap_ctrl_hs|  tile_process_Pipeline_compute_pipeline|  return value|
|ap_start                      |   in|    1|  ap_ctrl_hs|  tile_process_Pipeline_compute_pipeline|  return value|
|ap_done                       |  out|    1|  ap_ctrl_hs|  tile_process_Pipeline_compute_pipeline|  return value|
|ap_idle                       |  out|    1|  ap_ctrl_hs|  tile_process_Pipeline_compute_pipeline|  return value|
|ap_ready                      |  out|    1|  ap_ctrl_hs|  tile_process_Pipeline_compute_pipeline|  return value|
|zext_ln81                     |   in|    3|     ap_none|                               zext_ln81|        scalar|
|p_read63                      |   in|   16|     ap_none|                                p_read63|        scalar|
|p_read62                      |   in|   16|     ap_none|                                p_read62|        scalar|
|p_read61                      |   in|   16|     ap_none|                                p_read61|        scalar|
|p_read60                      |   in|   16|     ap_none|                                p_read60|        scalar|
|p_read59                      |   in|   16|     ap_none|                                p_read59|        scalar|
|p_read58                      |   in|   16|     ap_none|                                p_read58|        scalar|
|p_read57                      |   in|   16|     ap_none|                                p_read57|        scalar|
|p_read56                      |   in|   16|     ap_none|                                p_read56|        scalar|
|p_read55                      |   in|   16|     ap_none|                                p_read55|        scalar|
|p_read54                      |   in|   16|     ap_none|                                p_read54|        scalar|
|p_read53                      |   in|   16|     ap_none|                                p_read53|        scalar|
|p_read52                      |   in|   16|     ap_none|                                p_read52|        scalar|
|p_read51                      |   in|   16|     ap_none|                                p_read51|        scalar|
|p_read50                      |   in|   16|     ap_none|                                p_read50|        scalar|
|p_read49                      |   in|   16|     ap_none|                                p_read49|        scalar|
|p_read48                      |   in|   16|     ap_none|                                p_read48|        scalar|
|p_read47                      |   in|   16|     ap_none|                                p_read47|        scalar|
|p_read46                      |   in|   16|     ap_none|                                p_read46|        scalar|
|p_read45                      |   in|   16|     ap_none|                                p_read45|        scalar|
|p_read44                      |   in|   16|     ap_none|                                p_read44|        scalar|
|p_read43                      |   in|   16|     ap_none|                                p_read43|        scalar|
|p_read42                      |   in|   16|     ap_none|                                p_read42|        scalar|
|p_read41                      |   in|   16|     ap_none|                                p_read41|        scalar|
|p_read40                      |   in|   16|     ap_none|                                p_read40|        scalar|
|p_read39                      |   in|   16|     ap_none|                                p_read39|        scalar|
|p_read38                      |   in|   16|     ap_none|                                p_read38|        scalar|
|p_read37                      |   in|   16|     ap_none|                                p_read37|        scalar|
|p_read36                      |   in|   16|     ap_none|                                p_read36|        scalar|
|p_read35                      |   in|   16|     ap_none|                                p_read35|        scalar|
|p_read34                      |   in|   16|     ap_none|                                p_read34|        scalar|
|p_read33                      |   in|   16|     ap_none|                                p_read33|        scalar|
|p_read32                      |   in|   16|     ap_none|                                p_read32|        scalar|
|p_read31                      |   in|   16|     ap_none|                                p_read31|        scalar|
|p_read30                      |   in|   16|     ap_none|                                p_read30|        scalar|
|p_read29                      |   in|   16|     ap_none|                                p_read29|        scalar|
|p_read28                      |   in|   16|     ap_none|                                p_read28|        scalar|
|p_read27                      |   in|   16|     ap_none|                                p_read27|        scalar|
|p_read26                      |   in|   16|     ap_none|                                p_read26|        scalar|
|p_read25                      |   in|   16|     ap_none|                                p_read25|        scalar|
|p_read24                      |   in|   16|     ap_none|                                p_read24|        scalar|
|p_read23                      |   in|   16|     ap_none|                                p_read23|        scalar|
|p_read22                      |   in|   16|     ap_none|                                p_read22|        scalar|
|p_read21                      |   in|   16|     ap_none|                                p_read21|        scalar|
|p_read20                      |   in|   16|     ap_none|                                p_read20|        scalar|
|p_read19                      |   in|   16|     ap_none|                                p_read19|        scalar|
|p_read18                      |   in|   16|     ap_none|                                p_read18|        scalar|
|p_read17                      |   in|   16|     ap_none|                                p_read17|        scalar|
|p_read16                      |   in|   16|     ap_none|                                p_read16|        scalar|
|p_read15                      |   in|   16|     ap_none|                                p_read15|        scalar|
|p_read14                      |   in|   16|     ap_none|                                p_read14|        scalar|
|p_read13                      |   in|   16|     ap_none|                                p_read13|        scalar|
|p_read12                      |   in|   16|     ap_none|                                p_read12|        scalar|
|p_read11                      |   in|   16|     ap_none|                                p_read11|        scalar|
|p_read10                      |   in|   16|     ap_none|                                p_read10|        scalar|
|p_read9                       |   in|   16|     ap_none|                                 p_read9|        scalar|
|p_read8                       |   in|   16|     ap_none|                                 p_read8|        scalar|
|p_read7                       |   in|   16|     ap_none|                                 p_read7|        scalar|
|p_read6                       |   in|   16|     ap_none|                                 p_read6|        scalar|
|p_read5                       |   in|   16|     ap_none|                                 p_read5|        scalar|
|p_read4                       |   in|   16|     ap_none|                                 p_read4|        scalar|
|p_read3                       |   in|   16|     ap_none|                                 p_read3|        scalar|
|p_read2                       |   in|   16|     ap_none|                                 p_read2|        scalar|
|p_read1                       |   in|   16|     ap_none|                                 p_read1|        scalar|
|p_read                        |   in|   16|     ap_none|                                  p_read|        scalar|
|wide_trip_count               |   in|    4|     ap_none|                         wide_trip_count|        scalar|
|sext_ln81                     |   in|   32|     ap_none|                               sext_ln81|        scalar|
|a_row_major_0_address0        |  out|    3|   ap_memory|                           a_row_major_0|         array|
|a_row_major_0_ce0             |  out|    1|   ap_memory|                           a_row_major_0|         array|
|a_row_major_0_q0              |   in|    8|   ap_memory|                           a_row_major_0|         array|
|a_row_major_1_address0        |  out|    3|   ap_memory|                           a_row_major_1|         array|
|a_row_major_1_ce0             |  out|    1|   ap_memory|                           a_row_major_1|         array|
|a_row_major_1_q0              |   in|    8|   ap_memory|                           a_row_major_1|         array|
|a_row_major_2_address0        |  out|    3|   ap_memory|                           a_row_major_2|         array|
|a_row_major_2_ce0             |  out|    1|   ap_memory|                           a_row_major_2|         array|
|a_row_major_2_q0              |   in|    8|   ap_memory|                           a_row_major_2|         array|
|a_row_major_3_address0        |  out|    3|   ap_memory|                           a_row_major_3|         array|
|a_row_major_3_ce0             |  out|    1|   ap_memory|                           a_row_major_3|         array|
|a_row_major_3_q0              |   in|    8|   ap_memory|                           a_row_major_3|         array|
|a_row_major_4_address0        |  out|    3|   ap_memory|                           a_row_major_4|         array|
|a_row_major_4_ce0             |  out|    1|   ap_memory|                           a_row_major_4|         array|
|a_row_major_4_q0              |   in|    8|   ap_memory|                           a_row_major_4|         array|
|a_row_major_5_address0        |  out|    3|   ap_memory|                           a_row_major_5|         array|
|a_row_major_5_ce0             |  out|    1|   ap_memory|                           a_row_major_5|         array|
|a_row_major_5_q0              |   in|    8|   ap_memory|                           a_row_major_5|         array|
|a_row_major_6_address0        |  out|    3|   ap_memory|                           a_row_major_6|         array|
|a_row_major_6_ce0             |  out|    1|   ap_memory|                           a_row_major_6|         array|
|a_row_major_6_q0              |   in|    8|   ap_memory|                           a_row_major_6|         array|
|a_row_major_7_address0        |  out|    3|   ap_memory|                           a_row_major_7|         array|
|a_row_major_7_ce0             |  out|    1|   ap_memory|                           a_row_major_7|         array|
|a_row_major_7_q0              |   in|    8|   ap_memory|                           a_row_major_7|         array|
|cmp9_not                      |   in|    1|     ap_none|                                cmp9_not|        scalar|
|cmp15                         |   in|    1|     ap_none|                                   cmp15|        scalar|
|b_row_major_0_address0        |  out|    3|   ap_memory|                           b_row_major_0|         array|
|b_row_major_0_ce0             |  out|    1|   ap_memory|                           b_row_major_0|         array|
|b_row_major_0_q0              |   in|    8|   ap_memory|                           b_row_major_0|         array|
|icmp                          |   in|    1|     ap_none|                                    icmp|        scalar|
|b_row_major_1_address0        |  out|    3|   ap_memory|                           b_row_major_1|         array|
|b_row_major_1_ce0             |  out|    1|   ap_memory|                           b_row_major_1|         array|
|b_row_major_1_q0              |   in|    8|   ap_memory|                           b_row_major_1|         array|
|cmp15_240                     |   in|    1|     ap_none|                               cmp15_240|        scalar|
|b_row_major_2_address0        |  out|    3|   ap_memory|                           b_row_major_2|         array|
|b_row_major_2_ce0             |  out|    1|   ap_memory|                           b_row_major_2|         array|
|b_row_major_2_q0              |   in|    8|   ap_memory|                           b_row_major_2|         array|
|icmp3                         |   in|    1|     ap_none|                                   icmp3|        scalar|
|b_row_major_3_address0        |  out|    3|   ap_memory|                           b_row_major_3|         array|
|b_row_major_3_ce0             |  out|    1|   ap_memory|                           b_row_major_3|         array|
|b_row_major_3_q0              |   in|    8|   ap_memory|                           b_row_major_3|         array|
|cmp15_496                     |   in|    1|     ap_none|                               cmp15_496|        scalar|
|b_row_major_4_address0        |  out|    3|   ap_memory|                           b_row_major_4|         array|
|b_row_major_4_ce0             |  out|    1|   ap_memory|                           b_row_major_4|         array|
|b_row_major_4_q0              |   in|    8|   ap_memory|                           b_row_major_4|         array|
|cmp15_5124                    |   in|    1|     ap_none|                              cmp15_5124|        scalar|
|b_row_major_5_address0        |  out|    3|   ap_memory|                           b_row_major_5|         array|
|b_row_major_5_ce0             |  out|    1|   ap_memory|                           b_row_major_5|         array|
|b_row_major_5_q0              |   in|    8|   ap_memory|                           b_row_major_5|         array|
|cmp15_6152                    |   in|    1|     ap_none|                              cmp15_6152|        scalar|
|b_row_major_6_address0        |  out|    3|   ap_memory|                           b_row_major_6|         array|
|b_row_major_6_ce0             |  out|    1|   ap_memory|                           b_row_major_6|         array|
|b_row_major_6_q0              |   in|    8|   ap_memory|                           b_row_major_6|         array|
|icmp6                         |   in|    1|     ap_none|                                   icmp6|        scalar|
|b_row_major_7_address0        |  out|    3|   ap_memory|                           b_row_major_7|         array|
|b_row_major_7_ce0             |  out|    1|   ap_memory|                           b_row_major_7|         array|
|b_row_major_7_q0              |   in|    8|   ap_memory|                           b_row_major_7|         array|
|icmp9                         |   in|    1|     ap_none|                                   icmp9|        scalar|
|cmp9_2_not                    |   in|    1|     ap_none|                              cmp9_2_not|        scalar|
|icmp12                        |   in|    1|     ap_none|                                  icmp12|        scalar|
|cmp9_4_not                    |   in|    1|     ap_none|                              cmp9_4_not|        scalar|
|cmp9_5_not                    |   in|    1|     ap_none|                              cmp9_5_not|        scalar|
|cmp9_6_not                    |   in|    1|     ap_none|                              cmp9_6_not|        scalar|
|icmp15                        |   in|    1|     ap_none|                                  icmp15|        scalar|
|c_row_major_7_7_0_out         |  out|   16|      ap_vld|                   c_row_major_7_7_0_out|       pointer|
|c_row_major_7_7_0_out_ap_vld  |  out|    1|      ap_vld|                   c_row_major_7_7_0_out|       pointer|
|c_row_major_7_6_0_out         |  out|   16|      ap_vld|                   c_row_major_7_6_0_out|       pointer|
|c_row_major_7_6_0_out_ap_vld  |  out|    1|      ap_vld|                   c_row_major_7_6_0_out|       pointer|
|c_row_major_7_5_0_out         |  out|   16|      ap_vld|                   c_row_major_7_5_0_out|       pointer|
|c_row_major_7_5_0_out_ap_vld  |  out|    1|      ap_vld|                   c_row_major_7_5_0_out|       pointer|
|c_row_major_7_4_0_out         |  out|   16|      ap_vld|                   c_row_major_7_4_0_out|       pointer|
|c_row_major_7_4_0_out_ap_vld  |  out|    1|      ap_vld|                   c_row_major_7_4_0_out|       pointer|
|c_row_major_7_3_0_out         |  out|   16|      ap_vld|                   c_row_major_7_3_0_out|       pointer|
|c_row_major_7_3_0_out_ap_vld  |  out|    1|      ap_vld|                   c_row_major_7_3_0_out|       pointer|
|c_row_major_7_2_0_out         |  out|   16|      ap_vld|                   c_row_major_7_2_0_out|       pointer|
|c_row_major_7_2_0_out_ap_vld  |  out|    1|      ap_vld|                   c_row_major_7_2_0_out|       pointer|
|c_row_major_7_1_0_out         |  out|   16|      ap_vld|                   c_row_major_7_1_0_out|       pointer|
|c_row_major_7_1_0_out_ap_vld  |  out|    1|      ap_vld|                   c_row_major_7_1_0_out|       pointer|
|c_row_major_7_0_0_out         |  out|   16|      ap_vld|                   c_row_major_7_0_0_out|       pointer|
|c_row_major_7_0_0_out_ap_vld  |  out|    1|      ap_vld|                   c_row_major_7_0_0_out|       pointer|
|c_row_major_6_7_0_out         |  out|   16|      ap_vld|                   c_row_major_6_7_0_out|       pointer|
|c_row_major_6_7_0_out_ap_vld  |  out|    1|      ap_vld|                   c_row_major_6_7_0_out|       pointer|
|c_row_major_6_6_0_out         |  out|   16|      ap_vld|                   c_row_major_6_6_0_out|       pointer|
|c_row_major_6_6_0_out_ap_vld  |  out|    1|      ap_vld|                   c_row_major_6_6_0_out|       pointer|
|c_row_major_6_5_0_out         |  out|   16|      ap_vld|                   c_row_major_6_5_0_out|       pointer|
|c_row_major_6_5_0_out_ap_vld  |  out|    1|      ap_vld|                   c_row_major_6_5_0_out|       pointer|
|c_row_major_6_4_0_out         |  out|   16|      ap_vld|                   c_row_major_6_4_0_out|       pointer|
|c_row_major_6_4_0_out_ap_vld  |  out|    1|      ap_vld|                   c_row_major_6_4_0_out|       pointer|
|c_row_major_6_3_0_out         |  out|   16|      ap_vld|                   c_row_major_6_3_0_out|       pointer|
|c_row_major_6_3_0_out_ap_vld  |  out|    1|      ap_vld|                   c_row_major_6_3_0_out|       pointer|
|c_row_major_6_2_0_out         |  out|   16|      ap_vld|                   c_row_major_6_2_0_out|       pointer|
|c_row_major_6_2_0_out_ap_vld  |  out|    1|      ap_vld|                   c_row_major_6_2_0_out|       pointer|
|c_row_major_6_1_0_out         |  out|   16|      ap_vld|                   c_row_major_6_1_0_out|       pointer|
|c_row_major_6_1_0_out_ap_vld  |  out|    1|      ap_vld|                   c_row_major_6_1_0_out|       pointer|
|c_row_major_6_0_0_out         |  out|   16|      ap_vld|                   c_row_major_6_0_0_out|       pointer|
|c_row_major_6_0_0_out_ap_vld  |  out|    1|      ap_vld|                   c_row_major_6_0_0_out|       pointer|
|c_row_major_5_7_0_out         |  out|   16|      ap_vld|                   c_row_major_5_7_0_out|       pointer|
|c_row_major_5_7_0_out_ap_vld  |  out|    1|      ap_vld|                   c_row_major_5_7_0_out|       pointer|
|c_row_major_5_6_0_out         |  out|   16|      ap_vld|                   c_row_major_5_6_0_out|       pointer|
|c_row_major_5_6_0_out_ap_vld  |  out|    1|      ap_vld|                   c_row_major_5_6_0_out|       pointer|
|c_row_major_5_5_0_out         |  out|   16|      ap_vld|                   c_row_major_5_5_0_out|       pointer|
|c_row_major_5_5_0_out_ap_vld  |  out|    1|      ap_vld|                   c_row_major_5_5_0_out|       pointer|
|c_row_major_5_4_0_out         |  out|   16|      ap_vld|                   c_row_major_5_4_0_out|       pointer|
|c_row_major_5_4_0_out_ap_vld  |  out|    1|      ap_vld|                   c_row_major_5_4_0_out|       pointer|
|c_row_major_5_3_0_out         |  out|   16|      ap_vld|                   c_row_major_5_3_0_out|       pointer|
|c_row_major_5_3_0_out_ap_vld  |  out|    1|      ap_vld|                   c_row_major_5_3_0_out|       pointer|
|c_row_major_5_2_0_out         |  out|   16|      ap_vld|                   c_row_major_5_2_0_out|       pointer|
|c_row_major_5_2_0_out_ap_vld  |  out|    1|      ap_vld|                   c_row_major_5_2_0_out|       pointer|
|c_row_major_5_1_0_out         |  out|   16|      ap_vld|                   c_row_major_5_1_0_out|       pointer|
|c_row_major_5_1_0_out_ap_vld  |  out|    1|      ap_vld|                   c_row_major_5_1_0_out|       pointer|
|c_row_major_5_0_0_out         |  out|   16|      ap_vld|                   c_row_major_5_0_0_out|       pointer|
|c_row_major_5_0_0_out_ap_vld  |  out|    1|      ap_vld|                   c_row_major_5_0_0_out|       pointer|
|c_row_major_4_7_0_out         |  out|   16|      ap_vld|                   c_row_major_4_7_0_out|       pointer|
|c_row_major_4_7_0_out_ap_vld  |  out|    1|      ap_vld|                   c_row_major_4_7_0_out|       pointer|
|c_row_major_4_6_0_out         |  out|   16|      ap_vld|                   c_row_major_4_6_0_out|       pointer|
|c_row_major_4_6_0_out_ap_vld  |  out|    1|      ap_vld|                   c_row_major_4_6_0_out|       pointer|
|c_row_major_4_5_0_out         |  out|   16|      ap_vld|                   c_row_major_4_5_0_out|       pointer|
|c_row_major_4_5_0_out_ap_vld  |  out|    1|      ap_vld|                   c_row_major_4_5_0_out|       pointer|
|c_row_major_4_4_0_out         |  out|   16|      ap_vld|                   c_row_major_4_4_0_out|       pointer|
|c_row_major_4_4_0_out_ap_vld  |  out|    1|      ap_vld|                   c_row_major_4_4_0_out|       pointer|
|c_row_major_4_3_0_out         |  out|   16|      ap_vld|                   c_row_major_4_3_0_out|       pointer|
|c_row_major_4_3_0_out_ap_vld  |  out|    1|      ap_vld|                   c_row_major_4_3_0_out|       pointer|
|c_row_major_4_2_0_out         |  out|   16|      ap_vld|                   c_row_major_4_2_0_out|       pointer|
|c_row_major_4_2_0_out_ap_vld  |  out|    1|      ap_vld|                   c_row_major_4_2_0_out|       pointer|
|c_row_major_4_1_0_out         |  out|   16|      ap_vld|                   c_row_major_4_1_0_out|       pointer|
|c_row_major_4_1_0_out_ap_vld  |  out|    1|      ap_vld|                   c_row_major_4_1_0_out|       pointer|
|c_row_major_4_0_0_out         |  out|   16|      ap_vld|                   c_row_major_4_0_0_out|       pointer|
|c_row_major_4_0_0_out_ap_vld  |  out|    1|      ap_vld|                   c_row_major_4_0_0_out|       pointer|
|c_row_major_3_7_0_out         |  out|   16|      ap_vld|                   c_row_major_3_7_0_out|       pointer|
|c_row_major_3_7_0_out_ap_vld  |  out|    1|      ap_vld|                   c_row_major_3_7_0_out|       pointer|
|c_row_major_3_6_0_out         |  out|   16|      ap_vld|                   c_row_major_3_6_0_out|       pointer|
|c_row_major_3_6_0_out_ap_vld  |  out|    1|      ap_vld|                   c_row_major_3_6_0_out|       pointer|
|c_row_major_3_5_0_out         |  out|   16|      ap_vld|                   c_row_major_3_5_0_out|       pointer|
|c_row_major_3_5_0_out_ap_vld  |  out|    1|      ap_vld|                   c_row_major_3_5_0_out|       pointer|
|c_row_major_3_4_0_out         |  out|   16|      ap_vld|                   c_row_major_3_4_0_out|       pointer|
|c_row_major_3_4_0_out_ap_vld  |  out|    1|      ap_vld|                   c_row_major_3_4_0_out|       pointer|
|c_row_major_3_3_0_out         |  out|   16|      ap_vld|                   c_row_major_3_3_0_out|       pointer|
|c_row_major_3_3_0_out_ap_vld  |  out|    1|      ap_vld|                   c_row_major_3_3_0_out|       pointer|
|c_row_major_3_2_0_out         |  out|   16|      ap_vld|                   c_row_major_3_2_0_out|       pointer|
|c_row_major_3_2_0_out_ap_vld  |  out|    1|      ap_vld|                   c_row_major_3_2_0_out|       pointer|
|c_row_major_3_1_0_out         |  out|   16|      ap_vld|                   c_row_major_3_1_0_out|       pointer|
|c_row_major_3_1_0_out_ap_vld  |  out|    1|      ap_vld|                   c_row_major_3_1_0_out|       pointer|
|c_row_major_3_0_0_out         |  out|   16|      ap_vld|                   c_row_major_3_0_0_out|       pointer|
|c_row_major_3_0_0_out_ap_vld  |  out|    1|      ap_vld|                   c_row_major_3_0_0_out|       pointer|
|c_row_major_2_7_0_out         |  out|   16|      ap_vld|                   c_row_major_2_7_0_out|       pointer|
|c_row_major_2_7_0_out_ap_vld  |  out|    1|      ap_vld|                   c_row_major_2_7_0_out|       pointer|
|c_row_major_2_6_0_out         |  out|   16|      ap_vld|                   c_row_major_2_6_0_out|       pointer|
|c_row_major_2_6_0_out_ap_vld  |  out|    1|      ap_vld|                   c_row_major_2_6_0_out|       pointer|
|c_row_major_2_5_0_out         |  out|   16|      ap_vld|                   c_row_major_2_5_0_out|       pointer|
|c_row_major_2_5_0_out_ap_vld  |  out|    1|      ap_vld|                   c_row_major_2_5_0_out|       pointer|
|c_row_major_2_4_0_out         |  out|   16|      ap_vld|                   c_row_major_2_4_0_out|       pointer|
|c_row_major_2_4_0_out_ap_vld  |  out|    1|      ap_vld|                   c_row_major_2_4_0_out|       pointer|
|c_row_major_2_3_0_out         |  out|   16|      ap_vld|                   c_row_major_2_3_0_out|       pointer|
|c_row_major_2_3_0_out_ap_vld  |  out|    1|      ap_vld|                   c_row_major_2_3_0_out|       pointer|
|c_row_major_2_2_0_out         |  out|   16|      ap_vld|                   c_row_major_2_2_0_out|       pointer|
|c_row_major_2_2_0_out_ap_vld  |  out|    1|      ap_vld|                   c_row_major_2_2_0_out|       pointer|
|c_row_major_2_1_0_out         |  out|   16|      ap_vld|                   c_row_major_2_1_0_out|       pointer|
|c_row_major_2_1_0_out_ap_vld  |  out|    1|      ap_vld|                   c_row_major_2_1_0_out|       pointer|
|c_row_major_2_0_0_out         |  out|   16|      ap_vld|                   c_row_major_2_0_0_out|       pointer|
|c_row_major_2_0_0_out_ap_vld  |  out|    1|      ap_vld|                   c_row_major_2_0_0_out|       pointer|
|c_row_major_1_7_0_out         |  out|   16|      ap_vld|                   c_row_major_1_7_0_out|       pointer|
|c_row_major_1_7_0_out_ap_vld  |  out|    1|      ap_vld|                   c_row_major_1_7_0_out|       pointer|
|c_row_major_1_6_0_out         |  out|   16|      ap_vld|                   c_row_major_1_6_0_out|       pointer|
|c_row_major_1_6_0_out_ap_vld  |  out|    1|      ap_vld|                   c_row_major_1_6_0_out|       pointer|
|c_row_major_1_5_0_out         |  out|   16|      ap_vld|                   c_row_major_1_5_0_out|       pointer|
|c_row_major_1_5_0_out_ap_vld  |  out|    1|      ap_vld|                   c_row_major_1_5_0_out|       pointer|
|c_row_major_1_4_0_out         |  out|   16|      ap_vld|                   c_row_major_1_4_0_out|       pointer|
|c_row_major_1_4_0_out_ap_vld  |  out|    1|      ap_vld|                   c_row_major_1_4_0_out|       pointer|
|c_row_major_1_3_0_out         |  out|   16|      ap_vld|                   c_row_major_1_3_0_out|       pointer|
|c_row_major_1_3_0_out_ap_vld  |  out|    1|      ap_vld|                   c_row_major_1_3_0_out|       pointer|
|c_row_major_1_2_0_out         |  out|   16|      ap_vld|                   c_row_major_1_2_0_out|       pointer|
|c_row_major_1_2_0_out_ap_vld  |  out|    1|      ap_vld|                   c_row_major_1_2_0_out|       pointer|
|c_row_major_1_1_0_out         |  out|   16|      ap_vld|                   c_row_major_1_1_0_out|       pointer|
|c_row_major_1_1_0_out_ap_vld  |  out|    1|      ap_vld|                   c_row_major_1_1_0_out|       pointer|
|c_row_major_1_0_0_out         |  out|   16|      ap_vld|                   c_row_major_1_0_0_out|       pointer|
|c_row_major_1_0_0_out_ap_vld  |  out|    1|      ap_vld|                   c_row_major_1_0_0_out|       pointer|
|c_row_major_0_7_0_out         |  out|   16|      ap_vld|                   c_row_major_0_7_0_out|       pointer|
|c_row_major_0_7_0_out_ap_vld  |  out|    1|      ap_vld|                   c_row_major_0_7_0_out|       pointer|
|c_row_major_0_6_0_out         |  out|   16|      ap_vld|                   c_row_major_0_6_0_out|       pointer|
|c_row_major_0_6_0_out_ap_vld  |  out|    1|      ap_vld|                   c_row_major_0_6_0_out|       pointer|
|c_row_major_0_5_0_out         |  out|   16|      ap_vld|                   c_row_major_0_5_0_out|       pointer|
|c_row_major_0_5_0_out_ap_vld  |  out|    1|      ap_vld|                   c_row_major_0_5_0_out|       pointer|
|c_row_major_0_4_0_out         |  out|   16|      ap_vld|                   c_row_major_0_4_0_out|       pointer|
|c_row_major_0_4_0_out_ap_vld  |  out|    1|      ap_vld|                   c_row_major_0_4_0_out|       pointer|
|c_row_major_0_3_0_out         |  out|   16|      ap_vld|                   c_row_major_0_3_0_out|       pointer|
|c_row_major_0_3_0_out_ap_vld  |  out|    1|      ap_vld|                   c_row_major_0_3_0_out|       pointer|
|c_row_major_0_2_0_out         |  out|   16|      ap_vld|                   c_row_major_0_2_0_out|       pointer|
|c_row_major_0_2_0_out_ap_vld  |  out|    1|      ap_vld|                   c_row_major_0_2_0_out|       pointer|
|c_row_major_0_1_0_out         |  out|   16|      ap_vld|                   c_row_major_0_1_0_out|       pointer|
|c_row_major_0_1_0_out_ap_vld  |  out|    1|      ap_vld|                   c_row_major_0_1_0_out|       pointer|
|c_row_major_0_0_0_out         |  out|   16|      ap_vld|                   c_row_major_0_0_0_out|       pointer|
|c_row_major_0_0_0_out_ap_vld  |  out|    1|      ap_vld|                   c_row_major_0_0_0_out|       pointer|
+------------------------------+-----+-----+------------+----------------------------------------+--------------+

